
 RUN  v1.6.1 /workspaces/passcpa

 ✓ src/test/hooks/useAccessibility.quality.test.ts > useAccessibility quality tests > useAnnounce edge cases > should handle empty string announcements
 ✓ src/test/hooks/useAccessibility.quality.test.ts > useAccessibility quality tests > useAnnounce edge cases > should handle very long announcements
 ✓ src/test/hooks/useAccessibility.quality.test.ts > useAccessibility quality tests > useAnnounce edge cases > should return stable function references
 ✓ src/test/hooks/useAccessibility.quality.test.ts > useAccessibility quality tests > useAnnounce edge cases > should handle announceProgress with action undefined
 ✓ src/test/hooks/useAccessibility.quality.test.ts > useAccessibility quality tests > useAnnounce edge cases > should handle announceResult with explanation undefined
 ✓ src/test/hooks/useAccessibility.quality.test.ts > useAccessibility quality tests > useAnnounce edge cases > should handle zero progress values
 ✓ src/test/hooks/useAccessibility.quality.test.ts > useAccessibility quality tests > useFocusTrap edge cases > should not crash when deactivate called without element
 ✓ src/test/hooks/useAccessibility.quality.test.ts > useAccessibility quality tests > useFocusTrap edge cases > should not crash when activate called without element
 ✓ src/test/hooks/useAccessibility.quality.test.ts > useAccessibility quality tests > useFocusTrap edge cases > should handle null element being set
 ✓ src/test/hooks/useAccessibility.quality.test.ts > useAccessibility quality tests > useFocusTrap edge cases > should call deactivate with restoreFocus parameter
 ✓ src/test/hooks/useAccessibility.quality.test.ts > useAccessibility quality tests > useFocusTrap edge cases > should handle rapid active state changes
 ✓ src/test/hooks/useAccessibility.quality.test.ts > useAccessibility quality tests > useMediaPreferences edge cases > should handle all preferences being true
 ✓ src/test/hooks/useAccessibility.quality.test.ts > useAccessibility quality tests > useMediaPreferences edge cases > should update when motion preference changes
 ✓ src/test/hooks/useAccessibility.quality.test.ts > useAccessibility quality tests > useMediaPreferences edge cases > should update when color scheme preference changes
 ✓ src/test/hooks/useAccessibility.quality.test.ts > useAccessibility quality tests > useFocusVisible edge cases > should not change state for non-Tab keys
 ✓ src/test/hooks/useAccessibility.quality.test.ts > useAccessibility quality tests > useFocusVisible edge cases > should handle rapid keyboard/mouse switching
 ✓ src/test/hooks/useAccessibility.quality.test.ts > useAccessibility quality tests > useAriaExpanded edge cases > should call setExpanded when refs are set
 ✓ src/test/hooks/useAccessibility.quality.test.ts > useAccessibility quality tests > useAriaExpanded edge cases > should not call setExpanded without refs
 ✓ src/test/hooks/useAccessibility.quality.test.ts > useAccessibility quality tests > useAriaExpanded edge cases > should handle expand when already expanded
 ✓ src/test/hooks/useAccessibility.quality.test.ts > useAccessibility quality tests > useAriaExpanded edge cases > should handle collapse when already collapsed
 ✓ src/test/hooks/useAccessibility.quality.test.ts > useAccessibility quality tests > useAriaExpanded edge cases > should handle multiple toggle calls
 ✓ src/test/hooks/useAccessibility.quality.test.ts > useAccessibility quality tests > useRovingTabindex keyboard navigation > should navigate right with ArrowRight in horizontal mode
 ✓ src/test/hooks/useAccessibility.quality.test.ts > useAccessibility quality tests > useRovingTabindex keyboard navigation > should navigate left with ArrowLeft in horizontal mode
 ✓ src/test/hooks/useAccessibility.quality.test.ts > useAccessibility quality tests > useRovingTabindex keyboard navigation > should navigate down with ArrowDown in vertical mode
 ✓ src/test/hooks/useAccessibility.quality.test.ts > useAccessibility quality tests > useRovingTabindex keyboard navigation > should navigate up with ArrowUp in vertical mode
 ✓ src/test/hooks/useAccessibility.quality.test.ts > useAccessibility quality tests > useRovingTabindex keyboard navigation > should wrap around when wrap is true
 ✓ src/test/hooks/useAccessibility.quality.test.ts > useAccessibility quality tests > useRovingTabindex keyboard navigation > should not wrap when wrap is false
 ✓ src/test/hooks/useAccessibility.quality.test.ts > useAccessibility quality tests > useRovingTabindex keyboard navigation > should navigate to first item with Home key
 ✓ src/test/hooks/useAccessibility.quality.test.ts > useAccessibility quality tests > useRovingTabindex keyboard navigation > should navigate to last item with End key
 ✓ src/test/hooks/useAccessibility.quality.test.ts > useAccessibility quality tests > useRovingTabindex keyboard navigation > should support both orientation
 ✓ src/test/hooks/useAccessibility.quality.test.ts > useAccessibility quality tests > useRovingTabindex keyboard navigation > should ignore unknown keys
 ✓ src/test/hooks/useAccessibility.quality.test.ts > useAccessibility quality tests > useRovingTabindex keyboard navigation > should ignore horizontal keys in vertical mode
 ✓ src/test/hooks/useAccessibility.quality.test.ts > useAccessibility quality tests > useRovingTabindex keyboard navigation > should ignore vertical keys in horizontal mode
 ✓ src/test/hooks/useAccessibility.quality.test.ts > useAccessibility quality tests > useRovingTabindex keyboard navigation > should return getItemProps with correct tabIndex
 ✓ src/test/hooks/useAccessibility.quality.test.ts > useAccessibility quality tests > useRovingTabindex keyboard navigation > should allow setActiveIndex to change focus
 ✓ src/test/hooks/useAccessibility.quality.test.ts > useAccessibility quality tests > useRovingTabindex keyboard navigation > should update tabindex on items when active index changes
 ✓ src/test/hooks/useAccessibility.quality.test.ts > useAccessibility quality tests > useRovingTabindex keyboard navigation > should handle empty items array
 ✓ src/test/hooks/useAccessibility.quality.test.ts > useAccessibility quality tests > useRovingTabindex keyboard navigation > should handle single item array
 ✓ src/test/hooks/useAccessibility.quality.test.ts > useAccessibility quality tests > useRovingTabindex keyboard navigation > should wrap backwards from first item
 ✓ src/test/hooks/useAccessibility.quality.test.ts > useAccessibility quality tests > useTimerAnnouncement > should announce timer when seconds change
 ✓ src/test/hooks/useAccessibility.quality.test.ts > useAccessibility quality tests > useTimerAnnouncement > should pass custom thresholds
 ✓ src/test/hooks/useAccessibility.quality.test.ts > useAccessibility quality tests > useTimerAnnouncement > should not announce when seconds stay the same
 ✓ src/test/hooks/useAccessibility.quality.test.ts > useAccessibility quality tests > useTimerAnnouncement > should handle zero seconds
 ✓ src/test/hooks/useAccessibility.quality.test.ts > useAccessibility quality tests > useTimerAnnouncement > should handle rapid time changes
 ✓ src/test/hooks/useAccessibility.quality.test.ts > useAccessibility quality tests > useLoadingAnnouncement > should announce loading when isLoading becomes true
 ✓ src/test/hooks/useAccessibility.quality.test.ts > useAccessibility quality tests > useLoadingAnnouncement > should announce content loaded when loading ends
 ✓ src/test/hooks/useAccessibility.quality.test.ts > useAccessibility quality tests > useLoadingAnnouncement > should use custom message when provided
 ✓ src/test/hooks/useAccessibility.quality.test.ts > useAccessibility quality tests > useLoadingAnnouncement > should not announce when loading state stays true
 ✓ src/test/hooks/useAccessibility.quality.test.ts > useAccessibility quality tests > useLoadingAnnouncement > should not announce when loading state stays false
 ✓ src/test/hooks/useAccessibility.quality.test.ts > useAccessibility quality tests > useLoadingAnnouncement > should handle rapid loading state changes
 ✓ src/test/hooks/useAccessibility.quality.test.ts > useAccessibility quality tests > default export > should export all hooks
 ✓ src/test/hooks/usePullToRefresh.quality.test.ts > usePullToRefresh > initial state > should return initial state with no pulling or refreshing
 ✓ src/test/hooks/usePullToRefresh.quality.test.ts > usePullToRefresh > initial state > should provide touch event handlers
 ✓ src/test/hooks/usePullToRefresh.quality.test.ts > usePullToRefresh > initial state > should provide indicator style object
 ✓ src/test/hooks/usePullToRefresh.quality.test.ts > usePullToRefresh > initial state > should set up scroll listener on mount
 ✓ src/test/hooks/usePullToRefresh.quality.test.ts > usePullToRefresh > scroll position tracking > should track scroll position via listener
 ✓ src/test/hooks/usePullToRefresh.quality.test.ts > usePullToRefresh > scroll position tracking > should clean up scroll listener on unmount
 ✓ src/test/hooks/usePullToRefresh.quality.test.ts > usePullToRefresh > onTouchStart > should start pulling when at top of page
 ✓ src/test/hooks/usePullToRefresh.quality.test.ts > usePullToRefresh > onTouchStart > should not start pulling when scrolled down beyond threshold
 ✓ src/test/hooks/usePullToRefresh.quality.test.ts > usePullToRefresh > onTouchStart > should not start pulling when disabled
 ✓ src/test/hooks/usePullToRefresh.quality.test.ts > usePullToRefresh > onTouchStart > should not start pulling when already refreshing
 ✓ src/test/hooks/usePullToRefresh.quality.test.ts > usePullToRefresh > onTouchStart > should allow pulling when scrolled slightly (within 5px threshold)
 ✓ src/test/hooks/usePullToRefresh.quality.test.ts > usePullToRefresh > onTouchMove > should update pull distance on downward drag
 ✓ src/test/hooks/usePullToRefresh.quality.test.ts > usePullToRefresh > onTouchMove > should apply resistance to pull distance
 ✓ src/test/hooks/usePullToRefresh.quality.test.ts > usePullToRefresh > onTouchMove > should cap pull distance at maxPull
 ✓ src/test/hooks/usePullToRefresh.quality.test.ts > usePullToRefresh > onTouchMove > should use default maxPull of 120
 ✓ src/test/hooks/usePullToRefresh.quality.test.ts > usePullToRefresh > onTouchMove > should not update for upward drag (negative delta)
 ✓ src/test/hooks/usePullToRefresh.quality.test.ts > usePullToRefresh > onTouchMove > should not update when not pulling
 ✓ src/test/hooks/usePullToRefresh.quality.test.ts > usePullToRefresh > onTouchMove > should not update when disabled
 ✓ src/test/hooks/usePullToRefresh.quality.test.ts > usePullToRefresh > onTouchEnd > should trigger refresh when threshold is met
 ✓ src/test/hooks/usePullToRefresh.quality.test.ts > usePullToRefresh > onTouchEnd > should not trigger refresh when below threshold
 ✓ src/test/hooks/usePullToRefresh.quality.test.ts > usePullToRefresh > onTouchEnd > should snap back when below threshold
 ✓ src/test/hooks/usePullToRefresh.quality.test.ts > usePullToRefresh > onTouchEnd > should lock at threshold during refresh
 ✓ src/test/hooks/usePullToRefresh.quality.test.ts > usePullToRefresh > onTouchEnd > should reset to 0 after refresh completes
 ✓ src/test/hooks/usePullToRefresh.quality.test.ts > usePullToRefresh > onTouchEnd > should handle refresh errors gracefully
 ✓ src/test/hooks/usePullToRefresh.quality.test.ts > usePullToRefresh > onTouchEnd > should do nothing when not pulling
 ✓ src/test/hooks/usePullToRefresh.quality.test.ts > usePullToRefresh > onTouchEnd > should do nothing when disabled
 ✓ src/test/hooks/usePullToRefresh.quality.test.ts > usePullToRefresh > onTouchEnd > should set isPulling to false
 ✓ src/test/hooks/usePullToRefresh.quality.test.ts > usePullToRefresh > indicatorStyle > should calculate transform based on pull distance
 ✓ src/test/hooks/usePullToRefresh.quality.test.ts > usePullToRefresh > indicatorStyle > should calculate opacity based on progress
 ✓ src/test/hooks/usePullToRefresh.quality.test.ts > usePullToRefresh > indicatorStyle > should cap opacity at 1 when exceeding threshold
 ✓ src/test/hooks/usePullToRefresh.quality.test.ts > usePullToRefresh > indicatorStyle > should disable transition while pulling
 ✓ src/test/hooks/usePullToRefresh.quality.test.ts > usePullToRefresh > indicatorStyle > should enable transition when not pulling
 ✓ src/test/hooks/usePullToRefresh.quality.test.ts > usePullToRefresh > options > should use default threshold of 80
 ✓ src/test/hooks/usePullToRefresh.quality.test.ts > usePullToRefresh > options > should use custom threshold
 ✓ src/test/hooks/usePullToRefresh.quality.test.ts > usePullToRefresh > options > should respect enabled option changes
 ✓ src/test/hooks/usePullToRefresh.quality.test.ts > usePullToRefresh > edge cases > should handle rapid touch start/end sequences
 ✓ src/test/hooks/usePullToRefresh.quality.test.ts > usePullToRefresh > edge cases > should handle zero delta touch move
 ✓ src/test/hooks/usePullToRefresh.quality.test.ts > usePullToRefresh > edge cases > should handle multiple touch moves accumulating
 ✓ src/test/hooks/usePullToRefresh.quality.test.ts > usePullToRefresh > edge cases > should not start pull when exactly at scroll threshold (5)
 ✓ src/test/hooks/usePullToRefresh.quality.test.ts > usePullToRefresh > edge cases > should prevent pull when scroll is at 6
 ✓ src/test/hooks/usePullToRefresh.quality.test.ts > usePullToRefresh > concurrent behavior > should not allow second refresh while first is in progress
 ✓ src/test/hooks/usePullToRefresh.quality.test.ts > usePullToRefresh > hook cleanup > should properly cleanup on unmount during refresh
 ✓ src/test/services/adaptiveEnginePhase2.test.ts > Phase 2 Features > #5: Response-Time Weighting > createQuestionHistory — new fields > initializes response time fields to 0
 ✓ src/test/services/adaptiveEnginePhase2.test.ts > Phase 2 Features > #5: Response-Time Weighting > createQuestionHistory — new fields > initializes stability for correct answer
 ✓ src/test/services/adaptiveEnginePhase2.test.ts > Phase 2 Features > #5: Response-Time Weighting > createQuestionHistory — new fields > initializes lower stability for incorrect answer
 ✓ src/test/services/adaptiveEnginePhase2.test.ts > Phase 2 Features > #5: Response-Time Weighting > recordAnswerCore with responseTimeMs > uses quality-based SM-2 when response time is provided
 ✓ src/test/services/adaptiveEnginePhase2.test.ts > Phase 2 Features > #5: Response-Time Weighting > recordAnswerCore with responseTimeMs > tracks average response time across attempts
 ✓ src/test/services/adaptiveEnginePhase2.test.ts > Phase 2 Features > #5: Response-Time Weighting > recordAnswerCore with responseTimeMs > gives faster response higher ease factor than slow response
 ✓ src/test/services/adaptiveEnginePhase2.test.ts > Phase 2 Features > #5: Response-Time Weighting > recordAnswerCore with responseTimeMs > skips quality SM-2 when no response time provided
 ✓ src/test/services/adaptiveEnginePhase2.test.ts > Phase 2 Features > #5: Response-Time Weighting > config: targetTimePerQuestionMs > defaults to 120000 (2 minutes)
 ✓ src/test/services/adaptiveEnginePhase2.test.ts > Phase 2 Features > #5: Response-Time Weighting > config: targetTimePerQuestionMs > can be overridden
 ✓ src/test/services/adaptiveEnginePhase2.test.ts > Phase 2 Features > #6: 5-Level Difficulty > adjustDifficultyScore > returns current score when not enough data
 ✓ src/test/services/adaptiveEnginePhase2.test.ts > Phase 2 Features > #6: 5-Level Difficulty > adjustDifficultyScore > increases score when accuracy is high
 ✓ src/test/services/adaptiveEnginePhase2.test.ts > Phase 2 Features > #6: 5-Level Difficulty > adjustDifficultyScore > decreases score when accuracy is low
 ✓ src/test/services/adaptiveEnginePhase2.test.ts > Phase 2 Features > #6: 5-Level Difficulty > adjustDifficultyScore > stays stable for mid-range accuracy
 ✓ src/test/services/adaptiveEnginePhase2.test.ts > Phase 2 Features > #6: 5-Level Difficulty > adjustDifficultyScore > moves smoothly (not abrupt jumps)
 ✓ src/test/services/adaptiveEnginePhase2.test.ts > Phase 2 Features > #6: 5-Level Difficulty > adjustDifficultyScore > is clamped between 0 and 1
 ✓ src/test/services/adaptiveEnginePhase2.test.ts > Phase 2 Features > #6: 5-Level Difficulty > difficultyScoreToLevel > maps low scores to easy
 ✓ src/test/services/adaptiveEnginePhase2.test.ts > Phase 2 Features > #6: 5-Level Difficulty > difficultyScoreToLevel > maps mid scores to medium
 ✓ src/test/services/adaptiveEnginePhase2.test.ts > Phase 2 Features > #6: 5-Level Difficulty > difficultyScoreToLevel > maps high scores to hard
 ✓ src/test/services/adaptiveEnginePhase2.test.ts > Phase 2 Features > #6: 5-Level Difficulty > difficultyLevelToScore > maps easy/beginner/foundational to low score
 ✓ src/test/services/adaptiveEnginePhase2.test.ts > Phase 2 Features > #6: 5-Level Difficulty > difficultyLevelToScore > maps medium/intermediate/moderate to mid score
 ✓ src/test/services/adaptiveEnginePhase2.test.ts > Phase 2 Features > #6: 5-Level Difficulty > difficultyLevelToScore > maps hard/advanced/tough to high score
 ✓ src/test/services/adaptiveEnginePhase2.test.ts > Phase 2 Features > #6: 5-Level Difficulty > difficultyLevelToScore > defaults to 0.5 for unknown values
 ✓ src/test/services/adaptiveEnginePhase2.test.ts > Phase 2 Features > #6: 5-Level Difficulty > initializeState includes difficultyScore > starts at 0.5 (medium)
 ✓ src/test/services/adaptiveEnginePhase2.test.ts > Phase 2 Features > #6: 5-Level Difficulty > recordAnswerCore updates difficultyScore > increases difficultyScore after consecutive correct
 ✓ src/test/services/adaptiveEnginePhase2.test.ts > Phase 2 Features > #6: 5-Level Difficulty > recordAnswerCore updates difficultyScore > decreases difficultyScore after consecutive incorrect
 ✓ src/test/services/adaptiveEnginePhase2.test.ts > Phase 2 Features > #6: 5-Level Difficulty > recordAnswerCore updates difficultyScore > currentDifficulty stays in sync with difficultyScore
 ✓ src/test/services/adaptiveEnginePhase2.test.ts > Phase 2 Features > #6: 5-Level Difficulty > selectQuestionsCore uses fuzzy difficulty > prefers easy questions when difficultyScore is low
 ✓ src/test/services/adaptiveEnginePhase2.test.ts > Phase 2 Features > #6: 5-Level Difficulty > selectQuestionsCore uses fuzzy difficulty > prefers hard questions when difficultyScore is high
 ✓ src/test/services/adaptiveEnginePhase2.test.ts > Phase 2 Features > #7: Knowledge Decay > stability tracking > increases stability on correct answer (updateQuestionHistory)
 ✓ src/test/services/adaptiveEnginePhase2.test.ts > Phase 2 Features > #7: Knowledge Decay > stability tracking > decreases stability on incorrect answer
 ✓ src/test/services/adaptiveEnginePhase2.test.ts > Phase 2 Features > #7: Knowledge Decay > stability tracking > tracks lapses on incorrect answer
 ✓ src/test/services/adaptiveEnginePhase2.test.ts > Phase 2 Features > #7: Knowledge Decay > stability tracking > stability never drops below 0.4
 ✓ src/test/services/adaptiveEnginePhase2.test.ts > Phase 2 Features > #7: Knowledge Decay > stability tracking > stability caps at 365 days
 ✓ src/test/services/adaptiveEnginePhase2.test.ts > Phase 2 Features > #7: Knowledge Decay > stability tracking > stability grows with calculateSM2WithQuality too
 ✓ src/test/services/adaptiveEnginePhase2.test.ts > Phase 2 Features > #7: Knowledge Decay > calculateRetrievability > returns ~1.0 for just-reviewed items
 ✓ src/test/services/adaptiveEnginePhase2.test.ts > Phase 2 Features > #7: Knowledge Decay > calculateRetrievability > decays over time
 ✓ src/test/services/adaptiveEnginePhase2.test.ts > Phase 2 Features > #7: Knowledge Decay > calculateRetrievability > higher stability means slower decay
 ✓ src/test/services/adaptiveEnginePhase2.test.ts > Phase 2 Features > #7: Knowledge Decay > getQuestionsDueForReview — fixed > returns items where retrievability dropped below threshold
 ✓ src/test/services/adaptiveEnginePhase2.test.ts > Phase 2 Features > #7: Knowledge Decay > getQuestionsDueForReview — fixed > does NOT exclude correctly-answered questions (bug fix)
 ✓ src/test/services/adaptiveEnginePhase2.test.ts > Phase 2 Features > #7: Knowledge Decay > getQuestionsDueForReview — fixed > does not return fresh items with high retrievability
 ✓ src/test/services/adaptiveEnginePhase2.test.ts > Phase 2 Features > #7: Knowledge Decay > getQuestionsDueForReview — fixed > sorts by urgency (lowest retrievability first)
 ✓ src/test/services/adaptiveEnginePhase2.test.ts > Phase 2 Features > #7: Knowledge Decay > selectQuestionsCore — urgency-weighted review > gives higher priority to more-forgotten review-due questions
 ✓ src/test/services/adaptiveEnginePhase2.test.ts > Phase 2 Features > #7: Knowledge Decay > serialization migration > backfills new fields on deserialize
 ✓ src/test/services/adaptiveEnginePhase2.test.ts > Phase 2 Features > #7: Knowledge Decay > config: retrievabilityThreshold > defaults to 0.85
 ✓ src/test/services/adaptiveEnginePhase2.test.ts > Phase 2 Features > #7: Knowledge Decay > config: retrievabilityThreshold > can be overridden
 ✓ src/test/services/adaptiveEngineCore.test.ts > adaptiveEngineCore > createQuestionHistory > creates history with correct question ID
 ✓ src/test/services/adaptiveEngineCore.test.ts > adaptiveEngineCore > createQuestionHistory > records correct answer
 ✓ src/test/services/adaptiveEngineCore.test.ts > adaptiveEngineCore > createQuestionHistory > records incorrect answer
 ✓ src/test/services/adaptiveEngineCore.test.ts > adaptiveEngineCore > createQuestionHistory > sets SM-2 defaults
 ✓ src/test/services/adaptiveEngineCore.test.ts > adaptiveEngineCore > createQuestionHistory > sets nextReviewDate
 ✓ src/test/services/adaptiveEngineCore.test.ts > adaptiveEngineCore > updateQuestionHistory > increments total attempts
 ✓ src/test/services/adaptiveEngineCore.test.ts > adaptiveEngineCore > updateQuestionHistory > increments correctCount on correct answer
 ✓ src/test/services/adaptiveEngineCore.test.ts > adaptiveEngineCore > updateQuestionHistory > does not increment correctCount on wrong answer
 ✓ src/test/services/adaptiveEngineCore.test.ts > adaptiveEngineCore > updateQuestionHistory > updates lastAttempted
 ✓ src/test/services/adaptiveEngineCore.test.ts > adaptiveEngineCore > calculateSM2WithQuality > increases ease factor for quality 5
 ✓ src/test/services/adaptiveEngineCore.test.ts > adaptiveEngineCore > calculateSM2WithQuality > decreases ease factor for quality 1 when above minimum
 ✓ src/test/services/adaptiveEngineCore.test.ts > adaptiveEngineCore > calculateSM2WithQuality > never lets ease factor fall below 1.3
 ✓ src/test/services/adaptiveEngineCore.test.ts > adaptiveEngineCore > calculateSM2WithQuality > resets on quality < 3 (tracks via attempts reset)
 ✓ src/test/services/adaptiveEngineCore.test.ts > adaptiveEngineCore > calculateSM2WithQuality > increments for quality >= 3
 ✓ src/test/services/adaptiveEngineCore.test.ts > adaptiveEngineCore > calculateSM2WithQuality > sets interval to 1 on first correct
 ✓ src/test/services/adaptiveEngineCore.test.ts > adaptiveEngineCore > calculateSM2WithQuality > progressively increases interval on repeated correct
 ✓ src/test/services/adaptiveEngineCore.test.ts > adaptiveEngineCore > responseToQuality > returns high quality for correct fast answers
 ✓ src/test/services/adaptiveEngineCore.test.ts > adaptiveEngineCore > responseToQuality > returns low quality for incorrect answers
 ✓ src/test/services/adaptiveEngineCore.test.ts > adaptiveEngineCore > initializeState > creates state with all sections
 ✓ src/test/services/adaptiveEngineCore.test.ts > adaptiveEngineCore > initializeState > initializes with zero questions answered
 ✓ src/test/services/adaptiveEngineCore.test.ts > adaptiveEngineCore > initializeState > starts at medium difficulty
 ✓ src/test/services/adaptiveEngineCore.test.ts > adaptiveEngineCore > initializeState > initializes empty question history Map
 ✓ src/test/services/adaptiveEngineCore.test.ts > adaptiveEngineCore > initializeState > initializes empty recent results
 ✓ src/test/services/adaptiveEngineCore.test.ts > adaptiveEngineCore > createSectionEntry > creates entry with correct section ID
 ✓ src/test/services/adaptiveEngineCore.test.ts > adaptiveEngineCore > createSectionEntry > starts with 0 accuracy and questions
 ✓ src/test/services/adaptiveEngineCore.test.ts > adaptiveEngineCore > createSectionEntry > marks as needs work initially
 ✓ src/test/services/adaptiveEngineCore.test.ts > adaptiveEngineCore > serializeState / deserializeState > round-trips state correctly
 ✓ src/test/services/adaptiveEngineCore.test.ts > adaptiveEngineCore > serializeState / deserializeState > preserves question history entries
 ✓ src/test/services/adaptiveEngineCore.test.ts > adaptiveEngineCore > serializeState / deserializeState > preserves section performance
 ✓ src/test/services/adaptiveEngineCore.test.ts > adaptiveEngineCore > loadState / saveState > returns fresh state when no localStorage data
 ✓ src/test/services/adaptiveEngineCore.test.ts > adaptiveEngineCore > loadState / saveState > saves and loads state via localStorage
 ✓ src/test/services/adaptiveEngineCore.test.ts > adaptiveEngineCore > recordAnswerCore > increments totalQuestionsAnswered
 ✓ src/test/services/adaptiveEngineCore.test.ts > adaptiveEngineCore > recordAnswerCore > updates section performance
 ✓ src/test/services/adaptiveEngineCore.test.ts > adaptiveEngineCore > recordAnswerCore > updates question history
 ✓ src/test/services/adaptiveEngineCore.test.ts > adaptiveEngineCore > recordAnswerCore > tracks recent results
 ✓ src/test/services/adaptiveEngineCore.test.ts > adaptiveEngineCore > recordAnswerCore > tracks subsection performance
 ✓ src/test/services/adaptiveEngineCore.test.ts > adaptiveEngineCore > recordAnswerCore > adjusts difficulty after enough answers
 ✓ src/test/services/adaptiveEngineCore.test.ts > adaptiveEngineCore > calculateSectionAccuracy > returns 0 for no matching questions
 ✓ src/test/services/adaptiveEngineCore.test.ts > adaptiveEngineCore > calculateSectionAccuracy > calculates accuracy correctly
 ✓ src/test/services/adaptiveEngineCore.test.ts > adaptiveEngineCore > calculateSubSectionAccuracy > returns 0 when no matching questions
 ✓ src/test/services/adaptiveEngineCore.test.ts > adaptiveEngineCore > calculateRecentAccuracy > returns 0 for empty array
 ✓ src/test/services/adaptiveEngineCore.test.ts > adaptiveEngineCore > calculateRecentAccuracy > calculates correct percentage
 ✓ src/test/services/adaptiveEngineCore.test.ts > adaptiveEngineCore > calculateRecentAccuracy > returns 1.0 for all correct
 ✓ src/test/services/adaptiveEngineCore.test.ts > adaptiveEngineCore > adjustDifficulty > moves to hard when accuracy is high
 ✓ src/test/services/adaptiveEngineCore.test.ts > adaptiveEngineCore > adjustDifficulty > moves to easy when accuracy is low
 ✓ src/test/services/adaptiveEngineCore.test.ts > adaptiveEngineCore > adjustDifficulty > stays at medium for mid-range accuracy
 ✓ src/test/services/adaptiveEngineCore.test.ts > adaptiveEngineCore > getQuestionsDueForReview > returns empty for no history
 ✓ src/test/services/adaptiveEngineCore.test.ts > adaptiveEngineCore > getQuestionsDueForReview > returns questions past their nextReviewDate
 ✓ src/test/services/adaptiveEngineCore.test.ts > adaptiveEngineCore > getWeakSections > returns sections with low accuracy
 ✓ src/test/services/adaptiveEngineCore.test.ts > adaptiveEngineCore > getWeakSections > returns empty when all sections are strong
 ✓ src/test/services/adaptiveEngineCore.test.ts > adaptiveEngineCore > getWeakSubSections > returns weak subsections with low accuracy
 ✓ src/test/services/adaptiveEngineCore.test.ts > adaptiveEngineCore > selectQuestionsCore > returns requested count of questions
 ✓ src/test/services/adaptiveEngineCore.test.ts > adaptiveEngineCore > selectQuestionsCore > returns all questions when count exceeds available
 ✓ src/test/services/adaptiveEngineCore.test.ts > adaptiveEngineCore > selectQuestionsCore > filters by section when specified
 ✓ src/test/services/adaptiveEngineCore.test.ts > adaptiveEngineCore > selectQuestionsCore > respects difficulty preference
 ✓ src/test/services/adaptiveEngineCore.test.ts > adaptiveEngineCore > getPerformanceSummaryCore > returns summary with all expected fields
 ✓ src/test/services/adaptiveEngineCore.test.ts > adaptiveEngineCore > getPerformanceSummaryCore > reflects recorded answers
 ✓ src/test/services/adaptiveEngineCore.test.ts > adaptiveEngineCore > startSessionCore / endSessionCore > startSession sets sessionStartTime
 ✓ src/test/services/adaptiveEngineCore.test.ts > adaptiveEngineCore > startSessionCore / endSessionCore > endSession returns summary with duration
 ✓ src/test/services/adaptiveEngineCore.test.ts > adaptiveEngineCore > startSessionCore / endSessionCore > endSession clears sessionStartTime
 ✓ src/test/services/adaptiveEngineCore.test.ts > adaptiveEngineCore > shuffleArray > returns same length array
 ✓ src/test/services/adaptiveEngineCore.test.ts > adaptiveEngineCore > shuffleArray > contains same elements
 ✓ src/test/services/adaptiveEngineCore.test.ts > adaptiveEngineCore > shuffleArray > returns empty array for empty input
 ✓ src/test/services/adaptiveEngineCore.test.ts > adaptiveEngineCore > createEngineConfig > applies default values
 ✓ src/test/services/adaptiveEngineCore.test.ts > adaptiveEngineCore > createEngineConfig > allows overriding defaults
 ✓ src/test/services/cisaAnalytics.test.ts > cisaAnalytics > initializeAnalytics > creates analytics with correct user ID
 ✓ src/test/services/cisaAnalytics.test.ts > cisaAnalytics > initializeAnalytics > initializes with zero stats
 ✓ src/test/services/cisaAnalytics.test.ts > cisaAnalytics > initializeAnalytics > initializes all 5 CISA domains
 ✓ src/test/services/cisaAnalytics.test.ts > cisaAnalytics > initializeAnalytics > sets correct domain weights
 ✓ src/test/services/cisaAnalytics.test.ts > cisaAnalytics > initializeAnalytics > initializes CISA-specific metrics
 ✓ src/test/services/cisaAnalytics.test.ts > cisaAnalytics > initializeAnalytics > initializes exam readiness as not-ready
 ✓ src/test/services/cisaAnalytics.test.ts > cisaAnalytics > rawToScaledScore > converts 0% to 200
 ✓ src/test/services/cisaAnalytics.test.ts > cisaAnalytics > rawToScaledScore > converts 60% to 450 (passing)
 ✓ src/test/services/cisaAnalytics.test.ts > cisaAnalytics > rawToScaledScore > converts 100% to 800
 ✓ src/test/services/cisaAnalytics.test.ts > cisaAnalytics > rawToScaledScore > handles values below 0
 ✓ src/test/services/cisaAnalytics.test.ts > cisaAnalytics > rawToScaledScore > handles values above 100
 ✓ src/test/services/cisaAnalytics.test.ts > cisaAnalytics > rawToScaledScore > scales linearly in lower range
 ✓ src/test/services/cisaAnalytics.test.ts > cisaAnalytics > rawToScaledScore > scales linearly in upper range
 ✓ src/test/services/cisaAnalytics.test.ts > cisaAnalytics > scaledScoreToPassProbability > returns low probability for very low scores
 ✓ src/test/services/cisaAnalytics.test.ts > cisaAnalytics > scaledScoreToPassProbability > returns ~70% probability at passing threshold
 ✓ src/test/services/cisaAnalytics.test.ts > cisaAnalytics > scaledScoreToPassProbability > returns high probability for high scores
 ✓ src/test/services/cisaAnalytics.test.ts > cisaAnalytics > recordQuestionAttempt > increments question count
 ✓ src/test/services/cisaAnalytics.test.ts > cisaAnalytics > recordQuestionAttempt > updates accuracy correctly
 ✓ src/test/services/cisaAnalytics.test.ts > cisaAnalytics > recordQuestionAttempt > updates domain-specific stats
 ✓ src/test/services/cisaAnalytics.test.ts > cisaAnalytics > recordQuestionAttempt > tracks average time per question
 ✓ src/test/services/cisaAnalytics.test.ts > cisaAnalytics > recordQuestionAttempt > updates audit methodology for analysis questions
 ✓ src/test/services/cisaAnalytics.test.ts > cisaAnalytics > recordStudySession > adds study time
 ✓ src/test/services/cisaAnalytics.test.ts > cisaAnalytics > recordStudySession > tracks simulation completions
 ✓ src/test/services/cisaAnalytics.test.ts > cisaAnalytics > recordStudySession > starts a streak on first session
 ✓ src/test/services/cisaAnalytics.test.ts > cisaAnalytics > recordStudySession > increments streak for consecutive days
 ✓ src/test/services/cisaAnalytics.test.ts > cisaAnalytics > recordMockExam > records raw and scaled scores
 ✓ src/test/services/cisaAnalytics.test.ts > cisaAnalytics > recordMockExam > updates domain mastery from exam results
 ✓ src/test/services/cisaAnalytics.test.ts > cisaAnalytics > recordMockExam > tracks best score
 ✓ src/test/services/cisaAnalytics.test.ts > cisaAnalytics > updateDomainTrend > sets improving trend when accuracy increases
 ✓ src/test/services/cisaAnalytics.test.ts > cisaAnalytics > updateDomainTrend > sets declining trend when accuracy decreases
 ✓ src/test/services/cisaAnalytics.test.ts > cisaAnalytics > updateDomainTrend > sets stable trend for small changes
 ✓ src/test/services/cisaAnalytics.test.ts > cisaAnalytics > updateIsacaStandardsKnowledge > updates standards knowledge score
 ✓ src/test/services/cisaAnalytics.test.ts > cisaAnalytics > updateIsacaStandardsKnowledge > clamps to 0-100 range
 ✓ src/test/services/cisaAnalytics.test.ts > cisaAnalytics > updateControlFrameworksFamiliarity > updates frameworks familiarity score
 ✓ src/test/services/cisaAnalytics.test.ts > cisaAnalytics > addDailyTrend > adds trend data point
 ✓ src/test/services/cisaAnalytics.test.ts > cisaAnalytics > addDailyTrend > keeps only last 30 days
 ✓ src/test/services/cisaAnalytics.test.ts > cisaAnalytics > addWeeklyTrend > adds trend data point
 ✓ src/test/services/cisaAnalytics.test.ts > cisaAnalytics > addWeeklyTrend > keeps only last 12 weeks
 ✓ src/test/services/cisaAnalytics.test.ts > cisaAnalytics > getAnalyticsSummary > returns overview with correct structure
 ✓ src/test/services/cisaAnalytics.test.ts > cisaAnalytics > getAnalyticsSummary > returns all 5 domains in breakdown
 ✓ src/test/services/cisaAnalytics.test.ts > cisaAnalytics > getAnalyticsSummary > includes CISA-specific metrics
 ✓ src/test/services/cisaAnalytics.test.ts > cisaAnalytics > getAnalyticsSummary > identifies strengths and weaknesses
 ✓ src/test/services/cisaAnalytics.test.ts > cisaAnalytics > getAnalyticsSummary > generates CISA-specific recommendations
 ✓ src/test/services/cisaAnalytics.test.ts > cisaAnalytics > getDomainInsights > returns null for invalid domain
 ✓ src/test/services/cisaAnalytics.test.ts > cisaAnalytics > getDomainInsights > returns insights for valid domain
 ✓ src/test/services/cisaAnalytics.test.ts > cisaAnalytics > getDomainInsights > calculates gap to target
 ✓ src/test/services/cisaAnalytics.test.ts > cisaAnalytics > getDomainInsights > identifies when on track
 ✓ src/test/services/cisaAnalytics.test.ts > cisaAnalytics > getDomainInsights > provides domain-specific recommendations
 ✓ src/test/services/cisaAnalytics.test.ts > cisaAnalytics > getStudyPlanProgress > returns overall progress
 ✓ src/test/services/cisaAnalytics.test.ts > cisaAnalytics > getStudyPlanProgress > returns per-domain progress
 ✓ src/test/services/cisaAnalytics.test.ts > cisaAnalytics > getStudyPlanProgress > tracks milestones
 ✓ src/test/services/cisaAnalytics.test.ts > cisaAnalytics > getStudyPlanProgress > determines next milestone
 ✓ src/test/services/cisaAnalytics.test.ts > cisaAnalytics > serialization > serializes and deserializes correctly
 ✓ src/test/services/cisaAnalytics.test.ts > cisaAnalytics > serialization > handles null dates
 ✓ src/test/services/cisaAnalytics.test.ts > cisaAnalytics > CISA_DOMAIN_CONFIG > has 5 domains
 ✓ src/test/services/cisaAnalytics.test.ts > cisaAnalytics > CISA_DOMAIN_CONFIG > domain weights sum to 100
 ✓ src/test/services/cisaAnalytics.test.ts > cisaAnalytics > CISA_DOMAIN_CONFIG > all domains have topics
 ✓ src/test/services/cisaAnalytics.test.ts > cisaAnalytics > exam readiness prediction > sets well-prepared for high performers
 ✓ src/test/services/cisaAnalytics.test.ts > cisaAnalytics > exam readiness prediction > sets not-ready for low performers
 ✓ src/test/utils/accessibility.quality.test.ts > Accessibility Utilities - REAL Tests > colorUtils.parseColor > should parse 6-character hex colors
 ✓ src/test/utils/accessibility.quality.test.ts > Accessibility Utilities - REAL Tests > colorUtils.parseColor > should parse hex colors without #
 ✓ src/test/utils/accessibility.quality.test.ts > Accessibility Utilities - REAL Tests > colorUtils.parseColor > should parse 3-character hex colors
 ✓ src/test/utils/accessibility.quality.test.ts > Accessibility Utilities - REAL Tests > colorUtils.parseColor > should parse rgb() format
 ✓ src/test/utils/accessibility.quality.test.ts > Accessibility Utilities - REAL Tests > colorUtils.parseColor > should parse rgba() format
 ✓ src/test/utils/accessibility.quality.test.ts > Accessibility Utilities - REAL Tests > colorUtils.parseColor > should return null for invalid color strings
 ✓ src/test/utils/accessibility.quality.test.ts > Accessibility Utilities - REAL Tests > colorUtils.getLuminance > should return 0 for pure black
 ✓ src/test/utils/accessibility.quality.test.ts > Accessibility Utilities - REAL Tests > colorUtils.getLuminance > should return 1 for pure white
 ✓ src/test/utils/accessibility.quality.test.ts > Accessibility Utilities - REAL Tests > colorUtils.getLuminance > should calculate correct luminance for pure red
 ✓ src/test/utils/accessibility.quality.test.ts > Accessibility Utilities - REAL Tests > colorUtils.getLuminance > should calculate correct luminance for pure green
 ✓ src/test/utils/accessibility.quality.test.ts > Accessibility Utilities - REAL Tests > colorUtils.getLuminance > should calculate correct luminance for pure blue
 ✓ src/test/utils/accessibility.quality.test.ts > Accessibility Utilities - REAL Tests > colorUtils.checkContrast > should return 21:1 ratio for black on white
 ✓ src/test/utils/accessibility.quality.test.ts > Accessibility Utilities - REAL Tests > colorUtils.checkContrast > should return 21:1 ratio for white on black
 ✓ src/test/utils/accessibility.quality.test.ts > Accessibility Utilities - REAL Tests > colorUtils.checkContrast > should return 1:1 ratio for same colors
 ✓ src/test/utils/accessibility.quality.test.ts > Accessibility Utilities - REAL Tests > colorUtils.checkContrast > should correctly identify AA compliance
 ✓ src/test/utils/accessibility.quality.test.ts > Accessibility Utilities - REAL Tests > colorUtils.checkContrast > should return correct level string
 ✓ src/test/utils/accessibility.quality.test.ts > Accessibility Utilities - REAL Tests > colorUtils.checkContrast > should return null for invalid colors
 ✓ src/test/utils/accessibility.quality.test.ts > Accessibility Utilities - REAL Tests > colorUtils.suggestAccessibleColor > should recommend black text on light backgrounds
 ✓ src/test/utils/accessibility.quality.test.ts > Accessibility Utilities - REAL Tests > colorUtils.suggestAccessibleColor > should recommend white text on dark backgrounds
 ✓ src/test/utils/accessibility.quality.test.ts > Accessibility Utilities - REAL Tests > colorUtils.suggestAccessibleColor > should handle medium backgrounds
 ✓ src/test/utils/accessibility.quality.test.ts > Accessibility Utilities - REAL Tests > FocusTrap > should create an instance
 ✓ src/test/utils/accessibility.quality.test.ts > Accessibility Utilities - REAL Tests > FocusTrap > should activate and focus first focusable element
 ✓ src/test/utils/accessibility.quality.test.ts > Accessibility Utilities - REAL Tests > FocusTrap > should skip disabled elements
 ✓ src/test/utils/accessibility.quality.test.ts > Accessibility Utilities - REAL Tests > FocusTrap > should restore focus on deactivate
 ✓ src/test/utils/accessibility.quality.test.ts > Accessibility Utilities - REAL Tests > FocusTrap > should emit focustrap:escape event on Escape key
 ✓ src/test/utils/accessibility.quality.test.ts > Accessibility Utilities - REAL Tests > FocusTrap > should handle empty container without throwing
 ✓ src/test/utils/accessibility.quality.test.ts > Accessibility Utilities - REAL Tests > announce > should create announcer element via function call
 ✓ src/test/utils/accessibility.quality.test.ts > Accessibility Utilities - REAL Tests > announce > should not throw when called
 ✓ src/test/utils/accessibility.quality.test.ts > Accessibility Utilities - REAL Tests > announce > should handle empty messages
 ✓ src/test/utils/accessibility.quality.test.ts > Accessibility Utilities - REAL Tests > announce > should handle special characters
 ✓ src/test/utils/accessibility.quality.test.ts > Accessibility Utilities - REAL Tests > announce > should handle multiple rapid announcements
 ✓ src/test/utils/accessibility.quality.test.ts > Accessibility Utilities - REAL Tests > announceImmediate > should not throw when called
 ✓ src/test/utils/accessibility.quality.test.ts > Accessibility Utilities - REAL Tests > ariaHelpers > should set expanded state on trigger and panel
 ✓ src/test/utils/accessibility.quality.test.ts > Accessibility Utilities - REAL Tests > ariaHelpers > should set pressed state
 ✓ src/test/utils/accessibility.quality.test.ts > Accessibility Utilities - REAL Tests > ariaHelpers > should set loading state
 ✓ src/test/utils/accessibility.quality.test.ts > Accessibility Utilities - REAL Tests > ariaHelpers > should set selected state
 ✓ src/test/utils/accessibility.quality.test.ts > Accessibility Utilities - REAL Tests > ariaHelpers > should set error state on input
 ✓ src/test/utils/accessibility.quality.test.ts > Accessibility Utilities - REAL Tests > ariaHelpers > should announce progress
 ✓ src/test/utils/accessibility.quality.test.ts > Accessibility Utilities - REAL Tests > ariaHelpers > should create live region
 ✓ src/test/utils/accessibility.quality.test.ts > Accessibility Utilities - REAL Tests > keyboardNav > should handle arrow key navigation
 ✓ src/test/utils/accessibility.quality.test.ts > Accessibility Utilities - REAL Tests > keyboardNav > should wrap around at boundaries
 ✓ src/test/utils/accessibility.quality.test.ts > Accessibility Utilities - REAL Tests > keyboardNav > should handle Home and End keys
 ✓ src/test/utils/accessibility.quality.test.ts > Accessibility Utilities - REAL Tests > keyboardNav > should handle roving tabindex
 ✓ src/test/utils/accessibility.quality.test.ts > Accessibility Utilities - REAL Tests > mediaPreferences > should check reduced motion preference
 ✓ src/test/utils/accessibility.quality.test.ts > Accessibility Utilities - REAL Tests > mediaPreferences > should check dark mode preference
 ✓ src/test/utils/accessibility.quality.test.ts > Accessibility Utilities - REAL Tests > mediaPreferences > should check high contrast preference
 ✓ src/test/utils/accessibility.quality.test.ts > Accessibility Utilities - REAL Tests > focusVisible > should track keyboard user state
 ✓ src/test/utils/accessibility.quality.test.ts > Accessibility Utilities - REAL Tests > focusVisible > should initialize without throwing
 ✓ src/test/utils/accessibility.quality.test.ts > Accessibility Utilities - REAL Tests > motionUtils > should return appropriate duration based on motion preference
 ✓ src/test/utils/accessibility.quality.test.ts > Accessibility Utilities - REAL Tests > motionUtils > should generate CSS transition string
 ✓ src/test/services/ciaAdaptiveEngine.test.ts > ciaAdaptiveEngine > initializeCardProgress > creates progress with correct card ID
 ✓ src/test/services/ciaAdaptiveEngine.test.ts > ciaAdaptiveEngine > initializeCardProgress > sets default ease factor of 2.5
 ✓ src/test/services/ciaAdaptiveEngine.test.ts > ciaAdaptiveEngine > initializeCardProgress > initializes with zero repetitions
 ✓ src/test/services/ciaAdaptiveEngine.test.ts > ciaAdaptiveEngine > initializeCardProgress > initializes with zero interval
 ✓ src/test/services/ciaAdaptiveEngine.test.ts > ciaAdaptiveEngine > initializeCardProgress > initializes with zero attempts
 ✓ src/test/services/ciaAdaptiveEngine.test.ts > ciaAdaptiveEngine > initializeCardProgress > sets consecutive correct to zero
 ✓ src/test/services/ciaAdaptiveEngine.test.ts > ciaAdaptiveEngine > calculateSM2 > increases easeFactor for quality 5 (perfect)
 ✓ src/test/services/ciaAdaptiveEngine.test.ts > ciaAdaptiveEngine > calculateSM2 > decreases easeFactor for quality 2 (incorrect)
 ✓ src/test/services/ciaAdaptiveEngine.test.ts > ciaAdaptiveEngine > calculateSM2 > resets repetitions for quality < 3
 ✓ src/test/services/ciaAdaptiveEngine.test.ts > ciaAdaptiveEngine > calculateSM2 > increments repetitions for quality >= 3
 ✓ src/test/services/ciaAdaptiveEngine.test.ts > ciaAdaptiveEngine > calculateSM2 > returns interval of 1 for first correct
 ✓ src/test/services/ciaAdaptiveEngine.test.ts > ciaAdaptiveEngine > calculateSM2 > returns interval of 6 for second correct
 ✓ src/test/services/ciaAdaptiveEngine.test.ts > ciaAdaptiveEngine > calculateSM2 > never lets easeFactor fall below 1.3
 ✓ src/test/services/ciaAdaptiveEngine.test.ts > ciaAdaptiveEngine > calculateSM2 > updates lastReviewDate
 ✓ src/test/services/ciaAdaptiveEngine.test.ts > ciaAdaptiveEngine > calculateSM2 > increments totalAttempts
 ✓ src/test/services/ciaAdaptiveEngine.test.ts > ciaAdaptiveEngine > calculateSM2 > increments totalCorrect for correct answers
 ✓ src/test/services/ciaAdaptiveEngine.test.ts > ciaAdaptiveEngine > calculateSM2 > does not increment totalCorrect for incorrect answers
 ✓ src/test/services/ciaAdaptiveEngine.test.ts > ciaAdaptiveEngine > calculateSM2 > increments consecutiveCorrect for correct
 ✓ src/test/services/ciaAdaptiveEngine.test.ts > ciaAdaptiveEngine > calculateSM2 > resets consecutiveCorrect for incorrect
 ✓ src/test/services/ciaAdaptiveEngine.test.ts > ciaAdaptiveEngine > responseToQuality > returns 5 for fast correct answer
 ✓ src/test/services/ciaAdaptiveEngine.test.ts > ciaAdaptiveEngine > responseToQuality > returns 4 for correct under target time
 ✓ src/test/services/ciaAdaptiveEngine.test.ts > ciaAdaptiveEngine > responseToQuality > returns 3 for correct over target time
 ✓ src/test/services/ciaAdaptiveEngine.test.ts > ciaAdaptiveEngine > responseToQuality > returns 0 or 1 for incorrect answers
 ✓ src/test/services/ciaAdaptiveEngine.test.ts > ciaAdaptiveEngine > getDueCards > returns empty array for empty progress array
 ✓ src/test/services/ciaAdaptiveEngine.test.ts > ciaAdaptiveEngine > getDueCards > returns cards past their review date
 ✓ src/test/services/ciaAdaptiveEngine.test.ts > ciaAdaptiveEngine > getDueCards > does not return cards not yet due
 ✓ src/test/services/ciaAdaptiveEngine.test.ts > ciaAdaptiveEngine > getDueCards > includes new cards (never reviewed)
 ✓ src/test/services/ciaAdaptiveEngine.test.ts > ciaAdaptiveEngine > calculateCardPriority > returns positive priority
 ✓ src/test/services/ciaAdaptiveEngine.test.ts > ciaAdaptiveEngine > calculateCardPriority > gives higher priority to new cards
 ✓ src/test/services/ciaAdaptiveEngine.test.ts > ciaAdaptiveEngine > calculateCardPriority > weights by part importance
 ✓ src/test/services/ciaAdaptiveEngine.test.ts > ciaAdaptiveEngine > selectSessionCards > returns empty array with no available cards
 ✓ src/test/services/ciaAdaptiveEngine.test.ts > ciaAdaptiveEngine > selectSessionCards > limits to requested count
 ✓ src/test/services/ciaAdaptiveEngine.test.ts > ciaAdaptiveEngine > selectSessionCards > filters by part when specified
 ✓ src/test/services/ciaAdaptiveEngine.test.ts > ciaAdaptiveEngine > createSession > creates session with correct user ID
 ✓ src/test/services/ciaAdaptiveEngine.test.ts > ciaAdaptiveEngine > createSession > creates session for specified part
 ✓ src/test/services/ciaAdaptiveEngine.test.ts > ciaAdaptiveEngine > createSession > sets target questions
 ✓ src/test/services/ciaAdaptiveEngine.test.ts > ciaAdaptiveEngine > createSession > initializes with zero answered
 ✓ src/test/services/ciaAdaptiveEngine.test.ts > ciaAdaptiveEngine > createSession > sets startedAt timestamp
 ✓ src/test/services/ciaAdaptiveEngine.test.ts > ciaAdaptiveEngine > recordAnswer > increments questionsAnswered
 ✓ src/test/services/ciaAdaptiveEngine.test.ts > ciaAdaptiveEngine > recordAnswer > increments correctAnswers for correct
 ✓ src/test/services/ciaAdaptiveEngine.test.ts > ciaAdaptiveEngine > recordAnswer > does not increment correctAnswers for incorrect
 ✓ src/test/services/ciaAdaptiveEngine.test.ts > ciaAdaptiveEngine > recordAnswer > updates streak for correct answers
 ✓ src/test/services/ciaAdaptiveEngine.test.ts > ciaAdaptiveEngine > recordAnswer > resets streak for incorrect answers
 ✓ src/test/services/ciaAdaptiveEngine.test.ts > ciaAdaptiveEngine > recordAnswer > tracks max streak
 ✓ src/test/services/ciaAdaptiveEngine.test.ts > ciaAdaptiveEngine > recordAnswer > adds card to completedCards
 ✓ src/test/services/ciaAdaptiveEngine.test.ts > ciaAdaptiveEngine > recordAnswer > updates sessionAccuracy
 ✓ src/test/services/ciaAdaptiveEngine.test.ts > ciaAdaptiveEngine > isSessionComplete > returns false for new session
 ✓ src/test/services/ciaAdaptiveEngine.test.ts > ciaAdaptiveEngine > isSessionComplete > returns true when target reached
 ✓ src/test/services/ciaAdaptiveEngine.test.ts > ciaAdaptiveEngine > getSessionSummary > calculates accuracy correctly
 ✓ src/test/services/ciaAdaptiveEngine.test.ts > ciaAdaptiveEngine > getSessionSummary > returns questionsAnswered count
 ✓ src/test/services/ciaAdaptiveEngine.test.ts > ciaAdaptiveEngine > getSessionSummary > includes streak info
 ✓ src/test/services/ciaAdaptiveEngine.test.ts > ciaAdaptiveEngine > getSessionSummary > determines performance rating
 ✓ src/test/services/ciaAdaptiveEngine.test.ts > ciaAdaptiveEngine > getRecommendedPart > returns a valid CIA part
 ✓ src/test/services/ciaAdaptiveEngine.test.ts > ciaAdaptiveEngine > getRecommendedPart > recommends weakest part
 ✓ src/test/services/ciaAdaptiveEngine.test.ts > ciaAdaptiveEngine > getStudyTimeRecommendation > returns study time allocation per part
 ✓ src/test/services/ciaAdaptiveEngine.test.ts > ciaAdaptiveEngine > getStudyTimeRecommendation > includes all 3 parts in breakdown
 ✓ src/test/services/ciaAdaptiveEngine.test.ts > ciaAdaptiveEngine > getStudyTimeRecommendation > allocates reasonable study time
 ✓ src/test/services/ciaAdaptiveEngine.test.ts > ciaAdaptiveEngine > serialization > serializes progress map to JSON
 ✓ src/test/services/ciaAdaptiveEngine.test.ts > ciaAdaptiveEngine > serialization > deserializes JSON back to progress map
 ✓ src/test/services/ciaAdaptiveEngine.test.ts > ciaAdaptiveEngine > serialization > maintains data through serialization
stderr | src/test/providers/AuthProvider.test.jsx > AuthProvider > Provider Rendering > should render children
⚠️ React Router Future Flag Warning: React Router will begin wrapping state updates in `React.startTransition` in v7. You can use the `v7_startTransition` future flag to opt-in early. For more information, see https://reactrouter.com/v6/upgrading/future#v7_starttransition.
⚠️ React Router Future Flag Warning: Relative route resolution within Splat routes is changing in v7. You can use the `v7_relativeSplatPath` future flag to opt-in early. For more information, see https://reactrouter.com/v6/upgrading/future#v7_relativesplatpath.

stderr | src/test/providers/AuthProvider.test.jsx > AuthProvider > Auth Function Execution > signUp calls Firebase createUserWithEmailAndPassword
Cloud Function verification email failed, using Firebase default: Error: [vitest] No "functions" export is defined on the "../../config/firebase" mock. Did you forget to return it from "vi.mock"?
If you need to partially mock a module, you can use "importOriginal" helper inside:

    at VitestMocker.createError (file:///workspaces/passcpa/node_modules/vitest/dist/vendor/execute.fL3szUAI.js:79:19)
    at Object.get (file:///workspaces/passcpa/node_modules/vitest/dist/vendor/execute.fL3szUAI.js:153:22)
    at Object.signUp (/workspaces/passcpa/src/providers/AuthProvider.tsx:294:59)
    at /workspaces/passcpa/src/test/providers/AuthProvider.test.jsx:357:9 {
  codeFrame: 'vi.mock("../../config/firebase", async (importOriginal) => {\n' +
    '  const actual = await importOriginal()\n' +
    '  return {\n' +
    '    ...actual,\n' +
    '    // your mocked methods\n' +
    '  }\n' +
    '})'
}

 ✓ src/test/providers/AuthProvider.test.jsx > AuthProvider > Provider Rendering > should render children
 ✓ src/test/providers/AuthProvider.test.jsx > AuthProvider > useAuth Hook > should throw error when used outside provider
 ✓ src/test/providers/AuthProvider.test.jsx > AuthProvider > useAuth Hook > provides context values within provider
 ✓ src/test/providers/AuthProvider.test.jsx > AuthProvider > useAuth Hook > provides loading state
 ✓ src/test/providers/AuthProvider.test.jsx > AuthProvider > useAuth Hook > provides error state
 ✓ src/test/providers/AuthProvider.test.jsx > AuthProvider > Auth Functions > signIn function is callable
 ✓ src/test/providers/AuthProvider.test.jsx > AuthProvider > Auth Functions > signUp function is callable
 ✓ src/test/providers/AuthProvider.test.jsx > AuthProvider > Auth Functions > signOut function is callable
 ✓ src/test/providers/AuthProvider.test.jsx > AuthProvider > Auth Functions > resetPassword function is callable
 ✓ src/test/providers/AuthProvider.test.jsx > AuthProvider > Auth Functions > updateUserProfile function is callable
 ✓ src/test/providers/AuthProvider.test.jsx > AuthProvider > Auth Functions > signInWithGoogle function is callable
 ✓ src/test/providers/AuthProvider.test.jsx > AuthProvider > Auth Functions > refreshProfile function is callable
 ✓ src/test/providers/AuthProvider.test.jsx > AuthProvider > Auth Function Execution > signIn calls Firebase signInWithEmailAndPassword
 ✓ src/test/providers/AuthProvider.test.jsx > AuthProvider > Auth Function Execution > signIn handles errors
 ✓ src/test/providers/AuthProvider.test.jsx > AuthProvider > Auth Function Execution > signUp calls Firebase createUserWithEmailAndPassword
 ✓ src/test/providers/AuthProvider.test.jsx > AuthProvider > Auth Function Execution > signUp handles errors
stderr | src/test/providers/AuthProvider.test.jsx > AuthProvider > Auth Function Execution > resetPassword calls Firebase sendPasswordResetEmail
Custom reset email failed, using Firebase default: Error: [vitest] No "functions" export is defined on the "../../config/firebase" mock. Did you forget to return it from "vi.mock"?
If you need to partially mock a module, you can use "importOriginal" helper inside:

    at VitestMocker.createError (file:///workspaces/passcpa/node_modules/vitest/dist/vendor/execute.fL3szUAI.js:79:19)
    at Object.get (file:///workspaces/passcpa/node_modules/vitest/dist/vendor/execute.fL3szUAI.js:153:22)
    at Object.resetPassword (/workspaces/passcpa/src/providers/AuthProvider.tsx:444:53)
    at /workspaces/passcpa/src/test/providers/AuthProvider.test.jsx:455:29
    at /workspaces/passcpa/node_modules/@testing-library/react/dist/act-compat.js:47:24
    at act (/workspaces/passcpa/node_modules/react/cjs/react.development.js:2512:16)
    at Proxy.<anonymous> (/workspaces/passcpa/node_modules/@testing-library/react/dist/act-compat.js:46:25)
    at /workspaces/passcpa/src/test/providers/AuthProvider.test.jsx:454:13
    at file:///workspaces/passcpa/node_modules/@vitest/runner/dist/index.js:135:14
    at file:///workspaces/passcpa/node_modules/@vitest/runner/dist/index.js:60:26 {
  codeFrame: 'vi.mock("../../config/firebase", async (importOriginal) => {\n' +
    '  const actual = await importOriginal()\n' +
    '  return {\n' +
    '    ...actual,\n' +
    '    // your mocked methods\n' +
    '  }\n' +
    '})'
}

stderr | src/test/providers/AuthProvider.test.jsx > AuthProvider > Auth Function Execution > resetPassword handles errors
Custom reset email failed, using Firebase default: Error: [vitest] No "functions" export is defined on the "../../config/firebase" mock. Did you forget to return it from "vi.mock"?
If you need to partially mock a module, you can use "importOriginal" helper inside:

    at VitestMocker.createError (file:///workspaces/passcpa/node_modules/vitest/dist/vendor/execute.fL3szUAI.js:79:19)
    at Object.get (file:///workspaces/passcpa/node_modules/vitest/dist/vendor/execute.fL3szUAI.js:153:22)
    at Object.resetPassword (/workspaces/passcpa/src/providers/AuthProvider.tsx:444:53)
    at /workspaces/passcpa/src/test/providers/AuthProvider.test.jsx:480:31
    at /workspaces/passcpa/node_modules/@testing-library/react/dist/act-compat.js:47:24
    at act (/workspaces/passcpa/node_modules/react/cjs/react.development.js:2512:16)
    at Proxy.<anonymous> (/workspaces/passcpa/node_modules/@testing-library/react/dist/act-compat.js:46:25)
    at /workspaces/passcpa/src/test/providers/AuthProvider.test.jsx:479:15
    at Assertion.__VITEST_REJECTS__ (file:///workspaces/passcpa/node_modules/@vitest/expect/dist/index.js:1505:49)
    at Assertion.propertyGetter (/workspaces/passcpa/node_modules/chai/lib/chai/utils/addProperty.js:62:29) {
  codeFrame: 'vi.mock("../../config/firebase", async (importOriginal) => {\n' +
    '  const actual = await importOriginal()\n' +
    '  return {\n' +
    '    ...actual,\n' +
    '    // your mocked methods\n' +
    '  }\n' +
    '})'
}

stdout | src/test/providers/AuthProvider.test.jsx > AuthProvider > User Profile Fetching > fetches profile when user exists
FCM skipped: Browser does not support Firebase Messaging

stderr | src/test/providers/AuthProvider.test.jsx > AuthProvider > User Profile Fetching > fetches profile when user exists
Failed to reload user during auth state change: TypeError: firebaseUser.reload is not a function
    at /workspaces/passcpa/src/providers/AuthProvider.tsx:230:32
    at /workspaces/passcpa/src/test/providers/AuthProvider.test.jsx:555:11

stdout | src/test/providers/AuthProvider.test.jsx > AuthProvider > User Profile Fetching > sets profile to null when user doc does not exist
FCM skipped: Browser does not support Firebase Messaging

stderr | src/test/providers/AuthProvider.test.jsx > AuthProvider > User Profile Fetching > sets profile to null when user doc does not exist
Failed to reload user during auth state change: TypeError: firebaseUser.reload is not a function
    at /workspaces/passcpa/src/providers/AuthProvider.tsx:230:32
    at /workspaces/passcpa/src/test/providers/AuthProvider.test.jsx:589:11

stdout | src/test/providers/AuthProvider.test.jsx > AuthProvider > User Profile Fetching > handles error when fetching profile
FCM skipped: Browser does not support Firebase Messaging

stderr | src/test/providers/AuthProvider.test.jsx > AuthProvider > User Profile Fetching > handles error when fetching profile
Failed to reload user during auth state change: TypeError: firebaseUser.reload is not a function
    at /workspaces/passcpa/src/providers/AuthProvider.tsx:230:32
    at /workspaces/passcpa/src/test/providers/AuthProvider.test.jsx:616:11

stdout | src/test/providers/AuthProvider.test.jsx > AuthProvider > User Profile Fetching > clears user and profile on sign out
FCM skipped: Browser does not support Firebase Messaging

stderr | src/test/providers/AuthProvider.test.jsx > AuthProvider > User Profile Fetching > clears user and profile on sign out
Failed to reload user during auth state change: TypeError: firebaseUser.reload is not a function
    at /workspaces/passcpa/src/providers/AuthProvider.tsx:230:32
    at /workspaces/passcpa/src/test/providers/AuthProvider.test.jsx:648:27

 ✓ src/test/providers/AuthProvider.test.jsx > AuthProvider > Auth Function Execution > signOut calls Firebase signOut
 ✓ src/test/providers/AuthProvider.test.jsx > AuthProvider > Auth Function Execution > signOut handles errors
 ✓ src/test/providers/AuthProvider.test.jsx > AuthProvider > Auth Function Execution > resetPassword calls Firebase sendPasswordResetEmail
 ✓ src/test/providers/AuthProvider.test.jsx > AuthProvider > Auth Function Execution > resetPassword handles errors
 ✓ src/test/providers/AuthProvider.test.jsx > AuthProvider > Auth Function Execution > updateUserProfile throws error when no user
 ✓ src/test/providers/AuthProvider.test.jsx > AuthProvider > Auth Function Execution > signInWithGoogle throws error on popup failure
 ✓ src/test/providers/AuthProvider.test.jsx > AuthProvider > User Profile Fetching > fetches profile when user exists
 ✓ src/test/providers/AuthProvider.test.jsx > AuthProvider > User Profile Fetching > sets profile to null when user doc does not exist
 ✓ src/test/providers/AuthProvider.test.jsx > AuthProvider > User Profile Fetching > handles error when fetching profile
 ✓ src/test/providers/AuthProvider.test.jsx > AuthProvider > User Profile Fetching > clears user and profile on sign out
 ✓ src/test/services/curriculumService.quality.test.ts > Curriculum Service - Quality Tests > TBS_TOPIC_REQUIREMENTS constant > has requirements for FAR section
 ✓ src/test/services/curriculumService.quality.test.ts > Curriculum Service - Quality Tests > TBS_TOPIC_REQUIREMENTS constant > has requirements for AUD section
 ✓ src/test/services/curriculumService.quality.test.ts > Curriculum Service - Quality Tests > TBS_TOPIC_REQUIREMENTS constant > has requirements for REG section
 ✓ src/test/services/curriculumService.quality.test.ts > Curriculum Service - Quality Tests > TBS_TOPIC_REQUIREMENTS constant > has requirements for BAR section
 ✓ src/test/services/curriculumService.quality.test.ts > Curriculum Service - Quality Tests > TBS_TOPIC_REQUIREMENTS constant > has requirements for ISC section
 ✓ src/test/services/curriculumService.quality.test.ts > Curriculum Service - Quality Tests > TBS_TOPIC_REQUIREMENTS constant > has requirements for TCP section
 ✓ src/test/services/curriculumService.quality.test.ts > Curriculum Service - Quality Tests > TBS_TOPIC_REQUIREMENTS constant > each TBS type has array of required topics
 ✓ src/test/services/curriculumService.quality.test.ts > Curriculum Service - Quality Tests > TBS_TOPIC_REQUIREMENTS constant > FAR Journal Entries has expected topics
 ✓ src/test/services/curriculumService.quality.test.ts > Curriculum Service - Quality Tests > TBS_TOPIC_REQUIREMENTS constant > AUD Risk Assessment has expected topics
 ✓ src/test/services/curriculumService.quality.test.ts > Curriculum Service - Quality Tests > topicsMatch - Exact Matching > matches identical topics
 ✓ src/test/services/curriculumService.quality.test.ts > Curriculum Service - Quality Tests > topicsMatch - Exact Matching > matches case-insensitively
 ✓ src/test/services/curriculumService.quality.test.ts > Curriculum Service - Quality Tests > topicsMatch - Exact Matching > matches with different whitespace
 ✓ src/test/services/curriculumService.quality.test.ts > Curriculum Service - Quality Tests > topicsMatch - Exact Matching > returns false for completely different topics
 ✓ src/test/services/curriculumService.quality.test.ts > Curriculum Service - Quality Tests > topicsMatch - Partial Matching > matches when one contains the other
 ✓ src/test/services/curriculumService.quality.test.ts > Curriculum Service - Quality Tests > topicsMatch - Partial Matching > matches when question topic contains lesson topic
 ✓ src/test/services/curriculumService.quality.test.ts > Curriculum Service - Quality Tests > topicsMatch - Partial Matching > handles empty strings
 ✓ src/test/services/curriculumService.quality.test.ts > Curriculum Service - Quality Tests > topicsMatch - Synonym Matching > matches PP&E synonyms
 ✓ src/test/services/curriculumService.quality.test.ts > Curriculum Service - Quality Tests > topicsMatch - Synonym Matching > matches pp&e to ppe via synonyms
 ✓ src/test/services/curriculumService.quality.test.ts > Curriculum Service - Quality Tests > topicsMatch - Synonym Matching > matches GAAP variations
 ✓ src/test/services/curriculumService.quality.test.ts > Curriculum Service - Quality Tests > topicsMatch - Synonym Matching > matches ROU variations
 ✓ src/test/services/curriculumService.quality.test.ts > Curriculum Service - Quality Tests > topicsMatch - Synonym Matching > matches NOL variations
 ✓ src/test/services/curriculumService.quality.test.ts > Curriculum Service - Quality Tests > topicsMatch - Edge Cases > handles special characters
 ✓ src/test/services/curriculumService.quality.test.ts > Curriculum Service - Quality Tests > topicsMatch - Edge Cases > handles numbers in topics
 ✓ src/test/services/curriculumService.quality.test.ts > Curriculum Service - Quality Tests > topicsMatch - Edge Cases > handles hyphens by removing them during normalization
 ✓ src/test/services/curriculumService.quality.test.ts > Curriculum Service - Quality Tests > topicsMatch - Edge Cases > handles slashes
 ✓ src/test/services/curriculumService.quality.test.ts > Curriculum Service - Quality Tests > getCoveredTopics > returns empty set for no progress
 ✓ src/test/services/curriculumService.quality.test.ts > Curriculum Service - Quality Tests > getCoveredTopics > handles lessons with topics at threshold
 ✓ src/test/services/curriculumService.quality.test.ts > Curriculum Service - Quality Tests > getCoveredTopics > excludes topics below threshold
 ✓ src/test/services/curriculumService.quality.test.ts > Curriculum Service - Quality Tests > getCoveredTopics > handles empty lesson progress object
 ✓ src/test/services/curriculumService.quality.test.ts > Curriculum Service - Quality Tests > getCoveredTopics > handles lessons with no topics array
 ✓ src/test/services/curriculumService.quality.test.ts > Curriculum Service - Quality Tests > getCoveredTopics > handles multiple lessons cumulatively
 ✓ src/test/services/curriculumService.quality.test.ts > Curriculum Service - Quality Tests > getCoveredTopics > handles API error gracefully
 ✓ src/test/services/curriculumService.quality.test.ts > Curriculum Service - Quality Tests > getCoveredTopics > works with different course IDs
 ✓ src/test/services/curriculumService.quality.test.ts > Curriculum Service - Quality Tests > getPreviewTopics > returns empty set for no lessons
 ✓ src/test/services/curriculumService.quality.test.ts > Curriculum Service - Quality Tests > getPreviewTopics > returns topics from incomplete lessons
 ✓ src/test/services/curriculumService.quality.test.ts > Curriculum Service - Quality Tests > getPreviewTopics > respects lookahead percentage
 ✓ src/test/services/curriculumService.quality.test.ts > Curriculum Service - Quality Tests > getPreviewTopics > handles zero lookahead
 ✓ src/test/services/curriculumService.quality.test.ts > Curriculum Service - Quality Tests > getPreviewTopics > handles 100% lookahead
 ✓ src/test/services/curriculumService.quality.test.ts > Curriculum Service - Quality Tests > getPreviewTopics > excludes completed lessons
 ✓ src/test/services/curriculumService.quality.test.ts > Curriculum Service - Quality Tests > getPreviewTopics > handles API error gracefully
 ✓ src/test/services/curriculumService.quality.test.ts > Curriculum Service - Quality Tests > filterQuestionsByCoveredTopics > returns empty array for empty questions Map
 ✓ src/test/services/curriculumService.quality.test.ts > Curriculum Service - Quality Tests > filterQuestionsByCoveredTopics > returns empty array for no covered topics
 ✓ src/test/services/curriculumService.quality.test.ts > Curriculum Service - Quality Tests > filterQuestionsByCoveredTopics > filters questions by covered topics
 ✓ src/test/services/curriculumService.quality.test.ts > Curriculum Service - Quality Tests > filterQuestionsByCoveredTopics > includes questions matching any covered topic
 ✓ src/test/services/curriculumService.quality.test.ts > Curriculum Service - Quality Tests > filterQuestionsByCoveredTopics > handles questions Map with empty topic
 ✓ src/test/services/curriculumService.quality.test.ts > Curriculum Service - Quality Tests > filterQuestionsByCoveredTopics > handles preview topics mode
 ✓ src/test/services/curriculumService.quality.test.ts > Curriculum Service - Quality Tests > checkTBSUnlocked > returns object with isUnlocked for invalid section
 ✓ src/test/services/curriculumService.quality.test.ts > Curriculum Service - Quality Tests > checkTBSUnlocked > returns unlocked for unknown TBS type
 ✓ src/test/services/curriculumService.quality.test.ts > Curriculum Service - Quality Tests > checkTBSUnlocked > handles empty lesson progress
 ✓ src/test/services/curriculumService.quality.test.ts > Curriculum Service - Quality Tests > checkTBSUnlocked > handles API errors gracefully
 ✓ src/test/services/curriculumService.quality.test.ts > Curriculum Service - Quality Tests > getUnlockedTBSTypes > returns array
 ✓ src/test/services/curriculumService.quality.test.ts > Curriculum Service - Quality Tests > getUnlockedTBSTypes > returns TBS types for section
 ✓ src/test/services/curriculumService.quality.test.ts > Curriculum Service - Quality Tests > getUnlockedTBSTypes > handles all sections
 ✓ src/test/services/curriculumService.quality.test.ts > Curriculum Service - Quality Tests > buildTopicToLessonsMap > returns empty map for no lessons
 ✓ src/test/services/curriculumService.quality.test.ts > Curriculum Service - Quality Tests > buildTopicToLessonsMap > maps topics to lessons
 ✓ src/test/services/curriculumService.quality.test.ts > Curriculum Service - Quality Tests > buildTopicToLessonsMap > handles lessons with multiple topics
 ✓ src/test/services/curriculumService.quality.test.ts > Curriculum Service - Quality Tests > buildTopicToLessonsMap > handles topic shared by multiple lessons
 ✓ src/test/services/curriculumService.quality.test.ts > Curriculum Service - Quality Tests > buildTopicToLessonsMap > handles API error
 ✓ src/test/services/curriculumService.quality.test.ts > Curriculum Service - Quality Tests > getCurriculumProgress > returns progress object
 ✓ src/test/services/curriculumService.quality.test.ts > Curriculum Service - Quality Tests > getCurriculumProgress > handles empty progress
 ✓ src/test/services/curriculumService.quality.test.ts > Curriculum Service - Quality Tests > getCurriculumProgress > handles full progress
 ✓ src/test/services/curriculumService.quality.test.ts > Curriculum Service - Quality Tests > getCurriculumProgress > handles API error
 ✓ src/test/components/common/QuestionFlagging.test.tsx > QuestionFlagging Component > Rendering > renders the flag button
 ✓ src/test/components/common/QuestionFlagging.test.tsx > QuestionFlagging Component > Rendering > does not render when user is not logged in
 ✓ src/test/components/common/QuestionFlagging.test.tsx > QuestionFlagging Component > Rendering > renders in compact mode 323ms
 ✓ src/test/components/common/QuestionFlagging.test.tsx > QuestionFlagging Component > Toggle Functionality > expands when clicked
 ✓ src/test/components/common/QuestionFlagging.test.tsx > QuestionFlagging Component > Toggle Functionality > collapses when clicked again
 ✓ src/test/components/common/QuestionFlagging.test.tsx > QuestionFlagging Component > Toggle Functionality > has correct aria-expanded attribute
 ✓ src/test/components/common/QuestionFlagging.test.tsx > QuestionFlagging Component > Flag Options > displays all flag options when expanded
 ✓ src/test/components/common/QuestionFlagging.test.tsx > QuestionFlagging Component > Flag Options > selects flag type when clicked
 ✓ src/test/components/common/QuestionFlagging.test.tsx > QuestionFlagging Component > Flag Options > shows description for selected flag type
 ✓ src/test/components/common/QuestionFlagging.test.tsx > QuestionFlagging Component > Flag Options > shows comment box for error flag
 ✓ src/test/components/common/QuestionFlagging.test.tsx > QuestionFlagging Component > Flag Options > shows comment box for outdated flag
 ✓ src/test/components/common/QuestionFlagging.test.tsx > QuestionFlagging Component > Flag Options > shows comment box for confusing flag
 ✓ src/test/components/common/QuestionFlagging.test.tsx > QuestionFlagging Component > Flag Options > does not show comment box for review flag
 ✓ src/test/components/common/QuestionFlagging.test.tsx > QuestionFlagging Component > Submit Functionality > submits flag when Submit Flag is clicked
 ✓ src/test/components/common/QuestionFlagging.test.tsx > QuestionFlagging Component > Submit Functionality > shows success message after submission
stderr | src/test/components/common/QuestionFlagging.test.tsx > QuestionFlagging Component > Submit Functionality > shows loading state during submission
Warning: An update to QuestionFlagging inside a test was not wrapped in act(...).

When testing, code that causes React state updates should be wrapped into act(...):

act(() => {
  /* fire events that update state */
});
/* assert on the output */

This ensures that you're testing the behavior the user would see in the browser. Learn more at https://reactjs.org/link/wrap-tests-with-act
    at QuestionFlagging (/workspaces/passcpa/src/components/common/QuestionFlagging.tsx:112:3)
Warning: An update to QuestionFlagging inside a test was not wrapped in act(...).

When testing, code that causes React state updates should be wrapped into act(...):

act(() => {
  /* fire events that update state */
});
/* assert on the output */

This ensures that you're testing the behavior the user would see in the browser. Learn more at https://reactjs.org/link/wrap-tests-with-act
    at QuestionFlagging (/workspaces/passcpa/src/components/common/QuestionFlagging.tsx:112:3)

 ✓ src/test/components/common/QuestionFlagging.test.tsx > QuestionFlagging Component > Submit Functionality > calls onFlagSubmit callback after submission
 ✓ src/test/components/common/QuestionFlagging.test.tsx > QuestionFlagging Component > Submit Functionality > shows loading state during submission
 ✓ src/test/components/common/QuestionFlagging.test.tsx > QuestionFlagging Component > Submit Functionality > saves to global flags for error reports
 ✓ src/test/components/common/QuestionFlagging.test.tsx > QuestionFlagging Component > Cancel Functionality > resets selection when Cancel is clicked
 ✓ src/test/components/common/QuestionFlagging.test.tsx > QuestionFlagging Component > Cancel Functionality > clears comment when Cancel is clicked
 ✓ src/test/components/common/QuestionFlagging.test.tsx > QuestionFlagging Component > Compact Mode > renders dropdown in compact mode
 ✓ src/test/components/common/QuestionFlagging.test.tsx > QuestionFlagging Component > Compact Mode > shows abbreviated flag options in compact mode
 ✓ src/test/components/common/QuestionFlagging.test.tsx > QuestionFlagging Component > Accessibility > has correct aria-label on flag button
 ✓ src/test/components/common/QuestionFlagging.test.tsx > QuestionFlagging Component > Accessibility > has aria-expanded attribute on toggle
 ✓ src/test/hooks/useKeyboardNavigation.quality.test.ts > useKeyboardNavigation Hook - Quality Tests > Keys Constant > exports ENTER key
 ✓ src/test/hooks/useKeyboardNavigation.quality.test.ts > useKeyboardNavigation Hook - Quality Tests > Keys Constant > exports SPACE key
 ✓ src/test/hooks/useKeyboardNavigation.quality.test.ts > useKeyboardNavigation Hook - Quality Tests > Keys Constant > exports ESCAPE key
 ✓ src/test/hooks/useKeyboardNavigation.quality.test.ts > useKeyboardNavigation Hook - Quality Tests > Keys Constant > exports TAB key
 ✓ src/test/hooks/useKeyboardNavigation.quality.test.ts > useKeyboardNavigation Hook - Quality Tests > Keys Constant > exports all arrow keys
 ✓ src/test/hooks/useKeyboardNavigation.quality.test.ts > useKeyboardNavigation Hook - Quality Tests > Keys Constant > exports number keys
 ✓ src/test/hooks/useKeyboardNavigation.quality.test.ts > useKeyboardNavigation Hook - Quality Tests > Keys Constant > exports letter shortcuts
 ✓ src/test/hooks/useKeyboardNavigation.quality.test.ts > useKeyboardNavigation Hook - Quality Tests > Keys Constant > exports HOME and END keys
 ✓ src/test/hooks/useKeyboardNavigation.quality.test.ts > useKeyboardNavigation Hook - Quality Tests > Keys Constant > exports PAGE_UP and PAGE_DOWN keys
 ✓ src/test/hooks/useKeyboardNavigation.quality.test.ts > useKeyboardNavigation Hook - Quality Tests > useKeyboardNavigation Basic > returns handleKeyDown function
 ✓ src/test/hooks/useKeyboardNavigation.quality.test.ts > useKeyboardNavigation Hook - Quality Tests > useKeyboardNavigation Basic > calls handler when key is pressed
 ✓ src/test/hooks/useKeyboardNavigation.quality.test.ts > useKeyboardNavigation Hook - Quality Tests > useKeyboardNavigation Basic > handles case-insensitive key matching
 ✓ src/test/hooks/useKeyboardNavigation.quality.test.ts > useKeyboardNavigation Hook - Quality Tests > useKeyboardNavigation Basic > does not call handler for different key
 ✓ src/test/hooks/useKeyboardNavigation.quality.test.ts > useKeyboardNavigation Hook - Quality Tests > useKeyboardNavigation Modifier Keys > handles ctrl modifier
 ✓ src/test/hooks/useKeyboardNavigation.quality.test.ts > useKeyboardNavigation Hook - Quality Tests > useKeyboardNavigation Modifier Keys > does not call ctrl handler without ctrl key
 ✓ src/test/hooks/useKeyboardNavigation.quality.test.ts > useKeyboardNavigation Hook - Quality Tests > useKeyboardNavigation Modifier Keys > handles shift modifier
 ✓ src/test/hooks/useKeyboardNavigation.quality.test.ts > useKeyboardNavigation Hook - Quality Tests > useKeyboardNavigation Modifier Keys > handles alt modifier
 ✓ src/test/hooks/useKeyboardNavigation.quality.test.ts > useKeyboardNavigation Hook - Quality Tests > useKeyboardNavigation Modifier Keys > handles meta key as ctrl alternative
 ✓ src/test/hooks/useKeyboardNavigation.quality.test.ts > useKeyboardNavigation Hook - Quality Tests > useKeyboardNavigation Enabled/Disabled > does not call handler when disabled
 ✓ src/test/hooks/useKeyboardNavigation.quality.test.ts > useKeyboardNavigation Hook - Quality Tests > useKeyboardNavigation Enabled/Disabled > calls handler when explicitly enabled
 ✓ src/test/hooks/useKeyboardNavigation.quality.test.ts > useKeyboardNavigation Hook - Quality Tests > useKeyboardNavigation Multiple Bindings > handles multiple key bindings
 ✓ src/test/hooks/useKeyboardNavigation.quality.test.ts > useKeyboardNavigation Hook - Quality Tests > useKeyboardNavigation Multiple Bindings > handles empty bindings array
 ✓ src/test/hooks/useKeyboardNavigation.quality.test.ts > useKeyboardNavigation Hook - Quality Tests > useKeyboardNavigation Edge Cases > cleans up listeners on unmount
 ✓ src/test/hooks/useKeyboardNavigation.quality.test.ts > useKeyboardNavigation Hook - Quality Tests > useArrowNavigation > returns containerRef and handleKeyDown
 ✓ src/test/hooks/useKeyboardNavigation.quality.test.ts > useKeyboardNavigation Hook - Quality Tests > useArrowNavigation > handles zero item count
 ✓ src/test/hooks/useKeyboardNavigation.quality.test.ts > useKeyboardNavigation Hook - Quality Tests > useArrowNavigation > handles negative item count
 ✓ src/test/hooks/useKeyboardNavigation.quality.test.ts > useKeyboardNavigation Hook - Quality Tests > useArrowNavigation > calls onSelect when Enter pressed
 ✓ src/test/hooks/useKeyboardNavigation.quality.test.ts > useKeyboardNavigation Hook - Quality Tests > useArrowNavigation > calls onSelect when Space pressed
 ✓ src/test/hooks/useKeyboardNavigation.quality.test.ts > useKeyboardNavigation Hook - Quality Tests > useArrowNavigation > calls onEscape when Escape pressed
 ✓ src/test/hooks/useKeyboardNavigation.quality.test.ts > useKeyboardNavigation Hook - Quality Tests > useArrowNavigation > respects wrap option
 ✓ src/test/hooks/useKeyboardNavigation.quality.test.ts > useKeyboardNavigation Hook - Quality Tests > useArrowNavigation > accepts vertical orientation
 ✓ src/test/hooks/useKeyboardNavigation.quality.test.ts > useKeyboardNavigation Hook - Quality Tests > useArrowNavigation > accepts horizontal orientation
 ✓ src/test/hooks/useKeyboardNavigation.quality.test.ts > useKeyboardNavigation Hook - Quality Tests > useArrowNavigation > accepts both orientation
 ✓ src/test/hooks/useKeyboardNavigation.quality.test.ts > useKeyboardNavigation Hook - Quality Tests > useArrowNavigation > respects enabled option
 ✓ src/test/hooks/useKeyboardNavigation.quality.test.ts > useKeyboardNavigation Hook - Quality Tests > useQuizKeyboard > returns handleKeyDown
 ✓ src/test/hooks/useKeyboardNavigation.quality.test.ts > useKeyboardNavigation Hook - Quality Tests > useQuizKeyboard > handles number key 1 for option selection
 ✓ src/test/hooks/useKeyboardNavigation.quality.test.ts > useKeyboardNavigation Hook - Quality Tests > useQuizKeyboard > handles number key beyond option count
 ✓ src/test/hooks/useKeyboardNavigation.quality.test.ts > useKeyboardNavigation Hook - Quality Tests > useQuizKeyboard > enabled option controls handler response
 ✓ src/test/hooks/useKeyboardNavigation.quality.test.ts > useKeyboardNavigation Hook - Quality Tests > useModalKeyboard > returns nothing (void hook)
 ✓ src/test/hooks/useKeyboardNavigation.quality.test.ts > useKeyboardNavigation Hook - Quality Tests > useModalKeyboard > handles disabled modal
 ✓ src/test/hooks/useKeyboardNavigation.quality.test.ts > useKeyboardNavigation Hook - Quality Tests > useModalKeyboard > accepts enabled option
 ✓ src/test/hooks/useKeyboardNavigation.quality.test.ts > useKeyboardNavigation Hook - Quality Tests > useTabKeyboard > returns tabListProps and getTabProps
 ✓ src/test/hooks/useKeyboardNavigation.quality.test.ts > useKeyboardNavigation Hook - Quality Tests > useTabKeyboard > handles empty tabs array
 ✓ src/test/hooks/useKeyboardNavigation.quality.test.ts > useKeyboardNavigation Hook - Quality Tests > useTabKeyboard > handles invalid active tab
 ✓ src/test/hooks/useKeyboardNavigation.quality.test.ts > useKeyboardNavigation Hook - Quality Tests > useTabKeyboard > getTabProps returns role tab
 ✓ src/test/hooks/useKeyboardNavigation.quality.test.ts > useKeyboardNavigation Hook - Quality Tests > useTabKeyboard > getTabProps returns aria-selected for active tab
 ✓ src/test/hooks/useKeyboardNavigation.quality.test.ts > useKeyboardNavigation Hook - Quality Tests > useTabKeyboard > getTabProps returns tabIndex 0 for active tab
 ✓ src/test/hooks/useKeyboardNavigation.quality.test.ts > useKeyboardNavigation Hook - Quality Tests > useTabKeyboard > getTabProps returns tabIndex -1 for inactive tab
 ✓ src/test/hooks/useKeyboardNavigation.quality.test.ts > useKeyboardNavigation Hook - Quality Tests > getAccessibleClickProps > returns props object
 ✓ src/test/hooks/useKeyboardNavigation.quality.test.ts > useKeyboardNavigation Hook - Quality Tests > getAccessibleClickProps > returns onClick handler
 ✓ src/test/hooks/useKeyboardNavigation.quality.test.ts > useKeyboardNavigation Hook - Quality Tests > getAccessibleClickProps > returns onKeyDown handler
 ✓ src/test/hooks/useKeyboardNavigation.quality.test.ts > useKeyboardNavigation Hook - Quality Tests > getAccessibleClickProps > returns role buttonby default
 ✓ src/test/hooks/useKeyboardNavigation.quality.test.ts > useKeyboardNavigation Hook - Quality Tests > getAccessibleClickProps > returns tabIndex 0 by default
 ✓ src/test/hooks/useKeyboardNavigation.quality.test.ts > useKeyboardNavigation Hook - Quality Tests > getAccessibleClickProps > respects custom role
 ✓ src/test/hooks/useKeyboardNavigation.quality.test.ts > useKeyboardNavigation Hook - Quality Tests > getAccessibleClickProps > respects disabled option for tabIndex
 ✓ src/test/hooks/useKeyboardNavigation.quality.test.ts > useKeyboardNavigation Hook - Quality Tests > getAccessibleClickProps > calls handler on Enter key
 ✓ src/test/hooks/useKeyboardNavigation.quality.test.ts > useKeyboardNavigation Hook - Quality Tests > getAccessibleClickProps > calls handler on Space key
 ✓ src/test/hooks/useKeyboardNavigation.quality.test.ts > useKeyboardNavigation Hook - Quality Tests > getAccessibleClickProps > does not call handler on other keys
 ✓ src/test/components/common/QuestionFlagging.test.tsx > QuestionFlagging Component > Accessibility > announces success message
 ✓ src/test/components/common/QuestionFlagging.test.tsx > QuickFlagButton Component > Rendering > renders the quick flag button
 ✓ src/test/components/common/QuestionFlagging.test.tsx > QuickFlagButton Component > Rendering > does not render when user is not logged in
 ✓ src/test/components/common/QuestionFlagging.test.tsx > QuickFlagButton Component > Rendering > shows correct state when initially flagged
 ✓ src/test/components/common/QuestionFlagging.test.tsx > QuickFlagButton Component > Rendering > shows correct state when not flagged
 ✓ src/test/components/common/QuestionFlagging.test.tsx > QuickFlagButton Component > Toggle Functionality > toggles flag state when clicked
 ✓ src/test/components/common/QuestionFlagging.test.tsx > QuickFlagButton Component > Toggle Functionality > calls setDoc when flagging
 ✓ src/test/components/common/QuestionFlagging.test.tsx > QuickFlagButton Component > Toggle Functionality > calls onToggle callback when toggling
 ✓ src/test/components/common/QuestionFlagging.test.tsx > QuickFlagButton Component > Toggle Functionality > announces flag action
 ✓ src/test/components/common/QuestionFlagging.test.tsx > QuickFlagButton Component > Toggle Functionality > announces unflag action
 ✓ src/test/components/common/QuestionFlagging.test.tsx > QuickFlagButton Component > Accessibility > has correct aria-label when not flagged
 ✓ src/test/components/common/QuestionFlagging.test.tsx > QuickFlagButton Component > Accessibility > has correct aria-label when flagged
 ✓ src/test/components/common/QuestionFlagging.test.tsx > QuickFlagButton Component > Accessibility > has correct title attribute
 ✓ src/test/components/common/QuestionFlagging.test.tsx > FLAG_OPTIONS Configuration > has correct number of flag types
stdout | src/test/providers/StudyProvider.test.jsx > StudyProvider > Provider Rendering > should render children
[STREAK] useEffect triggered, user: false activeCourse: cpa currentSection: FAR

stdout | src/test/providers/StudyProvider.test.jsx > StudyProvider > Provider Rendering > renders with authenticated user
[STREAK] useEffect triggered, user: true activeCourse: cpa currentSection: FAR

stdout | src/test/providers/StudyProvider.test.jsx > StudyProvider > useStudy Hook > provides context values within provider
[STREAK] useEffect triggered, user: false activeCourse: cpa currentSection: FAR

stdout | src/test/providers/StudyProvider.test.jsx > StudyProvider > useStudy Hook > provides loading state
[STREAK] useEffect triggered, user: false activeCourse: cpa currentSection: FAR

stdout | src/test/providers/StudyProvider.test.jsx > StudyProvider > useStudy Hook > provides currentStreak
[STREAK] useEffect triggered, user: false activeCourse: cpa currentSection: FAR

stdout | src/test/providers/StudyProvider.test.jsx > StudyProvider > Study Functions > recordMCQAnswer is callable
[STREAK] useEffect triggered, user: true activeCourse: cpa currentSection: REG

stdout | src/test/providers/StudyProvider.test.jsx > StudyProvider > Study Functions > completeSimulation is callable
[STREAK] useEffect triggered, user: true activeCourse: cpa currentSection: REG

stdout | src/test/providers/StudyProvider.test.jsx > StudyProvider > Study Functions > recordMCQAnswer does nothing without user
[STREAK] useEffect triggered, user: false activeCourse: cpa currentSection: FAR

stdout | src/test/providers/StudyProvider.test.jsx > StudyProvider > Study Functions > completeSimulation does nothing without user
[STREAK] useEffect triggered, user: false activeCourse: cpa currentSection: FAR

stdout | src/test/providers/StudyProvider.test.jsx > StudyProvider > Study Functions > getLessonProgress returns empty object without user
[STREAK] useEffect triggered, user: false activeCourse: cpa currentSection: FAR

stdout | src/test/providers/StudyProvider.test.jsx > StudyProvider > Study Functions > getTopicPerformance returns empty array
[STREAK] useEffect triggered, user: false activeCourse: cpa currentSection: FAR

stdout | src/test/providers/StudyProvider.test.jsx > StudyProvider > Study Plan Loading > sets study plan to null when no user
[STREAK] useEffect triggered, user: false activeCourse: cpa currentSection: FAR

stdout | src/test/providers/StudyProvider.test.jsx > StudyProvider > Study Plan Loading > sets study plan to null when no studyPlanId
[STREAK] useEffect triggered, user: true activeCourse: cpa currentSection: REG

stdout | src/test/providers/StudyProvider.test.jsx > StudyProvider > Study Plan Loading > subscribes to study plan when user has studyPlanId
[STREAK] useEffect triggered, user: true activeCourse: cpa currentSection: FAR

stdout | src/test/providers/StudyProvider.test.jsx > StudyProvider > Daily Log > sets today log to null when no user
[STREAK] useEffect triggered, user: false activeCourse: cpa currentSection: FAR

stdout | src/test/providers/StudyProvider.test.jsx > StudyProvider > Daily Log > subscribes to daily log when user exists
[STREAK] useEffect triggered, user: true activeCourse: cpa currentSection: FAR

stdout | src/test/providers/StudyProvider.test.jsx > StudyProvider > Daily Progress > calculates daily progress as 0 when no todayLog
[STREAK] useEffect triggered, user: false activeCourse: cpa currentSection: FAR

stdout | src/test/providers/StudyProvider.test.jsx > StudyProvider > setCurrentStreak > provides setCurrentStreak function
[STREAK] useEffect triggered, user: false activeCourse: cpa currentSection: FAR

stdout | src/test/providers/StudyProvider.test.jsx > StudyProvider > setCurrentStreak > can update currentStreak
[STREAK] useEffect triggered, user: false activeCourse: cpa currentSection: FAR

 ✓ src/test/providers/StudyProvider.test.jsx > StudyProvider > Provider Rendering > should render children
 ✓ src/test/providers/StudyProvider.test.jsx > StudyProvider > Provider Rendering > renders with authenticated user
 ✓ src/test/providers/StudyProvider.test.jsx > StudyProvider > useStudy Hook > should throw error when used outside provider
 ✓ src/test/providers/StudyProvider.test.jsx > StudyProvider > useStudy Hook > provides context values within provider
 ✓ src/test/providers/StudyProvider.test.jsx > StudyProvider > useStudy Hook > provides loading state
 ✓ src/test/providers/StudyProvider.test.jsx > StudyProvider > useStudy Hook > provides currentStreak
 ✓ src/test/providers/StudyProvider.test.jsx > StudyProvider > Study Functions > recordMCQAnswer is callable
 ✓ src/test/providers/StudyProvider.test.jsx > StudyProvider > Study Functions > completeSimulation is callable
 ✓ src/test/providers/StudyProvider.test.jsx > StudyProvider > Study Functions > recordMCQAnswer does nothing without user
 ✓ src/test/providers/StudyProvider.test.jsx > StudyProvider > Study Functions > completeSimulation does nothing without user
 ✓ src/test/providers/StudyProvider.test.jsx > StudyProvider > Study Functions > getLessonProgress returns empty object without user
 ✓ src/test/providers/StudyProvider.test.jsx > StudyProvider > Study Functions > getTopicPerformance returns empty array
 ✓ src/test/providers/StudyProvider.test.jsx > StudyProvider > Study Plan Loading > sets study plan to null when no user
 ✓ src/test/providers/StudyProvider.test.jsx > StudyProvider > Study Plan Loading > sets study plan to null when no studyPlanId
 ✓ src/test/providers/StudyProvider.test.jsx > StudyProvider > Study Plan Loading > subscribes to study plan when user has studyPlanId
 ✓ src/test/providers/StudyProvider.test.jsx > StudyProvider > Daily Log > sets today log to null when no user
 ✓ src/test/providers/StudyProvider.test.jsx > StudyProvider > Daily Log > subscribes to daily log when user exists
 ✓ src/test/providers/StudyProvider.test.jsx > StudyProvider > Daily Progress > calculates daily progress as 0 when no todayLog
 ✓ src/test/providers/StudyProvider.test.jsx > StudyProvider > setCurrentStreak > provides setCurrentStreak function
 ✓ src/test/providers/StudyProvider.test.jsx > StudyProvider > setCurrentStreak > can update currentStreak
stdout | src/test/providers/StudyProvider.test.jsx > StudyProvider > recordMCQAnswer edge cases > calculates 3 points for hard difficulty correct
[STREAK] useEffect triggered, user: true activeCourse: cpa currentSection: REG

stderr | src/test/providers/StudyProvider.test.jsx > StudyProvider > recordMCQAnswer edge cases > calculates 3 points for hard difficulty correct
Error recording question history: Error: [vitest] No "getDoc" export is defined on the "firebase/firestore" mock. Did you forget to return it from "vi.mock"?
If you need to partially mock a module, you can use "importOriginal" helper inside:

    at VitestMocker.createError (file:///workspaces/passcpa/node_modules/vitest/dist/vendor/execute.fL3szUAI.js:79:19)
    at Object.get (file:///workspaces/passcpa/node_modules/vitest/dist/vendor/execute.fL3szUAI.js:153:22)
    at Module.recordQuestionAnswer (/workspaces/passcpa/src/services/questionHistoryService.ts:88:31)
    at Object.recordMCQAnswer (/workspaces/passcpa/src/providers/StudyProvider.tsx:456:15)
    at /workspaces/passcpa/src/test/providers/StudyProvider.test.jsx:476:9 {
  codeFrame: 'vi.mock("firebase/firestore", async (importOriginal) => {\n' +
    '  const actual = await importOriginal()\n' +
    '  return {\n' +
    '    ...actual,\n' +
    '    // your mocked methods\n' +
    '  }\n' +
    '})'
}
Error recording answer Error: [vitest] No "getDoc" export is defined on the "firebase/firestore" mock. Did you forget to return it from "vi.mock"?
If you need to partially mock a module, you can use "importOriginal" helper inside:

    at VitestMocker.createError (file:///workspaces/passcpa/node_modules/vitest/dist/vendor/execute.fL3szUAI.js:79:19)
    at Object.get (file:///workspaces/passcpa/node_modules/vitest/dist/vendor/execute.fL3szUAI.js:153:22)
    at Module.recordQuestionAnswer (/workspaces/passcpa/src/services/questionHistoryService.ts:88:31)
    at Object.recordMCQAnswer (/workspaces/passcpa/src/providers/StudyProvider.tsx:456:15)
    at /workspaces/passcpa/src/test/providers/StudyProvider.test.jsx:476:9 {
  codeFrame: 'vi.mock("firebase/firestore", async (importOriginal) => {\n' +
    '  const actual = await importOriginal()\n' +
    '  return {\n' +
    '    ...actual,\n' +
    '    // your mocked methods\n' +
    '  }\n' +
    '})'
}

 ✓ src/test/providers/StudyProvider.test.jsx > StudyProvider > recordMCQAnswer edge cases > calculates 3 points for hard difficulty correct
stdout | src/test/providers/StudyProvider.test.jsx > StudyProvider > recordMCQAnswer edge cases > calculates 2 points for medium difficulty correct
[STREAK] useEffect triggered, user: true activeCourse: cpa currentSection: REG

stderr | src/test/providers/StudyProvider.test.jsx > StudyProvider > recordMCQAnswer edge cases > calculates 2 points for medium difficulty correct
Error recording question history: Error: [vitest] No "getDoc" export is defined on the "firebase/firestore" mock. Did you forget to return it from "vi.mock"?
If you need to partially mock a module, you can use "importOriginal" helper inside:

    at VitestMocker.createError (file:///workspaces/passcpa/node_modules/vitest/dist/vendor/execute.fL3szUAI.js:79:19)
    at Object.get (file:///workspaces/passcpa/node_modules/vitest/dist/vendor/execute.fL3szUAI.js:153:22)
    at Module.recordQuestionAnswer (/workspaces/passcpa/src/services/questionHistoryService.ts:88:31)
    at Object.recordMCQAnswer (/workspaces/passcpa/src/providers/StudyProvider.tsx:456:15)
    at /workspaces/passcpa/src/test/providers/StudyProvider.test.jsx:501:9 {
  codeFrame: 'vi.mock("firebase/firestore", async (importOriginal) => {\n' +
    '  const actual = await importOriginal()\n' +
    '  return {\n' +
    '    ...actual,\n' +
    '    // your mocked methods\n' +
    '  }\n' +
    '})'
}
Error recording answer Error: [vitest] No "getDoc" export is defined on the "firebase/firestore" mock. Did you forget to return it from "vi.mock"?
If you need to partially mock a module, you can use "importOriginal" helper inside:

    at VitestMocker.createError (file:///workspaces/passcpa/node_modules/vitest/dist/vendor/execute.fL3szUAI.js:79:19)
    at Object.get (file:///workspaces/passcpa/node_modules/vitest/dist/vendor/execute.fL3szUAI.js:153:22)
    at Module.recordQuestionAnswer (/workspaces/passcpa/src/services/questionHistoryService.ts:88:31)
    at Object.recordMCQAnswer (/workspaces/passcpa/src/providers/StudyProvider.tsx:456:15)
    at /workspaces/passcpa/src/test/providers/StudyProvider.test.jsx:501:9 {
  codeFrame: 'vi.mock("firebase/firestore", async (importOriginal) => {\n' +
    '  const actual = await importOriginal()\n' +
    '  return {\n' +
    '    ...actual,\n' +
    '    // your mocked methods\n' +
    '  }\n' +
    '})'
}

stdout | src/test/providers/StudyProvider.test.jsx > StudyProvider > recordMCQAnswer edge cases > calculates 1 point for easy difficulty correct
[STREAK] useEffect triggered, user: true activeCourse: cpa currentSection: REG

stderr | src/test/providers/StudyProvider.test.jsx > StudyProvider > recordMCQAnswer edge cases > calculates 1 point for easy difficulty correct
Error recording question history: Error: [vitest] No "getDoc" export is defined on the "firebase/firestore" mock. Did you forget to return it from "vi.mock"?
If you need to partially mock a module, you can use "importOriginal" helper inside:

    at VitestMocker.createError (file:///workspaces/passcpa/node_modules/vitest/dist/vendor/execute.fL3szUAI.js:79:19)
    at Object.get (file:///workspaces/passcpa/node_modules/vitest/dist/vendor/execute.fL3szUAI.js:153:22)
    at Module.recordQuestionAnswer (/workspaces/passcpa/src/services/questionHistoryService.ts:88:31)
    at Object.recordMCQAnswer (/workspaces/passcpa/src/providers/StudyProvider.tsx:456:15)
    at /workspaces/passcpa/src/test/providers/StudyProvider.test.jsx:524:9 {
  codeFrame: 'vi.mock("firebase/firestore", async (importOriginal) => {\n' +
    '  const actual = await importOriginal()\n' +
    '  return {\n' +
    '    ...actual,\n' +
    '    // your mocked methods\n' +
    '  }\n' +
    '})'
}
Error recording answer Error: [vitest] No "getDoc" export is defined on the "firebase/firestore" mock. Did you forget to return it from "vi.mock"?
If you need to partially mock a module, you can use "importOriginal" helper inside:

    at VitestMocker.createError (file:///workspaces/passcpa/node_modules/vitest/dist/vendor/execute.fL3szUAI.js:79:19)
    at Object.get (file:///workspaces/passcpa/node_modules/vitest/dist/vendor/execute.fL3szUAI.js:153:22)
    at Module.recordQuestionAnswer (/workspaces/passcpa/src/services/questionHistoryService.ts:88:31)
    at Object.recordMCQAnswer (/workspaces/passcpa/src/providers/StudyProvider.tsx:456:15)
    at /workspaces/passcpa/src/test/providers/StudyProvider.test.jsx:524:9 {
  codeFrame: 'vi.mock("firebase/firestore", async (importOriginal) => {\n' +
    '  const actual = await importOriginal()\n' +
    '  return {\n' +
    '    ...actual,\n' +
    '    // your mocked methods\n' +
    '  }\n' +
    '})'
}

stdout | src/test/providers/StudyProvider.test.jsx > StudyProvider > recordMCQAnswer edge cases > calculates 0 points for incorrect answer
[STREAK] useEffect triggered, user: true activeCourse: cpa currentSection: REG

stderr | src/test/providers/StudyProvider.test.jsx > StudyProvider > recordMCQAnswer edge cases > calculates 0 points for incorrect answer
Error recording question history: Error: [vitest] No "getDoc" export is defined on the "firebase/firestore" mock. Did you forget to return it from "vi.mock"?
If you need to partially mock a module, you can use "importOriginal" helper inside:

    at VitestMocker.createError (file:///workspaces/passcpa/node_modules/vitest/dist/vendor/execute.fL3szUAI.js:79:19)
    at Object.get (file:///workspaces/passcpa/node_modules/vitest/dist/vendor/execute.fL3szUAI.js:153:22)
    at Module.recordQuestionAnswer (/workspaces/passcpa/src/services/questionHistoryService.ts:88:31)
    at Object.recordMCQAnswer (/workspaces/passcpa/src/providers/StudyProvider.tsx:456:15)
    at /workspaces/passcpa/src/test/providers/StudyProvider.test.jsx:547:9 {
  codeFrame: 'vi.mock("firebase/firestore", async (importOriginal) => {\n' +
    '  const actual = await importOriginal()\n' +
    '  return {\n' +
    '    ...actual,\n' +
    '    // your mocked methods\n' +
    '  }\n' +
    '})'
}
Error recording answer Error: [vitest] No "getDoc" export is defined on the "firebase/firestore" mock. Did you forget to return it from "vi.mock"?
If you need to partially mock a module, you can use "importOriginal" helper inside:

    at VitestMocker.createError (file:///workspaces/passcpa/node_modules/vitest/dist/vendor/execute.fL3szUAI.js:79:19)
    at Object.get (file:///workspaces/passcpa/node_modules/vitest/dist/vendor/execute.fL3szUAI.js:153:22)
    at Module.recordQuestionAnswer (/workspaces/passcpa/src/services/questionHistoryService.ts:88:31)
    at Object.recordMCQAnswer (/workspaces/passcpa/src/providers/StudyProvider.tsx:456:15)
    at /workspaces/passcpa/src/test/providers/StudyProvider.test.jsx:547:9 {
  codeFrame: 'vi.mock("firebase/firestore", async (importOriginal) => {\n' +
    '  const actual = await importOriginal()\n' +
    '  return {\n' +
    '    ...actual,\n' +
    '    // your mocked methods\n' +
    '  }\n' +
    '})'
}

stdout | src/test/providers/StudyProvider.test.jsx > StudyProvider > recordMCQAnswer edge cases > uses default topic when not provided
[STREAK] useEffect triggered, user: true activeCourse: cpa currentSection: REG

stderr | src/test/providers/StudyProvider.test.jsx > StudyProvider > recordMCQAnswer edge cases > uses default topic when not provided
Error recording question history: Error: [vitest] No "getDoc" export is defined on the "firebase/firestore" mock. Did you forget to return it from "vi.mock"?
If you need to partially mock a module, you can use "importOriginal" helper inside:

    at VitestMocker.createError (file:///workspaces/passcpa/node_modules/vitest/dist/vendor/execute.fL3szUAI.js:79:19)
    at Object.get (file:///workspaces/passcpa/node_modules/vitest/dist/vendor/execute.fL3szUAI.js:153:22)
    at Module.recordQuestionAnswer (/workspaces/passcpa/src/services/questionHistoryService.ts:88:31)
    at Object.recordMCQAnswer (/workspaces/passcpa/src/providers/StudyProvider.tsx:456:15)
    at /workspaces/passcpa/src/test/providers/StudyProvider.test.jsx:570:9 {
  codeFrame: 'vi.mock("firebase/firestore", async (importOriginal) => {\n' +
    '  const actual = await importOriginal()\n' +
    '  return {\n' +
    '    ...actual,\n' +
    '    // your mocked methods\n' +
    '  }\n' +
    '})'
}
Error recording answer Error: [vitest] No "getDoc" export is defined on the "firebase/firestore" mock. Did you forget to return it from "vi.mock"?
If you need to partially mock a module, you can use "importOriginal" helper inside:

    at VitestMocker.createError (file:///workspaces/passcpa/node_modules/vitest/dist/vendor/execute.fL3szUAI.js:79:19)
    at Object.get (file:///workspaces/passcpa/node_modules/vitest/dist/vendor/execute.fL3szUAI.js:153:22)
    at Module.recordQuestionAnswer (/workspaces/passcpa/src/services/questionHistoryService.ts:88:31)
    at Object.recordMCQAnswer (/workspaces/passcpa/src/providers/StudyProvider.tsx:456:15)
    at /workspaces/passcpa/src/test/providers/StudyProvider.test.jsx:570:9 {
  codeFrame: 'vi.mock("firebase/firestore", async (importOriginal) => {\n' +
    '  const actual = await importOriginal()\n' +
    '  return {\n' +
    '    ...actual,\n' +
    '    // your mocked methods\n' +
    '  }\n' +
    '})'
}

stdout | src/test/providers/StudyProvider.test.jsx > StudyProvider > completeSimulation edge cases > calculates points based on score percentage
[STREAK] useEffect triggered, user: true activeCourse: cpa currentSection: REG

stderr | src/test/providers/StudyProvider.test.jsx > StudyProvider > completeSimulation edge cases > calculates points based on score percentage
Error completing simulation Error: [vitest] No "getDoc" export is defined on the "firebase/firestore" mock. Did you forget to return it from "vi.mock"?
If you need to partially mock a module, you can use "importOriginal" helper inside:

    at VitestMocker.createError (file:///workspaces/passcpa/node_modules/vitest/dist/vendor/execute.fL3szUAI.js:79:19)
    at Object.get (file:///workspaces/passcpa/node_modules/vitest/dist/vendor/execute.fL3szUAI.js:153:22)
    at Object.completeSimulation (/workspaces/passcpa/src/providers/StudyProvider.tsx:506:31)
    at /workspaces/passcpa/src/test/providers/StudyProvider.test.jsx:596:29
    at /workspaces/passcpa/node_modules/@testing-library/react/dist/act-compat.js:47:24
    at act (/workspaces/passcpa/node_modules/react/cjs/react.development.js:2512:16)
    at Proxy.<anonymous> (/workspaces/passcpa/node_modules/@testing-library/react/dist/act-compat.js:46:25)
    at /workspaces/passcpa/src/test/providers/StudyProvider.test.jsx:595:13
    at file:///workspaces/passcpa/node_modules/@vitest/runner/dist/index.js:135:14
    at file:///workspaces/passcpa/node_modules/@vitest/runner/dist/index.js:60:26 {
  codeFrame: 'vi.mock("firebase/firestore", async (importOriginal) => {\n' +
    '  const actual = await importOriginal()\n' +
    '  return {\n' +
    '    ...actual,\n' +
    '    // your mocked methods\n' +
    '  }\n' +
    '})'
}

stdout | src/test/providers/StudyProvider.test.jsx > StudyProvider > completeSimulation edge cases > handles partial score correctly
[STREAK] useEffect triggered, user: true activeCourse: cpa currentSection: REG

stderr | src/test/providers/StudyProvider.test.jsx > StudyProvider > completeSimulation edge cases > handles partial score correctly
Error completing simulation Error: [vitest] No "getDoc" export is defined on the "firebase/firestore" mock. Did you forget to return it from "vi.mock"?
If you need to partially mock a module, you can use "importOriginal" helper inside:

    at VitestMocker.createError (file:///workspaces/passcpa/node_modules/vitest/dist/vendor/execute.fL3szUAI.js:79:19)
    at Object.get (file:///workspaces/passcpa/node_modules/vitest/dist/vendor/execute.fL3szUAI.js:153:22)
    at Object.completeSimulation (/workspaces/passcpa/src/providers/StudyProvider.tsx:506:31)
    at /workspaces/passcpa/src/test/providers/StudyProvider.test.jsx:620:29
    at /workspaces/passcpa/node_modules/@testing-library/react/dist/act-compat.js:47:24
    at act (/workspaces/passcpa/node_modules/react/cjs/react.development.js:2512:16)
    at Proxy.<anonymous> (/workspaces/passcpa/node_modules/@testing-library/react/dist/act-compat.js:46:25)
    at /workspaces/passcpa/src/test/providers/StudyProvider.test.jsx:619:13
    at file:///workspaces/passcpa/node_modules/@vitest/runner/dist/index.js:135:14
    at file:///workspaces/passcpa/node_modules/@vitest/runner/dist/index.js:60:26 {
  codeFrame: 'vi.mock("firebase/firestore", async (importOriginal) => {\n' +
    '  const actual = await importOriginal()\n' +
    '  return {\n' +
    '    ...actual,\n' +
    '    // your mocked methods\n' +
    '  }\n' +
    '})'
}

stdout | src/test/providers/StudyProvider.test.jsx > StudyProvider > completeSimulation edge cases > handles zero score
[STREAK] useEffect triggered, user: true activeCourse: cpa currentSection: REG

stderr | src/test/providers/StudyProvider.test.jsx > StudyProvider > completeSimulation edge cases > handles zero score
Error completing simulation Error: [vitest] No "getDoc" export is defined on the "firebase/firestore" mock. Did you forget to return it from "vi.mock"?
If you need to partially mock a module, you can use "importOriginal" helper inside:

    at VitestMocker.createError (file:///workspaces/passcpa/node_modules/vitest/dist/vendor/execute.fL3szUAI.js:79:19)
    at Object.get (file:///workspaces/passcpa/node_modules/vitest/dist/vendor/execute.fL3szUAI.js:153:22)
    at Object.completeSimulation (/workspaces/passcpa/src/providers/StudyProvider.tsx:506:31)
    at /workspaces/passcpa/src/test/providers/StudyProvider.test.jsx:643:29
    at /workspaces/passcpa/node_modules/@testing-library/react/dist/act-compat.js:47:24
    at act (/workspaces/passcpa/node_modules/react/cjs/react.development.js:2512:16)
    at Proxy.<anonymous> (/workspaces/passcpa/node_modules/@testing-library/react/dist/act-compat.js:46:25)
    at /workspaces/passcpa/src/test/providers/StudyProvider.test.jsx:642:13
    at file:///workspaces/passcpa/node_modules/@vitest/runner/dist/index.js:135:14
    at file:///workspaces/passcpa/node_modules/@vitest/runner/dist/index.js:60:26 {
  codeFrame: 'vi.mock("firebase/firestore", async (importOriginal) => {\n' +
    '  const actual = await importOriginal()\n' +
    '  return {\n' +
    '    ...actual,\n' +
    '    // your mocked methods\n' +
    '  }\n' +
    '})'
}

stdout | src/test/providers/StudyProvider.test.jsx > StudyProvider > getTopicPerformance > returns empty array
[STREAK] useEffect triggered, user: true activeCourse: cpa currentSection: REG

stderr | src/test/providers/StudyProvider.test.jsx > StudyProvider > getTopicPerformance > returns empty array
Error fetching topic performance: Error: [vitest] No "query" export is defined on the "firebase/firestore" mock. Did you forget to return it from "vi.mock"?
If you need to partially mock a module, you can use "importOriginal" helper inside:

    at VitestMocker.createError (file:///workspaces/passcpa/node_modules/vitest/dist/vendor/execute.fL3szUAI.js:79:19)
    at Object.get (file:///workspaces/passcpa/node_modules/vitest/dist/vendor/execute.fL3szUAI.js:153:22)
    at Object.getTopicPerformance (/workspaces/passcpa/src/providers/StudyProvider.tsx:677:31)
    at /workspaces/passcpa/src/test/providers/StudyProvider.test.jsx:669:38
    at /workspaces/passcpa/node_modules/@testing-library/react/dist/act-compat.js:47:24
    at act (/workspaces/passcpa/node_modules/react/cjs/react.development.js:2512:16)
    at Proxy.<anonymous> (/workspaces/passcpa/node_modules/@testing-library/react/dist/act-compat.js:46:25)
    at /workspaces/passcpa/src/test/providers/StudyProvider.test.jsx:668:13
    at file:///workspaces/passcpa/node_modules/@vitest/runner/dist/index.js:135:14
    at file:///workspaces/passcpa/node_modules/@vitest/runner/dist/index.js:60:26 {
  codeFrame: 'vi.mock("firebase/firestore", async (importOriginal) => {\n' +
    '  const actual = await importOriginal()\n' +
    '  return {\n' +
    '    ...actual,\n' +
    '    // your mocked methods\n' +
    '  }\n' +
    '})'
}

 ✓ src/test/providers/StudyProvider.test.jsx > StudyProvider > recordMCQAnswer edge cases > calculates 2 points for medium difficulty correct
 ✓ src/test/providers/StudyProvider.test.jsx > StudyProvider > recordMCQAnswer edge cases > calculates 1 point for easy difficulty correct
 ✓ src/test/providers/StudyProvider.test.jsx > StudyProvider > recordMCQAnswer edge cases > calculates 0 points for incorrect answer
 ✓ src/test/providers/StudyProvider.test.jsx > StudyProvider > recordMCQAnswer edge cases > uses default topic when not provided
 ✓ src/test/providers/StudyProvider.test.jsx > StudyProvider > completeSimulation edge cases > calculates points based on score percentage
 ✓ src/test/providers/StudyProvider.test.jsx > StudyProvider > completeSimulation edge cases > handles partial score correctly
 ✓ src/test/providers/StudyProvider.test.jsx > StudyProvider > completeSimulation edge cases > handles zero score
 ✓ src/test/providers/StudyProvider.test.jsx > StudyProvider > getTopicPerformance > returns empty array
stderr | src/test/components/ShareableAchievementCard.quality.test.tsx > ShareableAchievementCard > rendering > should render the share modal
Warning: An update to ShareableAchievementCard inside a test was not wrapped in act(...).

When testing, code that causes React state updates should be wrapped into act(...):

act(() => {
  /* fire events that update state */
});
/* assert on the output */

This ensures that you're testing the behavior the user would see in the browser. Learn more at https://reactjs.org/link/wrap-tests-with-act
    at ShareableAchievementCard (/workspaces/passcpa/src/components/ShareableAchievementCard.tsx:22:3)

stderr | src/test/components/ShareableAchievementCard.quality.test.tsx > ShareableAchievementCard > rendering > should display achievement name
Warning: An update to ShareableAchievementCard inside a test was not wrapped in act(...).

When testing, code that causes React state updates should be wrapped into act(...):

act(() => {
  /* fire events that update state */
});
/* assert on the output */

This ensures that you're testing the behavior the user would see in the browser. Learn more at https://reactjs.org/link/wrap-tests-with-act
    at ShareableAchievementCard (/workspaces/passcpa/src/components/ShareableAchievementCard.tsx:22:3)

stderr | src/test/components/ShareableAchievementCard.quality.test.tsx > ShareableAchievementCard > rendering > should display achievement description
Warning: An update to ShareableAchievementCard inside a test was not wrapped in act(...).

When testing, code that causes React state updates should be wrapped into act(...):

act(() => {
  /* fire events that update state */
});
/* assert on the output */

This ensures that you're testing the behavior the user would see in the browser. Learn more at https://reactjs.org/link/wrap-tests-with-act
    at ShareableAchievementCard (/workspaces/passcpa/src/components/ShareableAchievementCard.tsx:22:3)

stderr | src/test/components/ShareableAchievementCard.quality.test.tsx > ShareableAchievementCard > rendering > should display achievement icon
Warning: An update to ShareableAchievementCard inside a test was not wrapped in act(...).

When testing, code that causes React state updates should be wrapped into act(...):

act(() => {
  /* fire events that update state */
});
/* assert on the output */

This ensures that you're testing the behavior the user would see in the browser. Learn more at https://reactjs.org/link/wrap-tests-with-act
    at ShareableAchievementCard (/workspaces/passcpa/src/components/ShareableAchievementCard.tsx:22:3)

stderr | src/test/components/ShareableAchievementCard.quality.test.tsx > ShareableAchievementCard > rendering > should display achievement points
Warning: An update to ShareableAchievementCard inside a test was not wrapped in act(...).

When testing, code that causes React state updates should be wrapped into act(...):

act(() => {
  /* fire events that update state */
});
/* assert on the output */

This ensures that you're testing the behavior the user would see in the browser. Learn more at https://reactjs.org/link/wrap-tests-with-act
    at ShareableAchievementCard (/workspaces/passcpa/src/components/ShareableAchievementCard.tsx:22:3)

stderr | src/test/components/ShareableAchievementCard.quality.test.tsx > ShareableAchievementCard > rendering > should display user name when provided
Warning: An update to ShareableAchievementCard inside a test was not wrapped in act(...).

When testing, code that causes React state updates should be wrapped into act(...):

act(() => {
  /* fire events that update state */
});
/* assert on the output */

This ensures that you're testing the behavior the user would see in the browser. Learn more at https://reactjs.org/link/wrap-tests-with-act
    at ShareableAchievementCard (/workspaces/passcpa/src/components/ShareableAchievementCard.tsx:22:3)

stderr | src/test/components/ShareableAchievementCard.quality.test.tsx > ShareableAchievementCard > rendering > should display streak when provided
Warning: An update to ShareableAchievementCard inside a test was not wrapped in act(...).

When testing, code that causes React state updates should be wrapped into act(...):

act(() => {
  /* fire events that update state */
});
/* assert on the output */

This ensures that you're testing the behavior the user would see in the browser. Learn more at https://reactjs.org/link/wrap-tests-with-act
    at ShareableAchievementCard (/workspaces/passcpa/src/components/ShareableAchievementCard.tsx:22:3)

stderr | src/test/components/ShareableAchievementCard.quality.test.tsx > ShareableAchievementCard > rendering > should not show streak when not provided
Warning: An update to ShareableAchievementCard inside a test was not wrapped in act(...).

When testing, code that causes React state updates should be wrapped into act(...):

act(() => {
  /* fire events that update state */
});
/* assert on the output */

This ensures that you're testing the behavior the user would see in the browser. Learn more at https://reactjs.org/link/wrap-tests-with-act
    at ShareableAchievementCard (/workspaces/passcpa/src/components/ShareableAchievementCard.tsx:22:3)

stderr | src/test/components/ShareableAchievementCard.quality.test.tsx > ShareableAchievementCard > rendering > should not show streak when zero
Warning: An update to ShareableAchievementCard inside a test was not wrapped in act(...).

When testing, code that causes React state updates should be wrapped into act(...):

act(() => {
  /* fire events that update state */
});
/* assert on the output */

This ensures that you're testing the behavior the user would see in the browser. Learn more at https://reactjs.org/link/wrap-tests-with-act
    at ShareableAchievementCard (/workspaces/passcpa/src/components/ShareableAchievementCard.tsx:22:3)

stderr | src/test/components/ShareableAchievementCard.quality.test.tsx > ShareableAchievementCard > rendering > should display VoraPrep branding
Warning: An update to ShareableAchievementCard inside a test was not wrapped in act(...).

When testing, code that causes React state updates should be wrapped into act(...):

act(() => {
  /* fire events that update state */
});
/* assert on the output */

This ensures that you're testing the behavior the user would see in the browser. Learn more at https://reactjs.org/link/wrap-tests-with-act
    at ShareableAchievementCard (/workspaces/passcpa/src/components/ShareableAchievementCard.tsx:22:3)

stderr | src/test/components/ShareableAchievementCard.quality.test.tsx > ShareableAchievementCard > rendering > should display Achievement Unlocked badge
Warning: An update to ShareableAchievementCard inside a test was not wrapped in act(...).

When testing, code that causes React state updates should be wrapped into act(...):

act(() => {
  /* fire events that update state */
});
/* assert on the output */

This ensures that you're testing the behavior the user would see in the browser. Learn more at https://reactjs.org/link/wrap-tests-with-act
    at ShareableAchievementCard (/workspaces/passcpa/src/components/ShareableAchievementCard.tsx:22:3)

stderr | src/test/components/ShareableAchievementCard.quality.test.tsx > ShareableAchievementCard > close button > should render close button
Warning: An update to ShareableAchievementCard inside a test was not wrapped in act(...).

When testing, code that causes React state updates should be wrapped into act(...):

act(() => {
  /* fire events that update state */
});
/* assert on the output */

This ensures that you're testing the behavior the user would see in the browser. Learn more at https://reactjs.org/link/wrap-tests-with-act
    at ShareableAchievementCard (/workspaces/passcpa/src/components/ShareableAchievementCard.tsx:22:3)

stderr | src/test/components/ShareableAchievementCard.quality.test.tsx > ShareableAchievementCard > close button > should call onClose when close button clicked
Warning: An update to ShareableAchievementCard inside a test was not wrapped in act(...).

When testing, code that causes React state updates should be wrapped into act(...):

act(() => {
  /* fire events that update state */
});
/* assert on the output */

This ensures that you're testing the behavior the user would see in the browser. Learn more at https://reactjs.org/link/wrap-tests-with-act
    at ShareableAchievementCard (/workspaces/passcpa/src/components/ShareableAchievementCard.tsx:22:3)

stderr | src/test/components/ShareableAchievementCard.quality.test.tsx > ShareableAchievementCard > close button > should call onClose when backdrop clicked
Warning: An update to ShareableAchievementCard inside a test was not wrapped in act(...).

When testing, code that causes React state updates should be wrapped into act(...):

act(() => {
  /* fire events that update state */
});
/* assert on the output */

This ensures that you're testing the behavior the user would see in the browser. Learn more at https://reactjs.org/link/wrap-tests-with-act
    at ShareableAchievementCard (/workspaces/passcpa/src/components/ShareableAchievementCard.tsx:22:3)

stderr | src/test/components/ShareableAchievementCard.quality.test.tsx > ShareableAchievementCard > Save functionality > should have Save button
Warning: An update to ShareableAchievementCard inside a test was not wrapped in act(...).

When testing, code that causes React state updates should be wrapped into act(...):

act(() => {
  /* fire events that update state */
});
/* assert on the output */

This ensures that you're testing the behavior the user would see in the browser. Learn more at https://reactjs.org/link/wrap-tests-with-act
    at ShareableAchievementCard (/workspaces/passcpa/src/components/ShareableAchievementCard.tsx:22:3)

 ✓ src/test/components/ShareableAchievementCard.quality.test.tsx > ShareableAchievementCard > rendering > should render the share modal
 ✓ src/test/components/ShareableAchievementCard.quality.test.tsx > ShareableAchievementCard > rendering > should display achievement name
 ✓ src/test/components/ShareableAchievementCard.quality.test.tsx > ShareableAchievementCard > rendering > should display achievement description
 ✓ src/test/components/ShareableAchievementCard.quality.test.tsx > ShareableAchievementCard > rendering > should display achievement icon
 ✓ src/test/components/ShareableAchievementCard.quality.test.tsx > ShareableAchievementCard > rendering > should display achievement points
 ✓ src/test/components/ShareableAchievementCard.quality.test.tsx > ShareableAchievementCard > rendering > should display user name when provided
 ✓ src/test/components/ShareableAchievementCard.quality.test.tsx > ShareableAchievementCard > rendering > should display streak when provided
 ✓ src/test/components/ShareableAchievementCard.quality.test.tsx > ShareableAchievementCard > rendering > should not show streak when not provided
 ✓ src/test/components/ShareableAchievementCard.quality.test.tsx > ShareableAchievementCard > rendering > should not show streak when zero
 ✓ src/test/components/ShareableAchievementCard.quality.test.tsx > ShareableAchievementCard > rendering > should display VoraPrep branding
 ✓ src/test/components/ShareableAchievementCard.quality.test.tsx > ShareableAchievementCard > rendering > should display Achievement Unlocked badge
 ✓ src/test/components/ShareableAchievementCard.quality.test.tsx > ShareableAchievementCard > close button > should render close button
 ✓ src/test/components/ShareableAchievementCard.quality.test.tsx > ShareableAchievementCard > close button > should call onClose when close button clicked
 ✓ src/test/components/ShareableAchievementCard.quality.test.tsx > ShareableAchievementCard > close button > should call onClose when backdrop clicked
 ✓ src/test/components/ShareableAchievementCard.quality.test.tsx > ShareableAchievementCard > Save functionality > should have Save button
 ✓ src/test/components/ShareableAchievementCard.quality.test.tsx > ShareableAchievementCard > Save functionality > should generate image on Save
stderr | src/test/components/ShareableAchievementCard.quality.test.tsx > ShareableAchievementCard > Save functionality > should create Save link
Not implemented: navigation to another Document
Not implemented: navigation to another Document

stderr | src/test/components/ShareableAchievementCard.quality.test.tsx > ShareableAchievementCard > Save functionality > should revoke object URL after Save
Not implemented: navigation to another Document

stderr | src/test/components/ShareableAchievementCard.quality.test.tsx > ShareableAchievementCard > social sharing - Twitter > should have Twitter share button
Warning: An update to ShareableAchievementCard inside a test was not wrapped in act(...).

When testing, code that causes React state updates should be wrapped into act(...):

act(() => {
  /* fire events that update state */
});
/* assert on the output */

This ensures that you're testing the behavior the user would see in the browser. Learn more at https://reactjs.org/link/wrap-tests-with-act
    at ShareableAchievementCard (/workspaces/passcpa/src/components/ShareableAchievementCard.tsx:22:3)

stderr | src/test/components/ShareableAchievementCard.quality.test.tsx > ShareableAchievementCard > social sharing - Twitter > should open Twitter share URL
Warning: An update to ShareableAchievementCard inside a test was not wrapped in act(...).

When testing, code that causes React state updates should be wrapped into act(...):

act(() => {
  /* fire events that update state */
});
/* assert on the output */

This ensures that you're testing the behavior the user would see in the browser. Learn more at https://reactjs.org/link/wrap-tests-with-act
    at ShareableAchievementCard (/workspaces/passcpa/src/components/ShareableAchievementCard.tsx:22:3)

stderr | src/test/components/ShareableAchievementCard.quality.test.tsx > ShareableAchievementCard > social sharing - Twitter > should include achievement text in Twitter share
Warning: An update to ShareableAchievementCard inside a test was not wrapped in act(...).

When testing, code that causes React state updates should be wrapped into act(...):

act(() => {
  /* fire events that update state */
});
/* assert on the output */

This ensures that you're testing the behavior the user would see in the browser. Learn more at https://reactjs.org/link/wrap-tests-with-act
    at ShareableAchievementCard (/workspaces/passcpa/src/components/ShareableAchievementCard.tsx:22:3)

stderr | src/test/components/ShareableAchievementCard.quality.test.tsx > ShareableAchievementCard > social sharing - LinkedIn > should open LinkedIn share URL
Warning: An update to ShareableAchievementCard inside a test was not wrapped in act(...).

When testing, code that causes React state updates should be wrapped into act(...):

act(() => {
  /* fire events that update state */
});
/* assert on the output */

This ensures that you're testing the behavior the user would see in the browser. Learn more at https://reactjs.org/link/wrap-tests-with-act
    at ShareableAchievementCard (/workspaces/passcpa/src/components/ShareableAchievementCard.tsx:22:3)

stderr | src/test/components/ShareableAchievementCard.quality.test.tsx > ShareableAchievementCard > native share > should have native share button
Warning: An update to ShareableAchievementCard inside a test was not wrapped in act(...).

When testing, code that causes React state updates should be wrapped into act(...):

act(() => {
  /* fire events that update state */
});
/* assert on the output */

This ensures that you're testing the behavior the user would see in the browser. Learn more at https://reactjs.org/link/wrap-tests-with-act
    at ShareableAchievementCard (/workspaces/passcpa/src/components/ShareableAchievementCard.tsx:22:3)

 ✓ src/test/components/ShareableAchievementCard.quality.test.tsx > ShareableAchievementCard > Save functionality > should create Save link
 ✓ src/test/components/ShareableAchievementCard.quality.test.tsx > ShareableAchievementCard > Save functionality > should revoke object URL after Save
 ✓ src/test/components/ShareableAchievementCard.quality.test.tsx > ShareableAchievementCard > social sharing - Twitter > should have Twitter share button 486ms
 ✓ src/test/components/ShareableAchievementCard.quality.test.tsx > ShareableAchievementCard > social sharing - Twitter > should open Twitter share URL
 ✓ src/test/components/ShareableAchievementCard.quality.test.tsx > ShareableAchievementCard > social sharing - Twitter > should include achievement text in Twitter share
 ✓ src/test/components/ShareableAchievementCard.quality.test.tsx > ShareableAchievementCard > social sharing - LinkedIn > should open LinkedIn share URL
 ✓ src/test/components/ShareableAchievementCard.quality.test.tsx > ShareableAchievementCard > native share > should have native share button
 ✓ src/test/components/ShareableAchievementCard.quality.test.tsx > ShareableAchievementCard > native share > should use native share when available
 ✓ src/test/components/ShareableAchievementCard.quality.test.tsx > ShareableAchievementCard > native share > should fall back to Save when native share not available
 ✓ src/test/components/ShareableAchievementCard.quality.test.tsx > ShareableAchievementCard > error handling > should handle image generation failure
 ✓ src/test/components/ShareableAchievementCard.quality.test.tsx > ShareableAchievementCard > error handling > should display error message on failure
 ✓ src/test/components/ShareableAchievementCard.quality.test.tsx > ShareableAchievementCard > error handling > should handle share error gracefully
stderr | src/test/components/ShareableAchievementCard.quality.test.tsx > ShareableAchievementCard > loading state > should show generating state while creating image
Warning: An update to ShareableAchievementCard inside a test was not wrapped in act(...).

When testing, code that causes React state updates should be wrapped into act(...):

act(() => {
  /* fire events that update state */
});
/* assert on the output */

This ensures that you're testing the behavior the user would see in the browser. Learn more at https://reactjs.org/link/wrap-tests-with-act
    at ShareableAchievementCard (/workspaces/passcpa/src/components/ShareableAchievementCard.tsx:22:3)

stderr | src/test/components/ShareableAchievementCard.quality.test.tsx > ShareableAchievementCard > accessibility > should have accessible close button
Warning: An update to ShareableAchievementCard inside a test was not wrapped in act(...).

When testing, code that causes React state updates should be wrapped into act(...):

act(() => {
  /* fire events that update state */
});
/* assert on the output */

This ensures that you're testing the behavior the user would see in the browser. Learn more at https://reactjs.org/link/wrap-tests-with-act
    at ShareableAchievementCard (/workspaces/passcpa/src/components/ShareableAchievementCard.tsx:22:3)

stderr | src/test/components/ShareableAchievementCard.quality.test.tsx > ShareableAchievementCard > accessibility > should have backdrop with aria-hidden
Warning: An update to ShareableAchievementCard inside a test was not wrapped in act(...).

When testing, code that causes React state updates should be wrapped into act(...):

act(() => {
  /* fire events that update state */
});
/* assert on the output */

This ensures that you're testing the behavior the user would see in the browser. Learn more at https://reactjs.org/link/wrap-tests-with-act
    at ShareableAchievementCard (/workspaces/passcpa/src/components/ShareableAchievementCard.tsx:22:3)

stderr | src/test/components/ShareableAchievementCard.quality.test.tsx > ShareableAchievementCard > different achievements > should display custom achievement name
Warning: An update to ShareableAchievementCard inside a test was not wrapped in act(...).

When testing, code that causes React state updates should be wrapped into act(...):

act(() => {
  /* fire events that update state */
});
/* assert on the output */

This ensures that you're testing the behavior the user would see in the browser. Learn more at https://reactjs.org/link/wrap-tests-with-act
    at ShareableAchievementCard (/workspaces/passcpa/src/components/ShareableAchievementCard.tsx:22:3)

stderr | src/test/components/ShareableAchievementCard.quality.test.tsx > ShareableAchievementCard > different achievements > should display custom achievement points
Warning: An update to ShareableAchievementCard inside a test was not wrapped in act(...).

When testing, code that causes React state updates should be wrapped into act(...):

act(() => {
  /* fire events that update state */
});
/* assert on the output */

This ensures that you're testing the behavior the user would see in the browser. Learn more at https://reactjs.org/link/wrap-tests-with-act
    at ShareableAchievementCard (/workspaces/passcpa/src/components/ShareableAchievementCard.tsx:22:3)

stderr | src/test/components/ShareableAchievementCard.quality.test.tsx > ShareableAchievementCard > different achievements > should display React node as icon
Warning: An update to ShareableAchievementCard inside a test was not wrapped in act(...).

When testing, code that causes React state updates should be wrapped into act(...):

act(() => {
  /* fire events that update state */
});
/* assert on the output */

This ensures that you're testing the behavior the user would see in the browser. Learn more at https://reactjs.org/link/wrap-tests-with-act
    at ShareableAchievementCard (/workspaces/passcpa/src/components/ShareableAchievementCard.tsx:22:3)

stderr | src/test/components/ShareableAchievementCard.quality.test.tsx > ShareableAchievementCard > without optional props > should render without userName
Warning: An update to ShareableAchievementCard inside a test was not wrapped in act(...).

When testing, code that causes React state updates should be wrapped into act(...):

act(() => {
  /* fire events that update state */
});
/* assert on the output */

This ensures that you're testing the behavior the user would see in the browser. Learn more at https://reactjs.org/link/wrap-tests-with-act
    at ShareableAchievementCard (/workspaces/passcpa/src/components/ShareableAchievementCard.tsx:22:3)

stderr | src/test/components/ShareableAchievementCard.quality.test.tsx > ShareableAchievementCard > without optional props > should render without streak
Warning: An update to ShareableAchievementCard inside a test was not wrapped in act(...).

When testing, code that causes React state updates should be wrapped into act(...):

act(() => {
  /* fire events that update state */
});
/* assert on the output */

This ensures that you're testing the behavior the user would see in the browser. Learn more at https://reactjs.org/link/wrap-tests-with-act
    at ShareableAchievementCard (/workspaces/passcpa/src/components/ShareableAchievementCard.tsx:22:3)

 ✓ src/test/components/ShareableAchievementCard.quality.test.tsx > ShareableAchievementCard > error handling > should not show error when user cancels share
 ✓ src/test/components/ShareableAchievementCard.quality.test.tsx > ShareableAchievementCard > loading state > should show generating state while creating image
 ✓ src/test/components/ShareableAchievementCard.quality.test.tsx > ShareableAchievementCard > accessibility > should have accessible close button
 ✓ src/test/components/ShareableAchievementCard.quality.test.tsx > ShareableAchievementCard > accessibility > should have backdrop with aria-hidden
 ✓ src/test/components/ShareableAchievementCard.quality.test.tsx > ShareableAchievementCard > different achievements > should display custom achievement name
 ✓ src/test/components/ShareableAchievementCard.quality.test.tsx > ShareableAchievementCard > different achievements > should display custom achievement points
 ✓ src/test/components/ShareableAchievementCard.quality.test.tsx > ShareableAchievementCard > different achievements > should display React node as icon
 ✓ src/test/components/ShareableAchievementCard.quality.test.tsx > ShareableAchievementCard > without optional props > should render without userName
 ✓ src/test/components/ShareableAchievementCard.quality.test.tsx > ShareableAchievementCard > without optional props > should render without streak
 ✓ src/test/services/ciaCramMode.test.ts > ciaCramMode > IPPF_COMPONENTS > contains all IPPF framework components
 ✓ src/test/services/ciaCramMode.test.ts > ciaCramMode > IPPF_COMPONENTS > includes Mission
 ✓ src/test/services/ciaCramMode.test.ts > ciaCramMode > IPPF_COMPONENTS > includes Core Principles
 ✓ src/test/services/ciaCramMode.test.ts > ciaCramMode > IPPF_COMPONENTS > includes Definition of Internal Auditing
 ✓ src/test/services/ciaCramMode.test.ts > ciaCramMode > IPPF_COMPONENTS > includes Code of Ethics reference
 ✓ src/test/services/ciaCramMode.test.ts > ciaCramMode > IPPF_COMPONENTS > includes Standards
 ✓ src/test/services/ciaCramMode.test.ts > ciaCramMode > IPPF_COMPONENTS > each component has key points
 ✓ src/test/services/ciaCramMode.test.ts > ciaCramMode > IPPF_COMPONENTS > each component has exam tips
 ✓ src/test/services/ciaCramMode.test.ts > ciaCramMode > IIA_STANDARDS > contains multiple standards
 ✓ src/test/services/ciaCramMode.test.ts > ciaCramMode > IIA_STANDARDS > includes Attribute standards (1000 series)
 ✓ src/test/services/ciaCramMode.test.ts > ciaCramMode > IIA_STANDARDS > includes Performance standards (2000 series)
 ✓ src/test/services/ciaCramMode.test.ts > ciaCramMode > IIA_STANDARDS > each standard has title and summary
 ✓ src/test/services/ciaCramMode.test.ts > ciaCramMode > IIA_STANDARDS > each standard has key requirements
 ✓ src/test/services/ciaCramMode.test.ts > ciaCramMode > IIA_STANDARDS > each standard has exam focus
 ✓ src/test/services/ciaCramMode.test.ts > ciaCramMode > CODE_OF_ETHICS > contains all 4 principles
 ✓ src/test/services/ciaCramMode.test.ts > ciaCramMode > CODE_OF_ETHICS > includes Integrity
 ✓ src/test/services/ciaCramMode.test.ts > ciaCramMode > CODE_OF_ETHICS > includes Objectivity
 ✓ src/test/services/ciaCramMode.test.ts > ciaCramMode > CODE_OF_ETHICS > includes Confidentiality
 ✓ src/test/services/ciaCramMode.test.ts > ciaCramMode > CODE_OF_ETHICS > includes Competency
 ✓ src/test/services/ciaCramMode.test.ts > ciaCramMode > CODE_OF_ETHICS > each principle has rules
 ✓ src/test/services/ciaCramMode.test.ts > ciaCramMode > CODE_OF_ETHICS > each principle has examples
 ✓ src/test/services/ciaCramMode.test.ts > ciaCramMode > CODE_OF_ETHICS > each principle has violations
 ✓ src/test/services/ciaCramMode.test.ts > ciaCramMode > HIGH_YIELD_TOPICS > has topics for all 3 parts
 ✓ src/test/services/ciaCramMode.test.ts > ciaCramMode > HIGH_YIELD_TOPICS > CIA1 has high-yield topics
 ✓ src/test/services/ciaCramMode.test.ts > ciaCramMode > HIGH_YIELD_TOPICS > CIA2 has high-yield topics
 ✓ src/test/services/ciaCramMode.test.ts > ciaCramMode > HIGH_YIELD_TOPICS > CIA3 has high-yield topics
 ✓ src/test/services/ciaCramMode.test.ts > ciaCramMode > HIGH_YIELD_TOPICS > topics have weights
 ✓ src/test/services/ciaCramMode.test.ts > ciaCramMode > HIGH_YIELD_TOPICS > topics have tips
 ✓ src/test/services/ciaCramMode.test.ts > ciaCramMode > generateCramPlan > generates plan for user
 ✓ src/test/services/ciaCramMode.test.ts > ciaCramMode > generateCramPlan > generates 5-day plan
 ✓ src/test/services/ciaCramMode.test.ts > ciaCramMode > generateCramPlan > includes multiple sessions per day
 ✓ src/test/services/ciaCramMode.test.ts > ciaCramMode > generateCramPlan > initializes with zero progress
 ✓ src/test/services/ciaCramMode.test.ts > ciaCramMode > generateCramPlan > starts at day 1
 ✓ src/test/services/ciaCramMode.test.ts > ciaCramMode > generateCramPlan > includes various session types
 ✓ src/test/services/ciaCramMode.test.ts > ciaCramMode > completeSession > marks session as completed
 ✓ src/test/services/ciaCramMode.test.ts > ciaCramMode > completeSession > records session score
 ✓ src/test/services/ciaCramMode.test.ts > ciaCramMode > completeSession > updates progress
 ✓ src/test/services/ciaCramMode.test.ts > ciaCramMode > completeSession > updates hours studied
 ✓ src/test/services/ciaCramMode.test.ts > ciaCramMode > getDaySessions > returns sessions for specified day
 ✓ src/test/services/ciaCramMode.test.ts > ciaCramMode > getDaySessions > returns empty array for invalid day
 ✓ src/test/services/ciaCramMode.test.ts > ciaCramMode > advanceDay > increments current day
 ✓ src/test/services/ciaCramMode.test.ts > ciaCramMode > advanceDay > caps at day 5
 ✓ src/test/services/ciaCramMode.test.ts > ciaCramMode > getCramFlashcards > returns flashcards
 ✓ src/test/services/ciaCramMode.test.ts > ciaCramMode > getCramFlashcards > flashcards have front and back
 ✓ src/test/services/ciaCramMode.test.ts > ciaCramMode > getCramFlashcards > flashcards have category
 ✓ src/test/services/ciaCramMode.test.ts > ciaCramMode > getCramFlashcards > includes IPPF flashcards
 ✓ src/test/services/ciaCramMode.test.ts > ciaCramMode > getCramFlashcards > includes Standards flashcards
 ✓ src/test/services/ciaCramMode.test.ts > ciaCramMode > getExamDayTips > returns tips for Part 1
 ✓ src/test/services/ciaCramMode.test.ts > ciaCramMode > getExamDayTips > returns tips for Part 2
 ✓ src/test/services/ciaCramMode.test.ts > ciaCramMode > getExamDayTips > returns tips for Part 3
 ✓ src/test/services/ciaCramMode.test.ts > ciaCramMode > getExamDayTips > Part 1 tips include IPPF focus
 ✓ src/test/services/ciaCramMode.test.ts > ciaCramMode > getExamDayTips > tips include time management advice
 ✓ src/test/services/ciaCramMode.test.ts > ciaCramMode > cram plan structure > day 1 focuses on foundations
 ✓ src/test/services/ciaCramMode.test.ts > ciaCramMode > cram plan structure > day 5 includes review and practice
 ✓ src/test/services/ciaCramMode.test.ts > ciaCramMode > part-specific content > Part 1 - Essentials of Internal Auditing > emphasizes IPPF framework
 ✓ src/test/services/ciaCramMode.test.ts > ciaCramMode > part-specific content > Part 2 - Practice of Internal Auditing > includes engagement topics
 ✓ src/test/services/ciaCramMode.test.ts > ciaCramMode > part-specific content > Part 3 - Business Knowledge > covers business and IT topics
 ✓ src/test/config/examConfig.test.ts > examConfig > getBlueprintForDate > should return 2025 for dates before July 1, 2026
 ✓ src/test/config/examConfig.test.ts > examConfig > getBlueprintForDate > should return 2025 for June 30, 2026
 ✓ src/test/config/examConfig.test.ts > examConfig > getBlueprintForDate > should return 2026 for July 1, 2026
 ✓ src/test/config/examConfig.test.ts > examConfig > getBlueprintForDate > should return 2026 for dates after July 1, 2026
 ✓ src/test/config/examConfig.test.ts > examConfig > getBlueprintForDate > should return 2025 for dates in 2025
 ✓ src/test/config/examConfig.test.ts > examConfig > getBlueprintForDate > should return 2026 for dates in 2027
 ✓ src/test/config/examConfig.test.ts > examConfig > isBefore2026Blueprint > should return boolean
 ✓ src/test/config/examConfig.test.ts > examConfig > CPA_SECTIONS > should have PREP section
 ✓ src/test/config/examConfig.test.ts > examConfig > CPA_SECTIONS > should have all core sections
 ✓ src/test/config/examConfig.test.ts > examConfig > CPA_SECTIONS > should have all discipline sections
 ✓ src/test/config/examConfig.test.ts > examConfig > CPA_SECTIONS > should have BEC marked as retired (December 15, 2023)
 ✓ src/test/config/examConfig.test.ts > examConfig > CPA_SECTIONS > should have correct exam lengths
 ✓ src/test/config/examConfig.test.ts > examConfig > CPA_SECTIONS > should have correct MCQ weights
 ✓ src/test/config/examConfig.test.ts > examConfig > CPA_SECTIONS > should have correct TBS weights
 ✓ src/test/config/examConfig.test.ts > examConfig > CPA_SECTIONS > should mark blueprint sensitive sections
 ✓ src/test/config/examConfig.test.ts > examConfig > CPA_SECTIONS > should have pending updates for REG and TCP
 ✓ src/test/config/examConfig.test.ts > examConfig > CPA_SECTIONS > should have career fit for discipline sections
 ✓ src/test/config/examConfig.test.ts > examConfig > EXAM_BLUEPRINTS > should have blueprints for core sections
 ✓ src/test/config/examConfig.test.ts > examConfig > EXAM_BLUEPRINTS > should have blueprints for discipline sections
 ✓ src/test/config/examConfig.test.ts > examConfig > EXAM_BLUEPRINTS > should have areas in each blueprint
 ✓ src/test/config/examConfig.test.ts > examConfig > EXAM_BLUEPRINTS > should have proper area structure
 ✓ src/test/config/examConfig.test.ts > examConfig > EXAM_BLUEPRINTS > should have proper group structure
 ✓ src/test/config/examConfig.test.ts > examConfig > EXAM_BLUEPRINTS > should have proper topic structure
 ✓ src/test/config/examConfig.test.ts > examConfig > HR1_PROVISIONS > should be defined
 ✓ src/test/config/examConfig.test.ts > examConfig > HR1_PROVISIONS > should have key changes
 ✓ src/test/config/examConfig.test.ts > examConfig > HR1_PROVISIONS > should have name for each key change
 ✓ src/test/config/examConfig.test.ts > examConfig > HR1_PROVISIONS > should have topicIds for each key change
 ✓ src/test/config/examConfig.test.ts > examConfig > getAllTopicsForSection > should return array of topics for AUD
 ✓ src/test/config/examConfig.test.ts > examConfig > getAllTopicsForSection > should return array of topics for FAR
 ✓ src/test/config/examConfig.test.ts > examConfig > getAllTopicsForSection > should return array of topics for REG
 ✓ src/test/config/examConfig.test.ts > examConfig > getAllTopicsForSection > should return array of topics for BAR
 ✓ src/test/config/examConfig.test.ts > examConfig > getAllTopicsForSection > should return array of topics for ISC
 ✓ src/test/config/examConfig.test.ts > examConfig > getAllTopicsForSection > should return array of topics for TCP
 ✓ src/test/config/examConfig.test.ts > examConfig > getAllTopicsForSection > should return empty array for invalid section
 ✓ src/test/config/examConfig.test.ts > examConfig > getAllTopicsForSection > should include area information in topics
 ✓ src/test/config/examConfig.test.ts > examConfig > getAllTopicsForSection > should include group information in topics
 ✓ src/test/config/examConfig.test.ts > examConfig > getAllTopicsForSection > should include full path in topics
 ✓ src/test/config/examConfig.test.ts > examConfig > getAllTopicsForSection > should include section ID in topics
 ✓ src/test/config/examConfig.test.ts > examConfig > getTopicById > should return topic for valid AUD topic ID
 ✓ src/test/config/examConfig.test.ts > examConfig > getTopicById > should return topic with full path information
 ✓ src/test/config/examConfig.test.ts > examConfig > getTopicById > should return null for invalid topic ID
 ✓ src/test/config/examConfig.test.ts > examConfig > getTopicById > should return null for empty topic ID
 ✓ src/test/config/examConfig.test.ts > examConfig > getTopicById > should extract section from topic ID
 ✓ src/test/config/examConfig.test.ts > examConfig > isHR1Topic > should return boolean
 ✓ src/test/config/examConfig.test.ts > examConfig > isHR1Topic > should return false for non-HR1 topic
 ✓ src/test/config/examConfig.test.ts > examConfig > isHR1Topic > should check HR1 provisions for topic
 ✓ src/test/config/examConfig.test.ts > examConfig > getProgressByArea > should return array for valid section
 ✓ src/test/config/examConfig.test.ts > examConfig > getProgressByArea > should return empty array for invalid section
 ✓ src/test/config/examConfig.test.ts > examConfig > getProgressByArea > should include area information
 ✓ src/test/config/examConfig.test.ts > examConfig > getProgressByArea > should include weight range
 ✓ src/test/config/examConfig.test.ts > examConfig > getProgressByArea > should calculate topic counts
 ✓ src/test/config/examConfig.test.ts > examConfig > getProgressByArea > should have zero mastered topics when no progress
 ✓ src/test/config/examConfig.test.ts > examConfig > getProgressByArea > should have zero accuracy when no progress
 ✓ src/test/config/examConfig.test.ts > examConfig > getProgressByArea > should have zero total questions when no progress
 ✓ src/test/config/examConfig.test.ts > examConfig > getProgressByArea > should calculate accuracy with user progress
 ✓ src/test/config/examConfig.test.ts > examConfig > getProgressByArea > should count mastered topics correctly
 ✓ src/test/config/examConfig.test.ts > examConfig > getProgressByArea > should not count topic as mastered if accuracy below 80
 ✓ src/test/config/examConfig.test.ts > examConfig > getProgressByArea > should not count topic as mastered if attempts below 5
 ✓ src/test/config/examConfig.test.ts > examConfig > getProgressByArea > should calculate readiness percentage
 ✓ src/test/services/ciaAnalytics.test.ts > ciaAnalytics > initializeAnalytics > creates analytics with correct user ID
 ✓ src/test/services/ciaAnalytics.test.ts > ciaAnalytics > initializeAnalytics > initializes with zero stats
 ✓ src/test/services/ciaAnalytics.test.ts > ciaAnalytics > initializeAnalytics > initializes all 3 CIA parts
 ✓ src/test/services/ciaAnalytics.test.ts > ciaAnalytics > initializeAnalytics > sets correct part weights
 ✓ src/test/services/ciaAnalytics.test.ts > ciaAnalytics > initializeAnalytics > initializes CIA-specific metrics
 ✓ src/test/services/ciaAnalytics.test.ts > ciaAnalytics > initializeAnalytics > initializes exam readiness as not-ready
 ✓ src/test/services/ciaAnalytics.test.ts > ciaAnalytics > CIA_PART_CONFIG > has correct configuration for Part 1
 ✓ src/test/services/ciaAnalytics.test.ts > ciaAnalytics > CIA_PART_CONFIG > has correct configuration for Part 2
 ✓ src/test/services/ciaAnalytics.test.ts > ciaAnalytics > CIA_PART_CONFIG > has correct configuration for Part 3
 ✓ src/test/services/ciaAnalytics.test.ts > ciaAnalytics > CIA_PART_CONFIG > weights sum to 100%
 ✓ src/test/services/ciaAnalytics.test.ts > ciaAnalytics > CIA_PART_CONFIG > has topics for each part
 ✓ src/test/services/ciaAnalytics.test.ts > ciaAnalytics > rawToScaledScore (IIA 250-750 scale) > converts 0% to 250 (minimum)
 ✓ src/test/services/ciaAnalytics.test.ts > ciaAnalytics > rawToScaledScore (IIA 250-750 scale) > converts 75% to 600 (passing threshold)
 ✓ src/test/services/ciaAnalytics.test.ts > ciaAnalytics > rawToScaledScore (IIA 250-750 scale) > converts 100% to 750 (maximum)
 ✓ src/test/services/ciaAnalytics.test.ts > ciaAnalytics > rawToScaledScore (IIA 250-750 scale) > handles values below 0
 ✓ src/test/services/ciaAnalytics.test.ts > ciaAnalytics > rawToScaledScore (IIA 250-750 scale) > handles values above 100
 ✓ src/test/services/ciaAnalytics.test.ts > ciaAnalytics > rawToScaledScore (IIA 250-750 scale) > scales in lower range (0-75%)
 ✓ src/test/services/ciaAnalytics.test.ts > ciaAnalytics > rawToScaledScore (IIA 250-750 scale) > scales in upper range (75-100%)
 ✓ src/test/services/ciaAnalytics.test.ts > ciaAnalytics > scaledScoreToPassInfo > returns not passed for scores below 600
 ✓ src/test/services/ciaAnalytics.test.ts > ciaAnalytics > scaledScoreToPassInfo > returns passed for scores at 600
 ✓ src/test/services/ciaAnalytics.test.ts > ciaAnalytics > scaledScoreToPassInfo > returns passed for scores above 600
 ✓ src/test/services/ciaAnalytics.test.ts > ciaAnalytics > scaledScoreToPassInfo > returns probability between 0 and 100
 ✓ src/test/services/ciaAnalytics.test.ts > ciaAnalytics > recordQuestionAttempt > increments total questions attempted
 ✓ src/test/services/ciaAnalytics.test.ts > ciaAnalytics > recordQuestionAttempt > increments correct count for correct answers
 ✓ src/test/services/ciaAnalytics.test.ts > ciaAnalytics > recordQuestionAttempt > does not increment correct count for incorrect answers
 ✓ src/test/services/ciaAnalytics.test.ts > ciaAnalytics > recordQuestionAttempt > updates part mastery for the attempted part
 ✓ src/test/services/ciaAnalytics.test.ts > ciaAnalytics > recordQuestionAttempt > calculates overall accuracy correctly
 ✓ src/test/services/ciaAnalytics.test.ts > ciaAnalytics > recordStudySession > increments total study time
 ✓ src/test/services/ciaAnalytics.test.ts > ciaAnalytics > recordStudySession > accumulates study time across sessions
 ✓ src/test/services/ciaAnalytics.test.ts > ciaAnalytics > recordMockExam > increments mock exams taken
 ✓ src/test/services/ciaAnalytics.test.ts > ciaAnalytics > recordMockExam > records scaled score
 ✓ src/test/services/ciaAnalytics.test.ts > ciaAnalytics > recordMockExam > tracks mock exam history per part
 ✓ src/test/services/ciaAnalytics.test.ts > ciaAnalytics > updateIppfKnowledge > updates IPPF knowledge score
 ✓ src/test/services/ciaAnalytics.test.ts > ciaAnalytics > updateIppfKnowledge > clamps score to 0-100 range
 ✓ src/test/services/ciaAnalytics.test.ts > ciaAnalytics > updateIiaStandardsMastery > updates IIA standards mastery score
 ✓ src/test/services/ciaAnalytics.test.ts > ciaAnalytics > updateIiaStandardsMastery > clamps score to 0-100 range
 ✓ src/test/services/ciaAnalytics.test.ts > ciaAnalytics > updateEthicsCodeFamiliarity > updates ethics code familiarity score
 ✓ src/test/services/ciaAnalytics.test.ts > ciaAnalytics > updateEthicsCodeFamiliarity > clamps score to 0-100 range
 ✓ src/test/services/ciaAnalytics.test.ts > ciaAnalytics > getAnalyticsSummary > returns summary with all key metrics
 ✓ src/test/services/ciaAnalytics.test.ts > ciaAnalytics > getAnalyticsSummary > includes all 3 parts in summary
 ✓ src/test/services/ciaAnalytics.test.ts > ciaAnalytics > getAnalyticsSummary > includes CIA-specific metrics
 ✓ src/test/services/ciaAnalytics.test.ts > ciaAnalytics > getPartInsights > returns insights for a specific part
 ✓ src/test/services/ciaAnalytics.test.ts > ciaAnalytics > getPartInsights > includes recommendations
 ✓ src/test/services/ciaAnalytics.test.ts > ciaAnalytics > getStudyPlanProgress > returns progress metrics
 ✓ src/test/services/ciaAnalytics.test.ts > ciaAnalytics > getStudyPlanProgress > tracks progress per part
 ✓ src/test/services/ciaAnalytics.test.ts > ciaAnalytics > addDailyTrend > adds daily trend entry
 ✓ src/test/services/ciaAnalytics.test.ts > ciaAnalytics > addWeeklyTrend > adds weekly trend entry
 ✓ src/test/services/ciaAnalytics.test.ts > ciaAnalytics > updatePartTrend > updates trend based on recent performance
 ✓ src/test/services/ciaAnalytics.test.ts > ciaAnalytics > serialization > serializes analytics to JSON
 ✓ src/test/services/ciaAnalytics.test.ts > ciaAnalytics > serialization > deserializes JSON back to analytics
 ✓ src/test/services/ciaAnalytics.test.ts > ciaAnalytics > serialization > maintains data through serialization cycle
stdout | src/test/services/questionHistoryService.quality.test.ts > Question History Service - Quality Tests > getSmartQuestionSelection - Curriculum Filtering > filters questions to covered topics when enabled
Curriculum filter: 2/4 questions match covered topics

stdout | src/test/services/questionHistoryService.quality.test.ts > Question History Service - Quality Tests > getSmartQuestionSelection - Curriculum Filtering > includes preview topics when provided
Curriculum filter: 2/3 questions match covered topics

stdout | src/test/services/questionHistoryService.quality.test.ts > Question History Service - Quality Tests > getSmartQuestionSelection - Curriculum Filtering > falls back to all questions when no topics match
Curriculum filter: No matching questions for covered topics. Using all 2 questions.

stdout | src/test/services/questionHistoryService.quality.test.ts > Question History Service - Quality Tests > getSmartQuestionSelection - Curriculum Filtering > handles empty coveredTopics set
Curriculum filter: No matching questions for covered topics. Using all 1 questions.

stdout | src/test/services/questionHistoryService.quality.test.ts > Question History Service - Quality Tests > getSmartQuestionSelection - Curriculum Filtering > handles empty questionTopicMap
Curriculum filter: No matching questions for covered topics. Using all 2 questions.

stdout | src/test/services/questionHistoryService.quality.test.ts > Question History Service - Quality Tests > getSmartQuestionSelection - Curriculum Filtering > handles case-insensitive topic matching
Curriculum filter: 1/1 questions match covered topics

stdout | src/test/services/questionHistoryService.quality.test.ts > Question History Service - Quality Tests > getSmartQuestionSelection - Curriculum Filtering > handles partial topic matches
Curriculum filter: 1/1 questions match covered topics

stdout | src/test/services/questionHistoryService.quality.test.ts > Question History Service - Quality Tests > getSmartQuestionSelection - Curriculum Filtering > handles topics with special characters
Curriculum filter: 1/1 questions match covered topics

 ✓ src/test/services/questionHistoryService.quality.test.ts > Question History Service - Quality Tests > getSmartQuestionSelection - Edge Cases > handles empty allQuestionIds array
 ✓ src/test/services/questionHistoryService.quality.test.ts > Question History Service - Quality Tests > getSmartQuestionSelection - Edge Cases > handles targetCount of 0
 ✓ src/test/services/questionHistoryService.quality.test.ts > Question History Service - Quality Tests > getSmartQuestionSelection - Edge Cases > handles targetCount of 1
 ✓ src/test/services/questionHistoryService.quality.test.ts > Question History Service - Quality Tests > getSmartQuestionSelection - Edge Cases > handles undefined userId
 ✓ src/test/services/questionHistoryService.quality.test.ts > Question History Service - Quality Tests > getSmartQuestionSelection - Edge Cases > handles exam date in crunch time (< 14 days)
 ✓ src/test/services/questionHistoryService.quality.test.ts > Question History Service - Quality Tests > getSmartQuestionSelection - Edge Cases > handles exam date in final week (< 7 days)
 ✓ src/test/services/questionHistoryService.quality.test.ts > Question History Service - Quality Tests > getSmartQuestionSelection - Edge Cases > handles exam date today
 ✓ src/test/services/questionHistoryService.quality.test.ts > Question History Service - Quality Tests > getSmartQuestionSelection - Edge Cases > handles exam date in the past
 ✓ src/test/services/questionHistoryService.quality.test.ts > Question History Service - Quality Tests > getSmartQuestionSelection - Edge Cases > handles malformed exam date string
 ✓ src/test/services/questionHistoryService.quality.test.ts > Question History Service - Quality Tests > getSmartQuestionSelection - Curriculum Filtering > filters questions to covered topics when enabled
 ✓ src/test/services/questionHistoryService.quality.test.ts > Question History Service - Quality Tests > getSmartQuestionSelection - Curriculum Filtering > includes preview topics when provided
 ✓ src/test/services/questionHistoryService.quality.test.ts > Question History Service - Quality Tests > getSmartQuestionSelection - Curriculum Filtering > falls back to all questions when no topics match
 ✓ src/test/services/questionHistoryService.quality.test.ts > Question History Service - Quality Tests > getSmartQuestionSelection - Curriculum Filtering > handles empty coveredTopics set
 ✓ src/test/services/questionHistoryService.quality.test.ts > Question History Service - Quality Tests > getSmartQuestionSelection - Curriculum Filtering > handles empty questionTopicMap
 ✓ src/test/services/questionHistoryService.quality.test.ts > Question History Service - Quality Tests > getSmartQuestionSelection - Curriculum Filtering > handles case-insensitive topic matching
 ✓ src/test/services/questionHistoryService.quality.test.ts > Question History Service - Quality Tests > getSmartQuestionSelection - Curriculum Filtering > handles partial topic matches
 ✓ src/test/services/questionHistoryService.quality.test.ts > Question History Service - Quality Tests > getSmartQuestionSelection - Curriculum Filtering > handles topics with special characters
 ✓ src/test/services/questionHistoryService.quality.test.ts > Question History Service - Quality Tests > getFreshQuestions - Edge Cases > returns all questions when user has no history
 ✓ src/test/services/questionHistoryService.quality.test.ts > Question History Service - Quality Tests > getFreshQuestions - Edge Cases > handles empty allQuestionIds
 ✓ src/test/services/questionHistoryService.quality.test.ts > Question History Service - Quality Tests > getFreshQuestions - Edge Cases > handles maxCount of 0
 ✓ src/test/services/questionHistoryService.quality.test.ts > Question History Service - Quality Tests > getFreshQuestions - Edge Cases > handles maxCount of 1
 ✓ src/test/services/questionHistoryService.quality.test.ts > Question History Service - Quality Tests > getFreshQuestions - Edge Cases > handles empty userId
 ✓ src/test/services/questionHistoryService.quality.test.ts > Question History Service - Quality Tests > getFreshQuestions - Edge Cases > respects maxCount limit
 ✓ src/test/services/questionHistoryService.quality.test.ts > Question History Service - Quality Tests > Mastery Level Calculations > new question starts at learning level
 ✓ src/test/services/questionHistoryService.quality.test.ts > Question History Service - Quality Tests > Mastery Level Calculations > question with 3+ correct at 60%+ advances to reviewing
 ✓ src/test/services/questionHistoryService.quality.test.ts > Question History Service - Quality Tests > Mastery Level Calculations > question with 5+ at 80%+ advances to mastered
 ✓ src/test/services/questionHistoryService.quality.test.ts > Question History Service - Quality Tests > Mastery Level Calculations > high volume low accuracy stays at learning
 ✓ src/test/services/questionHistoryService.quality.test.ts > Question History Service - Quality Tests > Mastery Level Calculations > handles 0 timesAnswered (division by zero)
 ✓ src/test/services/questionHistoryService.quality.test.ts > Question History Service - Quality Tests > Mastery Level Calculations > handles 100% accuracy
 ✓ src/test/services/questionHistoryService.quality.test.ts > Question History Service - Quality Tests > Spaced Repetition Intervals > new questions have 0 day interval
 ✓ src/test/services/questionHistoryService.quality.test.ts > Question History Service - Quality Tests > Spaced Repetition Intervals > learning questions have 1 day interval
 ✓ src/test/services/questionHistoryService.quality.test.ts > Question History Service - Quality Tests > Spaced Repetition Intervals > reviewing questions have 3 day interval
 ✓ src/test/services/questionHistoryService.quality.test.ts > Question History Service - Quality Tests > Spaced Repetition Intervals > mastered questions have 7 day interval
 ✓ src/test/services/questionHistoryService.quality.test.ts > Question History Service - Quality Tests > Spaced Repetition Intervals > incorrect answer should reduce interval to 0
stderr | src/test/services/notifications.quality.test.ts > Notification Service - Quality Tests > scheduleNotification > should handle service worker errors gracefully
Notification error: Error: SW error
    at Object.<anonymous> (/workspaces/passcpa/src/test/services/notifications.quality.test.ts:280:24)
    at Object.mockCall (file:///workspaces/passcpa/node_modules/@vitest/spy/dist/index.js:50:17)
    at Object.spy [as showNotification] (file:///workspaces/passcpa/node_modules/tinyspy/dist/index.js:42:80)
    at Module.scheduleNotification (/workspaces/passcpa/src/services/notifications.ts:73:26)
    at processTicksAndRejections (node:internal/process/task_queues:103:5)
    at /workspaces/passcpa/src/test/services/notifications.quality.test.ts:283:22
    at runTest (file:///workspaces/passcpa/node_modules/@vitest/runner/dist/index.js:781:11)
    at runSuite (file:///workspaces/passcpa/node_modules/@vitest/runner/dist/index.js:909:15)
    at runSuite (file:///workspaces/passcpa/node_modules/@vitest/runner/dist/index.js:909:15)
    at runSuite (file:///workspaces/passcpa/node_modules/@vitest/runner/dist/index.js:909:15)

(node:264430) TimeoutNegativeWarning: -1000 is a negative number.
Timeout duration was set to 1.
(Use `node --trace-warnings ...` to show where the warning was created)
(node:264430) TimeoutOverflowWarning: 9007199254740991 does not fit into a 32-bit signed integer.
Timeout duration was set to 1.
 ✓ src/test/services/notifications.quality.test.ts > Notification Service - Quality Tests > notificationsSupported > should return true when Notification and serviceWorker are available
 ✓ src/test/services/notifications.quality.test.ts > Notification Service - Quality Tests > notificationsSupported > should return false when Notification is not available
 ✓ src/test/services/notifications.quality.test.ts > Notification Service - Quality Tests > notificationsSupported > should return false when serviceWorker is not available
 ✓ src/test/services/notifications.quality.test.ts > Notification Service - Quality Tests > requestNotificationPermission > should return granted true when permission is granted
 ✓ src/test/services/notifications.quality.test.ts > Notification Service - Quality Tests > requestNotificationPermission > should return granted false when permission is denied
 ✓ src/test/services/notifications.quality.test.ts > Notification Service - Quality Tests > requestNotificationPermission > should return granted false when permission is default (dismissed)
 ✓ src/test/services/notifications.quality.test.ts > Notification Service - Quality Tests > requestNotificationPermission > should return not-supported when notifications not available
 ✓ src/test/services/notifications.quality.test.ts > Notification Service - Quality Tests > getNotificationPermission > should return current permission status
 ✓ src/test/services/notifications.quality.test.ts > Notification Service - Quality Tests > getNotificationPermission > should return denied when denied
 ✓ src/test/services/notifications.quality.test.ts > Notification Service - Quality Tests > getNotificationPermission > should return default when not yet requested
 ✓ src/test/services/notifications.quality.test.ts > Notification Service - Quality Tests > getNotificationPermission > should return not-supported when unavailable
 ✓ src/test/services/notifications.quality.test.ts > Notification Service - Quality Tests > scheduleNotification > should show immediate notification when delay is 0
 ✓ src/test/services/notifications.quality.test.ts > Notification Service - Quality Tests > scheduleNotification > should return not-permitted when permission not granted
 ✓ src/test/services/notifications.quality.test.ts > Notification Service - Quality Tests > scheduleNotification > should include tag in notification options
 ✓ src/test/services/notifications.quality.test.ts > Notification Service - Quality Tests > scheduleNotification > should include data payload in notification
 ✓ src/test/services/notifications.quality.test.ts > Notification Service - Quality Tests > scheduleNotification > should include icon in notification
 ✓ src/test/services/notifications.quality.test.ts > Notification Service - Quality Tests > scheduleNotification > should schedule delayed notification
 ✓ src/test/services/notifications.quality.test.ts > Notification Service - Quality Tests > scheduleNotification > should handle service worker errors gracefully
 ✓ src/test/services/notifications.quality.test.ts > Notification Service - Quality Tests > Notification Actions > should include action buttons
 ✓ src/test/services/notifications.quality.test.ts > Notification Service - Quality Tests > Study Reminder Notifications > should schedule study reminder
 ✓ src/test/services/notifications.quality.test.ts > Notification Service - Quality Tests > Study Reminder Notifications > should cancel study reminder
 ✓ src/test/services/notifications.quality.test.ts > Notification Service - Quality Tests > Streak Reminder > should send streak at risk notification
 ✓ src/test/services/notifications.quality.test.ts > Notification Service - Quality Tests > Achievement Notification > should send achievement notification
 ✓ src/test/services/notifications.quality.test.ts > Notification Service - Quality Tests > Edge Cases > should handle empty title
 ✓ src/test/services/notifications.quality.test.ts > Notification Service - Quality Tests > Edge Cases > should handle empty body
 ✓ src/test/services/notifications.quality.test.ts > Notification Service - Quality Tests > Edge Cases > should handle very long title
 ✓ src/test/services/notifications.quality.test.ts > Notification Service - Quality Tests > Edge Cases > should handle unicode in notification
 ✓ src/test/services/notifications.quality.test.ts > Notification Service - Quality Tests > Edge Cases > should handle negative delay
 ✓ src/test/services/notifications.quality.test.ts > Notification Service - Quality Tests > Edge Cases > should handle very large delay
 ✓ src/test/services/notifications.quality.test.ts > Notification Service - Quality Tests > Browser Permission Flow > should handle permission prompt being ignored
 ✓ src/test/services/notifications.quality.test.ts > Notification Service - Quality Tests > Browser Permission Flow > should handle permission request error
stderr | src/test/services/subscription.test.ts > subscription service > subscriptionService.getUserSubscription > should return null on error
Error fetching subscription: Error: Firestore error
    at /workspaces/passcpa/src/test/services/subscription.test.ts:186:36
    at file:///workspaces/passcpa/node_modules/@vitest/runner/dist/index.js:135:14
    at file:///workspaces/passcpa/node_modules/@vitest/runner/dist/index.js:60:26
    at runTest (file:///workspaces/passcpa/node_modules/@vitest/runner/dist/index.js:781:17)
    at processTicksAndRejections (node:internal/process/task_queues:103:5)
    at runSuite (file:///workspaces/passcpa/node_modules/@vitest/runner/dist/index.js:909:15)
    at runSuite (file:///workspaces/passcpa/node_modules/@vitest/runner/dist/index.js:909:15)
    at runSuite (file:///workspaces/passcpa/node_modules/@vitest/runner/dist/index.js:909:15)
    at runFiles (file:///workspaces/passcpa/node_modules/@vitest/runner/dist/index.js:958:5)
    at startTests (file:///workspaces/passcpa/node_modules/@vitest/runner/dist/index.js:967:3)

 ✓ src/test/services/subscription.test.ts > subscription service > SUBSCRIPTION_PLANS > should have all required tiers defined
 ✓ src/test/services/subscription.test.ts > subscription service > SUBSCRIPTION_PLANS > should have correct pricing for each tier
 ✓ src/test/services/subscription.test.ts > subscription service > SUBSCRIPTION_PLANS > should have correct intervals for each tier
 ✓ src/test/services/subscription.test.ts > subscription service > SUBSCRIPTION_PLANS > should have features array for each plan
 ✓ src/test/services/subscription.test.ts > subscription service > SUBSCRIPTION_PLANS > should have limits defined for each plan
 ✓ src/test/services/subscription.test.ts > subscription service > SUBSCRIPTION_PLANS > paid plans should have unlimited/full access
 ✓ src/test/services/subscription.test.ts > subscription service > IS_BETA_PERIOD > should export beta period flag
 ✓ src/test/services/subscription.test.ts > subscription service > IS_BETA_PERIOD > beta period should give free tier full access
 ✓ src/test/services/subscription.test.ts > subscription service > subscriptionService.getPlan > should return correct plan for each tier
 ✓ src/test/services/subscription.test.ts > subscription service > subscriptionService.getAllPlans > should return all plans as an array
 ✓ src/test/services/subscription.test.ts > subscription service > subscriptionService.getAllPlans > should contain all tier plans
 ✓ src/test/services/subscription.test.ts > subscription service > subscriptionService.getUserSubscription > should return subscription when it exists
 ✓ src/test/services/subscription.test.ts > subscription service > subscriptionService.getUserSubscription > should return null when subscription does not exist
 ✓ src/test/services/subscription.test.ts > subscription service > subscriptionService.getUserSubscription > should return null on error
 ✓ src/test/services/subscription.test.ts > subscription service > subscriptionService.createFreeSubscription > should create a free subscription for a new user
 ✓ src/test/services/subscription.test.ts > subscription service > subscriptionService.getPlanLimits > should return free limits when user has no subscription
 ✓ src/test/services/subscription.test.ts > subscription service > subscriptionService.getPlanLimits > should return correct limits for subscribed user
 ✓ src/test/services/subscription.test.ts > subscription service > subscriptionService.getPlanLimits > should return free limits for canceled subscription
 ✓ src/test/services/subscription.test.ts > subscription service > subscriptionService.hasFeatureAccess > should return true for boolean feature when enabled
 ✓ src/test/services/subscription.test.ts > subscription service > subscriptionService.hasFeatureAccess > should return true for unlimited exam sections
 ✓ src/test/services/subscription.test.ts > subscription service > subscriptionService.canPerformAction > should allow action for unlimited plan
 ✓ src/test/services/subscription.test.ts > subscription service > subscriptionService.isPremium > should return false when no subscription exists
 ✓ src/test/services/subscription.test.ts > subscription service > subscriptionService.isPremium > should return false for free tier
 ✓ src/test/services/subscription.test.ts > subscription service > subscriptionService.isPremium > should return true for active paid subscription
 ✓ src/test/services/subscription.test.ts > subscription service > subscriptionService.isPremium > should return true for trialing subscription
 ✓ src/test/services/subscription.test.ts > subscription service > subscriptionService.startTrial > should start a trial for a user
 ✓ src/test/services/subscription.test.ts > subscription service > subscriptionService.startTrial > should default to 7 days trial
 ✓ src/test/services/subscription.test.ts > subscription service > subscriptionService.endTrial > should revert to free tier with expired status
 ✓ src/test/services/subscription.test.ts > subscription service > subscriptionService.syncFromStripe > should update subscription from Stripe webhook data
stderr | src/test/components/pages/Settings.test.tsx > Settings Component > Component Rendering > renders the Settings page with title
⚠️ React Router Future Flag Warning: React Router will begin wrapping state updates in `React.startTransition` in v7. You can use the `v7_startTransition` future flag to opt-in early. For more information, see https://reactrouter.com/v6/upgrading/future#v7_starttransition.
⚠️ React Router Future Flag Warning: Relative route resolution within Splat routes is changing in v7. You can use the `v7_relativeSplatPath` future flag to opt-in early. For more information, see https://reactrouter.com/v6/upgrading/future#v7_relativesplatpath.
Warning: An update to Settings inside a test was not wrapped in act(...).

When testing, code that causes React state updates should be wrapped into act(...):

act(() => {
  /* fire events that update state */
});
/* assert on the output */

This ensures that you're testing the behavior the user would see in the browser. Learn more at https://reactjs.org/link/wrap-tests-with-act
    at Settings (/workspaces/passcpa/src/components/pages/Settings.tsx:75:48)
    at ThemeProvider (/workspaces/passcpa/src/test/components/pages/Settings.test.tsx:81:21)
    at Router (/workspaces/passcpa/node_modules/react-router/dist/umd/react-router.development.js:1207:17)
    at BrowserRouter (/workspaces/passcpa/node_modules/react-router-dom/dist/umd/react-router-dom.development.js:695:7)

stderr | src/test/components/pages/Settings.test.tsx > Settings Component > Component Rendering > renders all navigation tabs
Warning: An update to Settings inside a test was not wrapped in act(...).

When testing, code that causes React state updates should be wrapped into act(...):

act(() => {
  /* fire events that update state */
});
/* assert on the output */

This ensures that you're testing the behavior the user would see in the browser. Learn more at https://reactjs.org/link/wrap-tests-with-act
    at Settings (/workspaces/passcpa/src/components/pages/Settings.tsx:75:48)
    at ThemeProvider (/workspaces/passcpa/src/test/components/pages/Settings.test.tsx:81:21)
    at Router (/workspaces/passcpa/node_modules/react-router/dist/umd/react-router.development.js:1207:17)
    at BrowserRouter (/workspaces/passcpa/node_modules/react-router-dom/dist/umd/react-router-dom.development.js:695:7)

stderr | src/test/components/pages/Settings.test.tsx > Settings Component > Component Rendering > shows Profile tab content by default
Warning: An update to Settings inside a test was not wrapped in act(...).

When testing, code that causes React state updates should be wrapped into act(...):

act(() => {
  /* fire events that update state */
});
/* assert on the output */

This ensures that you're testing the behavior the user would see in the browser. Learn more at https://reactjs.org/link/wrap-tests-with-act
    at Settings (/workspaces/passcpa/src/components/pages/Settings.tsx:75:48)
    at ThemeProvider (/workspaces/passcpa/src/test/components/pages/Settings.test.tsx:81:21)
    at Router (/workspaces/passcpa/node_modules/react-router/dist/umd/react-router.development.js:1207:17)
    at BrowserRouter (/workspaces/passcpa/node_modules/react-router-dom/dist/umd/react-router-dom.development.js:695:7)

stderr | src/test/components/pages/Settings.test.tsx > Settings Component > Profile Tab > displays user email (disabled)
Warning: An update to Settings inside a test was not wrapped in act(...).

When testing, code that causes React state updates should be wrapped into act(...):

act(() => {
  /* fire events that update state */
});
/* assert on the output */

This ensures that you're testing the behavior the user would see in the browser. Learn more at https://reactjs.org/link/wrap-tests-with-act
    at Settings (/workspaces/passcpa/src/components/pages/Settings.tsx:75:48)
    at ThemeProvider (/workspaces/passcpa/src/test/components/pages/Settings.test.tsx:81:21)
    at Router (/workspaces/passcpa/node_modules/react-router/dist/umd/react-router.development.js:1207:17)
    at BrowserRouter (/workspaces/passcpa/node_modules/react-router-dom/dist/umd/react-router-dom.development.js:695:7)

stderr | src/test/components/pages/Settings.test.tsx > Settings Component > Profile Tab > displays display name input with current value
Warning: An update to Settings inside a test was not wrapped in act(...).

When testing, code that causes React state updates should be wrapped into act(...):

act(() => {
  /* fire events that update state */
});
/* assert on the output */

This ensures that you're testing the behavior the user would see in the browser. Learn more at https://reactjs.org/link/wrap-tests-with-act
    at Settings (/workspaces/passcpa/src/components/pages/Settings.tsx:75:48)
    at ThemeProvider (/workspaces/passcpa/src/test/components/pages/Settings.test.tsx:81:21)
    at Router (/workspaces/passcpa/node_modules/react-router/dist/umd/react-router.development.js:1207:17)
    at BrowserRouter (/workspaces/passcpa/node_modules/react-router-dom/dist/umd/react-router-dom.development.js:695:7)

stderr | src/test/components/pages/Settings.test.tsx > Settings Component > Profile Tab > allows changing display name
Warning: An update to Settings inside a test was not wrapped in act(...).

When testing, code that causes React state updates should be wrapped into act(...):

act(() => {
  /* fire events that update state */
});
/* assert on the output */

This ensures that you're testing the behavior the user would see in the browser. Learn more at https://reactjs.org/link/wrap-tests-with-act
    at Settings (/workspaces/passcpa/src/components/pages/Settings.tsx:75:48)
    at ThemeProvider (/workspaces/passcpa/src/test/components/pages/Settings.test.tsx:81:21)
    at Router (/workspaces/passcpa/node_modules/react-router/dist/umd/react-router.development.js:1207:17)
    at BrowserRouter (/workspaces/passcpa/node_modules/react-router-dom/dist/umd/react-router-dom.development.js:695:7)

stderr | src/test/components/pages/Settings.test.tsx > Settings Component > Profile Tab > shows Change Photo button
Warning: An update to Settings inside a test was not wrapped in act(...).

When testing, code that causes React state updates should be wrapped into act(...):

act(() => {
  /* fire events that update state */
});
/* assert on the output */

This ensures that you're testing the behavior the user would see in the browser. Learn more at https://reactjs.org/link/wrap-tests-with-act
    at Settings (/workspaces/passcpa/src/components/pages/Settings.tsx:75:48)
    at ThemeProvider (/workspaces/passcpa/src/test/components/pages/Settings.test.tsx:81:21)
    at Router (/workspaces/passcpa/node_modules/react-router/dist/umd/react-router.development.js:1207:17)
    at BrowserRouter (/workspaces/passcpa/node_modules/react-router-dom/dist/umd/react-router-dom.development.js:695:7)

stderr | src/test/components/pages/Settings.test.tsx > Settings Component > Profile Tab > displays user initials when no photo
Warning: An update to Settings inside a test was not wrapped in act(...).

When testing, code that causes React state updates should be wrapped into act(...):

act(() => {
  /* fire events that update state */
});
/* assert on the output */

This ensures that you're testing the behavior the user would see in the browser. Learn more at https://reactjs.org/link/wrap-tests-with-act
    at Settings (/workspaces/passcpa/src/components/pages/Settings.tsx:75:48)
    at ThemeProvider (/workspaces/passcpa/src/test/components/pages/Settings.test.tsx:81:21)
    at Router (/workspaces/passcpa/node_modules/react-router/dist/umd/react-router.development.js:1207:17)
    at BrowserRouter (/workspaces/passcpa/node_modules/react-router-dom/dist/umd/react-router-dom.development.js:695:7)

stderr | src/test/components/pages/Settings.test.tsx > Settings Component > Study Plan Tab > switches to Study Plan tab when clicked
Warning: An update to Settings inside a test was not wrapped in act(...).

When testing, code that causes React state updates should be wrapped into act(...):

act(() => {
  /* fire events that update state */
});
/* assert on the output */

This ensures that you're testing the behavior the user would see in the browser. Learn more at https://reactjs.org/link/wrap-tests-with-act
    at Settings (/workspaces/passcpa/src/components/pages/Settings.tsx:75:48)
    at ThemeProvider (/workspaces/passcpa/src/test/components/pages/Settings.test.tsx:81:21)
    at Router (/workspaces/passcpa/node_modules/react-router/dist/umd/react-router.development.js:1207:17)
    at BrowserRouter (/workspaces/passcpa/node_modules/react-router-dom/dist/umd/react-router-dom.development.js:695:7)

stderr | src/test/components/pages/Settings.test.tsx > Settings Component > Study Plan Tab > displays exam section options
Warning: An update to Settings inside a test was not wrapped in act(...).

When testing, code that causes React state updates should be wrapped into act(...):

act(() => {
  /* fire events that update state */
});
/* assert on the output */

This ensures that you're testing the behavior the user would see in the browser. Learn more at https://reactjs.org/link/wrap-tests-with-act
    at Settings (/workspaces/passcpa/src/components/pages/Settings.tsx:75:48)
    at ThemeProvider (/workspaces/passcpa/src/test/components/pages/Settings.test.tsx:81:21)
    at Router (/workspaces/passcpa/node_modules/react-router/dist/umd/react-router.development.js:1207:17)
    at BrowserRouter (/workspaces/passcpa/node_modules/react-router-dom/dist/umd/react-router-dom.development.js:695:7)

stderr | src/test/components/pages/Settings.test.tsx > Settings Component > Study Plan Tab > displays daily goal presets
Warning: An update to Settings inside a test was not wrapped in act(...).

When testing, code that causes React state updates should be wrapped into act(...):

act(() => {
  /* fire events that update state */
});
/* assert on the output */

This ensures that you're testing the behavior the user would see in the browser. Learn more at https://reactjs.org/link/wrap-tests-with-act
    at Settings (/workspaces/passcpa/src/components/pages/Settings.tsx:75:48)
    at ThemeProvider (/workspaces/passcpa/src/test/components/pages/Settings.test.tsx:81:21)
    at Router (/workspaces/passcpa/node_modules/react-router/dist/umd/react-router.development.js:1207:17)
    at BrowserRouter (/workspaces/passcpa/node_modules/react-router-dom/dist/umd/react-router-dom.development.js:695:7)

stderr | src/test/components/pages/Settings.test.tsx > Settings Component > Notifications Tab > switches to Notifications tab when clicked
Warning: An update to Settings inside a test was not wrapped in act(...).

When testing, code that causes React state updates should be wrapped into act(...):

act(() => {
  /* fire events that update state */
});
/* assert on the output */

This ensures that you're testing the behavior the user would see in the browser. Learn more at https://reactjs.org/link/wrap-tests-with-act
    at Settings (/workspaces/passcpa/src/components/pages/Settings.tsx:75:48)
    at ThemeProvider (/workspaces/passcpa/src/test/components/pages/Settings.test.tsx:81:21)
    at Router (/workspaces/passcpa/node_modules/react-router/dist/umd/react-router.development.js:1207:17)
    at BrowserRouter (/workspaces/passcpa/node_modules/react-router-dom/dist/umd/react-router-dom.development.js:695:7)

stderr | src/test/components/pages/Settings.test.tsx > Settings Component > Notifications Tab > displays daily reminder toggle
Warning: An update to Settings inside a test was not wrapped in act(...).

When testing, code that causes React state updates should be wrapped into act(...):

act(() => {
  /* fire events that update state */
});
/* assert on the output */

This ensures that you're testing the behavior the user would see in the browser. Learn more at https://reactjs.org/link/wrap-tests-with-act
    at Settings (/workspaces/passcpa/src/components/pages/Settings.tsx:75:48)
    at ThemeProvider (/workspaces/passcpa/src/test/components/pages/Settings.test.tsx:81:21)
    at Router (/workspaces/passcpa/node_modules/react-router/dist/umd/react-router.development.js:1207:17)
    at BrowserRouter (/workspaces/passcpa/node_modules/react-router-dom/dist/umd/react-router-dom.development.js:695:7)

stderr | src/test/components/pages/Settings.test.tsx > Settings Component > Notifications Tab > displays weekly report toggle
Warning: An update to Settings inside a test was not wrapped in act(...).

When testing, code that causes React state updates should be wrapped into act(...):

act(() => {
  /* fire events that update state */
});
/* assert on the output */

This ensures that you're testing the behavior the user would see in the browser. Learn more at https://reactjs.org/link/wrap-tests-with-act
    at Settings (/workspaces/passcpa/src/components/pages/Settings.tsx:75:48)
    at ThemeProvider (/workspaces/passcpa/src/test/components/pages/Settings.test.tsx:81:21)
    at Router (/workspaces/passcpa/node_modules/react-router/dist/umd/react-router.development.js:1207:17)
    at BrowserRouter (/workspaces/passcpa/node_modules/react-router-dom/dist/umd/react-router-dom.development.js:695:7)

stderr | src/test/components/pages/Settings.test.tsx > Settings Component > Offline Tab > switches to Offline tab when clicked
Warning: An update to Settings inside a test was not wrapped in act(...).

When testing, code that causes React state updates should be wrapped into act(...):

act(() => {
  /* fire events that update state */
});
/* assert on the output */

This ensures that you're testing the behavior the user would see in the browser. Learn more at https://reactjs.org/link/wrap-tests-with-act
    at Settings (/workspaces/passcpa/src/components/pages/Settings.tsx:75:48)
    at ThemeProvider (/workspaces/passcpa/src/test/components/pages/Settings.test.tsx:81:21)
    at Router (/workspaces/passcpa/node_modules/react-router/dist/umd/react-router.development.js:1207:17)
    at BrowserRouter (/workspaces/passcpa/node_modules/react-router-dom/dist/umd/react-router-dom.development.js:695:7)

stderr | src/test/components/pages/Settings.test.tsx > Settings Component > Offline Tab > displays download button
Warning: An update to Settings inside a test was not wrapped in act(...).

When testing, code that causes React state updates should be wrapped into act(...):

act(() => {
  /* fire events that update state */
});
/* assert on the output */

This ensures that you're testing the behavior the user would see in the browser. Learn more at https://reactjs.org/link/wrap-tests-with-act
    at Settings (/workspaces/passcpa/src/components/pages/Settings.tsx:75:48)
    at ThemeProvider (/workspaces/passcpa/src/test/components/pages/Settings.test.tsx:81:21)
    at Router (/workspaces/passcpa/node_modules/react-router/dist/umd/react-router.development.js:1207:17)
    at BrowserRouter (/workspaces/passcpa/node_modules/react-router-dom/dist/umd/react-router-dom.development.js:695:7)

stderr | src/test/components/pages/Settings.test.tsx > Settings Component > Feedback & Support Tab > switches to Feedback tab when clicked
Warning: An update to Settings inside a test was not wrapped in act(...).

When testing, code that causes React state updates should be wrapped into act(...):

act(() => {
  /* fire events that update state */
});
/* assert on the output */

This ensures that you're testing the behavior the user would see in the browser. Learn more at https://reactjs.org/link/wrap-tests-with-act
    at Settings (/workspaces/passcpa/src/components/pages/Settings.tsx:75:48)
    at ThemeProvider (/workspaces/passcpa/src/test/components/pages/Settings.test.tsx:81:21)
    at Router (/workspaces/passcpa/node_modules/react-router/dist/umd/react-router.development.js:1207:17)
    at BrowserRouter (/workspaces/passcpa/node_modules/react-router-dom/dist/umd/react-router-dom.development.js:695:7)

stderr | src/test/components/pages/Settings.test.tsx > Settings Component > Feedback & Support Tab > displays send feedback link
Warning: An update to Settings inside a test was not wrapped in act(...).

When testing, code that causes React state updates should be wrapped into act(...):

act(() => {
  /* fire events that update state */
});
/* assert on the output */

This ensures that you're testing the behavior the user would see in the browser. Learn more at https://reactjs.org/link/wrap-tests-with-act
    at Settings (/workspaces/passcpa/src/components/pages/Settings.tsx:75:48)
    at ThemeProvider (/workspaces/passcpa/src/test/components/pages/Settings.test.tsx:81:21)
    at Router (/workspaces/passcpa/node_modules/react-router/dist/umd/react-router.development.js:1207:17)
    at BrowserRouter (/workspaces/passcpa/node_modules/react-router-dom/dist/umd/react-router-dom.development.js:695:7)

stderr | src/test/components/pages/Settings.test.tsx > Settings Component > Feedback & Support Tab > displays report bug link
Warning: An update to Settings inside a test was not wrapped in act(...).

When testing, code that causes React state updates should be wrapped into act(...):

act(() => {
  /* fire events that update state */
});
/* assert on the output */

This ensures that you're testing the behavior the user would see in the browser. Learn more at https://reactjs.org/link/wrap-tests-with-act
    at Settings (/workspaces/passcpa/src/components/pages/Settings.tsx:75:48)
    at ThemeProvider (/workspaces/passcpa/src/test/components/pages/Settings.test.tsx:81:21)
    at Router (/workspaces/passcpa/node_modules/react-router/dist/umd/react-router.development.js:1207:17)
    at BrowserRouter (/workspaces/passcpa/node_modules/react-router-dom/dist/umd/react-router-dom.development.js:695:7)

stderr | src/test/components/pages/Settings.test.tsx > Settings Component > Account Tab > switches to Account tab when clicked
Warning: An update to Settings inside a test was not wrapped in act(...).

When testing, code that causes React state updates should be wrapped into act(...):

act(() => {
  /* fire events that update state */
});
/* assert on the output */

This ensures that you're testing the behavior the user would see in the browser. Learn more at https://reactjs.org/link/wrap-tests-with-act
    at Settings (/workspaces/passcpa/src/components/pages/Settings.tsx:75:48)
    at ThemeProvider (/workspaces/passcpa/src/test/components/pages/Settings.test.tsx:81:21)
    at Router (/workspaces/passcpa/node_modules/react-router/dist/umd/react-router.development.js:1207:17)
    at BrowserRouter (/workspaces/passcpa/node_modules/react-router-dom/dist/umd/react-router-dom.development.js:695:7)

stderr | src/test/components/pages/Settings.test.tsx > Settings Component > Account Tab > displays user ID
Warning: An update to Settings inside a test was not wrapped in act(...).

When testing, code that causes React state updates should be wrapped into act(...):

act(() => {
  /* fire events that update state */
});
/* assert on the output */

This ensures that you're testing the behavior the user would see in the browser. Learn more at https://reactjs.org/link/wrap-tests-with-act
    at Settings (/workspaces/passcpa/src/components/pages/Settings.tsx:75:48)
    at ThemeProvider (/workspaces/passcpa/src/test/components/pages/Settings.test.tsx:81:21)
    at Router (/workspaces/passcpa/node_modules/react-router/dist/umd/react-router.development.js:1207:17)
    at BrowserRouter (/workspaces/passcpa/node_modules/react-router-dom/dist/umd/react-router-dom.development.js:695:7)

stderr | src/test/components/pages/Settings.test.tsx > Settings Component > Account Tab > displays change password button
Warning: An update to Settings inside a test was not wrapped in act(...).

When testing, code that causes React state updates should be wrapped into act(...):

act(() => {
  /* fire events that update state */
});
/* assert on the output */

This ensures that you're testing the behavior the user would see in the browser. Learn more at https://reactjs.org/link/wrap-tests-with-act
    at Settings (/workspaces/passcpa/src/components/pages/Settings.tsx:75:48)
    at ThemeProvider (/workspaces/passcpa/src/test/components/pages/Settings.test.tsx:81:21)
    at Router (/workspaces/passcpa/node_modules/react-router/dist/umd/react-router.development.js:1207:17)
    at BrowserRouter (/workspaces/passcpa/node_modules/react-router-dom/dist/umd/react-router-dom.development.js:695:7)

stderr | src/test/components/pages/Settings.test.tsx > Settings Component > Account Tab > displays sign out button
Warning: An update to Settings inside a test was not wrapped in act(...).

When testing, code that causes React state updates should be wrapped into act(...):

act(() => {
  /* fire events that update state */
});
/* assert on the output */

This ensures that you're testing the behavior the user would see in the browser. Learn more at https://reactjs.org/link/wrap-tests-with-act
    at Settings (/workspaces/passcpa/src/components/pages/Settings.tsx:75:48)
    at ThemeProvider (/workspaces/passcpa/src/test/components/pages/Settings.test.tsx:81:21)
    at Router (/workspaces/passcpa/node_modules/react-router/dist/umd/react-router.development.js:1207:17)
    at BrowserRouter (/workspaces/passcpa/node_modules/react-router-dom/dist/umd/react-router-dom.development.js:695:7)

stderr | src/test/components/pages/Settings.test.tsx > Settings Component > Account Tab > calls signOut when sign out button is clicked
Warning: An update to Settings inside a test was not wrapped in act(...).

When testing, code that causes React state updates should be wrapped into act(...):

act(() => {
  /* fire events that update state */
});
/* assert on the output */

This ensures that you're testing the behavior the user would see in the browser. Learn more at https://reactjs.org/link/wrap-tests-with-act
    at Settings (/workspaces/passcpa/src/components/pages/Settings.tsx:75:48)
    at ThemeProvider (/workspaces/passcpa/src/test/components/pages/Settings.test.tsx:81:21)
    at Router (/workspaces/passcpa/node_modules/react-router/dist/umd/react-router.development.js:1207:17)
    at BrowserRouter (/workspaces/passcpa/node_modules/react-router-dom/dist/umd/react-router-dom.development.js:695:7)

stderr | src/test/components/pages/Settings.test.tsx > Settings Component > Save Functionality > shows save button on profile tab
Warning: An update to Settings inside a test was not wrapped in act(...).

When testing, code that causes React state updates should be wrapped into act(...):

act(() => {
  /* fire events that update state */
});
/* assert on the output */

This ensures that you're testing the behavior the user would see in the browser. Learn more at https://reactjs.org/link/wrap-tests-with-act
    at Settings (/workspaces/passcpa/src/components/pages/Settings.tsx:75:48)
    at ThemeProvider (/workspaces/passcpa/src/test/components/pages/Settings.test.tsx:81:21)
    at Router (/workspaces/passcpa/node_modules/react-router/dist/umd/react-router.development.js:1207:17)
    at BrowserRouter (/workspaces/passcpa/node_modules/react-router-dom/dist/umd/react-router-dom.development.js:695:7)

stderr | src/test/components/pages/Settings.test.tsx > Settings Component > Save Functionality > hides save button on offline tab
Warning: An update to Settings inside a test was not wrapped in act(...).

When testing, code that causes React state updates should be wrapped into act(...):

act(() => {
  /* fire events that update state */
});
/* assert on the output */

This ensures that you're testing the behavior the user would see in the browser. Learn more at https://reactjs.org/link/wrap-tests-with-act
    at Settings (/workspaces/passcpa/src/components/pages/Settings.tsx:75:48)
    at ThemeProvider (/workspaces/passcpa/src/test/components/pages/Settings.test.tsx:81:21)
    at Router (/workspaces/passcpa/node_modules/react-router/dist/umd/react-router.development.js:1207:17)
    at BrowserRouter (/workspaces/passcpa/node_modules/react-router-dom/dist/umd/react-router-dom.development.js:695:7)

stderr | src/test/components/pages/Settings.test.tsx > Settings Component > Save Functionality > hides save button on feedback tab
Warning: An update to Settings inside a test was not wrapped in act(...).

When testing, code that causes React state updates should be wrapped into act(...):

act(() => {
  /* fire events that update state */
});
/* assert on the output */

This ensures that you're testing the behavior the user would see in the browser. Learn more at https://reactjs.org/link/wrap-tests-with-act
    at Settings (/workspaces/passcpa/src/components/pages/Settings.tsx:75:48)
    at ThemeProvider (/workspaces/passcpa/src/test/components/pages/Settings.test.tsx:81:21)
    at Router (/workspaces/passcpa/node_modules/react-router/dist/umd/react-router.development.js:1207:17)
    at BrowserRouter (/workspaces/passcpa/node_modules/react-router-dom/dist/umd/react-router-dom.development.js:695:7)

stderr | src/test/components/pages/Settings.test.tsx > Settings Component > Save Functionality > hides save button on account tab
Warning: An update to Settings inside a test was not wrapped in act(...).

When testing, code that causes React state updates should be wrapped into act(...):

act(() => {
  /* fire events that update state */
});
/* assert on the output */

This ensures that you're testing the behavior the user would see in the browser. Learn more at https://reactjs.org/link/wrap-tests-with-act
    at Settings (/workspaces/passcpa/src/components/pages/Settings.tsx:75:48)
    at ThemeProvider (/workspaces/passcpa/src/test/components/pages/Settings.test.tsx:81:21)
    at Router (/workspaces/passcpa/node_modules/react-router/dist/umd/react-router.development.js:1207:17)
    at BrowserRouter (/workspaces/passcpa/node_modules/react-router-dom/dist/umd/react-router-dom.development.js:695:7)

stdout | src/test/components/pages/Settings.test.tsx > Settings Component > Save Functionality > calls updateUserProfile when saving
[Settings] Saving exam date: {
  courseId: 'cpa',
  examDate: '2026-06-15',
  examDateUpdate: {
    examDates: { CPA: 2026-06-15T00:00:00.000Z },
    examDate: 2026-06-15T00:00:00.000Z
  },
  examSection: 'FAR'
}
[Settings] Profile updated successfully
Cleared daily plan cache for section FAR
Could not clear Firestore daily plan (may not exist): Error: [vitest] No "deleteDoc" export is defined on the "firebase/firestore" mock. Did you forget to return it from "vi.mock"?
If you need to partially mock a module, you can use "importOriginal" helper inside:

    at VitestMocker.createError (file:///workspaces/passcpa/node_modules/vitest/dist/vendor/execute.fL3szUAI.js:79:19)
    at Object.get (file:///workspaces/passcpa/node_modules/vitest/dist/vendor/execute.fL3szUAI.js:153:22)
    at Module.clearTodaysPlan (/workspaces/passcpa/src/services/dailyPlanPersistence.ts:446:13)
    at handleSave (/workspaces/passcpa/src/components/pages/Settings.tsx:358:17)
    at processTicksAndRejections (node:internal/process/task_queues:103:5) {
  codeFrame: 'vi.mock("firebase/firestore", async (importOriginal) => {\n' +
    '  const actual = await importOriginal()\n' +
    '  return {\n' +
    '    ...actual,\n' +
    '    // your mocked methods\n' +
    '  }\n' +
    '})'
}
Daily plan cache cleared - will regenerate with updated settings

 ✓ src/test/components/pages/Settings.test.tsx > Settings Component > Component Rendering > renders the Settings page with title 2679ms
 × src/test/components/pages/Settings.test.tsx > Settings Component > Component Rendering > renders all navigation tabs
   → Unable to find an element with the text: Study Plan. This could be because the text is broken up by multiple elements. In this case, you can provide a function for your text matcher to make your matcher more flexible.

Ignored nodes: comments, script, style
[36m<body>[39m
  [36m<div>[39m
    [36m<div[39m
      [33mclass[39m=[32m"min-h-screen bg-slate-50 dark:bg-slate-900 pb-20"[39m
    [36m>[39m
      [36m<header[39m
        [33mclass[39m=[32m"bg-white dark:bg-slate-800 border-b border-slate-200 dark:border-slate-700"[39m
      [36m>[39m
        [36m<div[39m
          [33mclass[39m=[32m"max-w-5xl mx-auto px-4 sm:px-6 py-4"[39m
        [36m>[39m
          [36m<div[39m
            [33mclass[39m=[32m"flex items-center justify-between mb-2"[39m
          [36m>[39m
            [36m<div[39m
              [33mclass[39m=[32m"sm:hidden"[39m
            [36m>[39m
              [36m<button[39m
                [33maria-label[39m=[32m"Go back to Home"[39m
                [33mclass[39m=[32m"inline-flex items-center font-medium transition-colors text-slate-600 dark:text-slate-300 hover:text-slate-900 dark:hover:text-white focus:outline-none focus-visible:ring-2 focus-visible:ring-primary-500 focus-visible:ring-offset-2 rounded-lg py-1.5 px-2 -ml-2 hover:bg-slate-100 dark:hover:bg-slate-800 text-xs gap-1"[39m
              [36m>[39m
                [36m<svg[39m
                  [33mclass[39m=[32m"lucide lucide-arrow-left w-3.5 h-3.5"[39m
                  [33mfill[39m=[32m"none"[39m
                  [33mheight[39m=[32m"24"[39m
                  [33mstroke[39m=[32m"currentColor"[39m
                  [33mstroke-linecap[39m=[32m"round"[39m
                  [33mstroke-linejoin[39m=[32m"round"[39m
                  [33mstroke-width[39m=[32m"2"[39m
                  [33mviewBox[39m=[32m"0 0 24 24"[39m
                  [33mwidth[39m=[32m"24"[39m
                  [33mxmlns[39m=[32m"http://www.w3.org/2000/svg"[39m
                [36m>[39m
                  [36m<path[39m
                    [33md[39m=[32m"m12 19-7-7 7-7"[39m
                  [36m/>[39m
                  [36m<path[39m
                    [33md[39m=[32m"M19 12H5"[39m
                  [36m/>[39m
                [36m</svg>[39m
                [36m<span[39m
                  [33mclass[39m=[32m""[39m
                [36m>[39m
                  [0mHome[0m
                [36m</span>[39m
              [36m</button>[39m
            [36m</div>[39m
            [36m<div[39m
              [33mclass[39m=[32m"hidden sm:block"[39m
            [36m>[39m
              [36m<button[39m
                [33maria-label[39m=[32m"Go back to Home"[39m
                [33mclass[39m=[32m"inline-flex items-center font-medium transition-colors text-slate-600 dark:text-slate-300 hover:text-slate-900 dark:hover:text-white focus:outline-none focus-visible:ring-2 focus-visible:ring-primary-500 focus-visible:ring-offset-2 rounded-lg py-1.5 px-2 -ml-2 hover:bg-slate-100 dark:hover:bg-slate-800 text-sm gap-1.5"[39m
              [36m>[39m
                [36m<svg[39m
                  [33mclass[39m=[32m"lucide lucide-arrow-left w-4 h-4"[39m
                  [33mfill[39m=[32m"none"[39m
                  [33mheight[39m=[32m"24"[39m
                  [33mstroke[39m=[32m"currentColor"[39m
                  [33mstroke-linecap[39m=[32m"round"[39m
                  [33mstroke-linejoin[39m=[32m"round"[39m
                  [33mstroke-width[39m=[32m"2"[39m
                  [33mviewBox[39m=[32m"0 0 24 24"[39m
                  [33mwidth[39m=[32m"24"[39m
                  [33mxmlns[39m=[32m"http://www.w3.org/2000/svg"[39m
                [36m>[39m
                  [36m<path[39m
                    [33md[39m=[32m"m12 19-7-7 7-7"[39m
                  [36m/>[39m
                  [36m<path[39m
                    [33md[39m=[32m"M19 12H5"[39m
                  [36m/>[39m
                [36m</svg>[39m
                [36m<span[39m
                  [33mclass[39m=[32m""[39m
                [36m>[39m
                  [0mHome[0m
                [36m</span>[39m
              [36m</button>[39m
            [36m</div>[39m
          [36m</div>[39m
          [36m<div[39m
            [33mclass[39m=[32m"flex items-start justify-between gap-4"[39m
          [36m>[39m
            [36m<div[39m
              [33mclass[39m=[32m"min-w-0 flex-1"[39m
            [36m>[39m
              [36m<h1[39m
                [33mclass[39m=[32m"font-bold text-slate-900 dark:text-white truncate text-xl sm:text-2xl"[39m
              [36m>[39m
                [0mSettings[0m
              [36m</h1>[39m
              [36m<p[39m
                [33mclass[39m=[32m"mt-1 text-sm text-slate-600 dark:text-slate-400 line-clamp-2"[39m
              [36m>[39m
                [0mManage your account and preferences[0m
              [36m</p>[39m
            [36m</div>[39m
          [36m</div>[39m
        [36m</div>[39m
      [36m</header>[39m
      [36m<div[39m
        [33mclass[39m=[32m"p-4 sm:p-6 lg:p-8 max-w-4xl mx-auto"[39m
      [36m>[39m
        [36m<div[39m
          [33mclass[39m=[32m"flex flex-col md:flex-row gap-6"[39m
        [36m>[39m
          [36m<div[39m
            [33mclass[39m=[32m"md:hidden mb-4"[39m
          [36m>[39m
            [36m<div[39m
              [33mclass[39m=[32m"relative"[39m
            [36m>[39m
              [36m<select[39m
                [33mclass[39m=[32m"w-full appearance-none bg-white dark:bg-slate-800 border border-slate-300 dark:border-slate-600 rounded-xl px-4 py-3 pr-10 text-slate-900 dark:text-slate-100 font-medium focus:ring-2 focus:ring-primary-500 focus:border-primary-500"[39m
              [36m>[39m
                [36m<option[39m
                  [33mvalue[39m=[32m"profile"[39m
                [36m>[39m
                  [0mProfile[0m
                [36m</option>[39m
                [36m<option[39m
                  [33mvalue[39m=[32m"invite"[39m
                [36m>[39m
                  [0mInvite Friends[0m
                [36m</option>[39m
                [36m<option[39m
                  [33mvalue[39m=[32m"appearance"[39m
                [36m>[39m
                  [0mAppearance[0m
                [36m</option>[39m
                [36m<option[39m
                  [33mvalue[39m=[32m"notifications"[39m
                [36m>[39m
                  [0mNotifications[0m
                [36m</option>[39m
                [36m<option[39m
                  [33mvalue[39m=[32m"feedback"[39m
                [36m>[39m
                  [0mFeedback & Support[0m
                [36m</option>[39m
                [36m<option[39m
                  [33mvalue[39m=[32m"offline"[39m
                [36m>[39m
                  [0mOffline[0m
                [36m</option>[39m
                [36m<option[39m
                  [33mvalue[39m=[32m"install"[39m
                [36m>[39m
                  [0mInstall App[0m
                [...
 ✓ src/test/components/pages/Settings.test.tsx > Settings Component > Component Rendering > shows Profile tab content by default
 ✓ src/test/components/pages/Settings.test.tsx > Settings Component > Profile Tab > displays user email (disabled)
 ✓ src/test/components/pages/Settings.test.tsx > Settings Component > Profile Tab > displays display name input with current value
 ✓ src/test/components/pages/Settings.test.tsx > Settings Component > Profile Tab > allows changing display name
 ✓ src/test/components/pages/Settings.test.tsx > Settings Component > Profile Tab > shows Change Photo button
 ✓ src/test/components/pages/Settings.test.tsx > Settings Component > Profile Tab > displays user initials when no photo
 × src/test/components/pages/Settings.test.tsx > Settings Component > Study Plan Tab > switches to Study Plan tab when clicked
   → Unable to find an element with the text: Study Plan. This could be because the text is broken up by multiple elements. In this case, you can provide a function for your text matcher to make your matcher more flexible.

Ignored nodes: comments, script, style
[36m<body>[39m
  [36m<div>[39m
    [36m<div[39m
      [33mclass[39m=[32m"min-h-screen bg-slate-50 dark:bg-slate-900 pb-20"[39m
    [36m>[39m
      [36m<header[39m
        [33mclass[39m=[32m"bg-white dark:bg-slate-800 border-b border-slate-200 dark:border-slate-700"[39m
      [36m>[39m
        [36m<div[39m
          [33mclass[39m=[32m"max-w-5xl mx-auto px-4 sm:px-6 py-4"[39m
        [36m>[39m
          [36m<div[39m
            [33mclass[39m=[32m"flex items-center justify-between mb-2"[39m
          [36m>[39m
            [36m<div[39m
              [33mclass[39m=[32m"sm:hidden"[39m
            [36m>[39m
              [36m<button[39m
                [33maria-label[39m=[32m"Go back to Home"[39m
                [33mclass[39m=[32m"inline-flex items-center font-medium transition-colors text-slate-600 dark:text-slate-300 hover:text-slate-900 dark:hover:text-white focus:outline-none focus-visible:ring-2 focus-visible:ring-primary-500 focus-visible:ring-offset-2 rounded-lg py-1.5 px-2 -ml-2 hover:bg-slate-100 dark:hover:bg-slate-800 text-xs gap-1"[39m
              [36m>[39m
                [36m<svg[39m
                  [33mclass[39m=[32m"lucide lucide-arrow-left w-3.5 h-3.5"[39m
                  [33mfill[39m=[32m"none"[39m
                  [33mheight[39m=[32m"24"[39m
                  [33mstroke[39m=[32m"currentColor"[39m
                  [33mstroke-linecap[39m=[32m"round"[39m
                  [33mstroke-linejoin[39m=[32m"round"[39m
                  [33mstroke-width[39m=[32m"2"[39m
                  [33mviewBox[39m=[32m"0 0 24 24"[39m
                  [33mwidth[39m=[32m"24"[39m
                  [33mxmlns[39m=[32m"http://www.w3.org/2000/svg"[39m
                [36m>[39m
                  [36m<path[39m
                    [33md[39m=[32m"m12 19-7-7 7-7"[39m
                  [36m/>[39m
                  [36m<path[39m
                    [33md[39m=[32m"M19 12H5"[39m
                  [36m/>[39m
                [36m</svg>[39m
                [36m<span[39m
                  [33mclass[39m=[32m""[39m
                [36m>[39m
                  [0mHome[0m
                [36m</span>[39m
              [36m</button>[39m
            [36m</div>[39m
            [36m<div[39m
              [33mclass[39m=[32m"hidden sm:block"[39m
            [36m>[39m
              [36m<button[39m
                [33maria-label[39m=[32m"Go back to Home"[39m
                [33mclass[39m=[32m"inline-flex items-center font-medium transition-colors text-slate-600 dark:text-slate-300 hover:text-slate-900 dark:hover:text-white focus:outline-none focus-visible:ring-2 focus-visible:ring-primary-500 focus-visible:ring-offset-2 rounded-lg py-1.5 px-2 -ml-2 hover:bg-slate-100 dark:hover:bg-slate-800 text-sm gap-1.5"[39m
              [36m>[39m
                [36m<svg[39m
                  [33mclass[39m=[32m"lucide lucide-arrow-left w-4 h-4"[39m
                  [33mfill[39m=[32m"none"[39m
                  [33mheight[39m=[32m"24"[39m
                  [33mstroke[39m=[32m"currentColor"[39m
                  [33mstroke-linecap[39m=[32m"round"[39m
                  [33mstroke-linejoin[39m=[32m"round"[39m
                  [33mstroke-width[39m=[32m"2"[39m
                  [33mviewBox[39m=[32m"0 0 24 24"[39m
                  [33mwidth[39m=[32m"24"[39m
                  [33mxmlns[39m=[32m"http://www.w3.org/2000/svg"[39m
                [36m>[39m
                  [36m<path[39m
                    [33md[39m=[32m"m12 19-7-7 7-7"[39m
                  [36m/>[39m
                  [36m<path[39m
                    [33md[39m=[32m"M19 12H5"[39m
                  [36m/>[39m
                [36m</svg>[39m
                [36m<span[39m
                  [33mclass[39m=[32m""[39m
                [36m>[39m
                  [0mHome[0m
                [36m</span>[39m
              [36m</button>[39m
            [36m</div>[39m
          [36m</div>[39m
          [36m<div[39m
            [33mclass[39m=[32m"flex items-start justify-between gap-4"[39m
          [36m>[39m
            [36m<div[39m
              [33mclass[39m=[32m"min-w-0 flex-1"[39m
            [36m>[39m
              [36m<h1[39m
                [33mclass[39m=[32m"font-bold text-slate-900 dark:text-white truncate text-xl sm:text-2xl"[39m
              [36m>[39m
                [0mSettings[0m
              [36m</h1>[39m
              [36m<p[39m
                [33mclass[39m=[32m"mt-1 text-sm text-slate-600 dark:text-slate-400 line-clamp-2"[39m
              [36m>[39m
                [0mManage your account and preferences[0m
              [36m</p>[39m
            [36m</div>[39m
          [36m</div>[39m
        [36m</div>[39m
      [36m</header>[39m
      [36m<div[39m
        [33mclass[39m=[32m"p-4 sm:p-6 lg:p-8 max-w-4xl mx-auto"[39m
      [36m>[39m
        [36m<div[39m
          [33mclass[39m=[32m"flex flex-col md:flex-row gap-6"[39m
        [36m>[39m
          [36m<div[39m
            [33mclass[39m=[32m"md:hidden mb-4"[39m
          [36m>[39m
            [36m<div[39m
              [33mclass[39m=[32m"relative"[39m
            [36m>[39m
              [36m<select[39m
                [33mclass[39m=[32m"w-full appearance-none bg-white dark:bg-slate-800 border border-slate-300 dark:border-slate-600 rounded-xl px-4 py-3 pr-10 text-slate-900 dark:text-slate-100 font-medium focus:ring-2 focus:ring-primary-500 focus:border-primary-500"[39m
              [36m>[39m
                [36m<option[39m
                  [33mvalue[39m=[32m"profile"[39m
                [36m>[39m
                  [0mProfile[0m
                [36m</option>[39m
                [36m<option[39m
                  [33mvalue[39m=[32m"invite"[39m
                [36m>[39m
                  [0mInvite Friends[0m
                [36m</option>[39m
                [36m<option[39m
                  [33mvalue[39m=[32m"appearance"[39m
                [36m>[39m
                  [0mAppearance[0m
                [36m</option>[39m
                [36m<option[39m
                  [33mvalue[39m=[32m"notifications"[39m
                [36m>[39m
                  [0mNotifications[0m
                [36m</option>[39m
                [36m<option[39m
                  [33mvalue[39m=[32m"feedback"[39m
                [36m>[39m
                  [0mFeedback & Support[0m
                [36m</option>[39m
                [36m<option[39m
                  [33mvalue[39m=[32m"offline"[39m
                [36m>[39m
                  [0mOffline[0m
                [36m</option>[39m
                [36m<option[39m
                  [33mvalue[39m=[32m"install"[39m
                [36m>[39m
                  [0mInstall App[0m
                [...
 × src/test/components/pages/Settings.test.tsx > Settings Component > Study Plan Tab > displays exam section options
   → Unable to find an element with the text: Study Plan. This could be because the text is broken up by multiple elements. In this case, you can provide a function for your text matcher to make your matcher more flexible.

Ignored nodes: comments, script, style
[36m<body>[39m
  [36m<div>[39m
    [36m<div[39m
      [33mclass[39m=[32m"min-h-screen bg-slate-50 dark:bg-slate-900 pb-20"[39m
    [36m>[39m
      [36m<header[39m
        [33mclass[39m=[32m"bg-white dark:bg-slate-800 border-b border-slate-200 dark:border-slate-700"[39m
      [36m>[39m
        [36m<div[39m
          [33mclass[39m=[32m"max-w-5xl mx-auto px-4 sm:px-6 py-4"[39m
        [36m>[39m
          [36m<div[39m
            [33mclass[39m=[32m"flex items-center justify-between mb-2"[39m
          [36m>[39m
            [36m<div[39m
              [33mclass[39m=[32m"sm:hidden"[39m
            [36m>[39m
              [36m<button[39m
                [33maria-label[39m=[32m"Go back to Home"[39m
                [33mclass[39m=[32m"inline-flex items-center font-medium transition-colors text-slate-600 dark:text-slate-300 hover:text-slate-900 dark:hover:text-white focus:outline-none focus-visible:ring-2 focus-visible:ring-primary-500 focus-visible:ring-offset-2 rounded-lg py-1.5 px-2 -ml-2 hover:bg-slate-100 dark:hover:bg-slate-800 text-xs gap-1"[39m
              [36m>[39m
                [36m<svg[39m
                  [33mclass[39m=[32m"lucide lucide-arrow-left w-3.5 h-3.5"[39m
                  [33mfill[39m=[32m"none"[39m
                  [33mheight[39m=[32m"24"[39m
                  [33mstroke[39m=[32m"currentColor"[39m
                  [33mstroke-linecap[39m=[32m"round"[39m
                  [33mstroke-linejoin[39m=[32m"round"[39m
                  [33mstroke-width[39m=[32m"2"[39m
                  [33mviewBox[39m=[32m"0 0 24 24"[39m
                  [33mwidth[39m=[32m"24"[39m
                  [33mxmlns[39m=[32m"http://www.w3.org/2000/svg"[39m
                [36m>[39m
                  [36m<path[39m
                    [33md[39m=[32m"m12 19-7-7 7-7"[39m
                  [36m/>[39m
                  [36m<path[39m
                    [33md[39m=[32m"M19 12H5"[39m
                  [36m/>[39m
                [36m</svg>[39m
                [36m<span[39m
                  [33mclass[39m=[32m""[39m
                [36m>[39m
                  [0mHome[0m
                [36m</span>[39m
              [36m</button>[39m
            [36m</div>[39m
            [36m<div[39m
              [33mclass[39m=[32m"hidden sm:block"[39m
            [36m>[39m
              [36m<button[39m
                [33maria-label[39m=[32m"Go back to Home"[39m
                [33mclass[39m=[32m"inline-flex items-center font-medium transition-colors text-slate-600 dark:text-slate-300 hover:text-slate-900 dark:hover:text-white focus:outline-none focus-visible:ring-2 focus-visible:ring-primary-500 focus-visible:ring-offset-2 rounded-lg py-1.5 px-2 -ml-2 hover:bg-slate-100 dark:hover:bg-slate-800 text-sm gap-1.5"[39m
              [36m>[39m
                [36m<svg[39m
                  [33mclass[39m=[32m"lucide lucide-arrow-left w-4 h-4"[39m
                  [33mfill[39m=[32m"none"[39m
                  [33mheight[39m=[32m"24"[39m
                  [33mstroke[39m=[32m"currentColor"[39m
                  [33mstroke-linecap[39m=[32m"round"[39m
                  [33mstroke-linejoin[39m=[32m"round"[39m
                  [33mstroke-width[39m=[32m"2"[39m
                  [33mviewBox[39m=[32m"0 0 24 24"[39m
                  [33mwidth[39m=[32m"24"[39m
                  [33mxmlns[39m=[32m"http://www.w3.org/2000/svg"[39m
                [36m>[39m
                  [36m<path[39m
                    [33md[39m=[32m"m12 19-7-7 7-7"[39m
                  [36m/>[39m
                  [36m<path[39m
                    [33md[39m=[32m"M19 12H5"[39m
                  [36m/>[39m
                [36m</svg>[39m
                [36m<span[39m
                  [33mclass[39m=[32m""[39m
                [36m>[39m
                  [0mHome[0m
                [36m</span>[39m
              [36m</button>[39m
            [36m</div>[39m
          [36m</div>[39m
          [36m<div[39m
            [33mclass[39m=[32m"flex items-start justify-between gap-4"[39m
          [36m>[39m
            [36m<div[39m
              [33mclass[39m=[32m"min-w-0 flex-1"[39m
            [36m>[39m
              [36m<h1[39m
                [33mclass[39m=[32m"font-bold text-slate-900 dark:text-white truncate text-xl sm:text-2xl"[39m
              [36m>[39m
                [0mSettings[0m
              [36m</h1>[39m
              [36m<p[39m
                [33mclass[39m=[32m"mt-1 text-sm text-slate-600 dark:text-slate-400 line-clamp-2"[39m
              [36m>[39m
                [0mManage your account and preferences[0m
              [36m</p>[39m
            [36m</div>[39m
          [36m</div>[39m
        [36m</div>[39m
      [36m</header>[39m
      [36m<div[39m
        [33mclass[39m=[32m"p-4 sm:p-6 lg:p-8 max-w-4xl mx-auto"[39m
      [36m>[39m
        [36m<div[39m
          [33mclass[39m=[32m"flex flex-col md:flex-row gap-6"[39m
        [36m>[39m
          [36m<div[39m
            [33mclass[39m=[32m"md:hidden mb-4"[39m
          [36m>[39m
            [36m<div[39m
              [33mclass[39m=[32m"relative"[39m
            [36m>[39m
              [36m<select[39m
                [33mclass[39m=[32m"w-full appearance-none bg-white dark:bg-slate-800 border border-slate-300 dark:border-slate-600 rounded-xl px-4 py-3 pr-10 text-slate-900 dark:text-slate-100 font-medium focus:ring-2 focus:ring-primary-500 focus:border-primary-500"[39m
              [36m>[39m
                [36m<option[39m
                  [33mvalue[39m=[32m"profile"[39m
                [36m>[39m
                  [0mProfile[0m
                [36m</option>[39m
                [36m<option[39m
                  [33mvalue[39m=[32m"invite"[39m
                [36m>[39m
                  [0mInvite Friends[0m
                [36m</option>[39m
                [36m<option[39m
                  [33mvalue[39m=[32m"appearance"[39m
                [36m>[39m
                  [0mAppearance[0m
                [36m</option>[39m
                [36m<option[39m
                  [33mvalue[39m=[32m"notifications"[39m
                [36m>[39m
                  [0mNotifications[0m
                [36m</option>[39m
                [36m<option[39m
                  [33mvalue[39m=[32m"feedback"[39m
                [36m>[39m
                  [0mFeedback & Support[0m
                [36m</option>[39m
                [36m<option[39m
                  [33mvalue[39m=[32m"offline"[39m
                [36m>[39m
                  [0mOffline[0m
                [36m</option>[39m
                [36m<option[39m
                  [33mvalue[39m=[32m"install"[39m
                [36m>[39m
                  [0mInstall App[0m
                [...
 × src/test/components/pages/Settings.test.tsx > Settings Component > Study Plan Tab > displays daily goal presets
   → Unable to find an element with the text: Study Plan. This could be because the text is broken up by multiple elements. In this case, you can provide a function for your text matcher to make your matcher more flexible.

Ignored nodes: comments, script, style
[36m<body>[39m
  [36m<div>[39m
    [36m<div[39m
      [33mclass[39m=[32m"min-h-screen bg-slate-50 dark:bg-slate-900 pb-20"[39m
    [36m>[39m
      [36m<header[39m
        [33mclass[39m=[32m"bg-white dark:bg-slate-800 border-b border-slate-200 dark:border-slate-700"[39m
      [36m>[39m
        [36m<div[39m
          [33mclass[39m=[32m"max-w-5xl mx-auto px-4 sm:px-6 py-4"[39m
        [36m>[39m
          [36m<div[39m
            [33mclass[39m=[32m"flex items-center justify-between mb-2"[39m
          [36m>[39m
            [36m<div[39m
              [33mclass[39m=[32m"sm:hidden"[39m
            [36m>[39m
              [36m<button[39m
                [33maria-label[39m=[32m"Go back to Home"[39m
                [33mclass[39m=[32m"inline-flex items-center font-medium transition-colors text-slate-600 dark:text-slate-300 hover:text-slate-900 dark:hover:text-white focus:outline-none focus-visible:ring-2 focus-visible:ring-primary-500 focus-visible:ring-offset-2 rounded-lg py-1.5 px-2 -ml-2 hover:bg-slate-100 dark:hover:bg-slate-800 text-xs gap-1"[39m
              [36m>[39m
                [36m<svg[39m
                  [33mclass[39m=[32m"lucide lucide-arrow-left w-3.5 h-3.5"[39m
                  [33mfill[39m=[32m"none"[39m
                  [33mheight[39m=[32m"24"[39m
                  [33mstroke[39m=[32m"currentColor"[39m
                  [33mstroke-linecap[39m=[32m"round"[39m
                  [33mstroke-linejoin[39m=[32m"round"[39m
                  [33mstroke-width[39m=[32m"2"[39m
                  [33mviewBox[39m=[32m"0 0 24 24"[39m
                  [33mwidth[39m=[32m"24"[39m
                  [33mxmlns[39m=[32m"http://www.w3.org/2000/svg"[39m
                [36m>[39m
                  [36m<path[39m
                    [33md[39m=[32m"m12 19-7-7 7-7"[39m
                  [36m/>[39m
                  [36m<path[39m
                    [33md[39m=[32m"M19 12H5"[39m
                  [36m/>[39m
                [36m</svg>[39m
                [36m<span[39m
                  [33mclass[39m=[32m""[39m
                [36m>[39m
                  [0mHome[0m
                [36m</span>[39m
              [36m</button>[39m
            [36m</div>[39m
            [36m<div[39m
              [33mclass[39m=[32m"hidden sm:block"[39m
            [36m>[39m
              [36m<button[39m
                [33maria-label[39m=[32m"Go back to Home"[39m
                [33mclass[39m=[32m"inline-flex items-center font-medium transition-colors text-slate-600 dark:text-slate-300 hover:text-slate-900 dark:hover:text-white focus:outline-none focus-visible:ring-2 focus-visible:ring-primary-500 focus-visible:ring-offset-2 rounded-lg py-1.5 px-2 -ml-2 hover:bg-slate-100 dark:hover:bg-slate-800 text-sm gap-1.5"[39m
              [36m>[39m
                [36m<svg[39m
                  [33mclass[39m=[32m"lucide lucide-arrow-left w-4 h-4"[39m
                  [33mfill[39m=[32m"none"[39m
                  [33mheight[39m=[32m"24"[39m
                  [33mstroke[39m=[32m"currentColor"[39m
                  [33mstroke-linecap[39m=[32m"round"[39m
                  [33mstroke-linejoin[39m=[32m"round"[39m
                  [33mstroke-width[39m=[32m"2"[39m
                  [33mviewBox[39m=[32m"0 0 24 24"[39m
                  [33mwidth[39m=[32m"24"[39m
                  [33mxmlns[39m=[32m"http://www.w3.org/2000/svg"[39m
                [36m>[39m
                  [36m<path[39m
                    [33md[39m=[32m"m12 19-7-7 7-7"[39m
                  [36m/>[39m
                  [36m<path[39m
                    [33md[39m=[32m"M19 12H5"[39m
                  [36m/>[39m
                [36m</svg>[39m
                [36m<span[39m
                  [33mclass[39m=[32m""[39m
                [36m>[39m
                  [0mHome[0m
                [36m</span>[39m
              [36m</button>[39m
            [36m</div>[39m
          [36m</div>[39m
          [36m<div[39m
            [33mclass[39m=[32m"flex items-start justify-between gap-4"[39m
          [36m>[39m
            [36m<div[39m
              [33mclass[39m=[32m"min-w-0 flex-1"[39m
            [36m>[39m
              [36m<h1[39m
                [33mclass[39m=[32m"font-bold text-slate-900 dark:text-white truncate text-xl sm:text-2xl"[39m
              [36m>[39m
                [0mSettings[0m
              [36m</h1>[39m
              [36m<p[39m
                [33mclass[39m=[32m"mt-1 text-sm text-slate-600 dark:text-slate-400 line-clamp-2"[39m
              [36m>[39m
                [0mManage your account and preferences[0m
              [36m</p>[39m
            [36m</div>[39m
          [36m</div>[39m
        [36m</div>[39m
      [36m</header>[39m
      [36m<div[39m
        [33mclass[39m=[32m"p-4 sm:p-6 lg:p-8 max-w-4xl mx-auto"[39m
      [36m>[39m
        [36m<div[39m
          [33mclass[39m=[32m"flex flex-col md:flex-row gap-6"[39m
        [36m>[39m
          [36m<div[39m
            [33mclass[39m=[32m"md:hidden mb-4"[39m
          [36m>[39m
            [36m<div[39m
              [33mclass[39m=[32m"relative"[39m
            [36m>[39m
              [36m<select[39m
                [33mclass[39m=[32m"w-full appearance-none bg-white dark:bg-slate-800 border border-slate-300 dark:border-slate-600 rounded-xl px-4 py-3 pr-10 text-slate-900 dark:text-slate-100 font-medium focus:ring-2 focus:ring-primary-500 focus:border-primary-500"[39m
              [36m>[39m
                [36m<option[39m
                  [33mvalue[39m=[32m"profile"[39m
                [36m>[39m
                  [0mProfile[0m
                [36m</option>[39m
                [36m<option[39m
                  [33mvalue[39m=[32m"invite"[39m
                [36m>[39m
                  [0mInvite Friends[0m
                [36m</option>[39m
                [36m<option[39m
                  [33mvalue[39m=[32m"appearance"[39m
                [36m>[39m
                  [0mAppearance[0m
                [36m</option>[39m
                [36m<option[39m
                  [33mvalue[39m=[32m"notifications"[39m
                [36m>[39m
                  [0mNotifications[0m
                [36m</option>[39m
                [36m<option[39m
                  [33mvalue[39m=[32m"feedback"[39m
                [36m>[39m
                  [0mFeedback & Support[0m
                [36m</option>[39m
                [36m<option[39m
                  [33mvalue[39m=[32m"offline"[39m
                [36m>[39m
                  [0mOffline[0m
                [36m</option>[39m
                [36m<option[39m
                  [33mvalue[39m=[32m"install"[39m
                [36m>[39m
                  [0mInstall App[0m
                [...
 ✓ src/test/components/pages/Settings.test.tsx > Settings Component > Notifications Tab > switches to Notifications tab when clicked
 ✓ src/test/components/pages/Settings.test.tsx > Settings Component > Notifications Tab > displays daily reminder toggle
 ✓ src/test/components/pages/Settings.test.tsx > Settings Component > Notifications Tab > displays weekly report toggle
 ✓ src/test/components/pages/Settings.test.tsx > Settings Component > Offline Tab > switches to Offline tab when clicked
 ✓ src/test/components/pages/Settings.test.tsx > Settings Component > Offline Tab > displays download button
 ✓ src/test/components/pages/Settings.test.tsx > Settings Component > Feedback & Support Tab > switches to Feedback tab when clicked
 ✓ src/test/components/pages/Settings.test.tsx > Settings Component > Feedback & Support Tab > displays send feedback link
 ✓ src/test/components/pages/Settings.test.tsx > Settings Component > Feedback & Support Tab > displays report bug link
 ✓ src/test/components/pages/Settings.test.tsx > Settings Component > Account Tab > switches to Account tab when clicked
 ✓ src/test/components/pages/Settings.test.tsx > Settings Component > Account Tab > displays user ID
 ✓ src/test/components/pages/Settings.test.tsx > Settings Component > Account Tab > displays change password button
 ✓ src/test/components/pages/Settings.test.tsx > Settings Component > Account Tab > displays sign out button
 ✓ src/test/components/pages/Settings.test.tsx > Settings Component > Account Tab > calls signOut when sign out button is clicked
 ✓ src/test/components/pages/Settings.test.tsx > Settings Component > Save Functionality > shows save button on profile tab
 ✓ src/test/components/pages/Settings.test.tsx > Settings Component > Save Functionality > hides save button on offline tab
 ✓ src/test/components/pages/Settings.test.tsx > Settings Component > Save Functionality > hides save button on feedback tab
 ✓ src/test/components/pages/Settings.test.tsx > Settings Component > Save Functionality > hides save button on account tab
 ✓ src/test/components/pages/Settings.test.tsx > Settings Component > Save Functionality > calls updateUserProfile when saving
 ✓ src/test/components/pages/Settings.test.tsx > Settings Module Export > exports Settings component as default
stdout | src/test/data/question-integrity.test.ts > Question Data Integrity > should have no duplicate IDs across the entire question bank

  Duplicate IDs (3):
    • "cia1-340" in CIA (also in CIA)
    • "cia2-340" in CIA (also in CIA)
    • "cia3-340" in CIA (also in CIA)

stdout | src/test/data/question-integrity.test.ts > Question Data Integrity > should have at least 10,000 total questions

  Total questions across all exams: 25476
    CPA: 9154
    EA: 3078
    CMA: 2528
    CIA: 4447
    CISA: 2278
    CFP: 3991

stdout | src/test/data/question-integrity.test.ts > Question Data Integrity > CPA (9154 questions) > difficulty distribution should be reasonable

  Difficulty distribution for CPA:
    easy: 1886 (20.6%)
    medium: 3558 (38.9%)
    hard: 3710 (40.5%)

stdout | src/test/data/question-integrity.test.ts > Question Data Integrity > EA (3078 questions) > difficulty distribution should be reasonable

  Difficulty distribution for EA:
    medium: 1370 (44.5%)
    hard: 1040 (33.8%)
    easy: 668 (21.7%)

stdout | src/test/data/question-integrity.test.ts > Question Data Integrity > CMA (2528 questions) > difficulty distribution should be reasonable

  Difficulty distribution for CMA:
    easy: 683 (27.0%)
    medium: 1348 (53.3%)
    hard: 497 (19.7%)

stdout | src/test/data/question-integrity.test.ts > Question Data Integrity > CIA (4447 questions) > difficulty distribution should be reasonable

  Difficulty distribution for CIA:
    medium: 2319 (52.1%)
    hard: 1224 (27.5%)
    easy: 904 (20.3%)

stdout | src/test/data/question-integrity.test.ts > Question Data Integrity > CISA (2278 questions) > difficulty distribution should be reasonable

  Difficulty distribution for CISA:
    medium: 812 (35.6%)
    hard: 852 (37.4%)
    easy: 614 (27.0%)

stdout | src/test/data/question-integrity.test.ts > Question Data Integrity > CFP (3991 questions) > difficulty distribution should be reasonable

  Difficulty distribution for CFP:
    medium: 2225 (55.8%)
    hard: 1093 (27.4%)
    easy: 673 (16.9%)

 × src/test/data/question-integrity.test.ts > Question Data Integrity > should have no duplicate IDs across the entire question bank
   → expected [ …(3) ] to have a length of +0 but got 3
 ✓ src/test/data/question-integrity.test.ts > Question Data Integrity > should have at least 10,000 total questions
 ✓ src/test/data/question-integrity.test.ts > Question Data Integrity > CPA (9154 questions) > should have questions
 ✓ src/test/data/question-integrity.test.ts > Question Data Integrity > CPA (9154 questions) > every question should have required fields
 ✓ src/test/data/question-integrity.test.ts > Question Data Integrity > CPA (9154 questions) > every question should have exactly 4 options
 ✓ src/test/data/question-integrity.test.ts > Question Data Integrity > CPA (9154 questions) > every option should be a non-empty string
 ✓ src/test/data/question-integrity.test.ts > Question Data Integrity > CPA (9154 questions) > correctAnswer should be within options range (0-indexed)
 ✓ src/test/data/question-integrity.test.ts > Question Data Integrity > CPA (9154 questions) > explanations should be meaningful (>20 chars)
 ✓ src/test/data/question-integrity.test.ts > Question Data Integrity > CPA (9154 questions) > difficulty should be a valid value
 ✓ src/test/data/question-integrity.test.ts > Question Data Integrity > CPA (9154 questions) > section should be a known section for this course
 ✓ src/test/data/question-integrity.test.ts > Question Data Integrity > CPA (9154 questions) > question text should be substantial (>15 chars)
 ✓ src/test/data/question-integrity.test.ts > Question Data Integrity > CPA (9154 questions) > should have no options that are identical to each other
 ✓ src/test/data/question-integrity.test.ts > Question Data Integrity > CPA (9154 questions) > difficulty distribution should be reasonable
 ✓ src/test/data/question-integrity.test.ts > Question Data Integrity > EA (3078 questions) > should have questions
 ✓ src/test/data/question-integrity.test.ts > Question Data Integrity > EA (3078 questions) > every question should have required fields
 ✓ src/test/data/question-integrity.test.ts > Question Data Integrity > EA (3078 questions) > every question should have exactly 4 options
 ✓ src/test/data/question-integrity.test.ts > Question Data Integrity > EA (3078 questions) > every option should be a non-empty string
 ✓ src/test/data/question-integrity.test.ts > Question Data Integrity > EA (3078 questions) > correctAnswer should be within options range (0-indexed)
 ✓ src/test/data/question-integrity.test.ts > Question Data Integrity > EA (3078 questions) > explanations should be meaningful (>20 chars)
 ✓ src/test/data/question-integrity.test.ts > Question Data Integrity > EA (3078 questions) > difficulty should be a valid value
 ✓ src/test/data/question-integrity.test.ts > Question Data Integrity > EA (3078 questions) > section should be a known section for this course
 ✓ src/test/data/question-integrity.test.ts > Question Data Integrity > EA (3078 questions) > question text should be substantial (>15 chars)
 ✓ src/test/data/question-integrity.test.ts > Question Data Integrity > EA (3078 questions) > should have no options that are identical to each other
 ✓ src/test/data/question-integrity.test.ts > Question Data Integrity > EA (3078 questions) > difficulty distribution should be reasonable
 ✓ src/test/data/question-integrity.test.ts > Question Data Integrity > CMA (2528 questions) > should have questions
 ✓ src/test/data/question-integrity.test.ts > Question Data Integrity > CMA (2528 questions) > every question should have required fields
 ✓ src/test/data/question-integrity.test.ts > Question Data Integrity > CMA (2528 questions) > every question should have exactly 4 options
 ✓ src/test/data/question-integrity.test.ts > Question Data Integrity > CMA (2528 questions) > every option should be a non-empty string
 ✓ src/test/data/question-integrity.test.ts > Question Data Integrity > CMA (2528 questions) > correctAnswer should be within options range (0-indexed)
 ✓ src/test/data/question-integrity.test.ts > Question Data Integrity > CMA (2528 questions) > explanations should be meaningful (>20 chars)
 ✓ src/test/data/question-integrity.test.ts > Question Data Integrity > CMA (2528 questions) > difficulty should be a valid value
 ✓ src/test/data/question-integrity.test.ts > Question Data Integrity > CMA (2528 questions) > section should be a known section for this course
 ✓ src/test/data/question-integrity.test.ts > Question Data Integrity > CMA (2528 questions) > question text should be substantial (>15 chars)
 ✓ src/test/data/question-integrity.test.ts > Question Data Integrity > CMA (2528 questions) > should have no options that are identical to each other
 ✓ src/test/data/question-integrity.test.ts > Question Data Integrity > CMA (2528 questions) > difficulty distribution should be reasonable
 ✓ src/test/data/question-integrity.test.ts > Question Data Integrity > CIA (4447 questions) > should have questions
 ✓ src/test/data/question-integrity.test.ts > Question Data Integrity > CIA (4447 questions) > every question should have required fields
 ✓ src/test/data/question-integrity.test.ts > Question Data Integrity > CIA (4447 questions) > every question should have exactly 4 options
 ✓ src/test/data/question-integrity.test.ts > Question Data Integrity > CIA (4447 questions) > every option should be a non-empty string
 ✓ src/test/data/question-integrity.test.ts > Question Data Integrity > CIA (4447 questions) > correctAnswer should be within options range (0-indexed)
 ✓ src/test/data/question-integrity.test.ts > Question Data Integrity > CIA (4447 questions) > explanations should be meaningful (>20 chars)
 ✓ src/test/data/question-integrity.test.ts > Question Data Integrity > CIA (4447 questions) > difficulty should be a valid value
 ✓ src/test/data/question-integrity.test.ts > Question Data Integrity > CIA (4447 questions) > section should be a known section for this course
 ✓ src/test/data/question-integrity.test.ts > Question Data Integrity > CIA (4447 questions) > question text should be substantial (>15 chars)
 ✓ src/test/data/question-integrity.test.ts > Question Data Integrity > CIA (4447 questions) > should have no options that are identical to each other
 ✓ src/test/data/question-integrity.test.ts > Question Data Integrity > CIA (4447 questions) > difficulty distribution should be reasonable
 ✓ src/test/data/question-integrity.test.ts > Question Data Integrity > CISA (2278 questions) > should have questions
 ✓ src/test/data/question-integrity.test.ts > Question Data Integrity > CISA (2278 questions) > every question should have required fields
 ✓ src/test/data/question-integrity.test.ts > Question Data Integrity > CISA (2278 questions) > every question should have exactly 4 options
 ✓ src/test/data/question-integrity.test.ts > Question Data Integrity > CISA (2278 questions) > every option should be a non-empty string
 ✓ src/test/data/question-integrity.test.ts > Question Data Integrity > CISA (2278 questions) > correctAnswer should be within options range (0-indexed)
 ✓ src/test/data/question-integrity.test.ts > Question Data Integrity > CISA (2278 questions) > explanations should be meaningful (>20 chars)
 ✓ src/test/data/question-integrity.test.ts > Question Data Integrity > CISA (2278 questions) > difficulty should be a valid value
 ✓ src/test/data/question-integrity.test.ts > Question Data Integrity > CISA (2278 questions) > section should be a known section for this course
 ✓ src/test/data/question-integrity.test.ts > Question Data Integrity > CISA (2278 questions) > question text should be substantial (>15 chars)
 ✓ src/test/data/question-integrity.test.ts > Question Data Integrity > CISA (2278 questions) > should have no options that are identical to each other
 ✓ src/test/data/question-integrity.test.ts > Question Data Integrity > CISA (2278 questions) > difficulty distribution should be reasonable
 ✓ src/test/data/question-integrity.test.ts > Question Data Integrity > CFP (3991 questions) > should have questions
 ✓ src/test/data/question-integrity.test.ts > Question Data Integrity > CFP (3991 questions) > every question should have required fields
 ✓ src/test/data/question-integrity.test.ts > Question Data Integrity > CFP (3991 questions) > every question should have exactly 4 options
 ✓ src/test/data/question-integrity.test.ts > Question Data Integrity > CFP (3991 questions) > every option should be a non-empty string
 ✓ src/test/data/question-integrity.test.ts > Question Data Integrity > CFP (3991 questions) > correctAnswer should be within options range (0-indexed)
 ✓ src/test/data/question-integrity.test.ts > Question Data Integrity > CFP (3991 questions) > explanations should be meaningful (>20 chars)
 ✓ src/test/data/question-integrity.test.ts > Question Data Integrity > CFP (3991 questions) > difficulty should be a valid value
 ✓ src/test/data/question-integrity.test.ts > Question Data Integrity > CFP (3991 questions) > section should be a known section for this course
 ✓ src/test/data/question-integrity.test.ts > Question Data Integrity > CFP (3991 questions) > question text should be substantial (>15 chars)
 ✓ src/test/data/question-integrity.test.ts > Question Data Integrity > CFP (3991 questions) > should have no options that are identical to each other
 ✓ src/test/data/question-integrity.test.ts > Question Data Integrity > CFP (3991 questions) > difficulty distribution should be reasonable
stdout | src/test/audit/question-quality-audit.test.ts > Question Quality Audit > should report total question counts

╔══════════════════════════════════════════════════════════════╗
║              QUESTION QUALITY AUDIT RESULTS                ║
╚══════════════════════════════════════════════════════════════╝

  CPA     9154 questions
  EA      3078 questions
  CMA     2528 questions
  CIA     4447 questions
  CISA    2278 questions
  CFP     3991 questions
  TOTAL  25476 questions

  By Severity:
    🔴 CRITICAL   136
    🟠 HIGH       89
    🟡 MEDIUM     6

  By Category:
    duplicate-question-text             133
    question-short                      48
    correct-answer-standout             32
    single-char-option                  9
    near-duplicate-options              6
    duplicate-id                        3

  🔴 CRITICAL ISSUES (136):

    ── duplicate-question-text (133) ──
    EA see1-easy-gen-1772313037402-3: Identical to 5 other question(s) [see1-easy-gen-1772313061111-4, see1-easy-gen-1772313073105-3, see1-easy-gen-1772313085211-3, see1-easy-gen-1772313107982-4, see1-easy-gen-1772313120215-4]: "what is the maximum amount of student loan interest that can be deducted above-t..."
    EA see1-easy-gen-1772313037402-4: Identical to 1 other question(s) [see1-easy-gen-1772313073105-4]: "which of the following ira contributions is generally deductible?..."
    EA see1-easy-gen-1772313037402-5: Identical to 4 other question(s) [see1-easy-gen-1772313061111-5, see1-easy-gen-1772313073105-5, see1-easy-gen-1772313085211-5, see1-easy-gen-1772313120215-6]: "which of the following is a common schedule a deduction?..."
    EA see1-easy-gen-1772313037402-8: Identical to 1 other question(s) [see1-easy-gen-1772313049241-9]: "which of the following credits is refundable?..."
    EA see1-easy-gen-1772313061111-1: Identical to 5 other question(s) [see1-easy-gen-1772313073105-0, see1-easy-gen-1772313096882-0, see1-easy-gen-1772313107982-1, see1-easy-gen-1772313120215-0, see1-easy-gen-1772313132967-1]: "which of the following is an above-the-line deduction?..."
    EA see1-easy-gen-1772313061111-2: Identical to 7 other question(s) [see1-easy-gen-1772313073105-8, see1-easy-gen-1772313085211-8, see1-easy-gen-1772313085211-9, see1-easy-gen-1772313096882-8, see1-easy-gen-1772313107982-9, see1-easy-gen-1772313120215-8, see1-easy-gen-1772313132967-3]: "which of the following is a refundable tax credit?..."
    EA see1-easy-gen-1772313073105-2: Identical to 1 other question(s) [see1-easy-gen-1772313120215-2]: "the net investment income tax (niit) is what percentage?..."
    EA see1-easy-gen-1772313085211-6: Identical to 1 other question(s) [see1-easy-gen-1772313107982-7]: "if a taxpayer's itemized deductions are less than the standard deduction, which ..."
    EA see1-easy-gen-1772313096882-5: Identical to 1 other question(s) [see1-easy-gen-1772313132967-5]: "which schedule is used to report itemized deductions?..."
    EA see2-easy-gen-1772313146382-0: Identical to 2 other question(s) [see2-easy-gen-1772313239327-0, see2-easy-gen-1772313307857-0]: "what is the term for the systematic allocation of the cost of a tangible asset o..."
    EA see2-easy-gen-1772313146382-1: Identical to 1 other question(s) [see2-easy-gen-1772313293883-0]: "which of the following is not a payroll tax typically withheld from an employee'..."
    EA see2-easy-gen-1772313146382-2: Identical to 3 other question(s) [see2-easy-gen-1772313239327-2, see2-easy-gen-1772313252826-2, see2-easy-gen-1772313307857-2]: "which form is used to report partnership income to the irs?..."
    EA see2-easy-gen-1772313146382-3: Identical to 3 other question(s) [see2-easy-gen-1772313186969-5, see2-easy-gen-1772313239327-3, see2-easy-gen-1772313252826-3]: "what is the default tax classification for a single-member llc?..."
    EA see2-easy-gen-1772313146382-5: Identical to 1 other question(s) [see2-easy-gen-1772313239327-5]: "what is the term for the systematic allocation of the cost of an intangible asse..."
    EA see2-easy-gen-1772313159829-0: Identical to 4 other question(s) [see2-easy-gen-1772313173916-0, see2-easy-gen-1772313186969-0, see2-easy-gen-1772313212847-0, see2-easy-gen-1772313335067-0]: "which of the following assets is not eligible for depreciation?..."
    EA see2-easy-gen-1772313159829-2: Identical to 2 other question(s) [see2-easy-gen-1772313173916-3, see2-easy-gen-1772313348563-2]: "which form is used to report federal payroll taxes?..."
    EA see2-easy-gen-1772313159829-5: Identical to 1 other question(s) [see2-easy-gen-1772313252826-7]: "what is the term for the original cost of an asset, plus improvements, less depr..."
    EA see2-easy-gen-1772313159829-6: Identical to 2 other question(s) [see2-easy-gen-1772313225894-6, see2-easy-gen-1772313348563-6]: "which irs form is used to report partnership income?..."
    EA see2-easy-gen-1772313186969-1: Identical to 1 other question(s) [see2-easy-gen-1772313212847-1]: "what is the term for the process of allocating the cost of an intangible asset o..."
    EA see2-easy-gen-1772313186969-2: Identical to 2 other question(s) [see2-easy-gen-1772313239327-1, see2-easy-gen-1772313307857-1]: "which of the following payroll taxes is paid by both the employer and the employ..."
    ... and 113 more

    ── duplicate-id (3) ──
    CIA cia1-340: ID "cia1-340" appears 2 times (courses: cia)
    CIA cia2-340: ID "cia2-340" appears 2 times (courses: cia)
    CIA cia3-340: ID "cia3-340" appears 2 times (courses: cia)

  🟠 HIGH ISSUES (89):

    ── question-short (48) ──
    CPA aud-add-035: Question only 22 chars: "A SOC 1 Type 2 report:"
    CPA aud-add-038: Question only 29 chars: "Key Audit Matters (KAMs) are:"
    CPA aud-comp-013: Question only 27 chars: "IT general controls affect:"
    CPA aud-easy-002: Question only 24 chars: "Materiality is based on:"
    CPA aud-easy-exp-006: Question only 17 chars: "Inherent risk is:"
    CPA aud-easy-exp-007: Question only 16 chars: "Control risk is:"
    CPA aud-easy-exp-008: Question only 18 chars: "Detection risk is:"
    CPA aud-easy-exp-017: Question only 28 chars: "An unmodified opinion means:"
    CPA aud-elite-023: Question only 26 chars: "Significant risks require:"
    CPA aud-exp-006: Question only 29 chars: "Inherent risk is higher when:"
    ... and 38 more

    ── correct-answer-standout (32) ──
    CPA far-1642: Correct option (109 chars) is 3.5x longer than avg distractor (31 chars)
    CPA reg-mast-020: Correct option (74 chars) is 3.3x longer than avg distractor (22 chars)
    CPA reg-9k-010: Correct option (54 chars) is 3.2x longer than avg distractor (17 chars)
    CPA isc-9k-003: Correct option (89 chars) is 3.1x longer than avg distractor (29 chars)
    CPA tcp-comp-022: Correct option (97 chars) is 4.2x longer than avg distractor (23 chars)
    CPA tcp-d6-009: Correct option (173 chars) is 4.3x longer than avg distractor (40 chars)
    CPA tcp-elite-024: Correct option (110 chars) is 5.0x longer than avg distractor (22 chars)
    CPA tcp-wc-178: Correct option (82 chars) is 4.9x longer than avg distractor (17 chars)
    CPA tcp-wc-181: Correct option (89 chars) is 4.0x longer than avg distractor (22 chars)
    EA see1-easy-gen-1772313049241-3: Correct option (63 chars) is 4.5x longer than avg distractor (14 chars)
    ... and 22 more

    ── single-char-option (9) ──
    CPA aud-gen-1182: Option 0 is a single character: "A"
    CPA aud-gen-1182: Option 1 is a single character: "B"
    CPA aud-gen-1182: Option 2 is a single character: "C"
    CPA aud-gen-1182: Option 3 is a single character: "D"
    CPA bar-gen-1312: Option 0 is a single character: "A"
    CPA bar-gen-1312: Option 1 is a single character: "B"
    CPA bar-gen-1312: Option 2 is a single character: "C"
    CPA bar-gen-1312: Option 3 is a single character: "D"
    CFP cfp-est-b10-012: Option 1 is a single character: "A"

stdout | src/test/audit/question-quality-audit.test.ts > Question Quality Audit > should have zero CRITICAL issues (real problems)

136 CRITICAL issues:
  [duplicate-id] cia/cia1-340: ID "cia1-340" appears 2 times (courses: cia)
  [duplicate-id] cia/cia2-340: ID "cia2-340" appears 2 times (courses: cia)
  [duplicate-id] cia/cia3-340: ID "cia3-340" appears 2 times (courses: cia)
  [duplicate-question-text] ea/see1-easy-gen-1772313037402-3: Identical to 5 other question(s) [see1-easy-gen-1772313061111-4, see1-easy-gen-1772313073105-3, see1-easy-gen-1772313085211-3, see1-easy-gen-1772313107982-4, see1-easy-gen-1772313120215-4]: "what is the maximum amount of student loan interest that can be deducted above-t..."
  [duplicate-question-text] ea/see1-easy-gen-1772313037402-4: Identical to 1 other question(s) [see1-easy-gen-1772313073105-4]: "which of the following ira contributions is generally deductible?..."
  [duplicate-question-text] ea/see1-easy-gen-1772313037402-5: Identical to 4 other question(s) [see1-easy-gen-1772313061111-5, see1-easy-gen-1772313073105-5, see1-easy-gen-1772313085211-5, see1-easy-gen-1772313120215-6]: "which of the following is a common schedule a deduction?..."
  [duplicate-question-text] ea/see1-easy-gen-1772313037402-8: Identical to 1 other question(s) [see1-easy-gen-1772313049241-9]: "which of the following credits is refundable?..."
  [duplicate-question-text] ea/see1-easy-gen-1772313061111-1: Identical to 5 other question(s) [see1-easy-gen-1772313073105-0, see1-easy-gen-1772313096882-0, see1-easy-gen-1772313107982-1, see1-easy-gen-1772313120215-0, see1-easy-gen-1772313132967-1]: "which of the following is an above-the-line deduction?..."
  [duplicate-question-text] ea/see1-easy-gen-1772313061111-2: Identical to 7 other question(s) [see1-easy-gen-1772313073105-8, see1-easy-gen-1772313085211-8, see1-easy-gen-1772313085211-9, see1-easy-gen-1772313096882-8, see1-easy-gen-1772313107982-9, see1-easy-gen-1772313120215-8, see1-easy-gen-1772313132967-3]: "which of the following is a refundable tax credit?..."
  [duplicate-question-text] ea/see1-easy-gen-1772313073105-2: Identical to 1 other question(s) [see1-easy-gen-1772313120215-2]: "the net investment income tax (niit) is what percentage?..."
  [duplicate-question-text] ea/see1-easy-gen-1772313085211-6: Identical to 1 other question(s) [see1-easy-gen-1772313107982-7]: "if a taxpayer's itemized deductions are less than the standard deduction, which ..."
  [duplicate-question-text] ea/see1-easy-gen-1772313096882-5: Identical to 1 other question(s) [see1-easy-gen-1772313132967-5]: "which schedule is used to report itemized deductions?..."
  [duplicate-question-text] ea/see2-easy-gen-1772313146382-0: Identical to 2 other question(s) [see2-easy-gen-1772313239327-0, see2-easy-gen-1772313307857-0]: "what is the term for the systematic allocation of the cost of a tangible asset o..."
  [duplicate-question-text] ea/see2-easy-gen-1772313146382-1: Identical to 1 other question(s) [see2-easy-gen-1772313293883-0]: "which of the following is not a payroll tax typically withheld from an employee'..."
  [duplicate-question-text] ea/see2-easy-gen-1772313146382-2: Identical to 3 other question(s) [see2-easy-gen-1772313239327-2, see2-easy-gen-1772313252826-2, see2-easy-gen-1772313307857-2]: "which form is used to report partnership income to the irs?..."
  [duplicate-question-text] ea/see2-easy-gen-1772313146382-3: Identical to 3 other question(s) [see2-easy-gen-1772313186969-5, see2-easy-gen-1772313239327-3, see2-easy-gen-1772313252826-3]: "what is the default tax classification for a single-member llc?..."
  [duplicate-question-text] ea/see2-easy-gen-1772313146382-5: Identical to 1 other question(s) [see2-easy-gen-1772313239327-5]: "what is the term for the systematic allocation of the cost of an intangible asse..."
  [duplicate-question-text] ea/see2-easy-gen-1772313159829-0: Identical to 4 other question(s) [see2-easy-gen-1772313173916-0, see2-easy-gen-1772313186969-0, see2-easy-gen-1772313212847-0, see2-easy-gen-1772313335067-0]: "which of the following assets is not eligible for depreciation?..."
  [duplicate-question-text] ea/see2-easy-gen-1772313159829-2: Identical to 2 other question(s) [see2-easy-gen-1772313173916-3, see2-easy-gen-1772313348563-2]: "which form is used to report federal payroll taxes?..."
  [duplicate-question-text] ea/see2-easy-gen-1772313159829-5: Identical to 1 other question(s) [see2-easy-gen-1772313252826-7]: "what is the term for the original cost of an asset, plus improvements, less depr..."
  [duplicate-question-text] ea/see2-easy-gen-1772313159829-6: Identical to 2 other question(s) [see2-easy-gen-1772313225894-6, see2-easy-gen-1772313348563-6]: "which irs form is used to report partnership income?..."
  [duplicate-question-text] ea/see2-easy-gen-1772313186969-1: Identical to 1 other question(s) [see2-easy-gen-1772313212847-1]: "what is the term for the process of allocating the cost of an intangible asset o..."
  [duplicate-question-text] ea/see2-easy-gen-1772313186969-2: Identical to 2 other question(s) [see2-easy-gen-1772313239327-1, see2-easy-gen-1772313307857-1]: "which of the following payroll taxes is paid by both the employer and the employ..."
  [duplicate-question-text] ea/see2-easy-gen-1772313186969-4: Identical to 1 other question(s) [see2-easy-gen-1772313267007-4]: "which of the following is not a factor in determining the basis of an asset?..."
  [duplicate-question-text] ea/see2-easy-gen-1772313199821-2: Identical to 1 other question(s) [see2-easy-gen-1772313225894-2]: "which form is used to report payroll taxes to the irs?..."
  [duplicate-question-text] ea/see2-easy-gen-1772313199821-4: Identical to 2 other question(s) [see2-easy-gen-1772313212847-5, see2-easy-gen-1772313252826-9]: "the trust fund recovery penalty applies to which type of taxes?..."
  [duplicate-question-text] ea/see2-easy-gen-1772313199821-5: Identical to 1 other question(s) [see2-easy-gen-1772313212847-6]: "what is the initial basis of an asset generally equal to?..."
  [duplicate-question-text] ea/see2-easy-gen-1772313199821-6: Identical to 3 other question(s) [see2-easy-gen-1772313212847-7, see2-easy-gen-1772313280362-6, see2-easy-gen-1772313321237-6]: "which irs form is used to report the income and expenses of a partnership?..."
  [duplicate-question-text] ea/see2-easy-gen-1772313199821-7: Identical to 3 other question(s) [see2-easy-gen-1772313212847-8, see2-easy-gen-1772313280362-7, see2-easy-gen-1772313321237-7]: "which irs form is used to report the income and expenses of an s corporation?..."
  [duplicate-question-text] ea/see2-easy-gen-1772313199821-8: Identical to 2 other question(s) [see2-easy-gen-1772313280362-8, see2-easy-gen-1772313321237-8]: "which irs form is used to report the income and expenses of a c corporation?..."
  ... and 106 more

 ✓ src/test/audit/question-quality-audit.test.ts > Question Quality Audit > should report total question counts
 ✓ src/test/audit/question-quality-audit.test.ts > Question Quality Audit > should have zero CRITICAL issues (real problems)
 ✓ src/test/audit/question-quality-audit.test.ts > Question Quality Audit > should write issues to file for batch processing
 ✓ src/test/services/spacedRepetition.quality.test.ts > Spaced Repetition Algorithm > calculateNextReview > Rating: again (failure) > resets repetitions to 0 on failure
 ✓ src/test/services/spacedRepetition.quality.test.ts > Spaced Repetition Algorithm > calculateNextReview > Rating: again (failure) > reduces ease factor but not below 1.3
 ✓ src/test/services/spacedRepetition.quality.test.ts > Spaced Repetition Algorithm > calculateNextReview > Rating: again (failure) > does not let ease factor go below 1.3
 ✓ src/test/services/spacedRepetition.quality.test.ts > Spaced Repetition Algorithm > calculateNextReview > Rating: again (failure) > sets interval to 1 day (review tomorrow)
 ✓ src/test/services/spacedRepetition.quality.test.ts > Spaced Repetition Algorithm > calculateNextReview > Rating: again (failure) > schedules next review for tomorrow
 ✓ src/test/services/spacedRepetition.quality.test.ts > Spaced Repetition Algorithm > calculateNextReview > Rating: hard > increments repetitions
 ✓ src/test/services/spacedRepetition.quality.test.ts > Spaced Repetition Algorithm > calculateNextReview > Rating: hard > halves the interval
 ✓ src/test/services/spacedRepetition.quality.test.ts > Spaced Repetition Algorithm > calculateNextReview > Rating: hard > does not let interval go below 1
 ✓ src/test/services/spacedRepetition.quality.test.ts > Spaced Repetition Algorithm > calculateNextReview > Rating: hard > slightly reduces ease factor
 ✓ src/test/services/spacedRepetition.quality.test.ts > Spaced Repetition Algorithm > calculateNextReview > Rating: good > sets interval to 1 for first repetition
 ✓ src/test/services/spacedRepetition.quality.test.ts > Spaced Repetition Algorithm > calculateNextReview > Rating: good > sets interval to 6 for second repetition
 ✓ src/test/services/spacedRepetition.quality.test.ts > Spaced Repetition Algorithm > calculateNextReview > Rating: good > multiplies interval by ease factor for subsequent repetitions
 ✓ src/test/services/spacedRepetition.quality.test.ts > Spaced Repetition Algorithm > calculateNextReview > Rating: good > maintains ease factor (no change)
 ✓ src/test/services/spacedRepetition.quality.test.ts > Spaced Repetition Algorithm > calculateNextReview > Rating: easy > sets interval to 4 for first repetition
 ✓ src/test/services/spacedRepetition.quality.test.ts > Spaced Repetition Algorithm > calculateNextReview > Rating: easy > multiplies interval by ease factor AND 2.5x bonus
 ✓ src/test/services/spacedRepetition.quality.test.ts > Spaced Repetition Algorithm > calculateNextReview > Rating: easy > increases ease factor by 0.15
 ✓ src/test/services/spacedRepetition.quality.test.ts > Spaced Repetition Algorithm > calculateNextReview > Edge cases > handles card with undefined interval
 ✓ src/test/services/spacedRepetition.quality.test.ts > Spaced Repetition Algorithm > calculateNextReview > Edge cases > handles card with undefined easeFactor
 ✓ src/test/services/spacedRepetition.quality.test.ts > Spaced Repetition Algorithm > calculateNextReview > Edge cases > handles card with undefined repetitions
 ✓ src/test/services/spacedRepetition.quality.test.ts > Spaced Repetition Algorithm > calculateNextReview > Edge cases > returns lastReview as current date
 ✓ src/test/services/spacedRepetition.quality.test.ts > Spaced Repetition Algorithm > getDueCards > returns new cards (no nextReview) as due
 ✓ src/test/services/spacedRepetition.quality.test.ts > Spaced Repetition Algorithm > getDueCards > returns overdue cards
 ✓ src/test/services/spacedRepetition.quality.test.ts > Spaced Repetition Algorithm > getDueCards > does not return future cards
 ✓ src/test/services/spacedRepetition.quality.test.ts > Spaced Repetition Algorithm > getDueCards > returns cards due today
 ✓ src/test/services/spacedRepetition.quality.test.ts > Spaced Repetition Algorithm > getDueCards > respects the limit parameter
 ✓ src/test/services/spacedRepetition.quality.test.ts > Spaced Repetition Algorithm > getDueCards > prioritizes more overdue cards first
 ✓ src/test/services/spacedRepetition.quality.test.ts > Spaced Repetition Algorithm > getDueCards > prioritizes new cards over cards due today
 ✓ src/test/services/spacedRepetition.quality.test.ts > Spaced Repetition Algorithm > getDueCards > handles empty array
 ✓ src/test/services/spacedRepetition.quality.test.ts > Spaced Repetition Algorithm > getDueCards > handles cards with string dates
 ✓ src/test/services/spacedRepetition.quality.test.ts > Spaced Repetition Algorithm > getStudyStats > counts new cards correctly
 ✓ src/test/services/spacedRepetition.quality.test.ts > Spaced Repetition Algorithm > getStudyStats > counts learning cards (interval < 1 day)
 ✓ src/test/services/spacedRepetition.quality.test.ts > Spaced Repetition Algorithm > getStudyStats > counts review cards (1-21 day interval)
 ✓ src/test/services/spacedRepetition.quality.test.ts > Spaced Repetition Algorithm > getStudyStats > counts graduated cards (interval >= 21 days)
 ✓ src/test/services/spacedRepetition.quality.test.ts > Spaced Repetition Algorithm > getStudyStats > counts due today correctly
 ✓ src/test/services/spacedRepetition.quality.test.ts > Spaced Repetition Algorithm > getStudyStats > counts overdue cards (before today)
 ✓ src/test/services/spacedRepetition.quality.test.ts > Spaced Repetition Algorithm > getStudyStats > returns correct total
 ✓ src/test/services/spacedRepetition.quality.test.ts > Spaced Repetition Algorithm > getSmartRecommendation > recommends focusing on weak areas when present
 ✓ src/test/services/spacedRepetition.quality.test.ts > Spaced Repetition Algorithm > getSmartRecommendation > recommends spaced review when cards are due
 ✓ src/test/services/spacedRepetition.quality.test.ts > Spaced Repetition Algorithm > getSmartRecommendation > suggests variety when last activity was MCQ
 ✓ src/test/services/spacedRepetition.quality.test.ts > Spaced Repetition Algorithm > getSmartRecommendation > prioritizes streak at risk as urgent
 ✓ src/test/services/spacedRepetition.quality.test.ts > Spaced Repetition Algorithm > getSmartRecommendation > sorts recommendations by priority
 ✓ src/test/services/spacedRepetition.quality.test.ts > Spaced Repetition Algorithm > getSmartRecommendation > returns empty array when no recommendations apply
 ✓ src/test/services/errorTracking.test.ts > errorTracking > ErrorSeverity enum > should have LOW value
 ✓ src/test/services/errorTracking.test.ts > errorTracking > ErrorSeverity enum > should have MEDIUM value
 ✓ src/test/services/errorTracking.test.ts > errorTracking > ErrorSeverity enum > should have HIGH value
 ✓ src/test/services/errorTracking.test.ts > errorTracking > ErrorSeverity enum > should have CRITICAL value
 ✓ src/test/services/errorTracking.test.ts > errorTracking > ErrorCategory enum > should have NETWORK value
 ✓ src/test/services/errorTracking.test.ts > errorTracking > ErrorCategory enum > should have AUTH value
 ✓ src/test/services/errorTracking.test.ts > errorTracking > ErrorCategory enum > should have FIREBASE value
 ✓ src/test/services/errorTracking.test.ts > errorTracking > ErrorCategory enum > should have UI value
 ✓ src/test/services/errorTracking.test.ts > errorTracking > ErrorCategory enum > should have VALIDATION value
 ✓ src/test/services/errorTracking.test.ts > errorTracking > ErrorCategory enum > should have AI value
 ✓ src/test/services/errorTracking.test.ts > errorTracking > ErrorCategory enum > should have UNKNOWN value
 ✓ src/test/services/errorTracking.test.ts > errorTracking > initErrorTracking > should set up global error handler
 ✓ src/test/services/errorTracking.test.ts > errorTracking > initErrorTracking > should set up unhandled rejection handler
 ✓ src/test/services/errorTracking.test.ts > errorTracking > initErrorTracking > should log initialization message
 ✓ src/test/services/errorTracking.test.ts > errorTracking > initErrorTracking > should handle global errors via onerror
 ✓ src/test/services/errorTracking.test.ts > errorTracking > initErrorTracking > should handle global errors without error object
 ✓ src/test/services/errorTracking.test.ts > errorTracking > initErrorTracking > should handle unhandled promise rejections
 ✓ src/test/services/errorTracking.test.ts > errorTracking > initErrorTracking > should set up PerformanceObserver for long tasks
 ✓ src/test/services/errorTracking.test.ts > errorTracking > initErrorTracking > should handle PerformanceObserver not supported
 ✓ src/test/services/errorTracking.test.ts > errorTracking > captureError > should capture error with default context
 ✓ src/test/services/errorTracking.test.ts > errorTracking > captureError > should capture error with custom severity
 ✓ src/test/services/errorTracking.test.ts > errorTracking > captureError > should capture error with custom category
 ✓ src/test/services/errorTracking.test.ts > errorTracking > captureError > should categorize network errors
 ✓ src/test/services/errorTracking.test.ts > errorTracking > captureError > should categorize fetch errors as network
 ✓ src/test/services/errorTracking.test.ts > errorTracking > captureError > should categorize offline errors as network
 ✓ src/test/services/errorTracking.test.ts > errorTracking > captureError > should categorize auth errors
 ✓ src/test/services/errorTracking.test.ts > errorTracking > captureError > should categorize permission denied as auth
 ✓ src/test/services/errorTracking.test.ts > errorTracking > captureError > should categorize firebase errors
 ✓ src/test/services/errorTracking.test.ts > errorTracking > captureError > should categorize firestore errors
 ✓ src/test/services/errorTracking.test.ts > errorTracking > captureError > should categorize React errors as UI
 ✓ src/test/services/errorTracking.test.ts > errorTracking > captureError > should categorize react errors by message
 ✓ src/test/services/errorTracking.test.ts > errorTracking > captureError > should categorize validation errors
 ✓ src/test/services/errorTracking.test.ts > errorTracking > captureError > should categorize invalid input errors as validation
 ✓ src/test/services/errorTracking.test.ts > errorTracking > captureError > should categorize unknown errors
 ✓ src/test/services/errorTracking.test.ts > errorTracking > captureError > should handle non-Error objects
 ✓ src/test/services/errorTracking.test.ts > errorTracking > captureError > should capture error stack
 ✓ src/test/services/errorTracking.test.ts > errorTracking > captureError > should include context information
 ✓ src/test/services/errorTracking.test.ts > errorTracking > captureError > should generate consistent session ID
 ✓ src/test/services/errorTracking.test.ts > errorTracking > captureError > should log error in development
 ✓ src/test/services/errorTracking.test.ts > errorTracking > captureError > should handle errors with null message
 ✓ src/test/services/errorTracking.test.ts > errorTracking > captureMetric > should capture metric with name and data
 ✓ src/test/services/errorTracking.test.ts > errorTracking > captureMetric > should capture metric without data
 ✓ src/test/services/errorTracking.test.ts > errorTracking > captureMetric > should log metric in development
 ✓ src/test/services/errorTracking.test.ts > errorTracking > createErrorBoundaryClass > should return error boundary configuration
 ✓ src/test/services/errorTracking.test.ts > errorTracking > createErrorBoundaryClass > should return config with null fallback when not provided
 ✓ src/test/services/errorTracking.test.ts > errorTracking > createErrorBoundaryClass > should capture error in onError callback
 ✓ src/test/services/errorTracking.test.ts > errorTracking > collectFeedback > should collect feedback for an error
 ✓ src/test/services/errorTracking.test.ts > errorTracking > collectFeedback > should return feedback data with timestamp
 ✓ src/test/services/errorTracking.test.ts > errorTracking > collectFeedback > should return feedback data with sessionId
 ✓ src/test/services/errorTracking.test.ts > errorTracking > collectFeedback > should log feedback in development
 ✓ src/test/services/errorTracking.test.ts > errorTracking > getErrorStats > should return stats object with correct shape
 ✓ src/test/services/errorTracking.test.ts > errorTracking > getErrorStats > should return number for total
 ✓ src/test/services/errorTracking.test.ts > errorTracking > getErrorStats > should return object for byCategory
 ✓ src/test/services/errorTracking.test.ts > errorTracking > getErrorStats > should return object for bySeverity
 ✓ src/test/services/errorTracking.test.ts > errorTracking > getErrorStats > should return number for last24h
 ✓ src/test/services/spacedRepetition.test.js > Spaced Repetition Algorithm > calculateNextReview > Again rating (complete failure) > should reset repetitions to 0
 ✓ src/test/services/spacedRepetition.test.js > Spaced Repetition Algorithm > calculateNextReview > Again rating (complete failure) > should set interval to 1 day
 ✓ src/test/services/spacedRepetition.test.js > Spaced Repetition Algorithm > calculateNextReview > Again rating (complete failure) > should decrease ease factor by 0.2
 ✓ src/test/services/spacedRepetition.test.js > Spaced Repetition Algorithm > calculateNextReview > Again rating (complete failure) > should not decrease ease factor below 1.3
 ✓ src/test/services/spacedRepetition.test.js > Spaced Repetition Algorithm > calculateNextReview > Hard rating (difficult recall) > should increment repetitions
 ✓ src/test/services/spacedRepetition.test.js > Spaced Repetition Algorithm > calculateNextReview > Hard rating (difficult recall) > should halve the interval
 ✓ src/test/services/spacedRepetition.test.js > Spaced Repetition Algorithm > calculateNextReview > Hard rating (difficult recall) > should not decrease interval below 1
 ✓ src/test/services/spacedRepetition.test.js > Spaced Repetition Algorithm > calculateNextReview > Hard rating (difficult recall) > should decrease ease factor by 0.15
 ✓ src/test/services/spacedRepetition.test.js > Spaced Repetition Algorithm > calculateNextReview > Good rating (recalled with effort) > should increment repetitions
 ✓ src/test/services/spacedRepetition.test.js > Spaced Repetition Algorithm > calculateNextReview > Good rating (recalled with effort) > should set interval to 1 for first repetition
 ✓ src/test/services/spacedRepetition.test.js > Spaced Repetition Algorithm > calculateNextReview > Good rating (recalled with effort) > should set interval to 6 for second repetition
 ✓ src/test/services/spacedRepetition.test.js > Spaced Repetition Algorithm > calculateNextReview > Good rating (recalled with effort) > should multiply interval by ease factor for later repetitions
 ✓ src/test/services/spacedRepetition.test.js > Spaced Repetition Algorithm > calculateNextReview > Good rating (recalled with effort) > should maintain ease factor
 ✓ src/test/services/spacedRepetition.test.js > Spaced Repetition Algorithm > calculateNextReview > Easy rating (perfect recall) > should increment repetitions
 ✓ src/test/services/spacedRepetition.test.js > Spaced Repetition Algorithm > calculateNextReview > Easy rating (perfect recall) > should set interval to 4 for first repetition
 ✓ src/test/services/spacedRepetition.test.js > Spaced Repetition Algorithm > calculateNextReview > Easy rating (perfect recall) > should multiply interval by ease factor * 2.5
 ✓ src/test/services/spacedRepetition.test.js > Spaced Repetition Algorithm > calculateNextReview > Easy rating (perfect recall) > should increase ease factor by 0.15
 ✓ src/test/services/spacedRepetition.test.js > Spaced Repetition Algorithm > calculateNextReview > Next review date calculation > should set nextReview to correct future date
 ✓ src/test/services/spacedRepetition.test.js > Spaced Repetition Algorithm > calculateNextReview > Next review date calculation > should set lastReview to current date
 ✓ src/test/services/spacedRepetition.test.js > Spaced Repetition Algorithm > getDueCards > should return cards due today or earlier
 ✓ src/test/services/spacedRepetition.test.js > Spaced Repetition Algorithm > getDueCards > should include new cards without review date
 ✓ src/test/services/spacedRepetition.test.js > Spaced Repetition Algorithm > getDueCards > should prioritize overdue cards
 ✓ src/test/services/spacedRepetition.test.js > Spaced Repetition Algorithm > getDueCards > should respect the limit parameter
 ✓ src/test/services/spacedRepetition.test.js > Spaced Repetition Algorithm > getDueCards > should return empty array when no cards are due
 ✓ src/test/services/spacedRepetition.test.js > Spaced Repetition - Edge Cases > should handle card with undefined properties
 ✓ src/test/services/spacedRepetition.test.js > Spaced Repetition - Edge Cases > should handle invalid rating gracefully
 ✓ src/test/services/spacedRepetition.test.js > Spaced Repetition - Edge Cases > should handle very large intervals
 ✓ src/test/services/spacedRepetition.test.js > Spaced Repetition - Edge Cases > should handle cards with future nextReview dates correctly
 ✓ src/test/services/spacedRepetition.test.js > getStudyStats > should count total cards
 ✓ src/test/services/spacedRepetition.test.js > getStudyStats > should count new cards (no nextReview)
 ✓ src/test/services/spacedRepetition.test.js > getStudyStats > should count learning cards (interval < 1)
 ✓ src/test/services/spacedRepetition.test.js > getStudyStats > should count review cards (interval 1-20)
 ✓ src/test/services/spacedRepetition.test.js > getStudyStats > should count graduated cards (interval >= 21)
 ✓ src/test/services/spacedRepetition.test.js > getStudyStats > should count due today
 ✓ src/test/services/spacedRepetition.test.js > getStudyStats > should count overdue
 ✓ src/test/services/spacedRepetition.test.js > getStudyStats > should return zeros for empty array
 ✓ src/test/services/spacedRepetition.test.js > getSmartRecommendation > should recommend focusing on weak areas
 ✓ src/test/services/spacedRepetition.test.js > getSmartRecommendation > should recommend due card reviews
 ✓ src/test/services/spacedRepetition.test.js > getSmartRecommendation > should suggest variety when last activity was mcq
 ✓ src/test/services/spacedRepetition.test.js > getSmartRecommendation > should warn about streak at risk
 ✓ src/test/services/spacedRepetition.test.js > getSmartRecommendation > should sort by priority (urgent first)
 ✓ src/test/services/spacedRepetition.test.js > getSmartRecommendation > should return empty array with no recommendations needed
 ✓ src/test/utils/accessibility.test.js > Accessibility Utilities > announce > creates announcer on first call
 ✓ src/test/utils/accessibility.test.js > Accessibility Utilities > announce > announce function is callable with different priorities
 ✓ src/test/utils/accessibility.test.js > Accessibility Utilities > announce > announce function accepts default priority
 ✓ src/test/utils/accessibility.test.js > Accessibility Utilities > announce > announce function can be called multiple times
 ✓ src/test/utils/accessibility.test.js > Accessibility Utilities > FocusTrap > creates FocusTrap instance
 ✓ src/test/utils/accessibility.test.js > Accessibility Utilities > FocusTrap > activates focus trap 362ms
 ✓ src/test/utils/accessibility.test.js > Accessibility Utilities > FocusTrap > identifies first focusable element
 ✓ src/test/utils/accessibility.test.js > Accessibility Utilities > FocusTrap > identifies last focusable element
 ✓ src/test/utils/accessibility.test.js > Accessibility Utilities > FocusTrap > deactivates focus trap
 ✓ src/test/utils/accessibility.test.js > Accessibility Utilities > FocusTrap > ignores disabled elements
 ✓ src/test/utils/accessibility.test.js > Accessibility Utilities > FocusTrap > handles Tab key at last element
 ✓ src/test/utils/accessibility.test.js > Accessibility Utilities > FocusTrap > handles Shift+Tab key at first element
 ✓ src/test/utils/accessibility.test.js > Accessibility Utilities > FocusTrap > ignores non-Tab keys
 ✓ src/test/utils/accessibility.test.js > Accessibility Utilities > initSkipLinks > sets up skip link functionality
 ✓ src/test/utils/accessibility.test.js > Accessibility Utilities > initSkipLinks > focuses main content when skip link clicked
 ✓ src/test/utils/accessibility.test.js > Accessibility Utilities > prefersReducedMotion > returns boolean
 ✓ src/test/utils/accessibility.test.js > Accessibility Utilities > prefersHighContrast > returns boolean
 ✓ src/test/utils/accessibility.test.js > Accessibility Utilities > ariaHelpers > setLoading > sets aria-busy attribute
 ✓ src/test/utils/accessibility.test.js > Accessibility Utilities > ariaHelpers > setLoading > clears aria-busy when not loading
 ✓ src/test/utils/accessibility.test.js > Accessibility Utilities > ariaHelpers > setExpanded > sets aria-expanded and aria-hidden
 ✓ src/test/utils/accessibility.test.js > Accessibility Utilities > ariaHelpers > setExpanded > sets collapsed state
 ✓ src/test/utils/accessibility.test.js > Accessibility Utilities > ariaHelpers > setError > sets error attributes on input
 ✓ src/test/utils/accessibility.test.js > Accessibility Utilities > ariaHelpers > setError > clears error attributes when no message
 ✓ src/test/utils/accessibility.test.js > Accessibility Utilities > ariaHelpers > announceProgress > announces progress
 ✓ src/test/utils/accessibility.test.js > Accessibility Utilities > keyboardNav > handleArrowNav > navigates down with ArrowDown
 ✓ src/test/utils/accessibility.test.js > Accessibility Utilities > keyboardNav > handleArrowNav > navigates up with ArrowUp
 ✓ src/test/utils/accessibility.test.js > Accessibility Utilities > keyboardNav > handleArrowNav > wraps around at end
 ✓ src/test/utils/accessibility.test.js > Accessibility Utilities > keyboardNav > handleArrowNav > goes to Home with Home key
 ✓ src/test/utils/accessibility.test.js > Accessibility Utilities > keyboardNav > handleArrowNav > goes to End with End key
 ✓ src/test/utils/accessibility.test.js > Accessibility Utilities > keyboardNav > handleArrowNav > ignores other keys
 ✓ src/test/utils/accessibility.test.js > Accessibility Utilities > keyboardNav > createTypeAhead > creates type ahead function
 ✓ src/test/utils/accessibility.test.js > Accessibility Utilities > keyboardNav > createTypeAhead > focuses matching item
 ✓ src/test/utils/accessibility.test.js > Accessibility Utilities > checkContrast > calculates contrast ratio
 ✓ src/test/utils/accessibility.test.js > Accessibility Utilities > checkContrast > indicates AA pass/fail
 ✓ src/test/utils/accessibility.test.js > Accessibility Utilities > checkContrast > indicates AAA pass/fail
 ✓ src/test/utils/accessibility.test.js > Accessibility Utilities > checkContrast > returns ratio of 1 for same colors
 ✓ src/test/services/notifications.test.ts > notifications.ts > notificationsSupported > should return true when Notification and serviceWorker are available
 ✓ src/test/services/notifications.test.ts > notifications.ts > notificationsSupported > should return false when Notification is not available
 ✓ src/test/services/notifications.test.ts > notifications.ts > getNotificationPermission > should return "not-supported" when notifications are not supported
 ✓ src/test/services/notifications.test.ts > notifications.ts > getNotificationPermission > should return current permission when supported
 ✓ src/test/services/notifications.test.ts > notifications.ts > getNotificationPermission > should return denied when permission is denied
 ✓ src/test/services/notifications.test.ts > notifications.ts > getNotificationPermission > should return default when permission is default
 ✓ src/test/services/notifications.test.ts > notifications.ts > requestNotificationPermission > should return not-supported when notifications not available
 ✓ src/test/services/notifications.test.ts > notifications.ts > requestNotificationPermission > should request permission and return granted when allowed
 ✓ src/test/services/notifications.test.ts > notifications.ts > requestNotificationPermission > should return not granted when denied
 ✓ src/test/services/notifications.test.ts > notifications.ts > scheduleNotification > should return not-permitted when notifications not supported
 ✓ src/test/services/notifications.test.ts > notifications.ts > scheduleNotification > should return not-permitted when permission not granted
 ✓ src/test/services/notifications.test.ts > notifications.ts > scheduleNotification > should schedule immediate notification
 ✓ src/test/services/notifications.test.ts > notifications.ts > scheduleNotification > should schedule delayed notification
 ✓ src/test/services/notifications.test.ts > notifications.ts > scheduleNotification > should handle notification errors
 ✓ src/test/services/notifications.test.ts > notifications.ts > getContextualReminder > should return a message with title and body
 ✓ src/test/services/notifications.test.ts > notifications.ts > getContextualReminder > should return morning message in morning hours
 ✓ src/test/services/notifications.test.ts > notifications.ts > getContextualReminder > should return afternoon message in afternoon hours
 ✓ src/test/services/notifications.test.ts > notifications.ts > getContextualReminder > should return evening message in evening hours
 ✓ src/test/services/notifications.test.ts > notifications.ts > getContextualReminder > should return weekend message on weekends
 ✓ src/test/services/notifications.test.ts > notifications.ts > getContextualReminder > should return weekend message on Sunday
 ✓ src/test/services/notifications.test.ts > notifications.ts > getDailyReminderSettings > should return default time of 09:00 when not set
 ✓ src/test/services/notifications.test.ts > notifications.ts > getDailyReminderSettings > should return enabled false when not set
 ✓ src/test/services/notifications.test.ts > notifications.ts > getDailyReminderSettings > should have time property
 ✓ src/test/services/notifications.test.ts > notifications.ts > setupReminders > should return true when disabling reminders
 ✓ src/test/services/notifications.test.ts > notifications.ts > setupReminders > should return false when permission is denied
 ✓ src/test/services/notifications.test.ts > notifications.ts > setupReminders > should schedule reminder when enabled and permitted
 ✓ src/test/services/notifications.test.ts > notifications.ts > setupReminders > should schedule for next day when time has passed
stdout | src/test/services/dailyPlanService.quality.test.ts > Daily Plan Service - Quality Tests > generateDailyPlan - Exam Date Edge Cases > handles exam date tomorrow (1 day away) without crashing
Daily plan generation params {
  dailyGoal: 50,
  todayPoints: 0,
  goalCompletion: '0%',
  remainingFraction: 1,
  fullTargetMinutes: 140,
  targetMinutes: 140,
  maxActivities: 6,
  intensity: 1.4,
  phase: 'pending',
  section: 'FAR',
  topicStatsCount: 0,
  enableCurriculumFilter: undefined
}
Daily plan phase & budget {
  phase: 'examWeek',
  phaseReason: '1 day until exam — light review only',
  phaseSource: 'heuristic',
  lessonsAvailable: 3,
  isRestDay: false,
  remainingMinutesAfterAdjustments: 140,
  filteredTopicStatsCount: 0,
  flashcardsDue: 0,
  questionsDueCount: 0
}
Daily plan generated {
  totalActivities: 6,
  types: [ 'flashcards', 'mcq', 'mcq', 'mcq', 'mcq', 'mcq' ],
  phase: 'examWeek',
  maxActivities: 6,
  remainingMinutesAfter: 41
}

stdout | src/test/services/dailyPlanService.quality.test.ts > Daily Plan Service - Quality Tests > generateDailyPlan - Exam Date Edge Cases > handles exam date today (0 days away)
Daily plan generation params {
  dailyGoal: 50,
  todayPoints: 0,
  goalCompletion: '0%',
  remainingFraction: 1,
  fullTargetMinutes: 140,
  targetMinutes: 140,
  maxActivities: 6,
  intensity: 1.4,
  phase: 'pending',
  section: 'FAR',
  topicStatsCount: 0,
  enableCurriculumFilter: undefined
}
Daily plan phase & budget {
  phase: 'examWeek',
  phaseReason: '0 days until exam — light review only',
  phaseSource: 'heuristic',
  lessonsAvailable: 3,
  isRestDay: false,
  remainingMinutesAfterAdjustments: 140,
  filteredTopicStatsCount: 0,
  flashcardsDue: 0,
  questionsDueCount: 0
}
Daily plan generated {
  totalActivities: 6,
  types: [ 'flashcards', 'mcq', 'mcq', 'mcq', 'mcq', 'mcq' ],
  phase: 'examWeek',
  maxActivities: 6,
  remainingMinutesAfter: 41
}

stdout | src/test/services/dailyPlanService.quality.test.ts > Daily Plan Service - Quality Tests > generateDailyPlan - Exam Date Edge Cases > handles exam date in the past gracefully
Daily plan generation params {
  dailyGoal: 50,
  todayPoints: 0,
  goalCompletion: '0%',
  remainingFraction: 1,
  fullTargetMinutes: 140,
  targetMinutes: 140,
  maxActivities: 6,
  intensity: 1.4,
  phase: 'pending',
  section: 'FAR',
  topicStatsCount: 0,
  enableCurriculumFilter: undefined
}
Daily plan phase & budget {
  phase: 'examWeek',
  phaseReason: '-21 days until exam — light review only',
  phaseSource: 'heuristic',
  lessonsAvailable: 3,
  isRestDay: false,
  remainingMinutesAfterAdjustments: 140,
  filteredTopicStatsCount: 0,
  flashcardsDue: 0,
  questionsDueCount: 0
}
Daily plan generated {
  totalActivities: 6,
  types: [ 'flashcards', 'mcq', 'mcq', 'mcq', 'mcq', 'mcq' ],
  phase: 'examWeek',
  maxActivities: 6,
  remainingMinutesAfter: 41
}

stdout | src/test/services/dailyPlanService.quality.test.ts > Daily Plan Service - Quality Tests > generateDailyPlan - Exam Date Edge Cases > handles exam date exactly 7 days away (final week boundary)
Daily plan generation params {
  dailyGoal: 50,
  todayPoints: 0,
  goalCompletion: '0%',
  remainingFraction: 1,
  fullTargetMinutes: 140,
  targetMinutes: 140,
  maxActivities: 6,
  intensity: 1.4,
  phase: 'pending',
  section: 'FAR',
  topicStatsCount: 0,
  enableCurriculumFilter: undefined
}
Daily plan phase & budget {
  phase: 'examWeek',
  phaseReason: '7 days until exam — light review only',
  phaseSource: 'heuristic',
  lessonsAvailable: 3,
  isRestDay: false,
  remainingMinutesAfterAdjustments: 140,
  filteredTopicStatsCount: 0,
  flashcardsDue: 0,
  questionsDueCount: 0
}
Daily plan generated {
  totalActivities: 6,
  types: [ 'flashcards', 'mcq', 'mcq', 'mcq', 'mcq', 'mcq' ],
  phase: 'examWeek',
  maxActivities: 6,
  remainingMinutesAfter: 41
}

stdout | src/test/services/dailyPlanService.quality.test.ts > Daily Plan Service - Quality Tests > generateDailyPlan - Exam Date Edge Cases > handles exam date exactly 14 days away (two weeks boundary)
Daily plan generation params {
  dailyGoal: 50,
  todayPoints: 0,
  goalCompletion: '0%',
  remainingFraction: 1,
  fullTargetMinutes: 125,
  targetMinutes: 125,
  maxActivities: 5,
  intensity: 1.25,
  phase: 'pending',
  section: 'FAR',
  topicStatsCount: 0,
  enableCurriculumFilter: undefined
}
Daily plan phase & budget {
  phase: 'foundation',
  phaseReason: '0% content covered — focus on learning the material',
  phaseSource: 'heuristic',
  lessonsAvailable: 3,
  isRestDay: false,
  remainingMinutesAfterAdjustments: 125,
  filteredTopicStatsCount: 0,
  flashcardsDue: 0,
  questionsDueCount: 0
}
Lesson guarantee: added early lesson {
  lessonId: 'lesson-1',
  weakestTopic: undefined,
  lessonMatchedWeakTopic: false,
  lessonFromStudyPlan: undefined,
  phase: 'foundation'
}
Daily plan generated {
  totalActivities: 4,
  types: [ 'lesson', 'lesson', 'flashcards', 'mcq' ],
  phase: 'foundation',
  maxActivities: 5,
  remainingMinutesAfter: 23
}

stdout | src/test/services/dailyPlanService.quality.test.ts > Daily Plan Service - Quality Tests > generateDailyPlan - Exam Date Edge Cases > handles undefined exam date
Daily plan generation params {
  dailyGoal: 50,
  todayPoints: 0,
  goalCompletion: '0%',
  remainingFraction: 1,
  fullTargetMinutes: 100,
  targetMinutes: 100,
  maxActivities: 4,
  intensity: 1,
  phase: 'pending',
  section: 'FAR',
  topicStatsCount: 0,
  enableCurriculumFilter: undefined
}
Daily plan phase & budget {
  phase: 'foundation',
  phaseReason: '0% content covered — focus on learning the material',
  phaseSource: 'heuristic',
  lessonsAvailable: 3,
  isRestDay: false,
  remainingMinutesAfterAdjustments: 100,
  filteredTopicStatsCount: 0,
  flashcardsDue: 0,
  questionsDueCount: 0
}
Lesson guarantee: added early lesson {
  lessonId: 'lesson-1',
  weakestTopic: undefined,
  lessonMatchedWeakTopic: false,
  lessonFromStudyPlan: undefined,
  phase: 'foundation'
}
Daily plan generated {
  totalActivities: 4,
  types: [ 'lesson', 'lesson', 'flashcards', 'mcq' ],
  phase: 'foundation',
  maxActivities: 4,
  remainingMinutesAfter: -2
}

stdout | src/test/services/dailyPlanService.quality.test.ts > Daily Plan Service - Quality Tests > generateDailyPlan - Exam Date Edge Cases > handles malformed exam date string
Daily plan generation params {
  dailyGoal: 50,
  todayPoints: 0,
  goalCompletion: '0%',
  remainingFraction: 1,
  fullTargetMinutes: 60,
  targetMinutes: 60,
  maxActivities: 3,
  intensity: 0.6,
  phase: 'pending',
  section: 'FAR',
  topicStatsCount: 0,
  enableCurriculumFilter: undefined
}
Daily plan phase & budget {
  phase: 'foundation',
  phaseReason: '0% content covered — focus on learning the material',
  phaseSource: 'heuristic',
  lessonsAvailable: 3,
  isRestDay: false,
  remainingMinutesAfterAdjustments: 60,
  filteredTopicStatsCount: 0,
  flashcardsDue: 0,
  questionsDueCount: 0
}
Lesson guarantee: added early lesson {
  lessonId: 'lesson-1',
  weakestTopic: undefined,
  lessonMatchedWeakTopic: false,
  lessonFromStudyPlan: undefined,
  phase: 'foundation'
}
Plan has only 2 activities — adding guaranteed activities to reach 3
Daily plan generated {
  totalActivities: 3,
  types: [ 'lesson', 'lesson', 'flashcards' ],
  phase: 'foundation',
  maxActivities: 3,
  remainingMinutesAfter: -15
}

stdout | src/test/services/dailyPlanService.quality.test.ts > Daily Plan Service - Quality Tests > generateDailyPlan - Topic Stats Edge Cases > handles empty topicStats array
Daily plan generation params {
  dailyGoal: 50,
  todayPoints: 0,
  goalCompletion: '0%',
  remainingFraction: 1,
  fullTargetMinutes: 100,
  targetMinutes: 100,
  maxActivities: 4,
  intensity: 1,
  phase: 'pending',
  section: 'FAR',
  topicStatsCount: 0,
  enableCurriculumFilter: undefined
}
Daily plan phase & budget {
  phase: 'foundation',
  phaseReason: '0% content covered — focus on learning the material',
  phaseSource: 'heuristic',
  lessonsAvailable: 3,
  isRestDay: false,
  remainingMinutesAfterAdjustments: 100,
  filteredTopicStatsCount: 0,
  flashcardsDue: 0,
  questionsDueCount: 0
}
Lesson guarantee: added early lesson {
  lessonId: 'lesson-1',
  weakestTopic: undefined,
  lessonMatchedWeakTopic: false,
  lessonFromStudyPlan: undefined,
  phase: 'foundation'
}
Daily plan generated {
  totalActivities: 4,
  types: [ 'lesson', 'lesson', 'flashcards', 'mcq' ],
  phase: 'foundation',
  maxActivities: 4,
  remainingMinutesAfter: -2
}

stdout | src/test/services/dailyPlanService.quality.test.ts > Daily Plan Service - Quality Tests > generateDailyPlan - Topic Stats Edge Cases > handles topic with 0% accuracy
Daily plan generation params {
  dailyGoal: 50,
  todayPoints: 0,
  goalCompletion: '0%',
  remainingFraction: 1,
  fullTargetMinutes: 100,
  targetMinutes: 100,
  maxActivities: 4,
  intensity: 1,
  phase: 'pending',
  section: 'FAR',
  topicStatsCount: 1,
  enableCurriculumFilter: undefined
}
Daily plan phase & budget {
  phase: 'foundation',
  phaseReason: '0% content covered — focus on learning the material',
  phaseSource: 'heuristic',
  lessonsAvailable: 3,
  isRestDay: false,
  remainingMinutesAfterAdjustments: 100,
  filteredTopicStatsCount: 1,
  flashcardsDue: 0,
  questionsDueCount: 0
}
Lesson guarantee: added early lesson {
  lessonId: 'lesson-2',
  weakestTopic: 'Revenue',
  lessonMatchedWeakTopic: true,
  lessonFromStudyPlan: undefined,
  phase: 'foundation'
}
Daily plan generated {
  totalActivities: 3,
  types: [ 'mcq', 'lesson', 'lesson' ],
  phase: 'foundation',
  maxActivities: 4,
  remainingMinutesAfter: 7
}

stdout | src/test/services/dailyPlanService.quality.test.ts > Daily Plan Service - Quality Tests > generateDailyPlan - Topic Stats Edge Cases > handles topic with 100% accuracy
Daily plan generation params {
  dailyGoal: 50,
  todayPoints: 0,
  goalCompletion: '0%',
  remainingFraction: 1,
  fullTargetMinutes: 100,
  targetMinutes: 100,
  maxActivities: 4,
  intensity: 1,
  phase: 'pending',
  section: 'FAR',
  topicStatsCount: 1,
  enableCurriculumFilter: undefined
}
Daily plan phase & budget {
  phase: 'foundation',
  phaseReason: '0% content covered — focus on learning the material',
  phaseSource: 'heuristic',
  lessonsAvailable: 3,
  isRestDay: false,
  remainingMinutesAfterAdjustments: 100,
  filteredTopicStatsCount: 1,
  flashcardsDue: 0,
  questionsDueCount: 0
}
Lesson guarantee: added early lesson {
  lessonId: 'lesson-1',
  weakestTopic: undefined,
  lessonMatchedWeakTopic: false,
  lessonFromStudyPlan: undefined,
  phase: 'foundation'
}
Daily plan generated {
  totalActivities: 4,
  types: [ 'lesson', 'lesson', 'flashcards', 'mcq' ],
  phase: 'foundation',
  maxActivities: 4,
  remainingMinutesAfter: -2
}

stdout | src/test/services/dailyPlanService.quality.test.ts > Daily Plan Service - Quality Tests > generateDailyPlan - Topic Stats Edge Cases > handles topic with exactly 60% accuracy (weak area boundary)
Daily plan generation params {
  dailyGoal: 50,
  todayPoints: 0,
  goalCompletion: '0%',
  remainingFraction: 1,
  fullTargetMinutes: 100,
  targetMinutes: 100,
  maxActivities: 4,
  intensity: 1,
  phase: 'pending',
  section: 'FAR',
  topicStatsCount: 1,
  enableCurriculumFilter: undefined
}
Daily plan phase & budget {
  phase: 'foundation',
  phaseReason: '0% content covered — focus on learning the material',
  phaseSource: 'heuristic',
  lessonsAvailable: 3,
  isRestDay: false,
  remainingMinutesAfterAdjustments: 100,
  filteredTopicStatsCount: 1,
  flashcardsDue: 0,
  questionsDueCount: 0
}
Lesson guarantee: added early lesson {
  lessonId: 'lesson-1',
  weakestTopic: undefined,
  lessonMatchedWeakTopic: false,
  lessonFromStudyPlan: undefined,
  phase: 'foundation'
}
Daily plan generated {
  totalActivities: 4,
  types: [ 'mcq', 'lesson', 'lesson', 'flashcards' ],
  phase: 'foundation',
  maxActivities: 4,
  remainingMinutesAfter: -2
}

stdout | src/test/services/dailyPlanService.quality.test.ts > Daily Plan Service - Quality Tests > generateDailyPlan - Topic Stats Edge Cases > handles topic with exactly 70% accuracy (mastery boundary)
Daily plan generation params {
  dailyGoal: 50,
  todayPoints: 0,
  goalCompletion: '0%',
  remainingFraction: 1,
  fullTargetMinutes: 100,
  targetMinutes: 100,
  maxActivities: 4,
  intensity: 1,
  phase: 'pending',
  section: 'FAR',
  topicStatsCount: 1,
  enableCurriculumFilter: undefined
}
Daily plan phase & budget {
  phase: 'foundation',
  phaseReason: '0% content covered — focus on learning the material',
  phaseSource: 'heuristic',
  lessonsAvailable: 3,
  isRestDay: false,
  remainingMinutesAfterAdjustments: 100,
  filteredTopicStatsCount: 1,
  flashcardsDue: 0,
  questionsDueCount: 0
}
Lesson guarantee: added early lesson {
  lessonId: 'lesson-1',
  weakestTopic: undefined,
  lessonMatchedWeakTopic: false,
  lessonFromStudyPlan: undefined,
  phase: 'foundation'
}
Daily plan generated {
  totalActivities: 4,
  types: [ 'lesson', 'lesson', 'flashcards', 'mcq' ],
  phase: 'foundation',
  maxActivities: 4,
  remainingMinutesAfter: -2
}

stdout | src/test/services/dailyPlanService.quality.test.ts > Daily Plan Service - Quality Tests > generateDailyPlan - Topic Stats Edge Cases > handles topic with insufficient questions (< 3)
Daily plan generation params {
  dailyGoal: 50,
  todayPoints: 0,
  goalCompletion: '0%',
  remainingFraction: 1,
  fullTargetMinutes: 100,
  targetMinutes: 100,
  maxActivities: 4,
  intensity: 1,
  phase: 'pending',
  section: 'FAR',
  topicStatsCount: 1,
  enableCurriculumFilter: undefined
}
Daily plan phase & budget {
  phase: 'foundation',
  phaseReason: '0% content covered — focus on learning the material',
  phaseSource: 'heuristic',
  lessonsAvailable: 3,
  isRestDay: false,
  remainingMinutesAfterAdjustments: 100,
  filteredTopicStatsCount: 1,
  flashcardsDue: 0,
  questionsDueCount: 0
}
Lesson guarantee: added early lesson {
  lessonId: 'lesson-1',
  weakestTopic: undefined,
  lessonMatchedWeakTopic: false,
  lessonFromStudyPlan: undefined,
  phase: 'foundation'
}
Daily plan generated {
  totalActivities: 4,
  types: [ 'lesson', 'lesson', 'flashcards', 'mcq' ],
  phase: 'foundation',
  maxActivities: 4,
  remainingMinutesAfter: -2
}

stdout | src/test/services/dailyPlanService.quality.test.ts > Daily Plan Service - Quality Tests > generateDailyPlan - Topic Stats Edge Cases > handles NaN accuracy value
Daily plan generation params {
  dailyGoal: 50,
  todayPoints: 0,
  goalCompletion: '0%',
  remainingFraction: 1,
  fullTargetMinutes: 100,
  targetMinutes: 100,
  maxActivities: 4,
  intensity: 1,
  phase: 'pending',
  section: 'FAR',
  topicStatsCount: 1,
  enableCurriculumFilter: undefined
}
Daily plan phase & budget {
  phase: 'foundation',
  phaseReason: '0% content covered — focus on learning the material',
  phaseSource: 'heuristic',
  lessonsAvailable: 3,
  isRestDay: false,
  remainingMinutesAfterAdjustments: 100,
  filteredTopicStatsCount: 1,
  flashcardsDue: 0,
  questionsDueCount: 0
}
Lesson guarantee: added early lesson {
  lessonId: 'lesson-1',
  weakestTopic: undefined,
  lessonMatchedWeakTopic: false,
  lessonFromStudyPlan: undefined,
  phase: 'foundation'
}
Daily plan generated {
  totalActivities: 4,
  types: [ 'lesson', 'lesson', 'flashcards', 'mcq' ],
  phase: 'foundation',
  maxActivities: 4,
  remainingMinutesAfter: -2
}

stdout | src/test/services/dailyPlanService.quality.test.ts > Daily Plan Service - Quality Tests > generateDailyPlan - Topic Stats Edge Cases > handles negative accuracy value
Daily plan generation params {
  dailyGoal: 50,
  todayPoints: 0,
  goalCompletion: '0%',
  remainingFraction: 1,
  fullTargetMinutes: 100,
  targetMinutes: 100,
  maxActivities: 4,
  intensity: 1,
  phase: 'pending',
  section: 'FAR',
  topicStatsCount: 1,
  enableCurriculumFilter: undefined
}
Daily plan phase & budget {
  phase: 'foundation',
  phaseReason: '0% content covered — focus on learning the material',
  phaseSource: 'heuristic',
  lessonsAvailable: 3,
  isRestDay: false,
  remainingMinutesAfterAdjustments: 100,
  filteredTopicStatsCount: 1,
  flashcardsDue: 0,
  questionsDueCount: 0
}
Lesson guarantee: added early lesson {
  lessonId: 'lesson-1',
  weakestTopic: 'Test',
  lessonMatchedWeakTopic: false,
  lessonFromStudyPlan: undefined,
  phase: 'foundation'
}
Daily plan generated {
  totalActivities: 3,
  types: [ 'mcq', 'lesson', 'lesson' ],
  phase: 'foundation',
  maxActivities: 4,
  remainingMinutesAfter: 7
}

stdout | src/test/services/dailyPlanService.quality.test.ts > Daily Plan Service - Quality Tests > generateDailyPlan - Daily Goal Edge Cases > handles dailyGoal of 0
Daily plan generation params {
  dailyGoal: 0,
  todayPoints: 0,
  goalCompletion: '0%',
  remainingFraction: 1,
  fullTargetMinutes: 0,
  targetMinutes: 45,
  maxActivities: 3,
  intensity: 1,
  phase: 'pending',
  section: 'FAR',
  topicStatsCount: 0,
  enableCurriculumFilter: undefined
}
Daily plan phase & budget {
  phase: 'foundation',
  phaseReason: '0% content covered — focus on learning the material',
  phaseSource: 'heuristic',
  lessonsAvailable: 3,
  isRestDay: false,
  remainingMinutesAfterAdjustments: 45,
  filteredTopicStatsCount: 0,
  flashcardsDue: 0,
  questionsDueCount: 0
}
Lesson guarantee: added early lesson {
  lessonId: 'lesson-1',
  weakestTopic: undefined,
  lessonMatchedWeakTopic: false,
  lessonFromStudyPlan: undefined,
  phase: 'foundation'
}
Plan has only 2 activities — adding guaranteed activities to reach 3
Daily plan generated {
  totalActivities: 3,
  types: [ 'lesson', 'lesson', 'flashcards' ],
  phase: 'foundation',
  maxActivities: 3,
  remainingMinutesAfter: -30
}

stdout | src/test/services/dailyPlanService.quality.test.ts > Daily Plan Service - Quality Tests > generateDailyPlan - Daily Goal Edge Cases > handles very high dailyGoal (1000 points)
Daily plan generation params {
  dailyGoal: 1000,
  todayPoints: 0,
  goalCompletion: '0%',
  remainingFraction: 1,
  fullTargetMinutes: 2000,
  targetMinutes: 2000,
  maxActivities: 10,
  intensity: 1,
  phase: 'pending',
  section: 'FAR',
  topicStatsCount: 0,
  enableCurriculumFilter: undefined
}
Daily plan phase & budget {
  phase: 'foundation',
  phaseReason: '0% content covered — focus on learning the material',
  phaseSource: 'heuristic',
  lessonsAvailable: 3,
  isRestDay: false,
  remainingMinutesAfterAdjustments: 2000,
  filteredTopicStatsCount: 0,
  flashcardsDue: 0,
  questionsDueCount: 0
}
Lesson guarantee: added early lesson {
  lessonId: 'lesson-1',
  weakestTopic: undefined,
  lessonMatchedWeakTopic: false,
  lessonFromStudyPlan: undefined,
  phase: 'foundation'
}
Daily plan generated {
  totalActivities: 10,
  types: [
    'lesson',     'lesson',
    'flashcards', 'mcq',
    'mcq',        'mcq',
    'mcq',        'mcq',
    'mcq',        'mcq'
  ],
  phase: 'foundation',
  maxActivities: 10,
  remainingMinutesAfter: 1790
}

stdout | src/test/services/dailyPlanService.quality.test.ts > Daily Plan Service - Quality Tests > generateDailyPlan - Daily Goal Edge Cases > handles negative dailyGoal
Daily plan generation params {
  dailyGoal: -50,
  todayPoints: 0,
  goalCompletion: '0%',
  remainingFraction: 1,
  fullTargetMinutes: -100,
  targetMinutes: 45,
  maxActivities: 3,
  intensity: 1,
  phase: 'pending',
  section: 'FAR',
  topicStatsCount: 0,
  enableCurriculumFilter: undefined
}
Daily plan phase & budget {
  phase: 'foundation',
  phaseReason: '0% content covered — focus on learning the material',
  phaseSource: 'heuristic',
  lessonsAvailable: 3,
  isRestDay: false,
  remainingMinutesAfterAdjustments: 45,
  filteredTopicStatsCount: 0,
  flashcardsDue: 0,
  questionsDueCount: 0
}
Lesson guarantee: added early lesson {
  lessonId: 'lesson-1',
  weakestTopic: undefined,
  lessonMatchedWeakTopic: false,
  lessonFromStudyPlan: undefined,
  phase: 'foundation'
}
Plan has only 2 activities — adding guaranteed activities to reach 3
Daily plan generated {
  totalActivities: 3,
  types: [ 'lesson', 'lesson', 'flashcards' ],
  phase: 'foundation',
  maxActivities: 3,
  remainingMinutesAfter: -30
}

 ✓ src/test/services/dailyPlanService.quality.test.ts > Daily Plan Service - Quality Tests > generateDailyPlan - Exam Date Edge Cases > handles exam date tomorrow (1 day away) without crashing
 ✓ src/test/services/dailyPlanService.quality.test.ts > Daily Plan Service - Quality Tests > generateDailyPlan - Exam Date Edge Cases > handles exam date today (0 days away)
 ✓ src/test/services/dailyPlanService.quality.test.ts > Daily Plan Service - Quality Tests > generateDailyPlan - Exam Date Edge Cases > handles exam date in the past gracefully
 ✓ src/test/services/dailyPlanService.quality.test.ts > Daily Plan Service - Quality Tests > generateDailyPlan - Exam Date Edge Cases > handles exam date exactly 7 days away (final week boundary)
 ✓ src/test/services/dailyPlanService.quality.test.ts > Daily Plan Service - Quality Tests > generateDailyPlan - Exam Date Edge Cases > handles exam date exactly 14 days away (two weeks boundary)
 ✓ src/test/services/dailyPlanService.quality.test.ts > Daily Plan Service - Quality Tests > generateDailyPlan - Exam Date Edge Cases > handles undefined exam date
 ✓ src/test/services/dailyPlanService.quality.test.ts > Daily Plan Service - Quality Tests > generateDailyPlan - Exam Date Edge Cases > handles malformed exam date string
 ✓ src/test/services/dailyPlanService.quality.test.ts > Daily Plan Service - Quality Tests > generateDailyPlan - Topic Stats Edge Cases > handles empty topicStats array
 ✓ src/test/services/dailyPlanService.quality.test.ts > Daily Plan Service - Quality Tests > generateDailyPlan - Topic Stats Edge Cases > handles topic with 0% accuracy
 ✓ src/test/services/dailyPlanService.quality.test.ts > Daily Plan Service - Quality Tests > generateDailyPlan - Topic Stats Edge Cases > handles topic with 100% accuracy
 ✓ src/test/services/dailyPlanService.quality.test.ts > Daily Plan Service - Quality Tests > generateDailyPlan - Topic Stats Edge Cases > handles topic with exactly 60% accuracy (weak area boundary)
 ✓ src/test/services/dailyPlanService.quality.test.ts > Daily Plan Service - Quality Tests > generateDailyPlan - Topic Stats Edge Cases > handles topic with exactly 70% accuracy (mastery boundary)
 ✓ src/test/services/dailyPlanService.quality.test.ts > Daily Plan Service - Quality Tests > generateDailyPlan - Topic Stats Edge Cases > handles topic with insufficient questions (< 3)
 ✓ src/test/services/dailyPlanService.quality.test.ts > Daily Plan Service - Quality Tests > generateDailyPlan - Topic Stats Edge Cases > handles NaN accuracy value
 ✓ src/test/services/dailyPlanService.quality.test.ts > Daily Plan Service - Quality Tests > generateDailyPlan - Topic Stats Edge Cases > handles negative accuracy value
 ✓ src/test/services/dailyPlanService.quality.test.ts > Daily Plan Service - Quality Tests > generateDailyPlan - Daily Goal Edge Cases > handles dailyGoal of 0
 ✓ src/test/services/dailyPlanService.quality.test.ts > Daily Plan Service - Quality Tests > generateDailyPlan - Daily Goal Edge Cases > handles very high dailyGoal (1000 points)
 ✓ src/test/services/dailyPlanService.quality.test.ts > Daily Plan Service - Quality Tests > generateDailyPlan - Daily Goal Edge Cases > handles negative dailyGoal
 ✓ src/test/services/dailyPlanService.quality.test.ts > Daily Plan Service - Quality Tests > getAdaptiveQuestionTopics - Edge Cases > returns empty array for empty topicStats
 ✓ src/test/services/dailyPlanService.quality.test.ts > Daily Plan Service - Quality Tests > getAdaptiveQuestionTopics - Edge Cases > handles targetCount of 0
 ✓ src/test/services/dailyPlanService.quality.test.ts > Daily Plan Service - Quality Tests > getAdaptiveQuestionTopics - Edge Cases > handles targetCount of 1
 ✓ src/test/services/dailyPlanService.quality.test.ts > Daily Plan Service - Quality Tests > getAdaptiveQuestionTopics - Edge Cases > prioritizes weakest topic first
 ✓ src/test/services/dailyPlanService.quality.test.ts > Daily Plan Service - Quality Tests > getAdaptiveQuestionTopics - Edge Cases > includes stale topics not practiced recently
 ✓ src/test/services/dailyPlanService.quality.test.ts > Daily Plan Service - Quality Tests > getAdaptiveQuestionTopics - Edge Cases > handles topics with no lastPracticed date
 ✓ src/test/services/dailyPlanService.quality.test.ts > Daily Plan Service - Quality Tests > analyzeNextFocus - Edge Cases > handles empty topicStats and lessonProgress
 ✓ src/test/services/dailyPlanService.quality.test.ts > Daily Plan Service - Quality Tests > analyzeNextFocus - Edge Cases > handles 0 total lessons
 ✓ src/test/services/dailyPlanService.quality.test.ts > Daily Plan Service - Quality Tests > analyzeNextFocus - Edge Cases > identifies primary focus as lessons when < 50% complete
 ✓ src/test/services/dailyPlanService.quality.test.ts > Daily Plan Service - Quality Tests > analyzeNextFocus - Edge Cases > identifies weak areas as primary focus when lessons > 50% complete
 ✓ src/test/services/dailyPlanService.quality.test.ts > Daily Plan Service - Quality Tests > analyzeNextFocus - Edge Cases > correctly identifies strengths (accuracy >= 80%)
 ✓ src/test/services/dailyPlanService.quality.test.ts > Daily Plan Service - Quality Tests > analyzeNextFocus - Edge Cases > limits readinessGaps to 5 items
 ✓ src/test/services/dailyPlanService.quality.test.ts > Daily Plan Service - Quality Tests > analyzeNextFocus - Edge Cases > excludes topics with < 5 questions from readinessGaps
 ✓ src/test/utils/courseDetection.quality.test.ts > Course Detection - Quality Tests > Domain-Based Detection > should detect CPA course from voraprepcpa.com
 ✓ src/test/utils/courseDetection.quality.test.ts > Course Detection - Quality Tests > Domain-Based Detection > should detect CPA course from www.voraprepcpa.com
 ✓ src/test/utils/courseDetection.quality.test.ts > Course Detection - Quality Tests > Domain-Based Detection > should detect CMA course from voraprepcma.com
 ✓ src/test/utils/courseDetection.quality.test.ts > Course Detection - Quality Tests > Domain-Based Detection > should detect EA course from voraprepea.com
 ✓ src/test/utils/courseDetection.quality.test.ts > Course Detection - Quality Tests > Domain-Based Detection > should handle unknown domains gracefully
 ✓ src/test/utils/courseDetection.quality.test.ts > Course Detection - Quality Tests > Subdomain-Based Detection > should detect CPA from cpa.voraprep.com
 ✓ src/test/utils/courseDetection.quality.test.ts > Course Detection - Quality Tests > Subdomain-Based Detection > should detect CMA from cma.voraprep.com
 ✓ src/test/utils/courseDetection.quality.test.ts > Course Detection - Quality Tests > Subdomain-Based Detection > should detect EA from ea.voraprep.com
 ✓ src/test/utils/courseDetection.quality.test.ts > Course Detection - Quality Tests > Subdomain-Based Detection > should detect CIA from cia.voraprep.com
 ✓ src/test/utils/courseDetection.quality.test.ts > Course Detection - Quality Tests > Subdomain-Based Detection > should not match invalid subdomains
 ✓ src/test/utils/courseDetection.quality.test.ts > Course Detection - Quality Tests > Subdomain-Based Detection > should handle www.cpa.voraprep.com (no match)
 ✓ src/test/utils/courseDetection.quality.test.ts > Course Detection - Quality Tests > Path-Based Detection > should detect CPA from /cpa path
 ✓ src/test/utils/courseDetection.quality.test.ts > Course Detection - Quality Tests > Path-Based Detection > should detect CPA from /cpa/lessons path
 ✓ src/test/utils/courseDetection.quality.test.ts > Course Detection - Quality Tests > Path-Based Detection > should detect CMA from /cma/practice path
 ✓ src/test/utils/courseDetection.quality.test.ts > Course Detection - Quality Tests > Path-Based Detection > should not match /cpa in middle of path
 ✓ src/test/utils/courseDetection.quality.test.ts > Course Detection - Quality Tests > Path-Based Detection > should not match partial course names like /cpax
 ✓ src/test/utils/courseDetection.quality.test.ts > Course Detection - Quality Tests > Path-Based Detection > should handle trailing slashes
 ✓ src/test/utils/courseDetection.quality.test.ts > Course Detection - Quality Tests > Query Parameter Detection > should detect course from ?course=cpa
 ✓ src/test/utils/courseDetection.quality.test.ts > Course Detection - Quality Tests > Query Parameter Detection > should detect course from ?course=cma
 ✓ src/test/utils/courseDetection.quality.test.ts > Course Detection - Quality Tests > Query Parameter Detection > should ignore invalid course parameter
 ✓ src/test/utils/courseDetection.quality.test.ts > Course Detection - Quality Tests > Query Parameter Detection > should handle course parameter with other params
 ✓ src/test/utils/courseDetection.quality.test.ts > Course Detection - Quality Tests > Query Parameter Detection > should handle URL-encoded course parameter
 ✓ src/test/utils/courseDetection.quality.test.ts > Course Detection - Quality Tests > User Preference Detection > should detect from localStorage if no other source
 ✓ src/test/utils/courseDetection.quality.test.ts > Course Detection - Quality Tests > User Preference Detection > should ignore invalid localStorage value
 ✓ src/test/utils/courseDetection.quality.test.ts > Course Detection - Quality Tests > Detection Priority > should prioritize domain over subdomain
 ✓ src/test/utils/courseDetection.quality.test.ts > Course Detection - Quality Tests > Detection Priority > should prioritize path over query param
 ✓ src/test/utils/courseDetection.quality.test.ts > Course Detection - Quality Tests > Detection Priority > should prioritize query param over user preference
 ✓ src/test/utils/courseDetection.quality.test.ts > Course Detection - Quality Tests > saveCoursePreference > should save valid course to localStorage
 ✓ src/test/utils/courseDetection.quality.test.ts > Course Detection - Quality Tests > saveCoursePreference > should overwrite existing preference
 ✓ src/test/utils/courseDetection.quality.test.ts > Course Detection - Quality Tests > saveCoursePreference > should handle localStorage errors gracefully
 ✓ src/test/utils/courseDetection.quality.test.ts > Course Detection - Quality Tests > clearCoursePreference > should remove preference from localStorage
 ✓ src/test/utils/courseDetection.quality.test.ts > Course Detection - Quality Tests > clearCoursePreference > should handle missing preference gracefully
 ✓ src/test/utils/courseDetection.quality.test.ts > Course Detection - Quality Tests > clearCoursePreference > should handle localStorage errors gracefully
 ✓ src/test/utils/courseDetection.quality.test.ts > Course Detection - Quality Tests > getCoursePreference > should return saved preference
 ✓ src/test/utils/courseDetection.quality.test.ts > Course Detection - Quality Tests > getCoursePreference > should return null if no preference
 ✓ src/test/utils/courseDetection.quality.test.ts > Course Detection - Quality Tests > getCoursePreference > should return null for invalid saved value
 ✓ src/test/utils/courseDetection.quality.test.ts > Course Detection - Quality Tests > getCoursePreference > should handle localStorage errors gracefully
 ✓ src/test/utils/courseDetection.quality.test.ts > Course Detection - Quality Tests > Default Behavior > should default to CPA when nothing matches
 ✓ src/test/utils/courseDetection.quality.test.ts > Course Detection - Quality Tests > Default Behavior > should handle empty pathname
 ✓ src/test/components/Leaderboard.quality.test.tsx > Leaderboard > loading state > should show loading skeleton initially
 ✓ src/test/components/Leaderboard.quality.test.tsx > Leaderboard > loading state > should show loading skeleton in compact mode
 ✓ src/test/components/Leaderboard.quality.test.tsx > Leaderboard > unauthenticated state > should show join community message when user is not logged in
 ✓ src/test/components/Leaderboard.quality.test.tsx > Leaderboard > unauthenticated state > should not fetch data when user is not logged in
 ✓ src/test/components/Leaderboard.quality.test.tsx > Leaderboard > unauthenticated state > should have sign in link pointing to login
 ✓ src/test/components/Leaderboard.quality.test.tsx > Leaderboard > compact mode > should render compact view with percentile grid
 ✓ src/test/components/Leaderboard.quality.test.tsx > Leaderboard > compact mode > should show percentile values in compact mode
 ✓ src/test/components/Leaderboard.quality.test.tsx > Leaderboard > compact mode > should show motivational message
 ✓ src/test/components/Leaderboard.quality.test.tsx > Leaderboard > compact mode > should hide View All link when community feature is disabled
 ✓ src/test/components/Leaderboard.quality.test.tsx > Leaderboard > compact mode > should show community stats when available
 ✓ src/test/components/Leaderboard.quality.test.tsx > Leaderboard > compact mode > should not show community stats when todayActive is 0
 ✓ src/test/components/Leaderboard.quality.test.tsx > Leaderboard > data recording > should record daily activity when user has studied
 ✓ src/test/components/Leaderboard.quality.test.tsx > Leaderboard > data recording > should record streak when user has one
 ✓ src/test/components/Leaderboard.quality.test.tsx > Leaderboard > data recording > should not record activity when user has not studied
 ✓ src/test/components/Leaderboard.quality.test.tsx > Leaderboard > data recording > should not record streak when currentStreak is 0
 ✓ src/test/components/Leaderboard.quality.test.tsx > Leaderboard > error handling > should handle fetch errors gracefully
 ✓ src/test/components/Leaderboard.quality.test.tsx > Leaderboard > error handling > should still set loading to false after error
 ✓ src/test/components/Leaderboard.quality.test.tsx > Leaderboard > section detection > should use courseId for section
 ✓ src/test/components/Leaderboard.quality.test.tsx > Leaderboard > section detection > should pass course data to motivational message
 ✓ src/test/components/Leaderboard.quality.test.tsx > Leaderboard > null/undefined handling > should handle null todayLog
 ✓ src/test/components/Leaderboard.quality.test.tsx > Leaderboard > null/undefined handling > should handle null ranking values with defaults
 ✓ src/test/components/Leaderboard.quality.test.tsx > Leaderboard > PercentileRing subcomponent > should render full mode with percentile rings
 ✓ src/test/components/Leaderboard.quality.test.tsx > Leaderboard > edge cases > should handle very high percentile values
 ✓ src/test/components/Leaderboard.quality.test.tsx > Leaderboard > edge cases > should handle zero percentile values
 ✓ src/test/components/Leaderboard.quality.test.tsx > Leaderboard > edge cases > should handle large community stats numbers
 ✓ src/test/components/Leaderboard.quality.test.tsx > Leaderboard > edge cases > should not show motivational message when empty
 ✓ src/test/services/ciaScorePredictor.test.ts > ciaScorePredictor > rawToScaled (IIA 250-750 scale) > converts 0% to 250 (minimum)
 ✓ src/test/services/ciaScorePredictor.test.ts > ciaScorePredictor > rawToScaled (IIA 250-750 scale) > converts 100% to 750 (maximum)
 ✓ src/test/services/ciaScorePredictor.test.ts > ciaScorePredictor > rawToScaled (IIA 250-750 scale) > converts 75% to 600 (passing)
 ✓ src/test/services/ciaScorePredictor.test.ts > ciaScorePredictor > rawToScaled (IIA 250-750 scale) > handles negative values
 ✓ src/test/services/ciaScorePredictor.test.ts > ciaScorePredictor > rawToScaled (IIA 250-750 scale) > handles values over 100
 ✓ src/test/services/ciaScorePredictor.test.ts > ciaScorePredictor > rawToScaled (IIA 250-750 scale) > scales in lower range (0-75%)
 ✓ src/test/services/ciaScorePredictor.test.ts > ciaScorePredictor > rawToScaled (IIA 250-750 scale) > scales in upper range (75-100%)
 ✓ src/test/services/ciaScorePredictor.test.ts > ciaScorePredictor > rawToScaled (IIA 250-750 scale) > is monotonically increasing
 ✓ src/test/services/ciaScorePredictor.test.ts > ciaScorePredictor > scaledToRaw > converts 250 to 0%
 ✓ src/test/services/ciaScorePredictor.test.ts > ciaScorePredictor > scaledToRaw > converts 750 to 100%
 ✓ src/test/services/ciaScorePredictor.test.ts > ciaScorePredictor > scaledToRaw > converts 600 to 75%
 ✓ src/test/services/ciaScorePredictor.test.ts > ciaScorePredictor > scaledToRaw > handles values below 250
 ✓ src/test/services/ciaScorePredictor.test.ts > ciaScorePredictor > scaledToRaw > handles values above 750
 ✓ src/test/services/ciaScorePredictor.test.ts > ciaScorePredictor > scaledToRaw > is inverse of rawToScaled
 ✓ src/test/services/ciaScorePredictor.test.ts > ciaScorePredictor > predictPartScore > returns prediction for valid data
 ✓ src/test/services/ciaScorePredictor.test.ts > ciaScorePredictor > predictPartScore > includes confidence interval
 ✓ src/test/services/ciaScorePredictor.test.ts > ciaScorePredictor > predictPartScore > calculates pass probability
 ✓ src/test/services/ciaScorePredictor.test.ts > ciaScorePredictor > predictPartScore > includes recommendations
 ✓ src/test/services/ciaScorePredictor.test.ts > ciaScorePredictor > predictPartScore > adjusts prediction for improving trend
 ✓ src/test/services/ciaScorePredictor.test.ts > ciaScorePredictor > predictPartScore > adjusts prediction for declining trend
 ✓ src/test/services/ciaScorePredictor.test.ts > ciaScorePredictor > predictPartScore > factors in mock exam performance
 ✓ src/test/services/ciaScorePredictor.test.ts > ciaScorePredictor > predictOverall > returns predictions for all parts
 ✓ src/test/services/ciaScorePredictor.test.ts > ciaScorePredictor > predictOverall > calculates overall pass probability
 ✓ src/test/services/ciaScorePredictor.test.ts > ciaScorePredictor > predictOverall > determines readiness level
 ✓ src/test/services/ciaScorePredictor.test.ts > ciaScorePredictor > predictOverall > estimates study hours needed
 ✓ src/test/services/ciaScorePredictor.test.ts > ciaScorePredictor > calculateImprovementRate > returns positive rate for improvement
 ✓ src/test/services/ciaScorePredictor.test.ts > ciaScorePredictor > calculateImprovementRate > returns negative rate for decline
 ✓ src/test/services/ciaScorePredictor.test.ts > ciaScorePredictor > calculateImprovementRate > returns near zero for stable performance
 ✓ src/test/services/ciaScorePredictor.test.ts > ciaScorePredictor > calculateImprovementRate > handles empty array
 ✓ src/test/services/ciaScorePredictor.test.ts > ciaScorePredictor > calculateImprovementRate > handles single score
 ✓ src/test/services/ciaScorePredictor.test.ts > ciaScorePredictor > projectFutureScore > projects higher score with positive improvement rate
 ✓ src/test/services/ciaScorePredictor.test.ts > ciaScorePredictor > projectFutureScore > projects lower score with negative improvement rate
 ✓ src/test/services/ciaScorePredictor.test.ts > ciaScorePredictor > projectFutureScore > caps at 100%
 ✓ src/test/services/ciaScorePredictor.test.ts > ciaScorePredictor > projectFutureScore > floors at 0%
 ✓ src/test/services/ciaScorePredictor.test.ts > ciaScorePredictor > estimateSessionsToTarget > returns 0 if already at target
 ✓ src/test/services/ciaScorePredictor.test.ts > ciaScorePredictor > estimateSessionsToTarget > returns positive number if below target
 ✓ src/test/services/ciaScorePredictor.test.ts > ciaScorePredictor > estimateSessionsToTarget > returns higher sessions for larger gap
 ✓ src/test/services/ciaScorePredictor.test.ts > ciaScorePredictor > estimateSessionsToTarget > returns higher sessions for slower improvement rate
 ✓ src/test/services/ciaScorePredictor.test.ts > ciaScorePredictor > generateScoreReport > generates comprehensive report
 ✓ src/test/services/ciaScorePredictor.test.ts > ciaScorePredictor > generateScoreReport > includes part details for all parts
 ✓ src/test/services/ciaScorePredictor.test.ts > ciaScorePredictor > generateScoreReport > includes overall status assessment
 ✓ src/test/services/ciaScorePredictor.test.ts > ciaScorePredictor > generateScoreReport > includes priority order for parts
 ✓ src/test/services/ciaScorePredictor.test.ts > ciaScorePredictor > generateScoreReport > identifies part status correctly
stderr | src/test/services/aiService.quality.test.ts > AI Service - Quality Tests > Fallback Response Generation > Explain Mode Fallbacks > should provide capital gains explanation when asked about capital gains
[AI Service] generateAIResponse called without courseId! Defaulting to CPA. Please fix the calling code.
AI Service Error: TypeError: Cannot read properties of undefined (reading 'ok')
    at Module.generateAIResponse (/workspaces/passcpa/src/services/aiService.ts:555:21)
    at processTicksAndRejections (node:internal/process/task_queues:103:5)
    at /workspaces/passcpa/src/test/services/aiService.quality.test.ts:30:26
    at runTest (file:///workspaces/passcpa/node_modules/@vitest/runner/dist/index.js:781:11)
    at runSuite (file:///workspaces/passcpa/node_modules/@vitest/runner/dist/index.js:909:15)
    at runSuite (file:///workspaces/passcpa/node_modules/@vitest/runner/dist/index.js:909:15)
    at runSuite (file:///workspaces/passcpa/node_modules/@vitest/runner/dist/index.js:909:15)
    at runSuite (file:///workspaces/passcpa/node_modules/@vitest/runner/dist/index.js:909:15)
    at runFiles (file:///workspaces/passcpa/node_modules/@vitest/runner/dist/index.js:958:5)
    at startTests (file:///workspaces/passcpa/node_modules/@vitest/runner/dist/index.js:967:3)

stderr | src/test/services/aiService.quality.test.ts > AI Service - Quality Tests > Fallback Response Generation > Explain Mode Fallbacks > should provide lease classification explanation for lease questions
[AI Service] generateAIResponse called without courseId! Defaulting to CPA. Please fix the calling code.
AI Service Error: TypeError: Cannot read properties of undefined (reading 'ok')
    at Module.generateAIResponse (/workspaces/passcpa/src/services/aiService.ts:555:21)
    at processTicksAndRejections (node:internal/process/task_queues:103:5)
    at /workspaces/passcpa/src/test/services/aiService.quality.test.ts:38:26
    at runTest (file:///workspaces/passcpa/node_modules/@vitest/runner/dist/index.js:781:11)
    at runSuite (file:///workspaces/passcpa/node_modules/@vitest/runner/dist/index.js:909:15)
    at runSuite (file:///workspaces/passcpa/node_modules/@vitest/runner/dist/index.js:909:15)
    at runSuite (file:///workspaces/passcpa/node_modules/@vitest/runner/dist/index.js:909:15)
    at runSuite (file:///workspaces/passcpa/node_modules/@vitest/runner/dist/index.js:909:15)
    at runFiles (file:///workspaces/passcpa/node_modules/@vitest/runner/dist/index.js:958:5)
    at startTests (file:///workspaces/passcpa/node_modules/@vitest/runner/dist/index.js:967:3)

stderr | src/test/services/aiService.quality.test.ts > AI Service - Quality Tests > Fallback Response Generation > Explain Mode Fallbacks > should provide 1031 exchange explanation
[AI Service] generateAIResponse called without courseId! Defaulting to CPA. Please fix the calling code.
AI Service Error: TypeError: Cannot read properties of undefined (reading 'ok')
    at Module.generateAIResponse (/workspaces/passcpa/src/services/aiService.ts:555:21)
    at processTicksAndRejections (node:internal/process/task_queues:103:5)
    at /workspaces/passcpa/src/test/services/aiService.quality.test.ts:47:26
    at runTest (file:///workspaces/passcpa/node_modules/@vitest/runner/dist/index.js:781:11)
    at runSuite (file:///workspaces/passcpa/node_modules/@vitest/runner/dist/index.js:909:15)
    at runSuite (file:///workspaces/passcpa/node_modules/@vitest/runner/dist/index.js:909:15)
    at runSuite (file:///workspaces/passcpa/node_modules/@vitest/runner/dist/index.js:909:15)
    at runSuite (file:///workspaces/passcpa/node_modules/@vitest/runner/dist/index.js:909:15)
    at runFiles (file:///workspaces/passcpa/node_modules/@vitest/runner/dist/index.js:958:5)
    at startTests (file:///workspaces/passcpa/node_modules/@vitest/runner/dist/index.js:967:3)

stderr | src/test/services/aiService.quality.test.ts > AI Service - Quality Tests > Fallback Response Generation > Explain Mode Fallbacks > should provide like-kind exchange explanation
[AI Service] generateAIResponse called without courseId! Defaulting to CPA. Please fix the calling code.
AI Service Error: TypeError: Cannot read properties of undefined (reading 'ok')
    at Module.generateAIResponse (/workspaces/passcpa/src/services/aiService.ts:555:21)
    at processTicksAndRejections (node:internal/process/task_queues:103:5)
    at /workspaces/passcpa/src/test/services/aiService.quality.test.ts:56:26
    at runTest (file:///workspaces/passcpa/node_modules/@vitest/runner/dist/index.js:781:11)
    at runSuite (file:///workspaces/passcpa/node_modules/@vitest/runner/dist/index.js:909:15)
    at runSuite (file:///workspaces/passcpa/node_modules/@vitest/runner/dist/index.js:909:15)
    at runSuite (file:///workspaces/passcpa/node_modules/@vitest/runner/dist/index.js:909:15)
    at runSuite (file:///workspaces/passcpa/node_modules/@vitest/runner/dist/index.js:909:15)
    at runFiles (file:///workspaces/passcpa/node_modules/@vitest/runner/dist/index.js:958:5)
    at startTests (file:///workspaces/passcpa/node_modules/@vitest/runner/dist/index.js:967:3)

stderr | src/test/services/aiService.quality.test.ts > AI Service - Quality Tests > Fallback Response Generation > Explain Mode Fallbacks > should provide S Corp explanation
[AI Service] generateAIResponse called without courseId! Defaulting to CPA. Please fix the calling code.
AI Service Error: TypeError: Cannot read properties of undefined (reading 'ok')
    at Module.generateAIResponse (/workspaces/passcpa/src/services/aiService.ts:555:21)
    at processTicksAndRejections (node:internal/process/task_queues:103:5)
    at /workspaces/passcpa/src/test/services/aiService.quality.test.ts:63:26
    at runTest (file:///workspaces/passcpa/node_modules/@vitest/runner/dist/index.js:781:11)
    at runSuite (file:///workspaces/passcpa/node_modules/@vitest/runner/dist/index.js:909:15)
    at runSuite (file:///workspaces/passcpa/node_modules/@vitest/runner/dist/index.js:909:15)
    at runSuite (file:///workspaces/passcpa/node_modules/@vitest/runner/dist/index.js:909:15)
    at runSuite (file:///workspaces/passcpa/node_modules/@vitest/runner/dist/index.js:909:15)
    at runFiles (file:///workspaces/passcpa/node_modules/@vitest/runner/dist/index.js:958:5)
    at startTests (file:///workspaces/passcpa/node_modules/@vitest/runner/dist/index.js:967:3)

stderr | src/test/services/aiService.quality.test.ts > AI Service - Quality Tests > Fallback Response Generation > Explain Mode Fallbacks > should handle s-corp hyphenated format
[AI Service] generateAIResponse called without courseId! Defaulting to CPA. Please fix the calling code.
AI Service Error: TypeError: Cannot read properties of undefined (reading 'ok')
    at Module.generateAIResponse (/workspaces/passcpa/src/services/aiService.ts:555:21)
    at processTicksAndRejections (node:internal/process/task_queues:103:5)
    at /workspaces/passcpa/src/test/services/aiService.quality.test.ts:72:26
    at runTest (file:///workspaces/passcpa/node_modules/@vitest/runner/dist/index.js:781:11)
    at runSuite (file:///workspaces/passcpa/node_modules/@vitest/runner/dist/index.js:909:15)
    at runSuite (file:///workspaces/passcpa/node_modules/@vitest/runner/dist/index.js:909:15)
    at runSuite (file:///workspaces/passcpa/node_modules/@vitest/runner/dist/index.js:909:15)
    at runSuite (file:///workspaces/passcpa/node_modules/@vitest/runner/dist/index.js:909:15)
    at runFiles (file:///workspaces/passcpa/node_modules/@vitest/runner/dist/index.js:958:5)
    at startTests (file:///workspaces/passcpa/node_modules/@vitest/runner/dist/index.js:967:3)

stderr | src/test/services/aiService.quality.test.ts > AI Service - Quality Tests > Fallback Response Generation > Explain Mode Fallbacks > should provide generic response for unknown topics
[AI Service] generateAIResponse called without courseId! Defaulting to CPA. Please fix the calling code.
AI Service Error: TypeError: Cannot read properties of undefined (reading 'ok')
    at Module.generateAIResponse (/workspaces/passcpa/src/services/aiService.ts:555:21)
    at processTicksAndRejections (node:internal/process/task_queues:103:5)
    at /workspaces/passcpa/src/test/services/aiService.quality.test.ts:78:26
    at runTest (file:///workspaces/passcpa/node_modules/@vitest/runner/dist/index.js:781:11)
    at runSuite (file:///workspaces/passcpa/node_modules/@vitest/runner/dist/index.js:909:15)
    at runSuite (file:///workspaces/passcpa/node_modules/@vitest/runner/dist/index.js:909:15)
    at runSuite (file:///workspaces/passcpa/node_modules/@vitest/runner/dist/index.js:909:15)
    at runSuite (file:///workspaces/passcpa/node_modules/@vitest/runner/dist/index.js:909:15)
    at runFiles (file:///workspaces/passcpa/node_modules/@vitest/runner/dist/index.js:958:5)
    at startTests (file:///workspaces/passcpa/node_modules/@vitest/runner/dist/index.js:967:3)

stderr | src/test/services/aiService.quality.test.ts > AI Service - Quality Tests > Fallback Response Generation > Socratic Mode Fallbacks > should ask probing questions about leases in Socratic mode
[AI Service] generateAIResponse called without courseId! Defaulting to CPA. Please fix the calling code.
AI Service Error: TypeError: Cannot read properties of undefined (reading 'ok')
    at Module.generateAIResponse (/workspaces/passcpa/src/services/aiService.ts:555:21)
    at processTicksAndRejections (node:internal/process/task_queues:103:5)
    at /workspaces/passcpa/src/test/services/aiService.quality.test.ts:87:26
    at runTest (file:///workspaces/passcpa/node_modules/@vitest/runner/dist/index.js:781:11)
    at runSuite (file:///workspaces/passcpa/node_modules/@vitest/runner/dist/index.js:909:15)
    at runSuite (file:///workspaces/passcpa/node_modules/@vitest/runner/dist/index.js:909:15)
    at runSuite (file:///workspaces/passcpa/node_modules/@vitest/runner/dist/index.js:909:15)
    at runSuite (file:///workspaces/passcpa/node_modules/@vitest/runner/dist/index.js:909:15)
    at runFiles (file:///workspaces/passcpa/node_modules/@vitest/runner/dist/index.js:958:5)
    at startTests (file:///workspaces/passcpa/node_modules/@vitest/runner/dist/index.js:967:3)

stderr | src/test/services/aiService.quality.test.ts > AI Service - Quality Tests > Fallback Response Generation > Socratic Mode Fallbacks > should guide through partnership basis questions
[AI Service] generateAIResponse called without courseId! Defaulting to CPA. Please fix the calling code.
AI Service Error: TypeError: Cannot read properties of undefined (reading 'ok')
    at Module.generateAIResponse (/workspaces/passcpa/src/services/aiService.ts:555:21)
    at processTicksAndRejections (node:internal/process/task_queues:103:5)
    at /workspaces/passcpa/src/test/services/aiService.quality.test.ts:94:26
    at runTest (file:///workspaces/passcpa/node_modules/@vitest/runner/dist/index.js:781:11)
    at runSuite (file:///workspaces/passcpa/node_modules/@vitest/runner/dist/index.js:909:15)
    at runSuite (file:///workspaces/passcpa/node_modules/@vitest/runner/dist/index.js:909:15)
    at runSuite (file:///workspaces/passcpa/node_modules/@vitest/runner/dist/index.js:909:15)
    at runSuite (file:///workspaces/passcpa/node_modules/@vitest/runner/dist/index.js:909:15)
    at runFiles (file:///workspaces/passcpa/node_modules/@vitest/runner/dist/index.js:958:5)
    at startTests (file:///workspaces/passcpa/node_modules/@vitest/runner/dist/index.js:967:3)

stderr | src/test/services/aiService.quality.test.ts > AI Service - Quality Tests > Fallback Response Generation > Socratic Mode Fallbacks > should ask for context on unknown Socratic topics
[AI Service] generateAIResponse called without courseId! Defaulting to CPA. Please fix the calling code.
AI Service Error: TypeError: Cannot read properties of undefined (reading 'ok')
    at Module.generateAIResponse (/workspaces/passcpa/src/services/aiService.ts:555:21)
    at processTicksAndRejections (node:internal/process/task_queues:103:5)
    at /workspaces/passcpa/src/test/services/aiService.quality.test.ts:101:26
    at runTest (file:///workspaces/passcpa/node_modules/@vitest/runner/dist/index.js:781:11)
    at runSuite (file:///workspaces/passcpa/node_modules/@vitest/runner/dist/index.js:909:15)
    at runSuite (file:///workspaces/passcpa/node_modules/@vitest/runner/dist/index.js:909:15)
    at runSuite (file:///workspaces/passcpa/node_modules/@vitest/runner/dist/index.js:909:15)
    at runSuite (file:///workspaces/passcpa/node_modules/@vitest/runner/dist/index.js:909:15)
    at runFiles (file:///workspaces/passcpa/node_modules/@vitest/runner/dist/index.js:958:5)
    at startTests (file:///workspaces/passcpa/node_modules/@vitest/runner/dist/index.js:967:3)

stderr | src/test/services/aiService.quality.test.ts > AI Service - Quality Tests > Fallback Response Generation > Quiz Mode Fallbacks > should generate lease quiz question in quiz mode
[AI Service] generateAIResponse called without courseId! Defaulting to CPA. Please fix the calling code.
AI Service Error: TypeError: Cannot read properties of undefined (reading 'ok')
    at Module.generateAIResponse (/workspaces/passcpa/src/services/aiService.ts:555:21)
    at processTicksAndRejections (node:internal/process/task_queues:103:5)
    at /workspaces/passcpa/src/test/services/aiService.quality.test.ts:110:26
    at runTest (file:///workspaces/passcpa/node_modules/@vitest/runner/dist/index.js:781:11)
    at runSuite (file:///workspaces/passcpa/node_modules/@vitest/runner/dist/index.js:909:15)
    at runSuite (file:///workspaces/passcpa/node_modules/@vitest/runner/dist/index.js:909:15)
    at runSuite (file:///workspaces/passcpa/node_modules/@vitest/runner/dist/index.js:909:15)
    at runSuite (file:///workspaces/passcpa/node_modules/@vitest/runner/dist/index.js:909:15)
    at runFiles (file:///workspaces/passcpa/node_modules/@vitest/runner/dist/index.js:958:5)
    at startTests (file:///workspaces/passcpa/node_modules/@vitest/runner/dist/index.js:967:3)

stderr | src/test/services/aiService.quality.test.ts > AI Service - Quality Tests > Fallback Response Generation > Quiz Mode Fallbacks > should generate S Corp quiz question
[AI Service] generateAIResponse called without courseId! Defaulting to CPA. Please fix the calling code.
AI Service Error: TypeError: Cannot read properties of undefined (reading 'ok')
    at Module.generateAIResponse (/workspaces/passcpa/src/services/aiService.ts:555:21)
    at processTicksAndRejections (node:internal/process/task_queues:103:5)
    at /workspaces/passcpa/src/test/services/aiService.quality.test.ts:118:26
    at runTest (file:///workspaces/passcpa/node_modules/@vitest/runner/dist/index.js:781:11)
    at runSuite (file:///workspaces/passcpa/node_modules/@vitest/runner/dist/index.js:909:15)
    at runSuite (file:///workspaces/passcpa/node_modules/@vitest/runner/dist/index.js:909:15)
    at runSuite (file:///workspaces/passcpa/node_modules/@vitest/runner/dist/index.js:909:15)
    at runSuite (file:///workspaces/passcpa/node_modules/@vitest/runner/dist/index.js:909:15)
    at runFiles (file:///workspaces/passcpa/node_modules/@vitest/runner/dist/index.js:958:5)
    at startTests (file:///workspaces/passcpa/node_modules/@vitest/runner/dist/index.js:967:3)

stderr | src/test/services/aiService.quality.test.ts > AI Service - Quality Tests > Fallback Response Generation > Quiz Mode Fallbacks > should prompt for topic on generic quiz request
[AI Service] generateAIResponse called without courseId! Defaulting to CPA. Please fix the calling code.
AI Service Error: TypeError: Cannot read properties of undefined (reading 'ok')
    at Module.generateAIResponse (/workspaces/passcpa/src/services/aiService.ts:555:21)
    at processTicksAndRejections (node:internal/process/task_queues:103:5)
    at /workspaces/passcpa/src/test/services/aiService.quality.test.ts:125:26
    at runTest (file:///workspaces/passcpa/node_modules/@vitest/runner/dist/index.js:781:11)
    at runSuite (file:///workspaces/passcpa/node_modules/@vitest/runner/dist/index.js:909:15)
    at runSuite (file:///workspaces/passcpa/node_modules/@vitest/runner/dist/index.js:909:15)
    at runSuite (file:///workspaces/passcpa/node_modules/@vitest/runner/dist/index.js:909:15)
    at runSuite (file:///workspaces/passcpa/node_modules/@vitest/runner/dist/index.js:909:15)
    at runFiles (file:///workspaces/passcpa/node_modules/@vitest/runner/dist/index.js:958:5)
    at startTests (file:///workspaces/passcpa/node_modules/@vitest/runner/dist/index.js:967:3)

stderr | src/test/services/aiService.quality.test.ts > AI Service - Quality Tests > Case Insensitivity > should handle uppercase input
[AI Service] generateAIResponse called without courseId! Defaulting to CPA. Please fix the calling code.
AI Service Error: TypeError: Cannot read properties of undefined (reading 'ok')
    at Module.generateAIResponse (/workspaces/passcpa/src/services/aiService.ts:555:21)
    at processTicksAndRejections (node:internal/process/task_queues:103:5)
    at /workspaces/passcpa/src/test/services/aiService.quality.test.ts:134:24
    at runTest (file:///workspaces/passcpa/node_modules/@vitest/runner/dist/index.js:781:11)
    at runSuite (file:///workspaces/passcpa/node_modules/@vitest/runner/dist/index.js:909:15)
    at runSuite (file:///workspaces/passcpa/node_modules/@vitest/runner/dist/index.js:909:15)
    at runSuite (file:///workspaces/passcpa/node_modules/@vitest/runner/dist/index.js:909:15)
    at runFiles (file:///workspaces/passcpa/node_modules/@vitest/runner/dist/index.js:958:5)
    at startTests (file:///workspaces/passcpa/node_modules/@vitest/runner/dist/index.js:967:3)
    at file:///workspaces/passcpa/node_modules/vitest/dist/chunks/runtime-runBaseTests.oAvMKtQC.js:116:7

stderr | src/test/services/aiService.quality.test.ts > AI Service - Quality Tests > Case Insensitivity > should handle mixed case input
[AI Service] generateAIResponse called without courseId! Defaulting to CPA. Please fix the calling code.
AI Service Error: TypeError: Cannot read properties of undefined (reading 'ok')
    at Module.generateAIResponse (/workspaces/passcpa/src/services/aiService.ts:555:21)
    at processTicksAndRejections (node:internal/process/task_queues:103:5)
    at /workspaces/passcpa/src/test/services/aiService.quality.test.ts:139:24
    at runTest (file:///workspaces/passcpa/node_modules/@vitest/runner/dist/index.js:781:11)
    at runSuite (file:///workspaces/passcpa/node_modules/@vitest/runner/dist/index.js:909:15)
    at runSuite (file:///workspaces/passcpa/node_modules/@vitest/runner/dist/index.js:909:15)
    at runSuite (file:///workspaces/passcpa/node_modules/@vitest/runner/dist/index.js:909:15)
    at runFiles (file:///workspaces/passcpa/node_modules/@vitest/runner/dist/index.js:958:5)
    at startTests (file:///workspaces/passcpa/node_modules/@vitest/runner/dist/index.js:967:3)
    at file:///workspaces/passcpa/node_modules/vitest/dist/chunks/runtime-runBaseTests.oAvMKtQC.js:116:7

stderr | src/test/services/aiService.quality.test.ts > AI Service - Quality Tests > Mode Parameter > should default to explain mode when mode is undefined
[AI Service] generateAIResponse called without courseId! Defaulting to CPA. Please fix the calling code.
AI Service Error: TypeError: Cannot read properties of undefined (reading 'ok')
    at Module.generateAIResponse (/workspaces/passcpa/src/services/aiService.ts:555:21)
    at processTicksAndRejections (node:internal/process/task_queues:103:5)
    at /workspaces/passcpa/src/test/services/aiService.quality.test.ts:146:24
    at runTest (file:///workspaces/passcpa/node_modules/@vitest/runner/dist/index.js:781:11)
    at runSuite (file:///workspaces/passcpa/node_modules/@vitest/runner/dist/index.js:909:15)
    at runSuite (file:///workspaces/passcpa/node_modules/@vitest/runner/dist/index.js:909:15)
    at runSuite (file:///workspaces/passcpa/node_modules/@vitest/runner/dist/index.js:909:15)
    at runFiles (file:///workspaces/passcpa/node_modules/@vitest/runner/dist/index.js:958:5)
    at startTests (file:///workspaces/passcpa/node_modules/@vitest/runner/dist/index.js:967:3)
    at file:///workspaces/passcpa/node_modules/vitest/dist/chunks/runtime-runBaseTests.oAvMKtQC.js:116:7

stderr | src/test/services/aiService.quality.test.ts > AI Service - Quality Tests > Mode Parameter > should handle invalid mode gracefully
[AI Service] generateAIResponse called without courseId! Defaulting to CPA. Please fix the calling code.
AI Service Error: TypeError: Cannot read properties of undefined (reading 'ok')
    at Module.generateAIResponse (/workspaces/passcpa/src/services/aiService.ts:555:21)
    at processTicksAndRejections (node:internal/process/task_queues:103:5)
    at /workspaces/passcpa/src/test/services/aiService.quality.test.ts:152:24
    at runTest (file:///workspaces/passcpa/node_modules/@vitest/runner/dist/index.js:781:11)
    at runSuite (file:///workspaces/passcpa/node_modules/@vitest/runner/dist/index.js:909:15)
    at runSuite (file:///workspaces/passcpa/node_modules/@vitest/runner/dist/index.js:909:15)
    at runSuite (file:///workspaces/passcpa/node_modules/@vitest/runner/dist/index.js:909:15)
    at runFiles (file:///workspaces/passcpa/node_modules/@vitest/runner/dist/index.js:958:5)
    at startTests (file:///workspaces/passcpa/node_modules/@vitest/runner/dist/index.js:967:3)
    at file:///workspaces/passcpa/node_modules/vitest/dist/chunks/runtime-runBaseTests.oAvMKtQC.js:116:7

stderr | src/test/services/aiService.quality.test.ts > AI Service - Quality Tests > User Context Integration > should accept weak areas array
[AI Service] generateAIResponse called without courseId! Defaulting to CPA. Please fix the calling code.
AI Service Error: TypeError: Cannot read properties of undefined (reading 'ok')
    at Module.generateAIResponse (/workspaces/passcpa/src/services/aiService.ts:555:21)
    at processTicksAndRejections (node:internal/process/task_queues:103:5)
    at /workspaces/passcpa/src/test/services/aiService.quality.test.ts:166:24
    at runTest (file:///workspaces/passcpa/node_modules/@vitest/runner/dist/index.js:781:11)
    at runSuite (file:///workspaces/passcpa/node_modules/@vitest/runner/dist/index.js:909:15)
    at runSuite (file:///workspaces/passcpa/node_modules/@vitest/runner/dist/index.js:909:15)
    at runSuite (file:///workspaces/passcpa/node_modules/@vitest/runner/dist/index.js:909:15)
    at runFiles (file:///workspaces/passcpa/node_modules/@vitest/runner/dist/index.js:958:5)
    at startTests (file:///workspaces/passcpa/node_modules/@vitest/runner/dist/index.js:967:3)
    at file:///workspaces/passcpa/node_modules/vitest/dist/chunks/runtime-runBaseTests.oAvMKtQC.js:116:7

stderr | src/test/services/aiService.quality.test.ts > AI Service - Quality Tests > User Context Integration > should accept section parameter
[AI Service] generateAIResponse called without courseId! Defaulting to CPA. Please fix the calling code.
AI Service Error: TypeError: Cannot read properties of undefined (reading 'ok')
    at Module.generateAIResponse (/workspaces/passcpa/src/services/aiService.ts:555:21)
    at processTicksAndRejections (node:internal/process/task_queues:103:5)
    at /workspaces/passcpa/src/test/services/aiService.quality.test.ts:171:24
    at runTest (file:///workspaces/passcpa/node_modules/@vitest/runner/dist/index.js:781:11)
    at runSuite (file:///workspaces/passcpa/node_modules/@vitest/runner/dist/index.js:909:15)
    at runSuite (file:///workspaces/passcpa/node_modules/@vitest/runner/dist/index.js:909:15)
    at runSuite (file:///workspaces/passcpa/node_modules/@vitest/runner/dist/index.js:909:15)
    at runFiles (file:///workspaces/passcpa/node_modules/@vitest/runner/dist/index.js:958:5)
    at startTests (file:///workspaces/passcpa/node_modules/@vitest/runner/dist/index.js:967:3)
    at file:///workspaces/passcpa/node_modules/vitest/dist/chunks/runtime-runBaseTests.oAvMKtQC.js:116:7

stderr | src/test/services/aiService.quality.test.ts > AI Service - Quality Tests > User Context Integration > should accept conversation history
[AI Service] generateAIResponse called without courseId! Defaulting to CPA. Please fix the calling code.
AI Service Error: TypeError: Cannot read properties of undefined (reading 'ok')
    at Module.generateAIResponse (/workspaces/passcpa/src/services/aiService.ts:555:21)
    at processTicksAndRejections (node:internal/process/task_queues:103:5)
    at /workspaces/passcpa/src/test/services/aiService.quality.test.ts:181:24
    at runTest (file:///workspaces/passcpa/node_modules/@vitest/runner/dist/index.js:781:11)
    at runSuite (file:///workspaces/passcpa/node_modules/@vitest/runner/dist/index.js:909:15)
    at runSuite (file:///workspaces/passcpa/node_modules/@vitest/runner/dist/index.js:909:15)
    at runSuite (file:///workspaces/passcpa/node_modules/@vitest/runner/dist/index.js:909:15)
    at runFiles (file:///workspaces/passcpa/node_modules/@vitest/runner/dist/index.js:958:5)
    at startTests (file:///workspaces/passcpa/node_modules/@vitest/runner/dist/index.js:967:3)
    at file:///workspaces/passcpa/node_modules/vitest/dist/chunks/runtime-runBaseTests.oAvMKtQC.js:116:7

stderr | src/test/services/aiService.quality.test.ts > AI Service - Quality Tests > User Context Integration > should handle empty weak areas
[AI Service] generateAIResponse called without courseId! Defaulting to CPA. Please fix the calling code.
AI Service Error: TypeError: Cannot read properties of undefined (reading 'ok')
    at Module.generateAIResponse (/workspaces/passcpa/src/services/aiService.ts:555:21)
    at processTicksAndRejections (node:internal/process/task_queues:103:5)
    at /workspaces/passcpa/src/test/services/aiService.quality.test.ts:186:24
    at runTest (file:///workspaces/passcpa/node_modules/@vitest/runner/dist/index.js:781:11)
    at runSuite (file:///workspaces/passcpa/node_modules/@vitest/runner/dist/index.js:909:15)
    at runSuite (file:///workspaces/passcpa/node_modules/@vitest/runner/dist/index.js:909:15)
    at runSuite (file:///workspaces/passcpa/node_modules/@vitest/runner/dist/index.js:909:15)
    at runFiles (file:///workspaces/passcpa/node_modules/@vitest/runner/dist/index.js:958:5)
    at startTests (file:///workspaces/passcpa/node_modules/@vitest/runner/dist/index.js:967:3)
    at file:///workspaces/passcpa/node_modules/vitest/dist/chunks/runtime-runBaseTests.oAvMKtQC.js:116:7

stderr | src/test/services/aiService.quality.test.ts > AI Service - Quality Tests > User Context Integration > should handle empty conversation history
[AI Service] generateAIResponse called without courseId! Defaulting to CPA. Please fix the calling code.
AI Service Error: TypeError: Cannot read properties of undefined (reading 'ok')
    at Module.generateAIResponse (/workspaces/passcpa/src/services/aiService.ts:555:21)
    at processTicksAndRejections (node:internal/process/task_queues:103:5)
    at /workspaces/passcpa/src/test/services/aiService.quality.test.ts:191:24
    at runTest (file:///workspaces/passcpa/node_modules/@vitest/runner/dist/index.js:781:11)
    at runSuite (file:///workspaces/passcpa/node_modules/@vitest/runner/dist/index.js:909:15)
    at runSuite (file:///workspaces/passcpa/node_modules/@vitest/runner/dist/index.js:909:15)
    at runSuite (file:///workspaces/passcpa/node_modules/@vitest/runner/dist/index.js:909:15)
    at runFiles (file:///workspaces/passcpa/node_modules/@vitest/runner/dist/index.js:958:5)
    at startTests (file:///workspaces/passcpa/node_modules/@vitest/runner/dist/index.js:967:3)
    at file:///workspaces/passcpa/node_modules/vitest/dist/chunks/runtime-runBaseTests.oAvMKtQC.js:116:7

 ✓ src/test/services/aiService.quality.test.ts > AI Service - Quality Tests > Fallback Response Generation > Explain Mode Fallbacks > should provide capital gains explanation when asked about capital gains
 ✓ src/test/services/aiService.quality.test.ts > AI Service - Quality Tests > Fallback Response Generation > Explain Mode Fallbacks > should provide lease classification explanation for lease questions
 ✓ src/test/services/aiService.quality.test.ts > AI Service - Quality Tests > Fallback Response Generation > Explain Mode Fallbacks > should provide 1031 exchange explanation
 ✓ src/test/services/aiService.quality.test.ts > AI Service - Quality Tests > Fallback Response Generation > Explain Mode Fallbacks > should provide like-kind exchange explanation
 ✓ src/test/services/aiService.quality.test.ts > AI Service - Quality Tests > Fallback Response Generation > Explain Mode Fallbacks > should provide S Corp explanation
 ✓ src/test/services/aiService.quality.test.ts > AI Service - Quality Tests > Fallback Response Generation > Explain Mode Fallbacks > should handle s-corp hyphenated format
 ✓ src/test/services/aiService.quality.test.ts > AI Service - Quality Tests > Fallback Response Generation > Explain Mode Fallbacks > should provide generic response for unknown topics
 ✓ src/test/services/aiService.quality.test.ts > AI Service - Quality Tests > Fallback Response Generation > Socratic Mode Fallbacks > should ask probing questions about leases in Socratic mode
 ✓ src/test/services/aiService.quality.test.ts > AI Service - Quality Tests > Fallback Response Generation > Socratic Mode Fallbacks > should guide through partnership basis questions
 ✓ src/test/services/aiService.quality.test.ts > AI Service - Quality Tests > Fallback Response Generation > Socratic Mode Fallbacks > should ask for context on unknown Socratic topics
 ✓ src/test/services/aiService.quality.test.ts > AI Service - Quality Tests > Fallback Response Generation > Quiz Mode Fallbacks > should generate lease quiz question in quiz mode
 ✓ src/test/services/aiService.quality.test.ts > AI Service - Quality Tests > Fallback Response Generation > Quiz Mode Fallbacks > should generate S Corp quiz question
 ✓ src/test/services/aiService.quality.test.ts > AI Service - Quality Tests > Fallback Response Generation > Quiz Mode Fallbacks > should prompt for topic on generic quiz request
 ✓ src/test/services/aiService.quality.test.ts > AI Service - Quality Tests > Case Insensitivity > should handle uppercase input
 ✓ src/test/services/aiService.quality.test.ts > AI Service - Quality Tests > Case Insensitivity > should handle mixed case input
 ✓ src/test/services/aiService.quality.test.ts > AI Service - Quality Tests > Mode Parameter > should default to explain mode when mode is undefined
 ✓ src/test/services/aiService.quality.test.ts > AI Service - Quality Tests > Mode Parameter > should handle invalid mode gracefully
 ✓ src/test/services/aiService.quality.test.ts > AI Service - Quality Tests > User Context Integration > should accept weak areas array
 ✓ src/test/services/aiService.quality.test.ts > AI Service - Quality Tests > User Context Integration > should accept section parameter
 ✓ src/test/services/aiService.quality.test.ts > AI Service - Quality Tests > User Context Integration > should accept conversation history
 ✓ src/test/services/aiService.quality.test.ts > AI Service - Quality Tests > User Context Integration > should handle empty weak areas
 ✓ src/test/services/aiService.quality.test.ts > AI Service - Quality Tests > User Context Integration > should handle empty conversation history
stderr | src/test/services/aiService.quality.test.ts > AI Service - Quality Tests > API Integration (Mocked) > should call Gemini API when API key is present
[AI Service] generateAIResponse called without courseId! Defaulting to CPA. Please fix the calling code.

stderr | src/test/services/aiService.quality.test.ts > AI Service - Quality Tests > API Integration (Mocked) > should fall back on API error
[AI Service] generateAIResponse called without courseId! Defaulting to CPA. Please fix the calling code.
AI Service Error: TypeError: response.json is not a function
    at Module.generateAIResponse (/workspaces/passcpa/src/services/aiService.ts:556:42)
    at processTicksAndRejections (node:internal/process/task_queues:103:5)
    at /workspaces/passcpa/src/test/services/aiService.quality.test.ts:235:24
    at runTest (file:///workspaces/passcpa/node_modules/@vitest/runner/dist/index.js:781:11)
    at runSuite (file:///workspaces/passcpa/node_modules/@vitest/runner/dist/index.js:909:15)
    at runSuite (file:///workspaces/passcpa/node_modules/@vitest/runner/dist/index.js:909:15)
    at runSuite (file:///workspaces/passcpa/node_modules/@vitest/runner/dist/index.js:909:15)
    at runFiles (file:///workspaces/passcpa/node_modules/@vitest/runner/dist/index.js:958:5)
    at startTests (file:///workspaces/passcpa/node_modules/@vitest/runner/dist/index.js:967:3)
    at file:///workspaces/passcpa/node_modules/vitest/dist/chunks/runtime-runBaseTests.oAvMKtQC.js:116:7

stderr | src/test/services/aiService.quality.test.ts > AI Service - Quality Tests > API Integration (Mocked) > should fall back on network error
[AI Service] generateAIResponse called without courseId! Defaulting to CPA. Please fix the calling code.
AI Service Error: Error: Network error
    at /workspaces/passcpa/src/test/services/aiService.quality.test.ts:242:39
    at file:///workspaces/passcpa/node_modules/@vitest/runner/dist/index.js:135:14
    at file:///workspaces/passcpa/node_modules/@vitest/runner/dist/index.js:60:26
    at runTest (file:///workspaces/passcpa/node_modules/@vitest/runner/dist/index.js:781:17)
    at processTicksAndRejections (node:internal/process/task_queues:103:5)
    at runSuite (file:///workspaces/passcpa/node_modules/@vitest/runner/dist/index.js:909:15)
    at runSuite (file:///workspaces/passcpa/node_modules/@vitest/runner/dist/index.js:909:15)
    at runSuite (file:///workspaces/passcpa/node_modules/@vitest/runner/dist/index.js:909:15)
    at runFiles (file:///workspaces/passcpa/node_modules/@vitest/runner/dist/index.js:958:5)
    at startTests (file:///workspaces/passcpa/node_modules/@vitest/runner/dist/index.js:967:3)

stderr | src/test/services/aiService.quality.test.ts > AI Service - Quality Tests > API Integration (Mocked) > should handle empty response from API
[AI Service] generateAIResponse called without courseId! Defaulting to CPA. Please fix the calling code.
AI Service Error: Error: No response from Gemini
    at Module.generateAIResponse (/workspaces/passcpa/src/services/aiService.ts:578:15)
    at processTicksAndRejections (node:internal/process/task_queues:103:5)
    at /workspaces/passcpa/src/test/services/aiService.quality.test.ts:256:24
    at runTest (file:///workspaces/passcpa/node_modules/@vitest/runner/dist/index.js:781:11)
    at runSuite (file:///workspaces/passcpa/node_modules/@vitest/runner/dist/index.js:909:15)
    at runSuite (file:///workspaces/passcpa/node_modules/@vitest/runner/dist/index.js:909:15)
    at runSuite (file:///workspaces/passcpa/node_modules/@vitest/runner/dist/index.js:909:15)
    at runFiles (file:///workspaces/passcpa/node_modules/@vitest/runner/dist/index.js:958:5)
    at startTests (file:///workspaces/passcpa/node_modules/@vitest/runner/dist/index.js:967:3)
    at file:///workspaces/passcpa/node_modules/vitest/dist/chunks/runtime-runBaseTests.oAvMKtQC.js:116:7

stderr | src/test/services/aiService.quality.test.ts > AI Service - Quality Tests > API Integration (Mocked) > should handle malformed API response
[AI Service] generateAIResponse called without courseId! Defaulting to CPA. Please fix the calling code.
AI Service Error: Error: No response from Gemini
    at Module.generateAIResponse (/workspaces/passcpa/src/services/aiService.ts:578:15)
    at processTicksAndRejections (node:internal/process/task_queues:103:5)
    at /workspaces/passcpa/src/test/services/aiService.quality.test.ts:268:24
    at runTest (file:///workspaces/passcpa/node_modules/@vitest/runner/dist/index.js:781:11)
    at runSuite (file:///workspaces/passcpa/node_modules/@vitest/runner/dist/index.js:909:15)
    at runSuite (file:///workspaces/passcpa/node_modules/@vitest/runner/dist/index.js:909:15)
    at runSuite (file:///workspaces/passcpa/node_modules/@vitest/runner/dist/index.js:909:15)
    at runFiles (file:///workspaces/passcpa/node_modules/@vitest/runner/dist/index.js:958:5)
    at startTests (file:///workspaces/passcpa/node_modules/@vitest/runner/dist/index.js:967:3)
    at file:///workspaces/passcpa/node_modules/vitest/dist/chunks/runtime-runBaseTests.oAvMKtQC.js:116:7

stderr | src/test/services/aiService.quality.test.ts > AI Service - Quality Tests > Response Formatting > should include markdown formatting in responses
[AI Service] generateAIResponse called without courseId! Defaulting to CPA. Please fix the calling code.
AI Service Error: TypeError: Cannot read properties of undefined (reading 'ok')
    at Module.generateAIResponse (/workspaces/passcpa/src/services/aiService.ts:555:21)
    at processTicksAndRejections (node:internal/process/task_queues:103:5)
    at /workspaces/passcpa/src/test/services/aiService.quality.test.ts:277:24
    at runTest (file:///workspaces/passcpa/node_modules/@vitest/runner/dist/index.js:781:11)
    at runSuite (file:///workspaces/passcpa/node_modules/@vitest/runner/dist/index.js:909:15)
    at runSuite (file:///workspaces/passcpa/node_modules/@vitest/runner/dist/index.js:909:15)
    at runSuite (file:///workspaces/passcpa/node_modules/@vitest/runner/dist/index.js:909:15)
    at runFiles (file:///workspaces/passcpa/node_modules/@vitest/runner/dist/index.js:958:5)
    at startTests (file:///workspaces/passcpa/node_modules/@vitest/runner/dist/index.js:967:3)
    at file:///workspaces/passcpa/node_modules/vitest/dist/chunks/runtime-runBaseTests.oAvMKtQC.js:116:7

stderr | src/test/services/aiService.quality.test.ts > AI Service - Quality Tests > Response Formatting > should include emojis in friendly responses
[AI Service] generateAIResponse called without courseId! Defaulting to CPA. Please fix the calling code.
AI Service Error: TypeError: Cannot read properties of undefined (reading 'ok')
    at Module.generateAIResponse (/workspaces/passcpa/src/services/aiService.ts:555:21)
    at processTicksAndRejections (node:internal/process/task_queues:103:5)
    at /workspaces/passcpa/src/test/services/aiService.quality.test.ts:284:24
    at runTest (file:///workspaces/passcpa/node_modules/@vitest/runner/dist/index.js:781:11)
    at runSuite (file:///workspaces/passcpa/node_modules/@vitest/runner/dist/index.js:909:15)
    at runSuite (file:///workspaces/passcpa/node_modules/@vitest/runner/dist/index.js:909:15)
    at runSuite (file:///workspaces/passcpa/node_modules/@vitest/runner/dist/index.js:909:15)
    at runFiles (file:///workspaces/passcpa/node_modules/@vitest/runner/dist/index.js:958:5)
    at startTests (file:///workspaces/passcpa/node_modules/@vitest/runner/dist/index.js:967:3)
    at file:///workspaces/passcpa/node_modules/vitest/dist/chunks/runtime-runBaseTests.oAvMKtQC.js:116:7

stderr | src/test/services/aiService.quality.test.ts > AI Service - Quality Tests > Response Formatting > should include tables in detailed explanations
[AI Service] generateAIResponse called without courseId! Defaulting to CPA. Please fix the calling code.
AI Service Error: TypeError: Cannot read properties of undefined (reading 'ok')
    at Module.generateAIResponse (/workspaces/passcpa/src/services/aiService.ts:555:21)
    at processTicksAndRejections (node:internal/process/task_queues:103:5)
    at /workspaces/passcpa/src/test/services/aiService.quality.test.ts:291:24
    at runTest (file:///workspaces/passcpa/node_modules/@vitest/runner/dist/index.js:781:11)
    at runSuite (file:///workspaces/passcpa/node_modules/@vitest/runner/dist/index.js:909:15)
    at runSuite (file:///workspaces/passcpa/node_modules/@vitest/runner/dist/index.js:909:15)
    at runSuite (file:///workspaces/passcpa/node_modules/@vitest/runner/dist/index.js:909:15)
    at runFiles (file:///workspaces/passcpa/node_modules/@vitest/runner/dist/index.js:958:5)
    at startTests (file:///workspaces/passcpa/node_modules/@vitest/runner/dist/index.js:967:3)
    at file:///workspaces/passcpa/node_modules/vitest/dist/chunks/runtime-runBaseTests.oAvMKtQC.js:116:7

stderr | src/test/services/aiService.quality.test.ts > AI Service - Quality Tests > Response Formatting > should include high-yield exam points
[AI Service] generateAIResponse called without courseId! Defaulting to CPA. Please fix the calling code.
AI Service Error: TypeError: Cannot read properties of undefined (reading 'ok')
    at Module.generateAIResponse (/workspaces/passcpa/src/services/aiService.ts:555:21)
    at processTicksAndRejections (node:internal/process/task_queues:103:5)
    at /workspaces/passcpa/src/test/services/aiService.quality.test.ts:298:24
    at runTest (file:///workspaces/passcpa/node_modules/@vitest/runner/dist/index.js:781:11)
    at runSuite (file:///workspaces/passcpa/node_modules/@vitest/runner/dist/index.js:909:15)
    at runSuite (file:///workspaces/passcpa/node_modules/@vitest/runner/dist/index.js:909:15)
    at runSuite (file:///workspaces/passcpa/node_modules/@vitest/runner/dist/index.js:909:15)
    at runFiles (file:///workspaces/passcpa/node_modules/@vitest/runner/dist/index.js:958:5)
    at startTests (file:///workspaces/passcpa/node_modules/@vitest/runner/dist/index.js:967:3)
    at file:///workspaces/passcpa/node_modules/vitest/dist/chunks/runtime-runBaseTests.oAvMKtQC.js:116:7

stderr | src/test/services/aiService.quality.test.ts > AI Service - Quality Tests > Content Accuracy > should include correct long-term capital gains rates
[AI Service] generateAIResponse called without courseId! Defaulting to CPA. Please fix the calling code.
AI Service Error: TypeError: Cannot read properties of undefined (reading 'ok')
    at Module.generateAIResponse (/workspaces/passcpa/src/services/aiService.ts:555:21)
    at processTicksAndRejections (node:internal/process/task_queues:103:5)
    at /workspaces/passcpa/src/test/services/aiService.quality.test.ts:306:24
    at runTest (file:///workspaces/passcpa/node_modules/@vitest/runner/dist/index.js:781:11)
    at runSuite (file:///workspaces/passcpa/node_modules/@vitest/runner/dist/index.js:909:15)
    at runSuite (file:///workspaces/passcpa/node_modules/@vitest/runner/dist/index.js:909:15)
    at runSuite (file:///workspaces/passcpa/node_modules/@vitest/runner/dist/index.js:909:15)
    at runFiles (file:///workspaces/passcpa/node_modules/@vitest/runner/dist/index.js:958:5)
    at startTests (file:///workspaces/passcpa/node_modules/@vitest/runner/dist/index.js:967:3)
    at file:///workspaces/passcpa/node_modules/vitest/dist/chunks/runtime-runBaseTests.oAvMKtQC.js:116:7

stderr | src/test/services/aiService.quality.test.ts > AI Service - Quality Tests > Content Accuracy > should include correct lease timelines (75%/90%)
[AI Service] generateAIResponse called without courseId! Defaulting to CPA. Please fix the calling code.
AI Service Error: TypeError: Cannot read properties of undefined (reading 'ok')
    at Module.generateAIResponse (/workspaces/passcpa/src/services/aiService.ts:555:21)
    at processTicksAndRejections (node:internal/process/task_queues:103:5)
    at /workspaces/passcpa/src/test/services/aiService.quality.test.ts:315:24
    at runTest (file:///workspaces/passcpa/node_modules/@vitest/runner/dist/index.js:781:11)
    at runSuite (file:///workspaces/passcpa/node_modules/@vitest/runner/dist/index.js:909:15)
    at runSuite (file:///workspaces/passcpa/node_modules/@vitest/runner/dist/index.js:909:15)
    at runSuite (file:///workspaces/passcpa/node_modules/@vitest/runner/dist/index.js:909:15)
    at runFiles (file:///workspaces/passcpa/node_modules/@vitest/runner/dist/index.js:958:5)
    at startTests (file:///workspaces/passcpa/node_modules/@vitest/runner/dist/index.js:967:3)
    at file:///workspaces/passcpa/node_modules/vitest/dist/chunks/runtime-runBaseTests.oAvMKtQC.js:116:7

stderr | src/test/services/aiService.quality.test.ts > AI Service - Quality Tests > Content Accuracy > should include correct 1031 timelines (45/180 days)
[AI Service] generateAIResponse called without courseId! Defaulting to CPA. Please fix the calling code.
AI Service Error: TypeError: Cannot read properties of undefined (reading 'ok')
    at Module.generateAIResponse (/workspaces/passcpa/src/services/aiService.ts:555:21)
    at processTicksAndRejections (node:internal/process/task_queues:103:5)
    at /workspaces/passcpa/src/test/services/aiService.quality.test.ts:322:24
    at runTest (file:///workspaces/passcpa/node_modules/@vitest/runner/dist/index.js:781:11)
    at runSuite (file:///workspaces/passcpa/node_modules/@vitest/runner/dist/index.js:909:15)
    at runSuite (file:///workspaces/passcpa/node_modules/@vitest/runner/dist/index.js:909:15)
    at runSuite (file:///workspaces/passcpa/node_modules/@vitest/runner/dist/index.js:909:15)
    at runFiles (file:///workspaces/passcpa/node_modules/@vitest/runner/dist/index.js:958:5)
    at startTests (file:///workspaces/passcpa/node_modules/@vitest/runner/dist/index.js:967:3)
    at file:///workspaces/passcpa/node_modules/vitest/dist/chunks/runtime-runBaseTests.oAvMKtQC.js:116:7

stderr | src/test/services/aiService.quality.test.ts > AI Service - Quality Tests > Content Accuracy > should include correct S Corp shareholder limit (100)
[AI Service] generateAIResponse called without courseId! Defaulting to CPA. Please fix the calling code.
AI Service Error: TypeError: Cannot read properties of undefined (reading 'ok')
    at Module.generateAIResponse (/workspaces/passcpa/src/services/aiService.ts:555:21)
    at processTicksAndRejections (node:internal/process/task_queues:103:5)
    at /workspaces/passcpa/src/test/services/aiService.quality.test.ts:329:24
    at runTest (file:///workspaces/passcpa/node_modules/@vitest/runner/dist/index.js:781:11)
    at runSuite (file:///workspaces/passcpa/node_modules/@vitest/runner/dist/index.js:909:15)
    at runSuite (file:///workspaces/passcpa/node_modules/@vitest/runner/dist/index.js:909:15)
    at runSuite (file:///workspaces/passcpa/node_modules/@vitest/runner/dist/index.js:909:15)
    at runFiles (file:///workspaces/passcpa/node_modules/@vitest/runner/dist/index.js:958:5)
    at startTests (file:///workspaces/passcpa/node_modules/@vitest/runner/dist/index.js:967:3)
    at file:///workspaces/passcpa/node_modules/vitest/dist/chunks/runtime-runBaseTests.oAvMKtQC.js:116:7

stderr | src/test/services/aiService.quality.test.ts > AI Service - Quality Tests > Edge Cases > should handle empty string input
[AI Service] generateAIResponse called without courseId! Defaulting to CPA. Please fix the calling code.
AI Service Error: TypeError: Cannot read properties of undefined (reading 'ok')
    at Module.generateAIResponse (/workspaces/passcpa/src/services/aiService.ts:555:21)
    at processTicksAndRejections (node:internal/process/task_queues:103:5)
    at /workspaces/passcpa/src/test/services/aiService.quality.test.ts:337:24
    at runTest (file:///workspaces/passcpa/node_modules/@vitest/runner/dist/index.js:781:11)
    at runSuite (file:///workspaces/passcpa/node_modules/@vitest/runner/dist/index.js:909:15)
    at runSuite (file:///workspaces/passcpa/node_modules/@vitest/runner/dist/index.js:909:15)
    at runSuite (file:///workspaces/passcpa/node_modules/@vitest/runner/dist/index.js:909:15)
    at runFiles (file:///workspaces/passcpa/node_modules/@vitest/runner/dist/index.js:958:5)
    at startTests (file:///workspaces/passcpa/node_modules/@vitest/runner/dist/index.js:967:3)
    at file:///workspaces/passcpa/node_modules/vitest/dist/chunks/runtime-runBaseTests.oAvMKtQC.js:116:7

stderr | src/test/services/aiService.quality.test.ts > AI Service - Quality Tests > Edge Cases > should handle very long input
[AI Service] generateAIResponse called without courseId! Defaulting to CPA. Please fix the calling code.
AI Service Error: TypeError: Cannot read properties of undefined (reading 'ok')
    at Module.generateAIResponse (/workspaces/passcpa/src/services/aiService.ts:555:21)
    at processTicksAndRejections (node:internal/process/task_queues:103:5)
    at /workspaces/passcpa/src/test/services/aiService.quality.test.ts:343:24
    at runTest (file:///workspaces/passcpa/node_modules/@vitest/runner/dist/index.js:781:11)
    at runSuite (file:///workspaces/passcpa/node_modules/@vitest/runner/dist/index.js:909:15)
    at runSuite (file:///workspaces/passcpa/node_modules/@vitest/runner/dist/index.js:909:15)
    at runSuite (file:///workspaces/passcpa/node_modules/@vitest/runner/dist/index.js:909:15)
    at runFiles (file:///workspaces/passcpa/node_modules/@vitest/runner/dist/index.js:958:5)
    at startTests (file:///workspaces/passcpa/node_modules/@vitest/runner/dist/index.js:967:3)
    at file:///workspaces/passcpa/node_modules/vitest/dist/chunks/runtime-runBaseTests.oAvMKtQC.js:116:7

stderr | src/test/services/aiService.quality.test.ts > AI Service - Quality Tests > Edge Cases > should handle special characters in input
[AI Service] generateAIResponse called without courseId! Defaulting to CPA. Please fix the calling code.
AI Service Error: TypeError: Cannot read properties of undefined (reading 'ok')
    at Module.generateAIResponse (/workspaces/passcpa/src/services/aiService.ts:555:21)
    at processTicksAndRejections (node:internal/process/task_queues:103:5)
    at /workspaces/passcpa/src/test/services/aiService.quality.test.ts:348:24
    at runTest (file:///workspaces/passcpa/node_modules/@vitest/runner/dist/index.js:781:11)
    at runSuite (file:///workspaces/passcpa/node_modules/@vitest/runner/dist/index.js:909:15)
    at runSuite (file:///workspaces/passcpa/node_modules/@vitest/runner/dist/index.js:909:15)
    at runSuite (file:///workspaces/passcpa/node_modules/@vitest/runner/dist/index.js:909:15)
    at runFiles (file:///workspaces/passcpa/node_modules/@vitest/runner/dist/index.js:958:5)
    at startTests (file:///workspaces/passcpa/node_modules/@vitest/runner/dist/index.js:967:3)
    at file:///workspaces/passcpa/node_modules/vitest/dist/chunks/runtime-runBaseTests.oAvMKtQC.js:116:7

stderr | src/test/services/aiService.quality.test.ts > AI Service - Quality Tests > Edge Cases > should handle unicode in input
[AI Service] generateAIResponse called without courseId! Defaulting to CPA. Please fix the calling code.
AI Service Error: TypeError: Cannot read properties of undefined (reading 'ok')
    at Module.generateAIResponse (/workspaces/passcpa/src/services/aiService.ts:555:21)
    at processTicksAndRejections (node:internal/process/task_queues:103:5)
    at /workspaces/passcpa/src/test/services/aiService.quality.test.ts:353:24
    at runTest (file:///workspaces/passcpa/node_modules/@vitest/runner/dist/index.js:781:11)
    at runSuite (file:///workspaces/passcpa/node_modules/@vitest/runner/dist/index.js:909:15)
    at runSuite (file:///workspaces/passcpa/node_modules/@vitest/runner/dist/index.js:909:15)
    at runSuite (file:///workspaces/passcpa/node_modules/@vitest/runner/dist/index.js:909:15)
    at runFiles (file:///workspaces/passcpa/node_modules/@vitest/runner/dist/index.js:958:5)
    at startTests (file:///workspaces/passcpa/node_modules/@vitest/runner/dist/index.js:967:3)
    at file:///workspaces/passcpa/node_modules/vitest/dist/chunks/runtime-runBaseTests.oAvMKtQC.js:116:7

stderr | src/test/services/aiService.quality.test.ts > AI Service - Quality Tests > Edge Cases > should handle null-ish parameters gracefully
[AI Service] generateAIResponse called without courseId! Defaulting to CPA. Please fix the calling code.
AI Service Error: TypeError: Cannot read properties of undefined (reading 'ok')
    at Module.generateAIResponse (/workspaces/passcpa/src/services/aiService.ts:555:21)
    at processTicksAndRejections (node:internal/process/task_queues:103:5)
    at /workspaces/passcpa/src/test/services/aiService.quality.test.ts:359:24
    at runTest (file:///workspaces/passcpa/node_modules/@vitest/runner/dist/index.js:781:11)
    at runSuite (file:///workspaces/passcpa/node_modules/@vitest/runner/dist/index.js:909:15)
    at runSuite (file:///workspaces/passcpa/node_modules/@vitest/runner/dist/index.js:909:15)
    at runSuite (file:///workspaces/passcpa/node_modules/@vitest/runner/dist/index.js:909:15)
    at runFiles (file:///workspaces/passcpa/node_modules/@vitest/runner/dist/index.js:958:5)
    at startTests (file:///workspaces/passcpa/node_modules/@vitest/runner/dist/index.js:967:3)
    at file:///workspaces/passcpa/node_modules/vitest/dist/chunks/runtime-runBaseTests.oAvMKtQC.js:116:7

 ✓ src/test/services/aiService.quality.test.ts > AI Service - Quality Tests > API Integration (Mocked) > should call Gemini API when API key is present
 ✓ src/test/services/aiService.quality.test.ts > AI Service - Quality Tests > API Integration (Mocked) > should fall back on API error
 ✓ src/test/services/aiService.quality.test.ts > AI Service - Quality Tests > API Integration (Mocked) > should fall back on network error
 ✓ src/test/services/aiService.quality.test.ts > AI Service - Quality Tests > API Integration (Mocked) > should handle empty response from API
 ✓ src/test/services/aiService.quality.test.ts > AI Service - Quality Tests > API Integration (Mocked) > should handle malformed API response
 ✓ src/test/services/aiService.quality.test.ts > AI Service - Quality Tests > Response Formatting > should include markdown formatting in responses
 ✓ src/test/services/aiService.quality.test.ts > AI Service - Quality Tests > Response Formatting > should include emojis in friendly responses
 ✓ src/test/services/aiService.quality.test.ts > AI Service - Quality Tests > Response Formatting > should include tables in detailed explanations
 ✓ src/test/services/aiService.quality.test.ts > AI Service - Quality Tests > Response Formatting > should include high-yield exam points
 ✓ src/test/services/aiService.quality.test.ts > AI Service - Quality Tests > Content Accuracy > should include correct long-term capital gains rates
 ✓ src/test/services/aiService.quality.test.ts > AI Service - Quality Tests > Content Accuracy > should include correct lease timelines (75%/90%)
 ✓ src/test/services/aiService.quality.test.ts > AI Service - Quality Tests > Content Accuracy > should include correct 1031 timelines (45/180 days)
 ✓ src/test/services/aiService.quality.test.ts > AI Service - Quality Tests > Content Accuracy > should include correct S Corp shareholder limit (100)
 ✓ src/test/services/aiService.quality.test.ts > AI Service - Quality Tests > Edge Cases > should handle empty string input
 ✓ src/test/services/aiService.quality.test.ts > AI Service - Quality Tests > Edge Cases > should handle very long input
 ✓ src/test/services/aiService.quality.test.ts > AI Service - Quality Tests > Edge Cases > should handle special characters in input
 ✓ src/test/services/aiService.quality.test.ts > AI Service - Quality Tests > Edge Cases > should handle unicode in input
 ✓ src/test/services/aiService.quality.test.ts > AI Service - Quality Tests > Edge Cases > should handle null-ish parameters gracefully
stderr | src/test/components/DailyPlanCard.quality.test.tsx > DailyPlanCard > rendering > should render daily plan card
⚠️ React Router Future Flag Warning: React Router will begin wrapping state updates in `React.startTransition` in v7. You can use the `v7_startTransition` future flag to opt-in early. For more information, see https://reactrouter.com/v6/upgrading/future#v7_starttransition.
⚠️ React Router Future Flag Warning: Relative route resolution within Splat routes is changing in v7. You can use the `v7_relativeSplatPath` future flag to opt-in early. For more information, see https://reactrouter.com/v6/upgrading/future#v7_relativesplatpath.

 ✓ src/test/components/DailyPlanCard.quality.test.tsx > DailyPlanCard > rendering > should render daily plan card
 ✓ src/test/components/DailyPlanCard.quality.test.tsx > DailyPlanCard > rendering > should show loading state initially
 ✓ src/test/components/DailyPlanCard.quality.test.tsx > DailyPlanCard > activity display > should display activity titles when loaded
 ✓ src/test/components/DailyPlanCard.quality.test.tsx > DailyPlanCard > compact mode > should render in compact mode
 ✓ src/test/components/ExamDateTracker.quality.test.tsx > ExamDateTracker > rendering > should render all CPA sections
 ✓ src/test/components/ExamDateTracker.quality.test.tsx > ExamDateTracker > rendering > should show active section badge
 ✓ src/test/components/ExamDateTracker.quality.test.tsx > ExamDateTracker > rendering > should render in compact mode
 ✓ src/test/components/ExamDateTracker.quality.test.tsx > ExamDateTracker > rendering > should show exam date countdown for active section
 ✓ src/test/components/ExamDateTracker.quality.test.tsx > ExamDateTracker > rendering > should show set date prompt for sections without dates
 ✓ src/test/components/ExamDateTracker.quality.test.tsx > ExamDateTracker > date editing > should show edit button on section cards
 ✓ src/test/components/ExamDateTracker.quality.test.tsx > ExamDateTracker > date editing > should open date input when edit button clicked 475ms
 ✓ src/test/components/ExamDateTracker.quality.test.tsx > ExamDateTracker > date editing > should save date when form submitted
 ✓ src/test/components/ExamDateTracker.quality.test.tsx > ExamDateTracker > section selection > should call onSectionSelect when section card clicked
 ✓ src/test/components/ExamDateTracker.quality.test.tsx > ExamDateTracker > section selection > should not call onSectionSelect when editing
 ✓ src/test/components/ExamDateTracker.quality.test.tsx > ExamDateTracker > unauthenticated state > should handle missing user gracefully
 ✓ src/test/components/ExamDateTracker.quality.test.tsx > ExamDateTracker > unauthenticated state > should use FAR as default section when no profile
 ✓ src/test/components/ExamDateTracker.quality.test.tsx > ExamDateTracker > date calculations > should handle exam date in the past
 ✓ src/test/components/ExamDateTracker.quality.test.tsx > ExamDateTracker > date calculations > should handle exam date today
 ✓ src/test/components/ExamDateTracker.quality.test.tsx > ExamDateTracker > date calculations > should handle Firestore timestamp format
 ✓ src/test/components/ExamDateTracker.quality.test.tsx > ExamDateTracker > error handling > should handle save error gracefully
 ✓ src/test/components/ExamDateTracker.quality.test.tsx > ExamDateTracker > section groups > should display core sections
 ✓ src/test/components/ExamDateTracker.quality.test.tsx > ExamDateTracker > section groups > should display discipline sections
 ✓ src/test/components/ExamDateTracker.quality.test.tsx > ExamDateTracker > section groups > should exclude BEC and PREP from display
 ✓ src/test/components/ExamDateTracker.quality.test.tsx > ExamDateTracker > styling > should apply active section styling
 ✓ src/test/components/ExamDateTracker.quality.test.tsx > ExamDateTracker > styling > should apply section colors
 ✓ src/test/components/DailyPlanCard.quality.test.tsx > DailyPlanCard > compact mode > should render in full mode by default
 ✓ src/test/components/DailyPlanCard.quality.test.tsx > DailyPlanCard > unauthenticated state > should handle missing user
 ✓ src/test/components/DailyPlanCard.quality.test.tsx > DailyPlanCard > unauthenticated state > should handle missing userProfile
 ✓ src/test/components/DailyPlanCard.quality.test.tsx > DailyPlanCard > error handling > should handle fetch error gracefully
 ✓ src/test/components/DailyPlanCard.quality.test.tsx > DailyPlanCard > onActivityStart callback > should call callback when provided
 ✓ src/test/components/DailyPlanCard.quality.test.tsx > DailyPlanCard > localStorage fallback > should save completed to localStorage
 ✓ src/test/components/DailyPlanCard.quality.test.tsx > DailyPlanCard > localStorage fallback > should load from localStorage on mount
 ✓ src/test/components/DailyPlanCard.quality.test.tsx > DailyPlanCard > section changes > should reload when section changes
 ✓ src/test/components/DailyPlanCard.quality.test.tsx > DailyPlanCard > plan caching > should load plan on mount
 ✓ src/test/components/DailyPlanCard.quality.test.tsx > DailyPlanCard > activity types > should handle lesson activities
 ✓ src/test/components/DailyPlanCard.quality.test.tsx > DailyPlanCard > activity types > should handle MCQ activities
 ✓ src/test/components/DailyPlanCard.quality.test.tsx > DailyPlanCard > activity types > should handle TBS activities
 ✓ src/test/components/DailyPlanCard.quality.test.tsx > DailyPlanCard > activity types > should handle flashcard activities
 ✓ src/test/components/DailyPlanCard.quality.test.tsx > DailyPlanCard > priority display > should handle high priority activities
 ✓ src/test/components/DailyPlanCard.quality.test.tsx > DailyPlanCard > priority display > should handle medium priority activities
 ✓ src/test/components/DailyPlanCard.quality.test.tsx > DailyPlanCard > completed activities > should show completed activities differently
 ✓ src/test/components/DailyPlanCard.quality.test.tsx > DailyPlanCard > empty plan > should handle empty activities list
 ✓ src/test/services/achievements.quality.test.ts > Achievements System > ACHIEVEMENTS constant > has streak achievements at correct thresholds
 ✓ src/test/services/achievements.quality.test.ts > Achievements System > ACHIEVEMENTS constant > has question count achievements at correct thresholds
 ✓ src/test/services/achievements.quality.test.ts > Achievements System > ACHIEVEMENTS constant > has accuracy achievements at correct thresholds
 ✓ src/test/services/achievements.quality.test.ts > Achievements System > ACHIEVEMENTS constant > has unique IDs for all achievements
 ✓ src/test/services/achievements.quality.test.ts > Achievements System > ACHIEVEMENTS constant > all achievements have required properties
 ✓ src/test/services/achievements.quality.test.ts > Achievements System > checkAchievements > Streak Achievements > awards 3-day streak achievement
 ✓ src/test/services/achievements.quality.test.ts > Achievements System > checkAchievements > Streak Achievements > awards 7-day streak achievement
 ✓ src/test/services/achievements.quality.test.ts > Achievements System > checkAchievements > Streak Achievements > awards multiple streak achievements at once when earned
 ✓ src/test/services/achievements.quality.test.ts > Achievements System > checkAchievements > Streak Achievements > does not re-award already earned achievements
 ✓ src/test/services/achievements.quality.test.ts > Achievements System > checkAchievements > Questions Achievements > awards 100 questions achievement
 ✓ src/test/services/achievements.quality.test.ts > Achievements System > checkAchievements > Questions Achievements > awards 500 questions achievement
 ✓ src/test/services/achievements.quality.test.ts > Achievements System > checkAchievements > Questions Achievements > awards multiple question achievements at once
 ✓ src/test/services/achievements.quality.test.ts > Achievements System > checkAchievements > Accuracy Achievements > awards 80% accuracy achievement when minimum questions met
 ✓ src/test/services/achievements.quality.test.ts > Achievements System > checkAchievements > Accuracy Achievements > requires minimum questions for accuracy achievements
 ✓ src/test/services/achievements.quality.test.ts > Achievements System > checkAchievements > Accuracy Achievements > does not award accuracy achievement below threshold
 ✓ src/test/services/achievements.quality.test.ts > Achievements System > checkAchievements > Edge Cases > handles zero stats
 ✓ src/test/services/achievements.quality.test.ts > Achievements System > checkAchievements > Edge Cases > handles undefined current achievements
 ✓ src/test/services/achievements.quality.test.ts > Achievements System > checkAchievements > Edge Cases > returns Achievement objects with required fields
 ✓ src/test/services/achievements.quality.test.ts > Achievements System > calculateLevel > returns level 1 for 0 XP
 ✓ src/test/services/achievements.quality.test.ts > Achievements System > calculateLevel > returns level 1 for 99 XP
 ✓ src/test/services/achievements.quality.test.ts > Achievements System > calculateLevel > returns level 1 for 100 XP (just barely at level boundary)
 ✓ src/test/services/achievements.quality.test.ts > Achievements System > calculateLevel > returns level 2 for 400 XP
 ✓ src/test/services/achievements.quality.test.ts > Achievements System > calculateLevel > returns level 3 for 900 XP
 ✓ src/test/services/achievements.quality.test.ts > Achievements System > calculateLevel > returns level 10 for 10000 XP
 ✓ src/test/services/achievements.quality.test.ts > Achievements System > calculateLevel > returns level 100 for 1000000 XP
 ✓ src/test/services/achievements.quality.test.ts > Achievements System > calculateLevel > handles negative XP gracefully
 ✓ src/test/services/achievements.quality.test.ts > Achievements System > calculateLevel > level increases quadratically with XP
 ✓ src/test/services/achievements.quality.test.ts > Achievements System > calculateLevel > returns nextLevelXp correctly
 ✓ src/test/services/achievements.quality.test.ts > Achievements System > calculateLevel > returns progress percentage
 ✓ src/test/services/achievements.quality.test.ts > Achievements System > getAchievementProgress > returns progress for streak achievements
 ✓ src/test/services/achievements.quality.test.ts > Achievements System > getAchievementProgress > returns progress for question achievements
 ✓ src/test/services/achievements.quality.test.ts > Achievements System > getAchievementProgress > returns progress for accuracy achievements
 ✓ src/test/services/achievements.quality.test.ts > Achievements System > getAchievementProgress > caps progress percentage at 100
 ✓ src/test/services/achievements.quality.test.ts > Achievements System > getAchievementProgress > returns 0 progress for zero stats
 ✓ src/test/services/achievements.quality.test.ts > Achievements System > getAchievementProgress > returns 0 for invalid achievement id
 ✓ src/test/hooks/useAccessibility.test.ts > useAccessibility hooks > useAnnounce > should return announce functions
 ✓ src/test/hooks/useAccessibility.test.ts > useAccessibility hooks > useAnnounce > should call announce with message and priority
 ✓ src/test/hooks/useAccessibility.test.ts > useAccessibility hooks > useAnnounce > should call announce with default polite priority
 ✓ src/test/hooks/useAccessibility.test.ts > useAccessibility hooks > useAnnounce > should call announceImmediate
 ✓ src/test/hooks/useAccessibility.test.ts > useAccessibility hooks > useAnnounce > should call announceProgress with current and total
 ✓ src/test/hooks/useAccessibility.test.ts > useAccessibility hooks > useAnnounce > should call announceResult with correct/incorrect
 ✓ src/test/hooks/useAccessibility.test.ts > useAccessibility hooks > useFocusTrap > should return ref and control functions
 ✓ src/test/hooks/useAccessibility.test.ts > useAccessibility hooks > useFocusTrap > should not activate trap when inactive
 ✓ src/test/hooks/useAccessibility.test.ts > useAccessibility hooks > useFocusTrap > should activate trap when active prop is true
 ✓ src/test/hooks/useAccessibility.test.ts > useAccessibility hooks > useMediaPreferences > should return media preferences
 ✓ src/test/hooks/useAccessibility.test.ts > useAccessibility hooks > useMediaPreferences > should return current media preference values
 ✓ src/test/hooks/useAccessibility.test.ts > useAccessibility hooks > useMediaPreferences > should set up change listeners on mount
 ✓ src/test/hooks/useAccessibility.test.ts > useAccessibility hooks > useMediaPreferences > should clean up listeners on unmount
 ✓ src/test/hooks/useAccessibility.test.ts > useAccessibility hooks > useFocusVisible > should initialize focus visible and return false by default
 ✓ src/test/hooks/useAccessibility.test.ts > useAccessibility hooks > useFocusVisible > should set keyboard user to true on Tab key press
 ✓ src/test/hooks/useAccessibility.test.ts > useAccessibility hooks > useFocusVisible > should set keyboard user to false on mouse down
 ✓ src/test/hooks/useAccessibility.test.ts > useAccessibility hooks > useFocusVisible > should clean up listeners on unmount
 ✓ src/test/hooks/useAccessibility.test.ts > useAccessibility hooks > useAriaExpanded > should initialize with false by default
 ✓ src/test/hooks/useAccessibility.test.ts > useAccessibility hooks > useAriaExpanded > should initialize with provided initial state
 ✓ src/test/hooks/useAccessibility.test.ts > useAccessibility hooks > useAriaExpanded > should toggle expanded state
 ✓ src/test/hooks/useAccessibility.test.ts > useAccessibility hooks > useAriaExpanded > should expand to true
 ✓ src/test/hooks/useAccessibility.test.ts > useAccessibility hooks > useAriaExpanded > should collapse to false
 ✓ src/test/hooks/useAccessibility.test.ts > useAccessibility hooks > useAriaExpanded > should return trigger props with aria-expanded
 ✓ src/test/hooks/useAccessibility.test.ts > useAccessibility hooks > useAriaExpanded > should return panel props with aria-hidden
 ✓ src/test/hooks/useAccessibility.test.ts > useAccessibility hooks > useAriaExpanded > should have onClick handler in trigger props
 ✓ src/test/hooks/useAccessibility.test.ts > useAccessibility hooks > useRovingTabindex > should return handlers and active index
 ✓ src/test/hooks/useAccessibility.test.ts > useAccessibility hooks > useRovingTabindex > should initialize with first item as active
 ✓ src/test/hooks/useAccessibility.test.ts > useAccessibility hooks > useRovingTabindex > should initialize with custom initial index
 ✓ src/test/hooks/useAccessibility.test.ts > useAccessibility hooks > useRovingTabindex > should set tabindex on items correctly
stderr | src/test/components/QuestionSearch.quality.test.tsx > QuestionSearch > rendering > should render search modal when open
⚠️ React Router Future Flag Warning: React Router will begin wrapping state updates in `React.startTransition` in v7. You can use the `v7_startTransition` future flag to opt-in early. For more information, see https://reactrouter.com/v6/upgrading/future#v7_starttransition.
⚠️ React Router Future Flag Warning: Relative route resolution within Splat routes is changing in v7. You can use the `v7_relativeSplatPath` future flag to opt-in early. For more information, see https://reactrouter.com/v6/upgrading/future#v7_relativesplatpath.

 ✓ src/test/components/QuestionSearch.quality.test.tsx > QuestionSearch > rendering > should render search modal when open
 ✓ src/test/components/QuestionSearch.quality.test.tsx > QuestionSearch > rendering > should not render when closed
 ✓ src/test/components/QuestionSearch.quality.test.tsx > QuestionSearch > rendering > should show search input
 ✓ src/test/components/QuestionSearch.quality.test.tsx > QuestionSearch > rendering > should show section filter
 ✓ src/test/components/QuestionSearch.quality.test.tsx > QuestionSearch > rendering > should show close button 330ms
 ✓ src/test/components/QuestionSearch.quality.test.tsx > QuestionSearch > search functionality > should search by question ID 364ms
stderr | src/test/components/StudyTimeCard.quality.test.tsx > StudyTimeCard > rendering > should render study time card with data
⚠️ React Router Future Flag Warning: React Router will begin wrapping state updates in `React.startTransition` in v7. You can use the `v7_startTransition` future flag to opt-in early. For more information, see https://reactrouter.com/v6/upgrading/future#v7_starttransition.
⚠️ React Router Future Flag Warning: Relative route resolution within Splat routes is changing in v7. You can use the `v7_relativeSplatPath` future flag to opt-in early. For more information, see https://reactrouter.com/v6/upgrading/future#v7_relativesplatpath.

 ✓ src/test/components/StudyTimeCard.quality.test.tsx > StudyTimeCard > rendering > should render study time card with data
 ✓ src/test/components/StudyTimeCard.quality.test.tsx > StudyTimeCard > rendering > should display today time
 ✓ src/test/components/StudyTimeCard.quality.test.tsx > StudyTimeCard > rendering > should display activity legends
 ✓ src/test/components/StudyTimeCard.quality.test.tsx > StudyTimeCard > rendering > should display weekly total
 ✓ src/test/components/StudyTimeCard.quality.test.tsx > StudyTimeCard > rendering > should be a link to progress page 304ms
 ✓ src/test/components/StudyTimeCard.quality.test.tsx > StudyTimeCard > time formatting > should format minutes under an hour
 ✓ src/test/components/StudyTimeCard.quality.test.tsx > StudyTimeCard > time formatting > should format exactly one hour
 ✓ src/test/components/StudyTimeCard.quality.test.tsx > StudyTimeCard > time formatting > should format hours and minutes
 ✓ src/test/components/StudyTimeCard.quality.test.tsx > StudyTimeCard > time formatting > should format multi-hour times
 ✓ src/test/components/StudyTimeCard.quality.test.tsx > StudyTimeCard > empty state > should return null when no study time today or weekly
 ✓ src/test/components/StudyTimeCard.quality.test.tsx > StudyTimeCard > empty state > should return null when todayLog is null and weeklyStats is 0
 ✓ src/test/components/StudyTimeCard.quality.test.tsx > StudyTimeCard > empty state > should render when only weekly stats exist
 ✓ src/test/components/StudyTimeCard.quality.test.tsx > StudyTimeCard > activity breakdown > should show lesson time from activities
 ✓ src/test/components/StudyTimeCard.quality.test.tsx > StudyTimeCard > activity breakdown > should show MCQ time from activities
 ✓ src/test/components/StudyTimeCard.quality.test.tsx > StudyTimeCard > activity breakdown > should show TBS time from simulation activities
 ✓ src/test/components/StudyTimeCard.quality.test.tsx > StudyTimeCard > activity breakdown > should show Other for untracked time
 ✓ src/test/components/StudyTimeCard.quality.test.tsx > StudyTimeCard > donut chart > should render an SVG donut chart
 ✓ src/test/components/StudyTimeCard.quality.test.tsx > StudyTimeCard > donut chart > should have circle elements for chart segments
 ✓ src/test/components/StudyTimeCard.quality.test.tsx > StudyTimeCard > weekly stats section > should show weekly section when has weekly time
 ✓ src/test/components/StudyTimeCard.quality.test.tsx > StudyTimeCard > weekly stats section > should not show weekly section when weekly minutes is 0
 ✓ src/test/components/StudyTimeCard.quality.test.tsx > StudyTimeCard > weekly stats section > should not show weekly section when weeklyStats is null
 ✓ src/test/components/StudyTimeCard.quality.test.tsx > StudyTimeCard > undefined/null handling > should handle undefined todayLog
 ✓ src/test/components/StudyTimeCard.quality.test.tsx > StudyTimeCard > undefined/null handling > should handle undefined weeklyStats
 ✓ src/test/components/StudyTimeCard.quality.test.tsx > StudyTimeCard > custom className > should apply custom className
 ✓ src/test/components/StudyTimeCard.quality.test.tsx > StudyTimeCard > color-coded legend > should have colored dots for each activity type
 ✓ src/test/components/StudyTimeCard.quality.test.tsx > StudyTimeCard > SVG accessibility > should render proper SVG elements
 ✓ src/test/components/StudyTimeCard.quality.test.tsx > StudyTimeCard > edge cases > should handle very small study time
 ✓ src/test/components/StudyTimeCard.quality.test.tsx > StudyTimeCard > edge cases > should handle very large study time
 ✓ src/test/components/StudyTimeCard.quality.test.tsx > StudyTimeCard > edge cases > should round decimal minutes
 ✓ src/test/components/QuestionSearch.quality.test.tsx > QuestionSearch > search functionality > should search by topic 379ms
 ✓ src/test/components/QuestionSearch.quality.test.tsx > QuestionSearch > search functionality > should search by content 361ms
 ✓ src/test/components/QuestionSearch.quality.test.tsx > QuestionSearch > search functionality > should show no results for non-matching query
 ✓ src/test/components/QuestionSearch.quality.test.tsx > QuestionSearch > search functionality > should debounce search input
 ✓ src/test/components/QuestionSearch.quality.test.tsx > QuestionSearch > close functionality > should call onClose when close button clicked
 ✓ src/test/components/QuestionSearch.quality.test.tsx > QuestionSearch > close functionality > should call onClose when backdrop clicked
 ✓ src/test/components/QuestionSearch.quality.test.tsx > QuestionSearch > section filter > should load questions when section changes
 ✓ src/test/components/QuestionSearch.quality.test.tsx > QuestionSearch > section filter > should display all section options
 ✓ src/test/components/QuestionSearch.quality.test.tsx > QuestionSearch > question selection > should call onSelectQuestion when provided 379ms
 ✓ src/test/components/QuestionSearch.quality.test.tsx > QuestionSearch > question selection > should navigate to practice when no onSelectQuestion provided 356ms
 ✓ src/test/components/QuestionSearch.quality.test.tsx > QuestionSearch > recent searches > should save search to recent searches
 ✓ src/test/components/QuestionSearch.quality.test.tsx > QuestionSearch > recent searches > should load recent searches from localStorage
 ✓ src/test/components/QuestionSearch.quality.test.tsx > QuestionSearch > loading state > should show loading while fetching questions
 ✓ src/test/components/QuestionSearch.quality.test.tsx > QuestionSearch > error handling > should handle fetch error gracefully
 ✓ src/test/components/QuestionSearch.quality.test.tsx > QuestionSearch > clear search > should clear search when X clicked in input
 ✓ src/test/components/QuestionSearch.quality.test.tsx > QuestionSearch > default section > should use defaultSection when provided
 ✓ src/test/components/QuestionSearch.quality.test.tsx > QuestionSearch > accessibility > should auto-focus search input
stderr | src/test/services/aiService.test.ts > aiService.ts > generateAIResponse - Fallback Mode (no API key) > explain mode > should return capital gains explanation
[AI Service] generateAIResponse called without courseId! Defaulting to CPA. Please fix the calling code.

stderr | src/test/services/aiService.test.ts > aiService.ts > generateAIResponse - Fallback Mode (no API key) > explain mode > should return lease explanation
[AI Service] generateAIResponse called without courseId! Defaulting to CPA. Please fix the calling code.

stderr | src/test/services/aiService.test.ts > aiService.ts > generateAIResponse - Fallback Mode (no API key) > explain mode > should return 1031 like-kind exchange explanation
[AI Service] generateAIResponse called without courseId! Defaulting to CPA. Please fix the calling code.

stderr | src/test/services/aiService.test.ts > aiService.ts > generateAIResponse - Fallback Mode (no API key) > explain mode > should return like-kind exchange explanation
[AI Service] generateAIResponse called without courseId! Defaulting to CPA. Please fix the calling code.

stderr | src/test/services/aiService.test.ts > aiService.ts > generateAIResponse - Fallback Mode (no API key) > explain mode > should return S corp explanation
[AI Service] generateAIResponse called without courseId! Defaulting to CPA. Please fix the calling code.

stderr | src/test/services/aiService.test.ts > aiService.ts > generateAIResponse - Fallback Mode (no API key) > explain mode > should return S-corp explanation with hyphen
[AI Service] generateAIResponse called without courseId! Defaulting to CPA. Please fix the calling code.

stderr | src/test/services/aiService.test.ts > aiService.ts > generateAIResponse - Fallback Mode (no API key) > explain mode > should return default explanation for unknown topic
[AI Service] generateAIResponse called without courseId! Defaulting to CPA. Please fix the calling code.

stderr | src/test/services/aiService.test.ts > aiService.ts > generateAIResponse - Fallback Mode (no API key) > socratic mode > should return socratic lease response
[AI Service] generateAIResponse called without courseId! Defaulting to CPA. Please fix the calling code.

stderr | src/test/services/aiService.test.ts > aiService.ts > generateAIResponse - Fallback Mode (no API key) > socratic mode > should return socratic partnership basis response
[AI Service] generateAIResponse called without courseId! Defaulting to CPA. Please fix the calling code.

stderr | src/test/services/aiService.test.ts > aiService.ts > generateAIResponse - Fallback Mode (no API key) > socratic mode > should return socratic basis response
[AI Service] generateAIResponse called without courseId! Defaulting to CPA. Please fix the calling code.

stderr | src/test/services/aiService.test.ts > aiService.ts > generateAIResponse - Fallback Mode (no API key) > socratic mode > should return default socratic response for unknown topic
[AI Service] generateAIResponse called without courseId! Defaulting to CPA. Please fix the calling code.

stderr | src/test/services/aiService.test.ts > aiService.ts > generateAIResponse - Fallback Mode (no API key) > quiz mode > should return quiz for lease topic
[AI Service] generateAIResponse called without courseId! Defaulting to CPA. Please fix the calling code.

stderr | src/test/services/aiService.test.ts > aiService.ts > generateAIResponse - Fallback Mode (no API key) > quiz mode > should return quiz for S corp topic
[AI Service] generateAIResponse called without courseId! Defaulting to CPA. Please fix the calling code.

stderr | src/test/services/aiService.test.ts > aiService.ts > generateAIResponse - Fallback Mode (no API key) > quiz mode > should return quiz for s-corp topic
[AI Service] generateAIResponse called without courseId! Defaulting to CPA. Please fix the calling code.

stderr | src/test/services/aiService.test.ts > aiService.ts > generateAIResponse - Fallback Mode (no API key) > quiz mode > should return default quiz response for unknown topic
[AI Service] generateAIResponse called without courseId! Defaulting to CPA. Please fix the calling code.

stderr | src/test/services/aiService.test.ts > aiService.ts > generateAIResponse - Fallback Mode (no API key) > with user context > should accept weak areas parameter
[AI Service] generateAIResponse called without courseId! Defaulting to CPA. Please fix the calling code.

stderr | src/test/services/aiService.test.ts > aiService.ts > generateAIResponse - Fallback Mode (no API key) > with user context > should accept conversation history parameter
[AI Service] generateAIResponse called without courseId! Defaulting to CPA. Please fix the calling code.

stderr | src/test/services/aiService.test.ts > aiService.ts > generateAIResponse - Fallback Mode (no API key) > with user context > should handle empty weak areas
[AI Service] generateAIResponse called without courseId! Defaulting to CPA. Please fix the calling code.

stderr | src/test/services/aiService.test.ts > aiService.ts > generateAIResponse - API Mode (with API key) > should call Gemini API when API key is available
[AI Service] generateAIResponse called without courseId! Defaulting to CPA. Please fix the calling code.

stderr | src/test/services/aiService.test.ts > aiService.ts > generateAIResponse - API Mode (with API key) > should handle API error and fallback
[AI Service] generateAIResponse called without courseId! Defaulting to CPA. Please fix the calling code.

stderr | src/test/services/aiService.test.ts > aiService.ts > generateAIResponse - API Mode (with API key) > should handle missing candidates in response
[AI Service] generateAIResponse called without courseId! Defaulting to CPA. Please fix the calling code.

stderr | src/test/services/aiService.test.ts > aiService.ts > generateAIResponse - API Mode (with API key) > should handle network error
[AI Service] generateAIResponse called without courseId! Defaulting to CPA. Please fix the calling code.

stderr | src/test/services/aiService.test.ts > aiService.ts > generateAIResponse - API Mode (with API key) > should include conversation history in API call
[AI Service] generateAIResponse called without courseId! Defaulting to CPA. Please fix the calling code.

stderr | src/test/services/aiService.test.ts > aiService.ts > generateAIResponse - API Mode (with API key) > should use socratic system prompt for socratic mode
[AI Service] generateAIResponse called without courseId! Defaulting to CPA. Please fix the calling code.

stderr | src/test/services/aiService.test.ts > aiService.ts > generateAIResponse - API Mode (with API key) > should use quiz system prompt for quiz mode
[AI Service] generateAIResponse called without courseId! Defaulting to CPA. Please fix the calling code.

stderr | src/test/services/aiService.test.ts > aiService.ts > generateAIResponse - API Mode (with API key) > should include weak areas in context
[AI Service] generateAIResponse called without courseId! Defaulting to CPA. Please fix the calling code.

stderr | src/test/services/aiService.test.ts > aiService.ts > generateAIResponse - API Mode (with API key) > should limit conversation history to last 6 messages
[AI Service] generateAIResponse called without courseId! Defaulting to CPA. Please fix the calling code.

 ✓ src/test/services/aiService.test.ts > aiService.ts > generateAIResponse - Fallback Mode (no API key) > explain mode > should return capital gains explanation
 ✓ src/test/services/aiService.test.ts > aiService.ts > generateAIResponse - Fallback Mode (no API key) > explain mode > should return lease explanation
 ✓ src/test/services/aiService.test.ts > aiService.ts > generateAIResponse - Fallback Mode (no API key) > explain mode > should return 1031 like-kind exchange explanation
 ✓ src/test/services/aiService.test.ts > aiService.ts > generateAIResponse - Fallback Mode (no API key) > explain mode > should return like-kind exchange explanation
 ✓ src/test/services/aiService.test.ts > aiService.ts > generateAIResponse - Fallback Mode (no API key) > explain mode > should return S corp explanation
 ✓ src/test/services/aiService.test.ts > aiService.ts > generateAIResponse - Fallback Mode (no API key) > explain mode > should return S-corp explanation with hyphen
 ✓ src/test/services/aiService.test.ts > aiService.ts > generateAIResponse - Fallback Mode (no API key) > explain mode > should return default explanation for unknown topic
 ✓ src/test/services/aiService.test.ts > aiService.ts > generateAIResponse - Fallback Mode (no API key) > socratic mode > should return socratic lease response
 ✓ src/test/services/aiService.test.ts > aiService.ts > generateAIResponse - Fallback Mode (no API key) > socratic mode > should return socratic partnership basis response
 ✓ src/test/services/aiService.test.ts > aiService.ts > generateAIResponse - Fallback Mode (no API key) > socratic mode > should return socratic basis response
 ✓ src/test/services/aiService.test.ts > aiService.ts > generateAIResponse - Fallback Mode (no API key) > socratic mode > should return default socratic response for unknown topic
 ✓ src/test/services/aiService.test.ts > aiService.ts > generateAIResponse - Fallback Mode (no API key) > quiz mode > should return quiz for lease topic
 ✓ src/test/services/aiService.test.ts > aiService.ts > generateAIResponse - Fallback Mode (no API key) > quiz mode > should return quiz for S corp topic
 ✓ src/test/services/aiService.test.ts > aiService.ts > generateAIResponse - Fallback Mode (no API key) > quiz mode > should return quiz for s-corp topic
 ✓ src/test/services/aiService.test.ts > aiService.ts > generateAIResponse - Fallback Mode (no API key) > quiz mode > should return default quiz response for unknown topic
 ✓ src/test/services/aiService.test.ts > aiService.ts > generateAIResponse - Fallback Mode (no API key) > with user context > should accept weak areas parameter
 ✓ src/test/services/aiService.test.ts > aiService.ts > generateAIResponse - Fallback Mode (no API key) > with user context > should accept conversation history parameter
 ✓ src/test/services/aiService.test.ts > aiService.ts > generateAIResponse - Fallback Mode (no API key) > with user context > should handle empty weak areas
 ✓ src/test/services/aiService.test.ts > aiService.ts > generateAIResponse - API Mode (with API key) > should call Gemini API when API key is available
 ✓ src/test/services/aiService.test.ts > aiService.ts > generateAIResponse - API Mode (with API key) > should handle API error and fallback
 ✓ src/test/services/aiService.test.ts > aiService.ts > generateAIResponse - API Mode (with API key) > should handle missing candidates in response
 ✓ src/test/services/aiService.test.ts > aiService.ts > generateAIResponse - API Mode (with API key) > should handle network error
 ✓ src/test/services/aiService.test.ts > aiService.ts > generateAIResponse - API Mode (with API key) > should include conversation history in API call
 ✓ src/test/services/aiService.test.ts > aiService.ts > generateAIResponse - API Mode (with API key) > should use socratic system prompt for socratic mode
 ✓ src/test/services/aiService.test.ts > aiService.ts > generateAIResponse - API Mode (with API key) > should use quiz system prompt for quiz mode
 ✓ src/test/services/aiService.test.ts > aiService.ts > generateAIResponse - API Mode (with API key) > should include weak areas in context
 ✓ src/test/services/aiService.test.ts > aiService.ts > generateAIResponse - API Mode (with API key) > should limit conversation history to last 6 messages
 ✓ src/test/services/aiService.test.ts > aiService.ts > default export > should export generateAIResponse
 ✓ src/test/services/feedback.quality.test.ts > Feedback Service - Quality Tests > Sound Preferences > should default to sound enabled
 ✓ src/test/services/feedback.quality.test.ts > Feedback Service - Quality Tests > Sound Preferences > should respect stored sound preference (disabled)
 ✓ src/test/services/feedback.quality.test.ts > Feedback Service - Quality Tests > Sound Preferences > should save sound preference to localStorage
 ✓ src/test/services/feedback.quality.test.ts > Feedback Service - Quality Tests > Sound Preferences > should update sound enabled state
 ✓ src/test/services/feedback.quality.test.ts > Feedback Service - Quality Tests > Sound Preferences > should toggle sound back on
 ✓ src/test/services/feedback.quality.test.ts > Feedback Service - Quality Tests > Haptic Preferences > should default to haptic enabled
 ✓ src/test/services/feedback.quality.test.ts > Feedback Service - Quality Tests > Haptic Preferences > should respect stored haptic preference (disabled)
 ✓ src/test/services/feedback.quality.test.ts > Feedback Service - Quality Tests > Haptic Preferences > should save haptic preference to localStorage
 ✓ src/test/services/feedback.quality.test.ts > Feedback Service - Quality Tests > playSound > should not play when sound is disabled
 ✓ src/test/services/feedback.quality.test.ts > Feedback Service - Quality Tests > playSound > should play correct sound tone
 ✓ src/test/services/feedback.quality.test.ts > Feedback Service - Quality Tests > playSound > should play incorrect sound tone
 ✓ src/test/services/feedback.quality.test.ts > Feedback Service - Quality Tests > playSound > should play complete sound tone
 ✓ src/test/services/feedback.quality.test.ts > Feedback Service - Quality Tests > playSound > should play streak sound tone
 ✓ src/test/services/feedback.quality.test.ts > Feedback Service - Quality Tests > playSound > should play click sound tone
 ✓ src/test/services/feedback.quality.test.ts > Feedback Service - Quality Tests > playSound > should play levelUp sound tone
 ✓ src/test/services/feedback.quality.test.ts > Feedback Service - Quality Tests > playSound > should handle invalid sound name gracefully
 ✓ src/test/services/feedback.quality.test.ts > Feedback Service - Quality Tests > haptic > should not vibrate when haptic is disabled
 ✓ src/test/services/feedback.quality.test.ts > Feedback Service - Quality Tests > haptic > should call navigator.vibrate when haptic is enabled
 ✓ src/test/services/feedback.quality.test.ts > Feedback Service - Quality Tests > haptic > should handle different haptic intensities
 ✓ src/test/services/feedback.quality.test.ts > Feedback Service - Quality Tests > Audio Context Handling > should handle suspended audio context
 ✓ src/test/services/feedback.quality.test.ts > Feedback Service - Quality Tests > Audio Context Handling > should handle missing audio context
 ✓ src/test/services/feedback.quality.test.ts > Feedback Service - Quality Tests > Audio Context Handling > should connect oscillator to gain node
 ✓ src/test/services/feedback.quality.test.ts > Feedback Service - Quality Tests > Audio Context Handling > should set oscillator frequency
 ✓ src/test/services/feedback.quality.test.ts > Feedback Service - Quality Tests > Audio Context Handling > should stop oscillator after duration
 ✓ src/test/services/feedback.quality.test.ts > Feedback Service - Quality Tests > Browser Compatibility > should handle window undefined (SSR)
 ✓ src/test/services/feedback.quality.test.ts > Feedback Service - Quality Tests > Browser Compatibility > should handle navigator.vibrate undefined
 ✓ src/test/services/feedback.quality.test.ts > Feedback Service - Quality Tests > Tone Generation > should use sine wave for correct sound
 ✓ src/test/services/feedback.quality.test.ts > Feedback Service - Quality Tests > Tone Generation > should use square wave for incorrect sound
 ✓ src/test/services/feedback.quality.test.ts > Feedback Service - Quality Tests > Tone Generation > should apply gain envelope
 ✓ src/test/services/feedback.quality.test.ts > Feedback Service - Quality Tests > Concurrent Sound Handling > should handle rapid successive sounds
 ✓ src/test/services/feedback.quality.test.ts > Feedback Service - Quality Tests > Concurrent Sound Handling > should handle mixed sound types
 ✓ src/test/components/OnboardingTour.quality.test.tsx > OnboardingTour > TourProvider > should provide tour context
 ✓ src/test/components/OnboardingTour.quality.test.tsx > OnboardingTour > TourProvider > should initialize with tour not active
 ✓ src/test/components/OnboardingTour.quality.test.tsx > OnboardingTour > TourProvider > should have 11 total steps
 ✓ src/test/components/OnboardingTour.quality.test.tsx > OnboardingTour > TourProvider > should start at step 0
 ✓ src/test/components/OnboardingTour.quality.test.tsx > OnboardingTour > TourProvider > should show first step title
 ✓ src/test/components/OnboardingTour.quality.test.tsx > OnboardingTour > startTour > should activate tour when started
 ✓ src/test/components/OnboardingTour.quality.test.tsx > OnboardingTour > startTour > should reset to step 0 when starting
 ✓ src/test/components/OnboardingTour.quality.test.tsx > OnboardingTour > nextStep > should advance to next step
 ✓ src/test/components/OnboardingTour.quality.test.tsx > OnboardingTour > nextStep > should not go beyond last step
 ✓ src/test/components/OnboardingTour.quality.test.tsx > OnboardingTour > prevStep > should go to previous step
 ✓ src/test/components/OnboardingTour.quality.test.tsx > OnboardingTour > prevStep > should not go below step 0
 ✓ src/test/components/OnboardingTour.quality.test.tsx > OnboardingTour > goToStep > should jump to specific step
 ✓ src/test/components/OnboardingTour.quality.test.tsx > OnboardingTour > endTour > should deactivate tour
 ✓ src/test/components/OnboardingTour.quality.test.tsx > OnboardingTour > endTour > should mark tour as seen when completed
 ✓ src/test/components/OnboardingTour.quality.test.tsx > OnboardingTour > endTour > should persist completion state
 ✓ src/test/components/OnboardingTour.quality.test.tsx > OnboardingTour > resetTour > should clear hasSeenTour
 ✓ src/test/components/OnboardingTour.quality.test.tsx > OnboardingTour > resetTour > should allow tour to be restarted after reset
 ✓ src/test/components/OnboardingTour.quality.test.tsx > OnboardingTour > hasSeenTour > should be false initially
 ✓ src/test/components/OnboardingTour.quality.test.tsx > OnboardingTour > hasSeenTour > should become true after completing tour
 ✓ src/test/components/OnboardingTour.quality.test.tsx > OnboardingTour > keyboard navigation > should close tour on Escape
 ✓ src/test/components/OnboardingTour.quality.test.tsx > OnboardingTour > keyboard navigation > should advance on ArrowRight
 ✓ src/test/components/OnboardingTour.quality.test.tsx > OnboardingTour > keyboard navigation > should advance on Enter
 ✓ src/test/components/OnboardingTour.quality.test.tsx > OnboardingTour > keyboard navigation > should go back on ArrowLeft
 ✓ src/test/components/OnboardingTour.quality.test.tsx > OnboardingTour > step data > should provide step content
 ✓ src/test/components/OnboardingTour.quality.test.tsx > OnboardingTour > step data > should update step title when navigating
 ✓ src/test/components/OnboardingTour.quality.test.tsx > OnboardingTour > useTour hook > should throw error when used outside provider
 ✓ src/test/components/OnboardingTour.quality.test.tsx > OnboardingTour > tour overlay > should render overlay when tour is active
 ✓ src/test/components/OnboardingTour.quality.test.tsx > OnboardingTour > tour overlay > should not render overlay when tour is inactive
 ✓ src/test/components/OnboardingTour.quality.test.tsx > OnboardingTour > tour completion flow > should complete full tour flow
stderr | src/test/services/pushNotifications.quality.test.ts > Push Notifications Service - Quality Tests > initializeFCM > returns boolean
FCM initialization failed: FirebaseError: Firebase: No Firebase App '[DEFAULT]' has been created - call initializeApp() first (app/no-app).
    at Module.getApp (file:///workspaces/passcpa/node_modules/@firebase/app/src/api.ts:385:25)
    at Module.initializeFCM (/workspaces/passcpa/src/services/pushNotifications.ts:50:17)
    at processTicksAndRejections (node:internal/process/task_queues:103:5)
    at /workspaces/passcpa/src/test/services/pushNotifications.quality.test.ts:127:22
    at runTest (file:///workspaces/passcpa/node_modules/@vitest/runner/dist/index.js:781:11)
    at runSuite (file:///workspaces/passcpa/node_modules/@vitest/runner/dist/index.js:909:15)
    at runSuite (file:///workspaces/passcpa/node_modules/@vitest/runner/dist/index.js:909:15)
    at runSuite (file:///workspaces/passcpa/node_modules/@vitest/runner/dist/index.js:909:15)
    at runFiles (file:///workspaces/passcpa/node_modules/@vitest/runner/dist/index.js:958:5)
    at startTests (file:///workspaces/passcpa/node_modules/@vitest/runner/dist/index.js:967:3) {
  code: 'app/no-app',
  customData: { appName: '[DEFAULT]' }
}

stderr | src/test/services/pushNotifications.quality.test.ts > Push Notifications Service - Quality Tests > initializeFCM > does not throw on web platform
FCM initialization failed: FirebaseError: Firebase: No Firebase App '[DEFAULT]' has been created - call initializeApp() first (app/no-app).
    at Module.getApp (file:///workspaces/passcpa/node_modules/@firebase/app/src/api.ts:385:25)
    at Module.initializeFCM (/workspaces/passcpa/src/services/pushNotifications.ts:50:17)
    at processTicksAndRejections (node:internal/process/task_queues:103:5)
    at /workspaces/passcpa/src/test/services/pushNotifications.quality.test.ts:132:7
    at runTest (file:///workspaces/passcpa/node_modules/@vitest/runner/dist/index.js:781:11)
    at runSuite (file:///workspaces/passcpa/node_modules/@vitest/runner/dist/index.js:909:15)
    at runSuite (file:///workspaces/passcpa/node_modules/@vitest/runner/dist/index.js:909:15)
    at runSuite (file:///workspaces/passcpa/node_modules/@vitest/runner/dist/index.js:909:15)
    at runFiles (file:///workspaces/passcpa/node_modules/@vitest/runner/dist/index.js:958:5)
    at startTests (file:///workspaces/passcpa/node_modules/@vitest/runner/dist/index.js:967:3) {
  code: 'app/no-app',
  customData: { appName: '[DEFAULT]' }
}

stderr | src/test/services/pushNotifications.quality.test.ts > Push Notifications Service - Quality Tests > initializeFCM > can be called multiple times
FCM initialization failed: FirebaseError: Firebase: No Firebase App '[DEFAULT]' has been created - call initializeApp() first (app/no-app).
    at Module.getApp (file:///workspaces/passcpa/node_modules/@firebase/app/src/api.ts:385:25)
    at Module.initializeFCM (/workspaces/passcpa/src/services/pushNotifications.ts:50:17)
    at processTicksAndRejections (node:internal/process/task_queues:103:5)
    at /workspaces/passcpa/src/test/services/pushNotifications.quality.test.ts:136:7
    at runTest (file:///workspaces/passcpa/node_modules/@vitest/runner/dist/index.js:781:11)
    at runSuite (file:///workspaces/passcpa/node_modules/@vitest/runner/dist/index.js:909:15)
    at runSuite (file:///workspaces/passcpa/node_modules/@vitest/runner/dist/index.js:909:15)
    at runSuite (file:///workspaces/passcpa/node_modules/@vitest/runner/dist/index.js:909:15)
    at runFiles (file:///workspaces/passcpa/node_modules/@vitest/runner/dist/index.js:958:5)
    at startTests (file:///workspaces/passcpa/node_modules/@vitest/runner/dist/index.js:967:3) {
  code: 'app/no-app',
  customData: { appName: '[DEFAULT]' }
}
FCM initialization failed: FirebaseError: Firebase: No Firebase App '[DEFAULT]' has been created - call initializeApp() first (app/no-app).
    at Module.getApp (file:///workspaces/passcpa/node_modules/@firebase/app/src/api.ts:385:25)
    at Module.initializeFCM (/workspaces/passcpa/src/services/pushNotifications.ts:50:17)
    at processTicksAndRejections (node:internal/process/task_queues:103:5)
    at /workspaces/passcpa/src/test/services/pushNotifications.quality.test.ts:137:7
    at runTest (file:///workspaces/passcpa/node_modules/@vitest/runner/dist/index.js:781:11)
    at runSuite (file:///workspaces/passcpa/node_modules/@vitest/runner/dist/index.js:909:15)
    at runSuite (file:///workspaces/passcpa/node_modules/@vitest/runner/dist/index.js:909:15)
    at runSuite (file:///workspaces/passcpa/node_modules/@vitest/runner/dist/index.js:909:15)
    at runFiles (file:///workspaces/passcpa/node_modules/@vitest/runner/dist/index.js:958:5)
    at startTests (file:///workspaces/passcpa/node_modules/@vitest/runner/dist/index.js:967:3) {
  code: 'app/no-app',
  customData: { appName: '[DEFAULT]' }
}
FCM initialization failed: FirebaseError: Firebase: No Firebase App '[DEFAULT]' has been created - call initializeApp() first (app/no-app).
    at Module.getApp (file:///workspaces/passcpa/node_modules/@firebase/app/src/api.ts:385:25)
    at Module.initializeFCM (/workspaces/passcpa/src/services/pushNotifications.ts:50:17)
    at processTicksAndRejections (node:internal/process/task_queues:103:5)
    at /workspaces/passcpa/src/test/services/pushNotifications.quality.test.ts:138:7
    at runTest (file:///workspaces/passcpa/node_modules/@vitest/runner/dist/index.js:781:11)
    at runSuite (file:///workspaces/passcpa/node_modules/@vitest/runner/dist/index.js:909:15)
    at runSuite (file:///workspaces/passcpa/node_modules/@vitest/runner/dist/index.js:909:15)
    at runSuite (file:///workspaces/passcpa/node_modules/@vitest/runner/dist/index.js:909:15)
    at runFiles (file:///workspaces/passcpa/node_modules/@vitest/runner/dist/index.js:958:5)
    at startTests (file:///workspaces/passcpa/node_modules/@vitest/runner/dist/index.js:967:3) {
  code: 'app/no-app',
  customData: { appName: '[DEFAULT]' }
}

stderr | src/test/services/pushNotifications.quality.test.ts > Push Notifications Service - Quality Tests > showBrowserNotification > returns boolean
Browser notification failed: TypeError: Cannot read properties of undefined (reading 'ready')
    at Module.showBrowserNotification (/workspaces/passcpa/src/services/pushNotifications.ts:137:56)
    at /workspaces/passcpa/src/test/services/pushNotifications.quality.test.ts:176:28
    at file:///workspaces/passcpa/node_modules/@vitest/runner/dist/index.js:135:14
    at file:///workspaces/passcpa/node_modules/@vitest/runner/dist/index.js:60:26
    at runTest (file:///workspaces/passcpa/node_modules/@vitest/runner/dist/index.js:781:17)
    at processTicksAndRejections (node:internal/process/task_queues:103:5)
    at runSuite (file:///workspaces/passcpa/node_modules/@vitest/runner/dist/index.js:909:15)
    at runSuite (file:///workspaces/passcpa/node_modules/@vitest/runner/dist/index.js:909:15)
    at runSuite (file:///workspaces/passcpa/node_modules/@vitest/runner/dist/index.js:909:15)
    at runFiles (file:///workspaces/passcpa/node_modules/@vitest/runner/dist/index.js:958:5)

stderr | src/test/services/pushNotifications.quality.test.ts > Push Notifications Service - Quality Tests > showBrowserNotification > handles empty title
Browser notification failed: TypeError: Cannot read properties of undefined (reading 'ready')
    at Module.showBrowserNotification (/workspaces/passcpa/src/services/pushNotifications.ts:137:56)
    at /workspaces/passcpa/src/test/services/pushNotifications.quality.test.ts:181:28
    at file:///workspaces/passcpa/node_modules/@vitest/runner/dist/index.js:135:14
    at file:///workspaces/passcpa/node_modules/@vitest/runner/dist/index.js:60:26
    at runTest (file:///workspaces/passcpa/node_modules/@vitest/runner/dist/index.js:781:17)
    at processTicksAndRejections (node:internal/process/task_queues:103:5)
    at runSuite (file:///workspaces/passcpa/node_modules/@vitest/runner/dist/index.js:909:15)
    at runSuite (file:///workspaces/passcpa/node_modules/@vitest/runner/dist/index.js:909:15)
    at runSuite (file:///workspaces/passcpa/node_modules/@vitest/runner/dist/index.js:909:15)
    at runFiles (file:///workspaces/passcpa/node_modules/@vitest/runner/dist/index.js:958:5)

stderr | src/test/services/pushNotifications.quality.test.ts > Push Notifications Service - Quality Tests > showBrowserNotification > handles empty body
Browser notification failed: TypeError: Cannot read properties of undefined (reading 'ready')
    at Module.showBrowserNotification (/workspaces/passcpa/src/services/pushNotifications.ts:137:56)
    at /workspaces/passcpa/src/test/services/pushNotifications.quality.test.ts:186:28
    at file:///workspaces/passcpa/node_modules/@vitest/runner/dist/index.js:135:14
    at file:///workspaces/passcpa/node_modules/@vitest/runner/dist/index.js:60:26
    at runTest (file:///workspaces/passcpa/node_modules/@vitest/runner/dist/index.js:781:17)
    at processTicksAndRejections (node:internal/process/task_queues:103:5)
    at runSuite (file:///workspaces/passcpa/node_modules/@vitest/runner/dist/index.js:909:15)
    at runSuite (file:///workspaces/passcpa/node_modules/@vitest/runner/dist/index.js:909:15)
    at runSuite (file:///workspaces/passcpa/node_modules/@vitest/runner/dist/index.js:909:15)
    at runFiles (file:///workspaces/passcpa/node_modules/@vitest/runner/dist/index.js:958:5)

stderr | src/test/services/pushNotifications.quality.test.ts > Push Notifications Service - Quality Tests > showBrowserNotification > handles notification options
Browser notification failed: TypeError: Cannot read properties of undefined (reading 'ready')
    at Module.showBrowserNotification (/workspaces/passcpa/src/services/pushNotifications.ts:137:56)
    at /workspaces/passcpa/src/test/services/pushNotifications.quality.test.ts:191:28
    at file:///workspaces/passcpa/node_modules/@vitest/runner/dist/index.js:135:14
    at file:///workspaces/passcpa/node_modules/@vitest/runner/dist/index.js:60:26
    at runTest (file:///workspaces/passcpa/node_modules/@vitest/runner/dist/index.js:781:17)
    at processTicksAndRejections (node:internal/process/task_queues:103:5)
    at runSuite (file:///workspaces/passcpa/node_modules/@vitest/runner/dist/index.js:909:15)
    at runSuite (file:///workspaces/passcpa/node_modules/@vitest/runner/dist/index.js:909:15)
    at runSuite (file:///workspaces/passcpa/node_modules/@vitest/runner/dist/index.js:909:15)
    at runFiles (file:///workspaces/passcpa/node_modules/@vitest/runner/dist/index.js:958:5)

stderr | src/test/services/pushNotifications.quality.test.ts > Push Notifications Service - Quality Tests > showBrowserNotification > handles very long title
Browser notification failed: TypeError: Cannot read properties of undefined (reading 'ready')
    at Module.showBrowserNotification (/workspaces/passcpa/src/services/pushNotifications.ts:137:56)
    at /workspaces/passcpa/src/test/services/pushNotifications.quality.test.ts:200:28
    at file:///workspaces/passcpa/node_modules/@vitest/runner/dist/index.js:135:14
    at file:///workspaces/passcpa/node_modules/@vitest/runner/dist/index.js:60:26
    at runTest (file:///workspaces/passcpa/node_modules/@vitest/runner/dist/index.js:781:17)
    at processTicksAndRejections (node:internal/process/task_queues:103:5)
    at runSuite (file:///workspaces/passcpa/node_modules/@vitest/runner/dist/index.js:909:15)
    at runSuite (file:///workspaces/passcpa/node_modules/@vitest/runner/dist/index.js:909:15)
    at runSuite (file:///workspaces/passcpa/node_modules/@vitest/runner/dist/index.js:909:15)
    at runFiles (file:///workspaces/passcpa/node_modules/@vitest/runner/dist/index.js:958:5)

stderr | src/test/services/pushNotifications.quality.test.ts > Push Notifications Service - Quality Tests > showBrowserNotification > handles unicode in content
Browser notification failed: TypeError: Cannot read properties of undefined (reading 'ready')
    at Module.showBrowserNotification (/workspaces/passcpa/src/services/pushNotifications.ts:137:56)
    at /workspaces/passcpa/src/test/services/pushNotifications.quality.test.ts:205:28
    at file:///workspaces/passcpa/node_modules/@vitest/runner/dist/index.js:135:14
    at file:///workspaces/passcpa/node_modules/@vitest/runner/dist/index.js:60:26
    at runTest (file:///workspaces/passcpa/node_modules/@vitest/runner/dist/index.js:781:17)
    at processTicksAndRejections (node:internal/process/task_queues:103:5)
    at runSuite (file:///workspaces/passcpa/node_modules/@vitest/runner/dist/index.js:909:15)
    at runSuite (file:///workspaces/passcpa/node_modules/@vitest/runner/dist/index.js:909:15)
    at runSuite (file:///workspaces/passcpa/node_modules/@vitest/runner/dist/index.js:909:15)
    at runFiles (file:///workspaces/passcpa/node_modules/@vitest/runner/dist/index.js:958:5)

 ✓ src/test/services/pushNotifications.quality.test.ts > Push Notifications Service - Quality Tests > Platform Detection > isNative is boolean
 ✓ src/test/services/pushNotifications.quality.test.ts > Push Notifications Service - Quality Tests > Platform Detection > isWeb is boolean
 ✓ src/test/services/pushNotifications.quality.test.ts > Push Notifications Service - Quality Tests > Platform Detection > isNative and isWeb are mutually exclusive
 ✓ src/test/services/pushNotifications.quality.test.ts > Push Notifications Service - Quality Tests > initializeFCM > returns boolean
 ✓ src/test/services/pushNotifications.quality.test.ts > Push Notifications Service - Quality Tests > initializeFCM > does not throw on web platform
 ✓ src/test/services/pushNotifications.quality.test.ts > Push Notifications Service - Quality Tests > initializeFCM > can be called multiple times
 ✓ src/test/services/pushNotifications.quality.test.ts > Push Notifications Service - Quality Tests > requestFCMToken > returns string or null
 ✓ src/test/services/pushNotifications.quality.test.ts > Push Notifications Service - Quality Tests > requestFCMToken > handles empty userId
 ✓ src/test/services/pushNotifications.quality.test.ts > Push Notifications Service - Quality Tests > requestFCMToken > handles special characters in userId
 ✓ src/test/services/pushNotifications.quality.test.ts > Push Notifications Service - Quality Tests > removeFCMToken > resolves for valid parameters
 ✓ src/test/services/pushNotifications.quality.test.ts > Push Notifications Service - Quality Tests > removeFCMToken > handles empty userId
 ✓ src/test/services/pushNotifications.quality.test.ts > Push Notifications Service - Quality Tests > removeFCMToken > handles empty token
 ✓ src/test/services/pushNotifications.quality.test.ts > Push Notifications Service - Quality Tests > showBrowserNotification > returns boolean
 ✓ src/test/services/pushNotifications.quality.test.ts > Push Notifications Service - Quality Tests > showBrowserNotification > handles empty title
 ✓ src/test/services/pushNotifications.quality.test.ts > Push Notifications Service - Quality Tests > showBrowserNotification > handles empty body
 ✓ src/test/services/pushNotifications.quality.test.ts > Push Notifications Service - Quality Tests > showBrowserNotification > handles notification options
 ✓ src/test/services/pushNotifications.quality.test.ts > Push Notifications Service - Quality Tests > showBrowserNotification > handles very long title
 ✓ src/test/services/pushNotifications.quality.test.ts > Push Notifications Service - Quality Tests > showBrowserNotification > handles unicode in content
 ✓ src/test/services/pushNotifications.quality.test.ts > Push Notifications Service - Quality Tests > initializeLocalNotifications > returns boolean
 ✓ src/test/services/pushNotifications.quality.test.ts > Push Notifications Service - Quality Tests > initializeLocalNotifications > can be called multiple times
 ✓ src/test/services/pushNotifications.quality.test.ts > Push Notifications Service - Quality Tests > scheduleLocalNotification > handles basic notification
 ✓ src/test/services/pushNotifications.quality.test.ts > Push Notifications Service - Quality Tests > scheduleLocalNotification > handles notification with all options
 ✓ src/test/services/pushNotifications.quality.test.ts > Push Notifications Service - Quality Tests > scheduleLocalNotification > handles past date gracefully
 ✓ src/test/services/pushNotifications.quality.test.ts > Push Notifications Service - Quality Tests > scheduleLocalNotification > handles very far future date
 ✓ src/test/services/pushNotifications.quality.test.ts > Push Notifications Service - Quality Tests > scheduleLocalNotification > handles negative ID
 ✓ src/test/services/pushNotifications.quality.test.ts > Push Notifications Service - Quality Tests > cancelAllLocalNotifications > resolves without error
 ✓ src/test/services/pushNotifications.quality.test.ts > Push Notifications Service - Quality Tests > cancelAllLocalNotifications > can be called multiple times
 ✓ src/test/services/pushNotifications.quality.test.ts > Push Notifications Service - Quality Tests > setupDailyReminder > handles enabled reminder
 ✓ src/test/services/pushNotifications.quality.test.ts > Push Notifications Service - Quality Tests > setupDailyReminder > handles disabled reminder
 ✓ src/test/services/pushNotifications.quality.test.ts > Push Notifications Service - Quality Tests > setupDailyReminder > handles various times
 ✓ src/test/services/pushNotifications.quality.test.ts > Push Notifications Service - Quality Tests > setupDailyReminder > handles empty time string
 ✓ src/test/services/pushNotifications.quality.test.ts > Push Notifications Service - Quality Tests > setupDailyReminder > handles invalid time format gracefully
 ✓ src/test/services/pushNotifications.quality.test.ts > Push Notifications Service - Quality Tests > getDailyReminderSettings > returns object with enabled and time
 ✓ src/test/services/pushNotifications.quality.test.ts > Push Notifications Service - Quality Tests > getDailyReminderSettings > time is valid format
 ✓ src/test/services/pushNotifications.quality.test.ts > Push Notifications Service - Quality Tests > getContextualReminderMessage > returns object with title and body
 ✓ src/test/services/pushNotifications.quality.test.ts > Push Notifications Service - Quality Tests > getContextualReminderMessage > title is non-empty
 ✓ src/test/services/pushNotifications.quality.test.ts > Push Notifications Service - Quality Tests > getContextualReminderMessage > body is non-empty
 ✓ src/test/services/pushNotifications.quality.test.ts > Push Notifications Service - Quality Tests > getContextualReminderMessage > returns consistent structure
 ✓ src/test/components/BlueprintReport.quality.test.tsx > BlueprintReport > rendering > should render blueprint report when open
 ✓ src/test/components/BlueprintReport.quality.test.tsx > BlueprintReport > rendering > should not render when closed
 ✓ src/test/components/BlueprintReport.quality.test.tsx > BlueprintReport > rendering > should display section name
 ✓ src/test/components/BlueprintReport.quality.test.tsx > BlueprintReport > rendering > should show close button
 ✓ src/test/components/BlueprintReport.quality.test.tsx > BlueprintReport > summary stats > should display weighted accuracy
 ✓ src/test/components/BlueprintReport.quality.test.tsx > BlueprintReport > summary stats > should display strong areas count
 ✓ src/test/components/BlueprintReport.quality.test.tsx > BlueprintReport > summary stats > should display needs work count
 ✓ src/test/components/BlueprintReport.quality.test.tsx > BlueprintReport > summary stats > should display questions done count
 ✓ src/test/components/BlueprintReport.quality.test.tsx > BlueprintReport > legend > should show status legend
 ✓ src/test/components/BlueprintReport.quality.test.tsx > BlueprintReport > legend > should show developing status
 ✓ src/test/components/BlueprintReport.quality.test.tsx > BlueprintReport > legend > should show weak status
 ✓ src/test/components/BlueprintReport.quality.test.tsx > BlueprintReport > legend > should show not started status
 ✓ src/test/components/BlueprintReport.quality.test.tsx > BlueprintReport > blueprint areas > should display blueprint area names
 ✓ src/test/components/BlueprintReport.quality.test.tsx > BlueprintReport > blueprint areas > should display Financial Statements area
 ✓ src/test/components/BlueprintReport.quality.test.tsx > BlueprintReport > blueprint areas > should allow expanding areas
 ✓ src/test/components/BlueprintReport.quality.test.tsx > BlueprintReport > close functionality > should call onClose when close button clicked
 ✓ src/test/components/BlueprintReport.quality.test.tsx > BlueprintReport > close functionality > should call onClose when backdrop clicked
 ✓ src/test/components/BlueprintReport.quality.test.tsx > BlueprintReport > loading state > should show loading skeleton initially
 ✓ src/test/components/BlueprintReport.quality.test.tsx > BlueprintReport > error handling > should handle fetch error gracefully
 ✓ src/test/components/BlueprintReport.quality.test.tsx > BlueprintReport > different sections > should display passed section prop
 ✓ src/test/components/BlueprintReport.quality.test.tsx > BlueprintReport > different sections > should load blueprint areas for section
 ✓ src/test/components/BlueprintReport.quality.test.tsx > BlueprintReport > performance calculation > should calculate overall accuracy
 ✓ src/test/components/BlueprintReport.quality.test.tsx > BlueprintReport > performance calculation > should count strong areas
stderr | src/test/components/FlashcardSetup.quality.test.tsx > FlashcardSetup > rendering > should render the flashcard setup page
⚠️ React Router Future Flag Warning: React Router will begin wrapping state updates in `React.startTransition` in v7. You can use the `v7_startTransition` future flag to opt-in early. For more information, see https://reactrouter.com/v6/upgrading/future#v7_starttransition.
⚠️ React Router Future Flag Warning: Relative route resolution within Splat routes is changing in v7. You can use the `v7_relativeSplatPath` future flag to opt-in early. For more information, see https://reactrouter.com/v6/upgrading/future#v7_relativesplatpath.

 ✓ src/test/components/FlashcardSetup.quality.test.tsx > FlashcardSetup > rendering > should render the flashcard setup page 385ms
stderr | src/test/components/BlueprintReport.quality.test.tsx > BlueprintReport > accessibility > should have clickable backdrop
Warning: An update to BlueprintReport inside a test was not wrapped in act(...).

When testing, code that causes React state updates should be wrapped into act(...):

act(() => {
  /* fire events that update state */
});
/* assert on the output */

This ensures that you're testing the behavior the user would see in the browser. Learn more at https://reactjs.org/link/wrap-tests-with-act
    at BlueprintReport (/workspaces/passcpa/src/components/BlueprintReport.tsx:24:3)
Warning: An update to BlueprintReport inside a test was not wrapped in act(...).

When testing, code that causes React state updates should be wrapped into act(...):

act(() => {
  /* fire events that update state */
});
/* assert on the output */

This ensures that you're testing the behavior the user would see in the browser. Learn more at https://reactjs.org/link/wrap-tests-with-act
    at BlueprintReport (/workspaces/passcpa/src/components/BlueprintReport.tsx:24:3)

 ✓ src/test/components/BlueprintReport.quality.test.tsx > BlueprintReport > no data state > should handle empty topic performance
 ✓ src/test/components/BlueprintReport.quality.test.tsx > BlueprintReport > no data state > should show 0% accuracy when no questions answered
 ✓ src/test/components/BlueprintReport.quality.test.tsx > BlueprintReport > accessibility > should have clickable backdrop
 ✓ src/test/components/BlueprintReport.quality.test.tsx > BlueprintReport > accessibility > should have clickable area buttons
 ✓ src/test/components/BlueprintReport.quality.test.tsx > BlueprintReport > missing getTopicPerformance > should handle undefined getTopicPerformance
 ✓ src/test/components/FlashcardSetup.quality.test.tsx > FlashcardSetup > rendering > should show section name
 ✓ src/test/components/FlashcardSetup.quality.test.tsx > FlashcardSetup > rendering > should display count buttons (10, 25, 50)
 ✓ src/test/components/FlashcardSetup.quality.test.tsx > FlashcardSetup > rendering > should show available cards count
 ✓ src/test/components/FlashcardSetup.quality.test.tsx > FlashcardSetup > simple options > should show Shuffle toggle
 ✓ src/test/components/FlashcardSetup.quality.test.tsx > FlashcardSetup > simple options > should show Focus on weak areas toggle
 ✓ src/test/components/FlashcardSetup.quality.test.tsx > FlashcardSetup > simple options > should show More options button
 ✓ src/test/components/FlashcardSetup.quality.test.tsx > FlashcardSetup > advanced options > should show card types when More options is clicked
 ✓ src/test/components/FlashcardSetup.quality.test.tsx > FlashcardSetup > advanced options > should show Filter by Mastery dropdown when More options is clicked
 ✓ src/test/components/FlashcardSetup.quality.test.tsx > FlashcardSetup > advanced options > should show Unit dropdown when More options is clicked
 ✓ src/test/components/FlashcardSetup.quality.test.tsx > FlashcardSetup > advanced options > should show Show both sides toggle when More options is clicked
 ✓ src/test/components/FlashcardSetup.quality.test.tsx > FlashcardSetup > navigation > should navigate to flashcard session on start
stderr | src/test/components/FlashcardSetup.quality.test.tsx > FlashcardSetup > loading state > should show loading indicator during fetch
Warning: An update to FlashcardSetup inside a test was not wrapped in act(...).

When testing, code that causes React state updates should be wrapped into act(...):

act(() => {
  /* fire events that update state */
});
/* assert on the output */

This ensures that you're testing the behavior the user would see in the browser. Learn more at https://reactjs.org/link/wrap-tests-with-act
    at FlashcardSetup (/workspaces/passcpa/src/components/FlashcardSetup.tsx:36:48)
    at Router (/workspaces/passcpa/node_modules/react-router/dist/umd/react-router.development.js:1207:17)
    at BrowserRouter (/workspaces/passcpa/node_modules/react-router-dom/dist/umd/react-router-dom.development.js:695:7)

 ✓ src/test/components/FlashcardSetup.quality.test.tsx > FlashcardSetup > navigation > should pass mode parameter when navigating
 ✓ src/test/components/FlashcardSetup.quality.test.tsx > FlashcardSetup > loading state > should show loading indicator during fetch
 ✓ src/test/components/FlashcardSetup.quality.test.tsx > FlashcardSetup > error handling > should handle fetch errors gracefully
 ✓ src/test/components/FlashcardSetup.quality.test.tsx > FlashcardSetup > unauthenticated state > should handle missing user
stderr | src/test/components/FlashcardSetup.quality.test.tsx > FlashcardSetup > unauthenticated state > should use FAR as default section when no profile
Error loading flashcard data: Error: Fetch failed
    at /workspaces/passcpa/src/test/components/FlashcardSetup.quality.test.tsx:273:62
    at file:///workspaces/passcpa/node_modules/@vitest/runner/dist/index.js:135:14
    at file:///workspaces/passcpa/node_modules/@vitest/runner/dist/index.js:60:26
    at runTest (file:///workspaces/passcpa/node_modules/@vitest/runner/dist/index.js:781:17)
    at runSuite (file:///workspaces/passcpa/node_modules/@vitest/runner/dist/index.js:909:15)
    at runSuite (file:///workspaces/passcpa/node_modules/@vitest/runner/dist/index.js:909:15)
    at runSuite (file:///workspaces/passcpa/node_modules/@vitest/runner/dist/index.js:909:15)
    at runFiles (file:///workspaces/passcpa/node_modules/@vitest/runner/dist/index.js:958:5)
    at startTests (file:///workspaces/passcpa/node_modules/@vitest/runner/dist/index.js:967:3)
    at file:///workspaces/passcpa/node_modules/vitest/dist/chunks/runtime-runBaseTests.oAvMKtQC.js:116:7

 ✓ src/test/components/FlashcardSetup.quality.test.tsx > FlashcardSetup > unauthenticated state > should use FAR as default section when no profile
stderr | src/test/components/FlashcardSetup.quality.test.tsx > FlashcardSetup > count button selection > should default to 10 cards selected
Error loading flashcard data: Error: Fetch failed
    at /workspaces/passcpa/src/test/components/FlashcardSetup.quality.test.tsx:273:62
    at file:///workspaces/passcpa/node_modules/@vitest/runner/dist/index.js:135:14
    at file:///workspaces/passcpa/node_modules/@vitest/runner/dist/index.js:60:26
    at runTest (file:///workspaces/passcpa/node_modules/@vitest/runner/dist/index.js:781:17)
    at runSuite (file:///workspaces/passcpa/node_modules/@vitest/runner/dist/index.js:909:15)
    at runSuite (file:///workspaces/passcpa/node_modules/@vitest/runner/dist/index.js:909:15)
    at runSuite (file:///workspaces/passcpa/node_modules/@vitest/runner/dist/index.js:909:15)
    at runFiles (file:///workspaces/passcpa/node_modules/@vitest/runner/dist/index.js:958:5)
    at startTests (file:///workspaces/passcpa/node_modules/@vitest/runner/dist/index.js:967:3)
    at file:///workspaces/passcpa/node_modules/vitest/dist/chunks/runtime-runBaseTests.oAvMKtQC.js:116:7

 ✓ src/test/components/FlashcardSetup.quality.test.tsx > FlashcardSetup > count button selection > should default to 10 cards selected
stderr | src/test/components/FlashcardSetup.quality.test.tsx > FlashcardSetup > count button selection > should allow selecting different count
Error loading flashcard data: Error: Fetch failed
    at /workspaces/passcpa/src/test/components/FlashcardSetup.quality.test.tsx:273:62
    at file:///workspaces/passcpa/node_modules/@vitest/runner/dist/index.js:135:14
    at file:///workspaces/passcpa/node_modules/@vitest/runner/dist/index.js:60:26
    at runTest (file:///workspaces/passcpa/node_modules/@vitest/runner/dist/index.js:781:17)
    at runSuite (file:///workspaces/passcpa/node_modules/@vitest/runner/dist/index.js:909:15)
    at runSuite (file:///workspaces/passcpa/node_modules/@vitest/runner/dist/index.js:909:15)
    at runSuite (file:///workspaces/passcpa/node_modules/@vitest/runner/dist/index.js:909:15)
    at runFiles (file:///workspaces/passcpa/node_modules/@vitest/runner/dist/index.js:958:5)
    at startTests (file:///workspaces/passcpa/node_modules/@vitest/runner/dist/index.js:967:3)
    at file:///workspaces/passcpa/node_modules/vitest/dist/chunks/runtime-runBaseTests.oAvMKtQC.js:116:7

 ✓ src/test/components/FlashcardSetup.quality.test.tsx > FlashcardSetup > count button selection > should allow selecting different count
stderr | src/test/components/FlashcardSetup.quality.test.tsx > FlashcardSetup > different sections > should load cards for current exam section
Error loading flashcard data: Error: Fetch failed
    at /workspaces/passcpa/src/test/components/FlashcardSetup.quality.test.tsx:273:62
    at file:///workspaces/passcpa/node_modules/@vitest/runner/dist/index.js:135:14
    at file:///workspaces/passcpa/node_modules/@vitest/runner/dist/index.js:60:26
    at runTest (file:///workspaces/passcpa/node_modules/@vitest/runner/dist/index.js:781:17)
    at runSuite (file:///workspaces/passcpa/node_modules/@vitest/runner/dist/index.js:909:15)
    at runSuite (file:///workspaces/passcpa/node_modules/@vitest/runner/dist/index.js:909:15)
    at runSuite (file:///workspaces/passcpa/node_modules/@vitest/runner/dist/index.js:909:15)
    at runFiles (file:///workspaces/passcpa/node_modules/@vitest/runner/dist/index.js:958:5)
    at startTests (file:///workspaces/passcpa/node_modules/@vitest/runner/dist/index.js:967:3)
    at file:///workspaces/passcpa/node_modules/vitest/dist/chunks/runtime-runBaseTests.oAvMKtQC.js:116:7

 ✓ src/test/components/FlashcardSetup.quality.test.tsx > FlashcardSetup > different sections > should load cards for current exam section
stderr | src/test/components/FlashcardSetup.quality.test.tsx > FlashcardSetup > different sections > should display AUD section name when selected
Error loading flashcard data: Error: Fetch failed
    at /workspaces/passcpa/src/test/components/FlashcardSetup.quality.test.tsx:273:62
    at file:///workspaces/passcpa/node_modules/@vitest/runner/dist/index.js:135:14
    at file:///workspaces/passcpa/node_modules/@vitest/runner/dist/index.js:60:26
    at runTest (file:///workspaces/passcpa/node_modules/@vitest/runner/dist/index.js:781:17)
    at runSuite (file:///workspaces/passcpa/node_modules/@vitest/runner/dist/index.js:909:15)
    at runSuite (file:///workspaces/passcpa/node_modules/@vitest/runner/dist/index.js:909:15)
    at runSuite (file:///workspaces/passcpa/node_modules/@vitest/runner/dist/index.js:909:15)
    at runFiles (file:///workspaces/passcpa/node_modules/@vitest/runner/dist/index.js:958:5)
    at startTests (file:///workspaces/passcpa/node_modules/@vitest/runner/dist/index.js:967:3)
    at file:///workspaces/passcpa/node_modules/vitest/dist/chunks/runtime-runBaseTests.oAvMKtQC.js:116:7

 ✓ src/test/components/FlashcardSetup.quality.test.tsx > FlashcardSetup > different sections > should display AUD section name when selected
 ✓ src/test/hooks/useSwipe.quality.test.ts > useSwipe Hook - Quality Tests > Basic Swipe Detection > returns required handlers
 ✓ src/test/hooks/useSwipe.quality.test.ts > useSwipe Hook - Quality Tests > Basic Swipe Detection > calls onSwipeLeft when swiping left past threshold
 ✓ src/test/hooks/useSwipe.quality.test.ts > useSwipe Hook - Quality Tests > Basic Swipe Detection > calls onSwipeRight when swiping right past threshold
 ✓ src/test/hooks/useSwipe.quality.test.ts > useSwipe Hook - Quality Tests > Threshold Edge Cases > does not trigger swipe when exactly at threshold
 ✓ src/test/hooks/useSwipe.quality.test.ts > useSwipe Hook - Quality Tests > Threshold Edge Cases > does not trigger swipe when below threshold
 ✓ src/test/hooks/useSwipe.quality.test.ts > useSwipe Hook - Quality Tests > Threshold Edge Cases > works with zero threshold
 ✓ src/test/hooks/useSwipe.quality.test.ts > useSwipe Hook - Quality Tests > Threshold Edge Cases > works with very large threshold
 ✓ src/test/hooks/useSwipe.quality.test.ts > useSwipe Hook - Quality Tests > Threshold Edge Cases > uses default threshold of 50
 ✓ src/test/hooks/useSwipe.quality.test.ts > useSwipe Hook - Quality Tests > Enabled/Disabled State > does not respond when disabled
 ✓ src/test/hooks/useSwipe.quality.test.ts > useSwipe Hook - Quality Tests > Enabled/Disabled State > responds when explicitly enabled
 ✓ src/test/hooks/useSwipe.quality.test.ts > useSwipe Hook - Quality Tests > Enabled/Disabled State > is enabled by default
 ✓ src/test/hooks/useSwipe.quality.test.ts > useSwipe Hook - Quality Tests > Vertical vs Horizontal Detection > ignores vertical swipes
 ✓ src/test/hooks/useSwipe.quality.test.ts > useSwipe Hook - Quality Tests > Vertical vs Horizontal Detection > handles diagonal swipes preferring horizontal
 ✓ src/test/hooks/useSwipe.quality.test.ts > useSwipe Hook - Quality Tests > Incomplete Gestures > handles touch end without move
 ✓ src/test/hooks/useSwipe.quality.test.ts > useSwipe Hook - Quality Tests > Incomplete Gestures > handles touch end without start
 ✓ src/test/hooks/useSwipe.quality.test.ts > useSwipe Hook - Quality Tests > Incomplete Gestures > handles touch move without start
 ✓ src/test/hooks/useSwipe.quality.test.ts > useSwipe Hook - Quality Tests > Incomplete Gestures > resets state after completed swipe
 ✓ src/test/hooks/useSwipe.quality.test.ts > useSwipe Hook - Quality Tests > Callback Handling > works without any callbacks
 ✓ src/test/hooks/useSwipe.quality.test.ts > useSwipe Hook - Quality Tests > Callback Handling > works with only onSwipeLeft
 ✓ src/test/hooks/useSwipe.quality.test.ts > useSwipe Hook - Quality Tests > Callback Handling > works with only onSwipeRight
 ✓ src/test/hooks/useSwipe.quality.test.ts > useSwipe Hook - Quality Tests > Callback Handling > handles both callbacks provided
 ✓ src/test/hooks/useSwipe.quality.test.ts > useSwipe Hook - Quality Tests > Multiple Touch Points (Edge Case) > handles multiple sequential swipes
 ✓ src/test/services/offlineCache.quality.test.ts > Offline Cache Service - REAL Tests > cacheQuestions > should cache questions and return count
 ✓ src/test/services/offlineCache.quality.test.ts > Offline Cache Service - REAL Tests > cacheQuestions > should cache empty array without error
 ✓ src/test/services/offlineCache.quality.test.ts > Offline Cache Service - REAL Tests > cacheQuestions > should overwrite existing questions with same ID
 ✓ src/test/services/offlineCache.quality.test.ts > Offline Cache Service - REAL Tests > cacheQuestions > should handle large batch of questions
 ✓ src/test/services/offlineCache.quality.test.ts > Offline Cache Service - REAL Tests > getCachedQuestions > should retrieve all cached questions when no filter
 ✓ src/test/services/offlineCache.quality.test.ts > Offline Cache Service - REAL Tests > getCachedQuestions > should filter by section
 ✓ src/test/services/offlineCache.quality.test.ts > Offline Cache Service - REAL Tests > getCachedQuestions > should filter by topic
 ✓ src/test/services/offlineCache.quality.test.ts > Offline Cache Service - REAL Tests > getCachedQuestions > should return empty array for non-existent section
 ✓ src/test/services/offlineCache.quality.test.ts > Offline Cache Service - REAL Tests > getCachedQuestions > should limit results when limit is specified
 ✓ src/test/services/offlineCache.quality.test.ts > Offline Cache Service - REAL Tests > getCachedQuestions > should return empty array when cache is empty
 ✓ src/test/services/offlineCache.quality.test.ts > Offline Cache Service - REAL Tests > clearCache > should clear all cached questions
 ✓ src/test/services/offlineCache.quality.test.ts > Offline Cache Service - REAL Tests > clearCache > should not throw when cache is already empty
 ✓ src/test/services/offlineCache.quality.test.ts > Offline Cache Service - REAL Tests > getCacheStatus > should return cache metadata after caching
 ✓ src/test/services/offlineCache.quality.test.ts > Offline Cache Service - REAL Tests > getCacheStatus > should return empty status when nothing cached
 ✓ src/test/services/offlineCache.quality.test.ts > Offline Cache Service - REAL Tests > getCacheStatus > should update timestamp on re-cache
 ✓ src/test/services/offlineCache.quality.test.ts > Offline Cache Service - REAL Tests > cacheTBS > should cache TBS items
 ✓ src/test/services/offlineCache.quality.test.ts > Offline Cache Service - REAL Tests > cacheTBS > should update TBS metadata
 ✓ src/test/services/offlineCache.quality.test.ts > Offline Cache Service - REAL Tests > Data Integrity > should preserve all question properties
 ✓ src/test/services/offlineCache.quality.test.ts > Offline Cache Service - REAL Tests > Data Integrity > should handle unicode characters
 ✓ src/test/services/offlineCache.quality.test.ts > Offline Cache Service - REAL Tests > Error Handling > should handle questions with missing optional fields
 ✓ src/test/services/offlineCache.quality.test.ts > Offline Cache Service - REAL Tests > Error Handling > should handle concurrent cache operations
 ✓ src/test/config/examConfig.test.js > Exam Configuration > CPA_SECTIONS > should define all core sections
 ✓ src/test/config/examConfig.test.js > Exam Configuration > CPA_SECTIONS > should define all discipline sections
 ✓ src/test/config/examConfig.test.js > Exam Configuration > CPA_SECTIONS > should define strategy section
 ✓ src/test/config/examConfig.test.js > Exam Configuration > CPA_SECTIONS > should have correct types for core sections
 ✓ src/test/config/examConfig.test.js > Exam Configuration > CPA_SECTIONS > should have correct types for discipline sections
 ✓ src/test/config/examConfig.test.js > Exam Configuration > CPA_SECTIONS > should have exam lengths for test sections
 ✓ src/test/config/examConfig.test.js > Exam Configuration > CPA_SECTIONS > should have MCQ and TBS weights
 ✓ src/test/config/examConfig.test.js > Exam Configuration > CPA_SECTIONS > should have question type counts
 ✓ src/test/config/examConfig.test.js > Exam Configuration > CPA_SECTIONS > should have required string fields
 ✓ src/test/config/examConfig.test.js > Exam Configuration > CPA_SECTIONS > should mark blueprint sensitive sections
 ✓ src/test/config/examConfig.test.js > Exam Configuration > CPA_SECTIONS > should have pendingUpdate for blueprint-sensitive sections
 ✓ src/test/config/examConfig.test.js > Exam Configuration > CPA_SECTIONS > should have careerFit for discipline sections
 ✓ src/test/config/examConfig.test.js > Exam Configuration > CPA_SECTIONS > should have BEC marked as retired (December 15, 2023)
 ✓ src/test/config/examConfig.test.js > Exam Configuration > getBlueprintForDate > should return 2025 for dates before July 1, 2026
 ✓ src/test/config/examConfig.test.js > Exam Configuration > getBlueprintForDate > should return 2026 for dates on or after July 1, 2026
 ✓ src/test/config/examConfig.test.js > Exam Configuration > getBlueprintForDate > should return 2026 for future years
 ✓ src/test/config/examConfig.test.js > Exam Configuration > isBefore2026Blueprint > should return boolean
 ✓ src/test/config/examConfig.test.js > Exam Configuration > Section arrays > should have correct CORE_SECTIONS
 ✓ src/test/config/examConfig.test.js > Exam Configuration > Section arrays > should have correct DISCIPLINE_SECTIONS (BAR, ISC, TCP only)
 ✓ src/test/config/examConfig.test.js > Exam Configuration > Section arrays > should have correct STRATEGY_SECTIONS
 ✓ src/test/config/examConfig.test.js > Exam Configuration > EXAM_RULES > should have passing window
 ✓ src/test/config/examConfig.test.js > Exam Configuration > EXAM_RULES > should have passing score
 ✓ src/test/config/examConfig.test.js > Exam Configuration > EXAM_RULES > should require 4 sections
 ✓ src/test/config/examConfig.test.js > Exam Configuration > EXAM_RULES > should have testing windows info
 ✓ src/test/config/examConfig.test.js > Exam Configuration > EXAM_RULES > should have score release info
 ✓ src/test/config/examConfig.test.js > Exam Configuration > POINT_VALUES > should have MCQ point values
 ✓ src/test/config/examConfig.test.js > Exam Configuration > POINT_VALUES > should have TBS point values
 ✓ src/test/config/examConfig.test.js > Exam Configuration > POINT_VALUES > should have lesson point values
 ✓ src/test/config/examConfig.test.js > Exam Configuration > POINT_VALUES > should have weak area multiplier
 ✓ src/test/config/examConfig.test.js > Exam Configuration > DAILY_GOAL_PRESETS > should have multiple presets
 ✓ src/test/config/examConfig.test.js > Exam Configuration > DAILY_GOAL_PRESETS > should have light preset
 ✓ src/test/config/examConfig.test.js > Exam Configuration > DAILY_GOAL_PRESETS > should have moderate preset
 ✓ src/test/config/examConfig.test.js > Exam Configuration > DAILY_GOAL_PRESETS > should have intensive preset
 ✓ src/test/config/examConfig.test.js > Exam Configuration > DAILY_GOAL_PRESETS > should have full-time preset
 ✓ src/test/config/examConfig.test.js > Exam Configuration > DAILY_GOAL_PRESETS > each preset should have required fields
 ✓ src/test/config/examConfig.test.js > Exam Configuration > DIFFICULTY_LEVELS > should have easy level
 ✓ src/test/config/examConfig.test.js > Exam Configuration > DIFFICULTY_LEVELS > should have medium level
 ✓ src/test/config/examConfig.test.js > Exam Configuration > DIFFICULTY_LEVELS > should have hard level
 ✓ src/test/config/examConfig.test.js > Exam Configuration > DIFFICULTY_LEVELS > should have skill levels
 ✓ src/test/config/examConfig.test.js > Exam Configuration > DIFFICULTY_LEVELS > weights should sum to 1
 ✓ src/test/config/examConfig.test.js > Exam Configuration > PASSING_SCORE > should be 75
 ✓ src/test/config/examConfig.test.js > Exam Configuration > EXAM_BLUEPRINTS > should have AUD blueprint
 ✓ src/test/config/examConfig.test.js > Exam Configuration > EXAM_BLUEPRINTS > should have areas for AUD
 ✓ src/test/config/examConfig.test.js > Exam Configuration > EXAM_BLUEPRINTS > AUD areas should have groups
 ✓ src/test/config/examConfig.test.js > Exam Configuration > EXAM_BLUEPRINTS > should have FAR blueprint
 ✓ src/test/config/examConfig.test.js > Exam Configuration > EXAM_BLUEPRINTS > should have REG blueprint
 ✓ src/test/config/examConfig.test.js > Exam Configuration > EXAM_BLUEPRINTS > should have discipline blueprints
stdout | Object.log (/workspaces/passcpa/src/utils/logger.ts:8:24)
Blueprint Configuration loaded.
Current Blueprint: 2025
Days until 2026 Blueprint: 114

stderr | src/test/components/Practice.test.jsx > Practice Component > Session Setup Screen > should render practice questions title
Error: useToast must be used within a ToastProvider
    at Module.useToast (/workspaces/passcpa/src/components/common/Toast.tsx:27:11)
    at Practice (/workspaces/passcpa/src/components/pages/Practice.tsx:718:17)
    at renderWithHooks (/workspaces/passcpa/node_modules/react-dom/cjs/react-dom.development.js:15486:18)
    at mountIndeterminateComponent (/workspaces/passcpa/node_modules/react-dom/cjs/react-dom.development.js:20103:13)
    at beginWork (/workspaces/passcpa/node_modules/react-dom/cjs/react-dom.development.js:21626:16)
    at HTMLUnknownElement.callCallback (/workspaces/passcpa/node_modules/react-dom/cjs/react-dom.development.js:4164:14)
    at HTMLUnknownElement.callTheUserObjectsOperation (/workspaces/passcpa/node_modules/jsdom/lib/jsdom/living/generated/EventListener.js:26:30)
    at innerInvokeEventListeners (/workspaces/passcpa/node_modules/jsdom/lib/jsdom/living/events/EventTarget-impl.js:360:16)
    at invokeEventListeners (/workspaces/passcpa/node_modules/jsdom/lib/jsdom/living/events/EventTarget-impl.js:296:3)
    at HTMLUnknownElementImpl._dispatch (/workspaces/passcpa/node_modules/jsdom/lib/jsdom/living/events/EventTarget-impl.js:243:9)
Error: useToast must be used within a ToastProvider
    at Module.useToast (/workspaces/passcpa/src/components/common/Toast.tsx:27:11)
    at Practice (/workspaces/passcpa/src/components/pages/Practice.tsx:718:17)
    at renderWithHooks (/workspaces/passcpa/node_modules/react-dom/cjs/react-dom.development.js:15486:18)
    at mountIndeterminateComponent (/workspaces/passcpa/node_modules/react-dom/cjs/react-dom.development.js:20103:13)
    at beginWork (/workspaces/passcpa/node_modules/react-dom/cjs/react-dom.development.js:21626:16)
    at HTMLUnknownElement.callCallback (/workspaces/passcpa/node_modules/react-dom/cjs/react-dom.development.js:4164:14)
    at HTMLUnknownElement.callTheUserObjectsOperation (/workspaces/passcpa/node_modules/jsdom/lib/jsdom/living/generated/EventListener.js:26:30)
    at innerInvokeEventListeners (/workspaces/passcpa/node_modules/jsdom/lib/jsdom/living/events/EventTarget-impl.js:360:16)
    at invokeEventListeners (/workspaces/passcpa/node_modules/jsdom/lib/jsdom/living/events/EventTarget-impl.js:296:3)
    at HTMLUnknownElementImpl._dispatch (/workspaces/passcpa/node_modules/jsdom/lib/jsdom/living/events/EventTarget-impl.js:243:9)
The above error occurred in the <Practice> component:

    at Practice (/workspaces/passcpa/src/components/pages/Practice.tsx:1328:42)
    at Router (/workspaces/passcpa/node_modules/react-router/dist/umd/react-router.development.js:1207:17)
    at MemoryRouter (/workspaces/passcpa/node_modules/react-router/dist/umd/react-router.development.js:1101:7)

Consider adding an error boundary to your tree to customize error handling behavior.
Visit https://reactjs.org/link/error-boundaries to learn more about error boundaries.

stderr | src/test/components/Practice.test.jsx > Practice Component > Session Setup Screen > should display exam section selector
Error: useToast must be used within a ToastProvider
    at Module.useToast (/workspaces/passcpa/src/components/common/Toast.tsx:27:11)
    at Practice (/workspaces/passcpa/src/components/pages/Practice.tsx:718:17)
    at renderWithHooks (/workspaces/passcpa/node_modules/react-dom/cjs/react-dom.development.js:15486:18)
    at mountIndeterminateComponent (/workspaces/passcpa/node_modules/react-dom/cjs/react-dom.development.js:20103:13)
    at beginWork (/workspaces/passcpa/node_modules/react-dom/cjs/react-dom.development.js:21626:16)
    at HTMLUnknownElement.callCallback (/workspaces/passcpa/node_modules/react-dom/cjs/react-dom.development.js:4164:14)
    at HTMLUnknownElement.callTheUserObjectsOperation (/workspaces/passcpa/node_modules/jsdom/lib/jsdom/living/generated/EventListener.js:26:30)
    at innerInvokeEventListeners (/workspaces/passcpa/node_modules/jsdom/lib/jsdom/living/events/EventTarget-impl.js:360:16)
    at invokeEventListeners (/workspaces/passcpa/node_modules/jsdom/lib/jsdom/living/events/EventTarget-impl.js:296:3)
    at HTMLUnknownElementImpl._dispatch (/workspaces/passcpa/node_modules/jsdom/lib/jsdom/living/events/EventTarget-impl.js:243:9)
Error: useToast must be used within a ToastProvider
    at Module.useToast (/workspaces/passcpa/src/components/common/Toast.tsx:27:11)
    at Practice (/workspaces/passcpa/src/components/pages/Practice.tsx:718:17)
    at renderWithHooks (/workspaces/passcpa/node_modules/react-dom/cjs/react-dom.development.js:15486:18)
    at mountIndeterminateComponent (/workspaces/passcpa/node_modules/react-dom/cjs/react-dom.development.js:20103:13)
    at beginWork (/workspaces/passcpa/node_modules/react-dom/cjs/react-dom.development.js:21626:16)
    at HTMLUnknownElement.callCallback (/workspaces/passcpa/node_modules/react-dom/cjs/react-dom.development.js:4164:14)
    at HTMLUnknownElement.callTheUserObjectsOperation (/workspaces/passcpa/node_modules/jsdom/lib/jsdom/living/generated/EventListener.js:26:30)
    at innerInvokeEventListeners (/workspaces/passcpa/node_modules/jsdom/lib/jsdom/living/events/EventTarget-impl.js:360:16)
    at invokeEventListeners (/workspaces/passcpa/node_modules/jsdom/lib/jsdom/living/events/EventTarget-impl.js:296:3)
    at HTMLUnknownElementImpl._dispatch (/workspaces/passcpa/node_modules/jsdom/lib/jsdom/living/events/EventTarget-impl.js:243:9)
The above error occurred in the <Practice> component:

    at Practice (/workspaces/passcpa/src/components/pages/Practice.tsx:1328:42)
    at Router (/workspaces/passcpa/node_modules/react-router/dist/umd/react-router.development.js:1207:17)
    at MemoryRouter (/workspaces/passcpa/node_modules/react-router/dist/umd/react-router.development.js:1101:7)

Consider adding an error boundary to your tree to customize error handling behavior.
Visit https://reactjs.org/link/error-boundaries to learn more about error boundaries.

stderr | src/test/components/Practice.test.jsx > Practice Component > Session Setup Screen > should display practice mode options
Error: useToast must be used within a ToastProvider
    at Module.useToast (/workspaces/passcpa/src/components/common/Toast.tsx:27:11)
    at Practice (/workspaces/passcpa/src/components/pages/Practice.tsx:718:17)
    at renderWithHooks (/workspaces/passcpa/node_modules/react-dom/cjs/react-dom.development.js:15486:18)
    at mountIndeterminateComponent (/workspaces/passcpa/node_modules/react-dom/cjs/react-dom.development.js:20103:13)
    at beginWork (/workspaces/passcpa/node_modules/react-dom/cjs/react-dom.development.js:21626:16)
    at HTMLUnknownElement.callCallback (/workspaces/passcpa/node_modules/react-dom/cjs/react-dom.development.js:4164:14)
    at HTMLUnknownElement.callTheUserObjectsOperation (/workspaces/passcpa/node_modules/jsdom/lib/jsdom/living/generated/EventListener.js:26:30)
    at innerInvokeEventListeners (/workspaces/passcpa/node_modules/jsdom/lib/jsdom/living/events/EventTarget-impl.js:360:16)
    at invokeEventListeners (/workspaces/passcpa/node_modules/jsdom/lib/jsdom/living/events/EventTarget-impl.js:296:3)
    at HTMLUnknownElementImpl._dispatch (/workspaces/passcpa/node_modules/jsdom/lib/jsdom/living/events/EventTarget-impl.js:243:9)
Error: useToast must be used within a ToastProvider
    at Module.useToast (/workspaces/passcpa/src/components/common/Toast.tsx:27:11)
    at Practice (/workspaces/passcpa/src/components/pages/Practice.tsx:718:17)
    at renderWithHooks (/workspaces/passcpa/node_modules/react-dom/cjs/react-dom.development.js:15486:18)
    at mountIndeterminateComponent (/workspaces/passcpa/node_modules/react-dom/cjs/react-dom.development.js:20103:13)
    at beginWork (/workspaces/passcpa/node_modules/react-dom/cjs/react-dom.development.js:21626:16)
    at HTMLUnknownElement.callCallback (/workspaces/passcpa/node_modules/react-dom/cjs/react-dom.development.js:4164:14)
    at HTMLUnknownElement.callTheUserObjectsOperation (/workspaces/passcpa/node_modules/jsdom/lib/jsdom/living/generated/EventListener.js:26:30)
    at innerInvokeEventListeners (/workspaces/passcpa/node_modules/jsdom/lib/jsdom/living/events/EventTarget-impl.js:360:16)
    at invokeEventListeners (/workspaces/passcpa/node_modules/jsdom/lib/jsdom/living/events/EventTarget-impl.js:296:3)
    at HTMLUnknownElementImpl._dispatch (/workspaces/passcpa/node_modules/jsdom/lib/jsdom/living/events/EventTarget-impl.js:243:9)
The above error occurred in the <Practice> component:

    at Practice (/workspaces/passcpa/src/components/pages/Practice.tsx:1328:42)
    at Router (/workspaces/passcpa/node_modules/react-router/dist/umd/react-router.development.js:1207:17)
    at MemoryRouter (/workspaces/passcpa/node_modules/react-router/dist/umd/react-router.development.js:1101:7)

Consider adding an error boundary to your tree to customize error handling behavior.
Visit https://reactjs.org/link/error-boundaries to learn more about error boundaries.

stderr | src/test/components/Practice.test.jsx > Practice Component > Session Setup Screen > should display question count options
Error: useToast must be used within a ToastProvider
    at Module.useToast (/workspaces/passcpa/src/components/common/Toast.tsx:27:11)
    at Practice (/workspaces/passcpa/src/components/pages/Practice.tsx:718:17)
    at renderWithHooks (/workspaces/passcpa/node_modules/react-dom/cjs/react-dom.development.js:15486:18)
    at mountIndeterminateComponent (/workspaces/passcpa/node_modules/react-dom/cjs/react-dom.development.js:20103:13)
    at beginWork (/workspaces/passcpa/node_modules/react-dom/cjs/react-dom.development.js:21626:16)
    at HTMLUnknownElement.callCallback (/workspaces/passcpa/node_modules/react-dom/cjs/react-dom.development.js:4164:14)
    at HTMLUnknownElement.callTheUserObjectsOperation (/workspaces/passcpa/node_modules/jsdom/lib/jsdom/living/generated/EventListener.js:26:30)
    at innerInvokeEventListeners (/workspaces/passcpa/node_modules/jsdom/lib/jsdom/living/events/EventTarget-impl.js:360:16)
    at invokeEventListeners (/workspaces/passcpa/node_modules/jsdom/lib/jsdom/living/events/EventTarget-impl.js:296:3)
    at HTMLUnknownElementImpl._dispatch (/workspaces/passcpa/node_modules/jsdom/lib/jsdom/living/events/EventTarget-impl.js:243:9)
Error: useToast must be used within a ToastProvider
    at Module.useToast (/workspaces/passcpa/src/components/common/Toast.tsx:27:11)
    at Practice (/workspaces/passcpa/src/components/pages/Practice.tsx:718:17)
    at renderWithHooks (/workspaces/passcpa/node_modules/react-dom/cjs/react-dom.development.js:15486:18)
    at mountIndeterminateComponent (/workspaces/passcpa/node_modules/react-dom/cjs/react-dom.development.js:20103:13)
    at beginWork (/workspaces/passcpa/node_modules/react-dom/cjs/react-dom.development.js:21626:16)
    at HTMLUnknownElement.callCallback (/workspaces/passcpa/node_modules/react-dom/cjs/react-dom.development.js:4164:14)
    at HTMLUnknownElement.callTheUserObjectsOperation (/workspaces/passcpa/node_modules/jsdom/lib/jsdom/living/generated/EventListener.js:26:30)
    at innerInvokeEventListeners (/workspaces/passcpa/node_modules/jsdom/lib/jsdom/living/events/EventTarget-impl.js:360:16)
    at invokeEventListeners (/workspaces/passcpa/node_modules/jsdom/lib/jsdom/living/events/EventTarget-impl.js:296:3)
    at HTMLUnknownElementImpl._dispatch (/workspaces/passcpa/node_modules/jsdom/lib/jsdom/living/events/EventTarget-impl.js:243:9)
The above error occurred in the <Practice> component:

    at Practice (/workspaces/passcpa/src/components/pages/Practice.tsx:1328:42)
    at Router (/workspaces/passcpa/node_modules/react-router/dist/umd/react-router.development.js:1207:17)
    at MemoryRouter (/workspaces/passcpa/node_modules/react-router/dist/umd/react-router.development.js:1101:7)

Consider adding an error boundary to your tree to customize error handling behavior.
Visit https://reactjs.org/link/error-boundaries to learn more about error boundaries.

stderr | src/test/components/Practice.test.jsx > Practice Component > Session Setup Screen > should display difficulty selector in advanced options
Error: useToast must be used within a ToastProvider
    at Module.useToast (/workspaces/passcpa/src/components/common/Toast.tsx:27:11)
    at Practice (/workspaces/passcpa/src/components/pages/Practice.tsx:718:17)
    at renderWithHooks (/workspaces/passcpa/node_modules/react-dom/cjs/react-dom.development.js:15486:18)
    at mountIndeterminateComponent (/workspaces/passcpa/node_modules/react-dom/cjs/react-dom.development.js:20103:13)
    at beginWork (/workspaces/passcpa/node_modules/react-dom/cjs/react-dom.development.js:21626:16)
    at HTMLUnknownElement.callCallback (/workspaces/passcpa/node_modules/react-dom/cjs/react-dom.development.js:4164:14)
    at HTMLUnknownElement.callTheUserObjectsOperation (/workspaces/passcpa/node_modules/jsdom/lib/jsdom/living/generated/EventListener.js:26:30)
    at innerInvokeEventListeners (/workspaces/passcpa/node_modules/jsdom/lib/jsdom/living/events/EventTarget-impl.js:360:16)
    at invokeEventListeners (/workspaces/passcpa/node_modules/jsdom/lib/jsdom/living/events/EventTarget-impl.js:296:3)
    at HTMLUnknownElementImpl._dispatch (/workspaces/passcpa/node_modules/jsdom/lib/jsdom/living/events/EventTarget-impl.js:243:9)
Error: useToast must be used within a ToastProvider
    at Module.useToast (/workspaces/passcpa/src/components/common/Toast.tsx:27:11)
    at Practice (/workspaces/passcpa/src/components/pages/Practice.tsx:718:17)
    at renderWithHooks (/workspaces/passcpa/node_modules/react-dom/cjs/react-dom.development.js:15486:18)
    at mountIndeterminateComponent (/workspaces/passcpa/node_modules/react-dom/cjs/react-dom.development.js:20103:13)
    at beginWork (/workspaces/passcpa/node_modules/react-dom/cjs/react-dom.development.js:21626:16)
    at HTMLUnknownElement.callCallback (/workspaces/passcpa/node_modules/react-dom/cjs/react-dom.development.js:4164:14)
    at HTMLUnknownElement.callTheUserObjectsOperation (/workspaces/passcpa/node_modules/jsdom/lib/jsdom/living/generated/EventListener.js:26:30)
    at innerInvokeEventListeners (/workspaces/passcpa/node_modules/jsdom/lib/jsdom/living/events/EventTarget-impl.js:360:16)
    at invokeEventListeners (/workspaces/passcpa/node_modules/jsdom/lib/jsdom/living/events/EventTarget-impl.js:296:3)
    at HTMLUnknownElementImpl._dispatch (/workspaces/passcpa/node_modules/jsdom/lib/jsdom/living/events/EventTarget-impl.js:243:9)
The above error occurred in the <Practice> component:

    at Practice (/workspaces/passcpa/src/components/pages/Practice.tsx:1328:42)
    at Router (/workspaces/passcpa/node_modules/react-router/dist/umd/react-router.development.js:1207:17)
    at MemoryRouter (/workspaces/passcpa/node_modules/react-router/dist/umd/react-router.development.js:1101:7)

Consider adding an error boundary to your tree to customize error handling behavior.
Visit https://reactjs.org/link/error-boundaries to learn more about error boundaries.

stderr | src/test/components/Practice.test.jsx > Practice Component > Session Setup Screen > should display start button
Error: useToast must be used within a ToastProvider
    at Module.useToast (/workspaces/passcpa/src/components/common/Toast.tsx:27:11)
    at Practice (/workspaces/passcpa/src/components/pages/Practice.tsx:718:17)
    at renderWithHooks (/workspaces/passcpa/node_modules/react-dom/cjs/react-dom.development.js:15486:18)
    at mountIndeterminateComponent (/workspaces/passcpa/node_modules/react-dom/cjs/react-dom.development.js:20103:13)
    at beginWork (/workspaces/passcpa/node_modules/react-dom/cjs/react-dom.development.js:21626:16)
    at HTMLUnknownElement.callCallback (/workspaces/passcpa/node_modules/react-dom/cjs/react-dom.development.js:4164:14)
    at HTMLUnknownElement.callTheUserObjectsOperation (/workspaces/passcpa/node_modules/jsdom/lib/jsdom/living/generated/EventListener.js:26:30)
    at innerInvokeEventListeners (/workspaces/passcpa/node_modules/jsdom/lib/jsdom/living/events/EventTarget-impl.js:360:16)
    at invokeEventListeners (/workspaces/passcpa/node_modules/jsdom/lib/jsdom/living/events/EventTarget-impl.js:296:3)
    at HTMLUnknownElementImpl._dispatch (/workspaces/passcpa/node_modules/jsdom/lib/jsdom/living/events/EventTarget-impl.js:243:9)
Error: useToast must be used within a ToastProvider
    at Module.useToast (/workspaces/passcpa/src/components/common/Toast.tsx:27:11)
    at Practice (/workspaces/passcpa/src/components/pages/Practice.tsx:718:17)
    at renderWithHooks (/workspaces/passcpa/node_modules/react-dom/cjs/react-dom.development.js:15486:18)
    at mountIndeterminateComponent (/workspaces/passcpa/node_modules/react-dom/cjs/react-dom.development.js:20103:13)
    at beginWork (/workspaces/passcpa/node_modules/react-dom/cjs/react-dom.development.js:21626:16)
    at HTMLUnknownElement.callCallback (/workspaces/passcpa/node_modules/react-dom/cjs/react-dom.development.js:4164:14)
    at HTMLUnknownElement.callTheUserObjectsOperation (/workspaces/passcpa/node_modules/jsdom/lib/jsdom/living/generated/EventListener.js:26:30)
    at innerInvokeEventListeners (/workspaces/passcpa/node_modules/jsdom/lib/jsdom/living/events/EventTarget-impl.js:360:16)
    at invokeEventListeners (/workspaces/passcpa/node_modules/jsdom/lib/jsdom/living/events/EventTarget-impl.js:296:3)
    at HTMLUnknownElementImpl._dispatch (/workspaces/passcpa/node_modules/jsdom/lib/jsdom/living/events/EventTarget-impl.js:243:9)
The above error occurred in the <Practice> component:

    at Practice (/workspaces/passcpa/src/components/pages/Practice.tsx:1328:42)
    at Router (/workspaces/passcpa/node_modules/react-router/dist/umd/react-router.development.js:1207:17)
    at MemoryRouter (/workspaces/passcpa/node_modules/react-router/dist/umd/react-router.development.js:1101:7)

Consider adding an error boundary to your tree to customize error handling behavior.
Visit https://reactjs.org/link/error-boundaries to learn more about error boundaries.

stderr | src/test/components/Practice.test.jsx > Practice Component > Session Setup Screen > should allow selecting different question counts
Error: useToast must be used within a ToastProvider
    at Module.useToast (/workspaces/passcpa/src/components/common/Toast.tsx:27:11)
    at Practice (/workspaces/passcpa/src/components/pages/Practice.tsx:718:17)
    at renderWithHooks (/workspaces/passcpa/node_modules/react-dom/cjs/react-dom.development.js:15486:18)
    at mountIndeterminateComponent (/workspaces/passcpa/node_modules/react-dom/cjs/react-dom.development.js:20103:13)
    at beginWork (/workspaces/passcpa/node_modules/react-dom/cjs/react-dom.development.js:21626:16)
    at HTMLUnknownElement.callCallback (/workspaces/passcpa/node_modules/react-dom/cjs/react-dom.development.js:4164:14)
    at HTMLUnknownElement.callTheUserObjectsOperation (/workspaces/passcpa/node_modules/jsdom/lib/jsdom/living/generated/EventListener.js:26:30)
    at innerInvokeEventListeners (/workspaces/passcpa/node_modules/jsdom/lib/jsdom/living/events/EventTarget-impl.js:360:16)
    at invokeEventListeners (/workspaces/passcpa/node_modules/jsdom/lib/jsdom/living/events/EventTarget-impl.js:296:3)
    at HTMLUnknownElementImpl._dispatch (/workspaces/passcpa/node_modules/jsdom/lib/jsdom/living/events/EventTarget-impl.js:243:9)
Error: useToast must be used within a ToastProvider
    at Module.useToast (/workspaces/passcpa/src/components/common/Toast.tsx:27:11)
    at Practice (/workspaces/passcpa/src/components/pages/Practice.tsx:718:17)
    at renderWithHooks (/workspaces/passcpa/node_modules/react-dom/cjs/react-dom.development.js:15486:18)
    at mountIndeterminateComponent (/workspaces/passcpa/node_modules/react-dom/cjs/react-dom.development.js:20103:13)
    at beginWork (/workspaces/passcpa/node_modules/react-dom/cjs/react-dom.development.js:21626:16)
    at HTMLUnknownElement.callCallback (/workspaces/passcpa/node_modules/react-dom/cjs/react-dom.development.js:4164:14)
    at HTMLUnknownElement.callTheUserObjectsOperation (/workspaces/passcpa/node_modules/jsdom/lib/jsdom/living/generated/EventListener.js:26:30)
    at innerInvokeEventListeners (/workspaces/passcpa/node_modules/jsdom/lib/jsdom/living/events/EventTarget-impl.js:360:16)
    at invokeEventListeners (/workspaces/passcpa/node_modules/jsdom/lib/jsdom/living/events/EventTarget-impl.js:296:3)
    at HTMLUnknownElementImpl._dispatch (/workspaces/passcpa/node_modules/jsdom/lib/jsdom/living/events/EventTarget-impl.js:243:9)
The above error occurred in the <Practice> component:

    at Practice (/workspaces/passcpa/src/components/pages/Practice.tsx:1328:42)
    at Router (/workspaces/passcpa/node_modules/react-router/dist/umd/react-router.development.js:1207:17)
    at MemoryRouter (/workspaces/passcpa/node_modules/react-router/dist/umd/react-router.development.js:1101:7)

Consider adding an error boundary to your tree to customize error handling behavior.
Visit https://reactjs.org/link/error-boundaries to learn more about error boundaries.

stderr | src/test/components/Practice.test.jsx > Practice Component > Session Setup Screen > should allow selecting different difficulty levels
Error: useToast must be used within a ToastProvider
    at Module.useToast (/workspaces/passcpa/src/components/common/Toast.tsx:27:11)
    at Practice (/workspaces/passcpa/src/components/pages/Practice.tsx:718:17)
    at renderWithHooks (/workspaces/passcpa/node_modules/react-dom/cjs/react-dom.development.js:15486:18)
    at mountIndeterminateComponent (/workspaces/passcpa/node_modules/react-dom/cjs/react-dom.development.js:20103:13)
    at beginWork (/workspaces/passcpa/node_modules/react-dom/cjs/react-dom.development.js:21626:16)
    at HTMLUnknownElement.callCallback (/workspaces/passcpa/node_modules/react-dom/cjs/react-dom.development.js:4164:14)
    at HTMLUnknownElement.callTheUserObjectsOperation (/workspaces/passcpa/node_modules/jsdom/lib/jsdom/living/generated/EventListener.js:26:30)
    at innerInvokeEventListeners (/workspaces/passcpa/node_modules/jsdom/lib/jsdom/living/events/EventTarget-impl.js:360:16)
    at invokeEventListeners (/workspaces/passcpa/node_modules/jsdom/lib/jsdom/living/events/EventTarget-impl.js:296:3)
    at HTMLUnknownElementImpl._dispatch (/workspaces/passcpa/node_modules/jsdom/lib/jsdom/living/events/EventTarget-impl.js:243:9)
Error: useToast must be used within a ToastProvider
    at Module.useToast (/workspaces/passcpa/src/components/common/Toast.tsx:27:11)
    at Practice (/workspaces/passcpa/src/components/pages/Practice.tsx:718:17)
    at renderWithHooks (/workspaces/passcpa/node_modules/react-dom/cjs/react-dom.development.js:15486:18)
    at mountIndeterminateComponent (/workspaces/passcpa/node_modules/react-dom/cjs/react-dom.development.js:20103:13)
    at beginWork (/workspaces/passcpa/node_modules/react-dom/cjs/react-dom.development.js:21626:16)
    at HTMLUnknownElement.callCallback (/workspaces/passcpa/node_modules/react-dom/cjs/react-dom.development.js:4164:14)
    at HTMLUnknownElement.callTheUserObjectsOperation (/workspaces/passcpa/node_modules/jsdom/lib/jsdom/living/generated/EventListener.js:26:30)
    at innerInvokeEventListeners (/workspaces/passcpa/node_modules/jsdom/lib/jsdom/living/events/EventTarget-impl.js:360:16)
    at invokeEventListeners (/workspaces/passcpa/node_modules/jsdom/lib/jsdom/living/events/EventTarget-impl.js:296:3)
    at HTMLUnknownElementImpl._dispatch (/workspaces/passcpa/node_modules/jsdom/lib/jsdom/living/events/EventTarget-impl.js:243:9)
The above error occurred in the <Practice> component:

    at Practice (/workspaces/passcpa/src/components/pages/Practice.tsx:1328:42)
    at Router (/workspaces/passcpa/node_modules/react-router/dist/umd/react-router.development.js:1207:17)
    at MemoryRouter (/workspaces/passcpa/node_modules/react-router/dist/umd/react-router.development.js:1101:7)

Consider adding an error boundary to your tree to customize error handling behavior.
Visit https://reactjs.org/link/error-boundaries to learn more about error boundaries.

stderr | src/test/components/Practice.test.jsx > Practice Component > Practice Mode Selection > should have default mode (not timed)
Error: useToast must be used within a ToastProvider
    at Module.useToast (/workspaces/passcpa/src/components/common/Toast.tsx:27:11)
    at Practice (/workspaces/passcpa/src/components/pages/Practice.tsx:718:17)
    at renderWithHooks (/workspaces/passcpa/node_modules/react-dom/cjs/react-dom.development.js:15486:18)
    at mountIndeterminateComponent (/workspaces/passcpa/node_modules/react-dom/cjs/react-dom.development.js:20103:13)
    at beginWork (/workspaces/passcpa/node_modules/react-dom/cjs/react-dom.development.js:21626:16)
    at HTMLUnknownElement.callCallback (/workspaces/passcpa/node_modules/react-dom/cjs/react-dom.development.js:4164:14)
    at HTMLUnknownElement.callTheUserObjectsOperation (/workspaces/passcpa/node_modules/jsdom/lib/jsdom/living/generated/EventListener.js:26:30)
    at innerInvokeEventListeners (/workspaces/passcpa/node_modules/jsdom/lib/jsdom/living/events/EventTarget-impl.js:360:16)
    at invokeEventListeners (/workspaces/passcpa/node_modules/jsdom/lib/jsdom/living/events/EventTarget-impl.js:296:3)
    at HTMLUnknownElementImpl._dispatch (/workspaces/passcpa/node_modules/jsdom/lib/jsdom/living/events/EventTarget-impl.js:243:9)
Error: useToast must be used within a ToastProvider
    at Module.useToast (/workspaces/passcpa/src/components/common/Toast.tsx:27:11)
    at Practice (/workspaces/passcpa/src/components/pages/Practice.tsx:718:17)
    at renderWithHooks (/workspaces/passcpa/node_modules/react-dom/cjs/react-dom.development.js:15486:18)
    at mountIndeterminateComponent (/workspaces/passcpa/node_modules/react-dom/cjs/react-dom.development.js:20103:13)
    at beginWork (/workspaces/passcpa/node_modules/react-dom/cjs/react-dom.development.js:21626:16)
    at HTMLUnknownElement.callCallback (/workspaces/passcpa/node_modules/react-dom/cjs/react-dom.development.js:4164:14)
    at HTMLUnknownElement.callTheUserObjectsOperation (/workspaces/passcpa/node_modules/jsdom/lib/jsdom/living/generated/EventListener.js:26:30)
    at innerInvokeEventListeners (/workspaces/passcpa/node_modules/jsdom/lib/jsdom/living/events/EventTarget-impl.js:360:16)
    at invokeEventListeners (/workspaces/passcpa/node_modules/jsdom/lib/jsdom/living/events/EventTarget-impl.js:296:3)
    at HTMLUnknownElementImpl._dispatch (/workspaces/passcpa/node_modules/jsdom/lib/jsdom/living/events/EventTarget-impl.js:243:9)
The above error occurred in the <Practice> component:

    at Practice (/workspaces/passcpa/src/components/pages/Practice.tsx:1328:42)
    at Router (/workspaces/passcpa/node_modules/react-router/dist/umd/react-router.development.js:1207:17)
    at MemoryRouter (/workspaces/passcpa/node_modules/react-router/dist/umd/react-router.development.js:1101:7)

Consider adding an error boundary to your tree to customize error handling behavior.
Visit https://reactjs.org/link/error-boundaries to learn more about error boundaries.

stderr | src/test/components/Practice.test.jsx > Practice Component > Practice Mode Selection > should allow selecting Timed mode
Error: useToast must be used within a ToastProvider
    at Module.useToast (/workspaces/passcpa/src/components/common/Toast.tsx:27:11)
    at Practice (/workspaces/passcpa/src/components/pages/Practice.tsx:718:17)
    at renderWithHooks (/workspaces/passcpa/node_modules/react-dom/cjs/react-dom.development.js:15486:18)
    at mountIndeterminateComponent (/workspaces/passcpa/node_modules/react-dom/cjs/react-dom.development.js:20103:13)
    at beginWork (/workspaces/passcpa/node_modules/react-dom/cjs/react-dom.development.js:21626:16)
    at HTMLUnknownElement.callCallback (/workspaces/passcpa/node_modules/react-dom/cjs/react-dom.development.js:4164:14)
    at HTMLUnknownElement.callTheUserObjectsOperation (/workspaces/passcpa/node_modules/jsdom/lib/jsdom/living/generated/EventListener.js:26:30)
    at innerInvokeEventListeners (/workspaces/passcpa/node_modules/jsdom/lib/jsdom/living/events/EventTarget-impl.js:360:16)
    at invokeEventListeners (/workspaces/passcpa/node_modules/jsdom/lib/jsdom/living/events/EventTarget-impl.js:296:3)
    at HTMLUnknownElementImpl._dispatch (/workspaces/passcpa/node_modules/jsdom/lib/jsdom/living/events/EventTarget-impl.js:243:9)
Error: useToast must be used within a ToastProvider
    at Module.useToast (/workspaces/passcpa/src/components/common/Toast.tsx:27:11)
    at Practice (/workspaces/passcpa/src/components/pages/Practice.tsx:718:17)
    at renderWithHooks (/workspaces/passcpa/node_modules/react-dom/cjs/react-dom.development.js:15486:18)
    at mountIndeterminateComponent (/workspaces/passcpa/node_modules/react-dom/cjs/react-dom.development.js:20103:13)
    at beginWork (/workspaces/passcpa/node_modules/react-dom/cjs/react-dom.development.js:21626:16)
    at HTMLUnknownElement.callCallback (/workspaces/passcpa/node_modules/react-dom/cjs/react-dom.development.js:4164:14)
    at HTMLUnknownElement.callTheUserObjectsOperation (/workspaces/passcpa/node_modules/jsdom/lib/jsdom/living/generated/EventListener.js:26:30)
    at innerInvokeEventListeners (/workspaces/passcpa/node_modules/jsdom/lib/jsdom/living/events/EventTarget-impl.js:360:16)
    at invokeEventListeners (/workspaces/passcpa/node_modules/jsdom/lib/jsdom/living/events/EventTarget-impl.js:296:3)
    at HTMLUnknownElementImpl._dispatch (/workspaces/passcpa/node_modules/jsdom/lib/jsdom/living/events/EventTarget-impl.js:243:9)
The above error occurred in the <Practice> component:

    at Practice (/workspaces/passcpa/src/components/pages/Practice.tsx:1328:42)
    at Router (/workspaces/passcpa/node_modules/react-router/dist/umd/react-router.development.js:1207:17)
    at MemoryRouter (/workspaces/passcpa/node_modules/react-router/dist/umd/react-router.development.js:1101:7)

Consider adding an error boundary to your tree to customize error handling behavior.
Visit https://reactjs.org/link/error-boundaries to learn more about error boundaries.

stderr | src/test/components/Practice.test.jsx > Practice Component > Practice Mode Selection > should allow selecting weak areas mode
Error: useToast must be used within a ToastProvider
    at Module.useToast (/workspaces/passcpa/src/components/common/Toast.tsx:27:11)
    at Practice (/workspaces/passcpa/src/components/pages/Practice.tsx:718:17)
    at renderWithHooks (/workspaces/passcpa/node_modules/react-dom/cjs/react-dom.development.js:15486:18)
    at mountIndeterminateComponent (/workspaces/passcpa/node_modules/react-dom/cjs/react-dom.development.js:20103:13)
    at beginWork (/workspaces/passcpa/node_modules/react-dom/cjs/react-dom.development.js:21626:16)
    at HTMLUnknownElement.callCallback (/workspaces/passcpa/node_modules/react-dom/cjs/react-dom.development.js:4164:14)
    at HTMLUnknownElement.callTheUserObjectsOperation (/workspaces/passcpa/node_modules/jsdom/lib/jsdom/living/generated/EventListener.js:26:30)
    at innerInvokeEventListeners (/workspaces/passcpa/node_modules/jsdom/lib/jsdom/living/events/EventTarget-impl.js:360:16)
    at invokeEventListeners (/workspaces/passcpa/node_modules/jsdom/lib/jsdom/living/events/EventTarget-impl.js:296:3)
    at HTMLUnknownElementImpl._dispatch (/workspaces/passcpa/node_modules/jsdom/lib/jsdom/living/events/EventTarget-impl.js:243:9)
Error: useToast must be used within a ToastProvider
    at Module.useToast (/workspaces/passcpa/src/components/common/Toast.tsx:27:11)
    at Practice (/workspaces/passcpa/src/components/pages/Practice.tsx:718:17)
    at renderWithHooks (/workspaces/passcpa/node_modules/react-dom/cjs/react-dom.development.js:15486:18)
    at mountIndeterminateComponent (/workspaces/passcpa/node_modules/react-dom/cjs/react-dom.development.js:20103:13)
    at beginWork (/workspaces/passcpa/node_modules/react-dom/cjs/react-dom.development.js:21626:16)
    at HTMLUnknownElement.callCallback (/workspaces/passcpa/node_modules/react-dom/cjs/react-dom.development.js:4164:14)
    at HTMLUnknownElement.callTheUserObjectsOperation (/workspaces/passcpa/node_modules/jsdom/lib/jsdom/living/generated/EventListener.js:26:30)
    at innerInvokeEventListeners (/workspaces/passcpa/node_modules/jsdom/lib/jsdom/living/events/EventTarget-impl.js:360:16)
    at invokeEventListeners (/workspaces/passcpa/node_modules/jsdom/lib/jsdom/living/events/EventTarget-impl.js:296:3)
    at HTMLUnknownElementImpl._dispatch (/workspaces/passcpa/node_modules/jsdom/lib/jsdom/living/events/EventTarget-impl.js:243:9)
The above error occurred in the <Practice> component:

    at Practice (/workspaces/passcpa/src/components/pages/Practice.tsx:1328:42)
    at Router (/workspaces/passcpa/node_modules/react-router/dist/umd/react-router.development.js:1207:17)
    at MemoryRouter (/workspaces/passcpa/node_modules/react-router/dist/umd/react-router.development.js:1101:7)

Consider adding an error boundary to your tree to customize error handling behavior.
Visit https://reactjs.org/link/error-boundaries to learn more about error boundaries.

stderr | src/test/components/Practice.test.jsx > Practice Component > Section Selection > should have section dropdown with all CPA sections
Error: useToast must be used within a ToastProvider
    at Module.useToast (/workspaces/passcpa/src/components/common/Toast.tsx:27:11)
    at Practice (/workspaces/passcpa/src/components/pages/Practice.tsx:718:17)
    at renderWithHooks (/workspaces/passcpa/node_modules/react-dom/cjs/react-dom.development.js:15486:18)
    at mountIndeterminateComponent (/workspaces/passcpa/node_modules/react-dom/cjs/react-dom.development.js:20103:13)
    at beginWork (/workspaces/passcpa/node_modules/react-dom/cjs/react-dom.development.js:21626:16)
    at HTMLUnknownElement.callCallback (/workspaces/passcpa/node_modules/react-dom/cjs/react-dom.development.js:4164:14)
    at HTMLUnknownElement.callTheUserObjectsOperation (/workspaces/passcpa/node_modules/jsdom/lib/jsdom/living/generated/EventListener.js:26:30)
    at innerInvokeEventListeners (/workspaces/passcpa/node_modules/jsdom/lib/jsdom/living/events/EventTarget-impl.js:360:16)
    at invokeEventListeners (/workspaces/passcpa/node_modules/jsdom/lib/jsdom/living/events/EventTarget-impl.js:296:3)
    at HTMLUnknownElementImpl._dispatch (/workspaces/passcpa/node_modules/jsdom/lib/jsdom/living/events/EventTarget-impl.js:243:9)
Error: useToast must be used within a ToastProvider
    at Module.useToast (/workspaces/passcpa/src/components/common/Toast.tsx:27:11)
    at Practice (/workspaces/passcpa/src/components/pages/Practice.tsx:718:17)
    at renderWithHooks (/workspaces/passcpa/node_modules/react-dom/cjs/react-dom.development.js:15486:18)
    at mountIndeterminateComponent (/workspaces/passcpa/node_modules/react-dom/cjs/react-dom.development.js:20103:13)
    at beginWork (/workspaces/passcpa/node_modules/react-dom/cjs/react-dom.development.js:21626:16)
    at HTMLUnknownElement.callCallback (/workspaces/passcpa/node_modules/react-dom/cjs/react-dom.development.js:4164:14)
    at HTMLUnknownElement.callTheUserObjectsOperation (/workspaces/passcpa/node_modules/jsdom/lib/jsdom/living/generated/EventListener.js:26:30)
    at innerInvokeEventListeners (/workspaces/passcpa/node_modules/jsdom/lib/jsdom/living/events/EventTarget-impl.js:360:16)
    at invokeEventListeners (/workspaces/passcpa/node_modules/jsdom/lib/jsdom/living/events/EventTarget-impl.js:296:3)
    at HTMLUnknownElementImpl._dispatch (/workspaces/passcpa/node_modules/jsdom/lib/jsdom/living/events/EventTarget-impl.js:243:9)
The above error occurred in the <Practice> component:

    at Practice (/workspaces/passcpa/src/components/pages/Practice.tsx:1328:42)
    at Router (/workspaces/passcpa/node_modules/react-router/dist/umd/react-router.development.js:1207:17)
    at MemoryRouter (/workspaces/passcpa/node_modules/react-router/dist/umd/react-router.development.js:1101:7)

Consider adding an error boundary to your tree to customize error handling behavior.
Visit https://reactjs.org/link/error-boundaries to learn more about error boundaries.

stderr | src/test/components/Practice.test.jsx > Practice Component > Section Selection > should default to user profile exam section (REG)
Error: useToast must be used within a ToastProvider
    at Module.useToast (/workspaces/passcpa/src/components/common/Toast.tsx:27:11)
    at Practice (/workspaces/passcpa/src/components/pages/Practice.tsx:718:17)
    at renderWithHooks (/workspaces/passcpa/node_modules/react-dom/cjs/react-dom.development.js:15486:18)
    at mountIndeterminateComponent (/workspaces/passcpa/node_modules/react-dom/cjs/react-dom.development.js:20103:13)
    at beginWork (/workspaces/passcpa/node_modules/react-dom/cjs/react-dom.development.js:21626:16)
    at HTMLUnknownElement.callCallback (/workspaces/passcpa/node_modules/react-dom/cjs/react-dom.development.js:4164:14)
    at HTMLUnknownElement.callTheUserObjectsOperation (/workspaces/passcpa/node_modules/jsdom/lib/jsdom/living/generated/EventListener.js:26:30)
    at innerInvokeEventListeners (/workspaces/passcpa/node_modules/jsdom/lib/jsdom/living/events/EventTarget-impl.js:360:16)
    at invokeEventListeners (/workspaces/passcpa/node_modules/jsdom/lib/jsdom/living/events/EventTarget-impl.js:296:3)
    at HTMLUnknownElementImpl._dispatch (/workspaces/passcpa/node_modules/jsdom/lib/jsdom/living/events/EventTarget-impl.js:243:9)
Error: useToast must be used within a ToastProvider
    at Module.useToast (/workspaces/passcpa/src/components/common/Toast.tsx:27:11)
    at Practice (/workspaces/passcpa/src/components/pages/Practice.tsx:718:17)
    at renderWithHooks (/workspaces/passcpa/node_modules/react-dom/cjs/react-dom.development.js:15486:18)
    at mountIndeterminateComponent (/workspaces/passcpa/node_modules/react-dom/cjs/react-dom.development.js:20103:13)
    at beginWork (/workspaces/passcpa/node_modules/react-dom/cjs/react-dom.development.js:21626:16)
    at HTMLUnknownElement.callCallback (/workspaces/passcpa/node_modules/react-dom/cjs/react-dom.development.js:4164:14)
    at HTMLUnknownElement.callTheUserObjectsOperation (/workspaces/passcpa/node_modules/jsdom/lib/jsdom/living/generated/EventListener.js:26:30)
    at innerInvokeEventListeners (/workspaces/passcpa/node_modules/jsdom/lib/jsdom/living/events/EventTarget-impl.js:360:16)
    at invokeEventListeners (/workspaces/passcpa/node_modules/jsdom/lib/jsdom/living/events/EventTarget-impl.js:296:3)
    at HTMLUnknownElementImpl._dispatch (/workspaces/passcpa/node_modules/jsdom/lib/jsdom/living/events/EventTarget-impl.js:243:9)
The above error occurred in the <Practice> component:

    at Practice (/workspaces/passcpa/src/components/pages/Practice.tsx:1328:42)
    at Router (/workspaces/passcpa/node_modules/react-router/dist/umd/react-router.development.js:1207:17)
    at MemoryRouter (/workspaces/passcpa/node_modules/react-router/dist/umd/react-router.development.js:1101:7)

Consider adding an error boundary to your tree to customize error handling behavior.
Visit https://reactjs.org/link/error-boundaries to learn more about error boundaries.

stderr | src/test/components/Practice.test.jsx > Practice Component > Starting a Session > should show loading state when start is clicked
Error: useToast must be used within a ToastProvider
    at Module.useToast (/workspaces/passcpa/src/components/common/Toast.tsx:27:11)
    at Practice (/workspaces/passcpa/src/components/pages/Practice.tsx:718:17)
    at renderWithHooks (/workspaces/passcpa/node_modules/react-dom/cjs/react-dom.development.js:15486:18)
    at mountIndeterminateComponent (/workspaces/passcpa/node_modules/react-dom/cjs/react-dom.development.js:20103:13)
    at beginWork (/workspaces/passcpa/node_modules/react-dom/cjs/react-dom.development.js:21626:16)
    at HTMLUnknownElement.callCallback (/workspaces/passcpa/node_modules/react-dom/cjs/react-dom.development.js:4164:14)
    at HTMLUnknownElement.callTheUserObjectsOperation (/workspaces/passcpa/node_modules/jsdom/lib/jsdom/living/generated/EventListener.js:26:30)
    at innerInvokeEventListeners (/workspaces/passcpa/node_modules/jsdom/lib/jsdom/living/events/EventTarget-impl.js:360:16)
    at invokeEventListeners (/workspaces/passcpa/node_modules/jsdom/lib/jsdom/living/events/EventTarget-impl.js:296:3)
    at HTMLUnknownElementImpl._dispatch (/workspaces/passcpa/node_modules/jsdom/lib/jsdom/living/events/EventTarget-impl.js:243:9)
Error: useToast must be used within a ToastProvider
    at Module.useToast (/workspaces/passcpa/src/components/common/Toast.tsx:27:11)
    at Practice (/workspaces/passcpa/src/components/pages/Practice.tsx:718:17)
    at renderWithHooks (/workspaces/passcpa/node_modules/react-dom/cjs/react-dom.development.js:15486:18)
    at mountIndeterminateComponent (/workspaces/passcpa/node_modules/react-dom/cjs/react-dom.development.js:20103:13)
    at beginWork (/workspaces/passcpa/node_modules/react-dom/cjs/react-dom.development.js:21626:16)
    at HTMLUnknownElement.callCallback (/workspaces/passcpa/node_modules/react-dom/cjs/react-dom.development.js:4164:14)
    at HTMLUnknownElement.callTheUserObjectsOperation (/workspaces/passcpa/node_modules/jsdom/lib/jsdom/living/generated/EventListener.js:26:30)
    at innerInvokeEventListeners (/workspaces/passcpa/node_modules/jsdom/lib/jsdom/living/events/EventTarget-impl.js:360:16)
    at invokeEventListeners (/workspaces/passcpa/node_modules/jsdom/lib/jsdom/living/events/EventTarget-impl.js:296:3)
    at HTMLUnknownElementImpl._dispatch (/workspaces/passcpa/node_modules/jsdom/lib/jsdom/living/events/EventTarget-impl.js:243:9)
The above error occurred in the <Practice> component:

    at Practice (/workspaces/passcpa/src/components/pages/Practice.tsx:1328:42)
    at Router (/workspaces/passcpa/node_modules/react-router/dist/umd/react-router.development.js:1207:17)
    at MemoryRouter (/workspaces/passcpa/node_modules/react-router/dist/umd/react-router.development.js:1101:7)

Consider adding an error boundary to your tree to customize error handling behavior.
Visit https://reactjs.org/link/error-boundaries to learn more about error boundaries.

stderr | src/test/components/Practice.test.jsx > Practice Component > Accessibility > should have proper form labels
Error: useToast must be used within a ToastProvider
    at Module.useToast (/workspaces/passcpa/src/components/common/Toast.tsx:27:11)
    at Practice (/workspaces/passcpa/src/components/pages/Practice.tsx:718:17)
    at renderWithHooks (/workspaces/passcpa/node_modules/react-dom/cjs/react-dom.development.js:15486:18)
    at mountIndeterminateComponent (/workspaces/passcpa/node_modules/react-dom/cjs/react-dom.development.js:20103:13)
    at beginWork (/workspaces/passcpa/node_modules/react-dom/cjs/react-dom.development.js:21626:16)
    at HTMLUnknownElement.callCallback (/workspaces/passcpa/node_modules/react-dom/cjs/react-dom.development.js:4164:14)
    at HTMLUnknownElement.callTheUserObjectsOperation (/workspaces/passcpa/node_modules/jsdom/lib/jsdom/living/generated/EventListener.js:26:30)
    at innerInvokeEventListeners (/workspaces/passcpa/node_modules/jsdom/lib/jsdom/living/events/EventTarget-impl.js:360:16)
    at invokeEventListeners (/workspaces/passcpa/node_modules/jsdom/lib/jsdom/living/events/EventTarget-impl.js:296:3)
    at HTMLUnknownElementImpl._dispatch (/workspaces/passcpa/node_modules/jsdom/lib/jsdom/living/events/EventTarget-impl.js:243:9)
Error: useToast must be used within a ToastProvider
    at Module.useToast (/workspaces/passcpa/src/components/common/Toast.tsx:27:11)
    at Practice (/workspaces/passcpa/src/components/pages/Practice.tsx:718:17)
    at renderWithHooks (/workspaces/passcpa/node_modules/react-dom/cjs/react-dom.development.js:15486:18)
    at mountIndeterminateComponent (/workspaces/passcpa/node_modules/react-dom/cjs/react-dom.development.js:20103:13)
    at beginWork (/workspaces/passcpa/node_modules/react-dom/cjs/react-dom.development.js:21626:16)
    at HTMLUnknownElement.callCallback (/workspaces/passcpa/node_modules/react-dom/cjs/react-dom.development.js:4164:14)
    at HTMLUnknownElement.callTheUserObjectsOperation (/workspaces/passcpa/node_modules/jsdom/lib/jsdom/living/generated/EventListener.js:26:30)
    at innerInvokeEventListeners (/workspaces/passcpa/node_modules/jsdom/lib/jsdom/living/events/EventTarget-impl.js:360:16)
    at invokeEventListeners (/workspaces/passcpa/node_modules/jsdom/lib/jsdom/living/events/EventTarget-impl.js:296:3)
    at HTMLUnknownElementImpl._dispatch (/workspaces/passcpa/node_modules/jsdom/lib/jsdom/living/events/EventTarget-impl.js:243:9)
The above error occurred in the <Practice> component:

    at Practice (/workspaces/passcpa/src/components/pages/Practice.tsx:1328:42)
    at Router (/workspaces/passcpa/node_modules/react-router/dist/umd/react-router.development.js:1207:17)
    at MemoryRouter (/workspaces/passcpa/node_modules/react-router/dist/umd/react-router.development.js:1101:7)

Consider adding an error boundary to your tree to customize error handling behavior.
Visit https://reactjs.org/link/error-boundaries to learn more about error boundaries.

stderr | src/test/components/Practice.test.jsx > Practice Component > Accessibility > should have accessible buttons
Error: useToast must be used within a ToastProvider
    at Module.useToast (/workspaces/passcpa/src/components/common/Toast.tsx:27:11)
    at Practice (/workspaces/passcpa/src/components/pages/Practice.tsx:718:17)
    at renderWithHooks (/workspaces/passcpa/node_modules/react-dom/cjs/react-dom.development.js:15486:18)
    at mountIndeterminateComponent (/workspaces/passcpa/node_modules/react-dom/cjs/react-dom.development.js:20103:13)
    at beginWork (/workspaces/passcpa/node_modules/react-dom/cjs/react-dom.development.js:21626:16)
    at HTMLUnknownElement.callCallback (/workspaces/passcpa/node_modules/react-dom/cjs/react-dom.development.js:4164:14)
    at HTMLUnknownElement.callTheUserObjectsOperation (/workspaces/passcpa/node_modules/jsdom/lib/jsdom/living/generated/EventListener.js:26:30)
    at innerInvokeEventListeners (/workspaces/passcpa/node_modules/jsdom/lib/jsdom/living/events/EventTarget-impl.js:360:16)
    at invokeEventListeners (/workspaces/passcpa/node_modules/jsdom/lib/jsdom/living/events/EventTarget-impl.js:296:3)
    at HTMLUnknownElementImpl._dispatch (/workspaces/passcpa/node_modules/jsdom/lib/jsdom/living/events/EventTarget-impl.js:243:9)
Error: useToast must be used within a ToastProvider
    at Module.useToast (/workspaces/passcpa/src/components/common/Toast.tsx:27:11)
    at Practice (/workspaces/passcpa/src/components/pages/Practice.tsx:718:17)
    at renderWithHooks (/workspaces/passcpa/node_modules/react-dom/cjs/react-dom.development.js:15486:18)
    at mountIndeterminateComponent (/workspaces/passcpa/node_modules/react-dom/cjs/react-dom.development.js:20103:13)
    at beginWork (/workspaces/passcpa/node_modules/react-dom/cjs/react-dom.development.js:21626:16)
    at HTMLUnknownElement.callCallback (/workspaces/passcpa/node_modules/react-dom/cjs/react-dom.development.js:4164:14)
    at HTMLUnknownElement.callTheUserObjectsOperation (/workspaces/passcpa/node_modules/jsdom/lib/jsdom/living/generated/EventListener.js:26:30)
    at innerInvokeEventListeners (/workspaces/passcpa/node_modules/jsdom/lib/jsdom/living/events/EventTarget-impl.js:360:16)
    at invokeEventListeners (/workspaces/passcpa/node_modules/jsdom/lib/jsdom/living/events/EventTarget-impl.js:296:3)
    at HTMLUnknownElementImpl._dispatch (/workspaces/passcpa/node_modules/jsdom/lib/jsdom/living/events/EventTarget-impl.js:243:9)
The above error occurred in the <Practice> component:

    at Practice (/workspaces/passcpa/src/components/pages/Practice.tsx:1328:42)
    at Router (/workspaces/passcpa/node_modules/react-router/dist/umd/react-router.development.js:1207:17)
    at MemoryRouter (/workspaces/passcpa/node_modules/react-router/dist/umd/react-router.development.js:1101:7)

Consider adding an error boundary to your tree to customize error handling behavior.
Visit https://reactjs.org/link/error-boundaries to learn more about error boundaries.

 × src/test/components/Practice.test.jsx > Practice Component > Session Setup Screen > should render practice questions title
   → useToast must be used within a ToastProvider
 × src/test/components/Practice.test.jsx > Practice Component > Session Setup Screen > should display exam section selector
   → useToast must be used within a ToastProvider
 × src/test/components/Practice.test.jsx > Practice Component > Session Setup Screen > should display practice mode options
   → useToast must be used within a ToastProvider
 × src/test/components/Practice.test.jsx > Practice Component > Session Setup Screen > should display question count options
   → useToast must be used within a ToastProvider
 × src/test/components/Practice.test.jsx > Practice Component > Session Setup Screen > should display difficulty selector in advanced options
   → useToast must be used within a ToastProvider
 × src/test/components/Practice.test.jsx > Practice Component > Session Setup Screen > should display start button
   → useToast must be used within a ToastProvider
 × src/test/components/Practice.test.jsx > Practice Component > Session Setup Screen > should allow selecting different question counts
   → useToast must be used within a ToastProvider
 × src/test/components/Practice.test.jsx > Practice Component > Session Setup Screen > should allow selecting different difficulty levels
   → useToast must be used within a ToastProvider
 × src/test/components/Practice.test.jsx > Practice Component > Practice Mode Selection > should have default mode (not timed)
   → useToast must be used within a ToastProvider
 × src/test/components/Practice.test.jsx > Practice Component > Practice Mode Selection > should allow selecting Timed mode
   → useToast must be used within a ToastProvider
 × src/test/components/Practice.test.jsx > Practice Component > Practice Mode Selection > should allow selecting weak areas mode
   → useToast must be used within a ToastProvider
 × src/test/components/Practice.test.jsx > Practice Component > Section Selection > should have section dropdown with all CPA sections
   → useToast must be used within a ToastProvider
 × src/test/components/Practice.test.jsx > Practice Component > Section Selection > should default to user profile exam section (REG)
   → useToast must be used within a ToastProvider
 × src/test/components/Practice.test.jsx > Practice Component > Starting a Session > should show loading state when start is clicked
   → useToast must be used within a ToastProvider
 × src/test/components/Practice.test.jsx > Practice Component > Accessibility > should have proper form labels
   → useToast must be used within a ToastProvider
 × src/test/components/Practice.test.jsx > Practice Component > Accessibility > should have accessible buttons
   → useToast must be used within a ToastProvider
 ✓ src/test/services/dailyPlanPersistence.quality.test.ts > Daily Plan Persistence - Quality Tests > fetchTodaysPlan > returns null for empty userId
 ✓ src/test/services/dailyPlanPersistence.quality.test.ts > Daily Plan Persistence - Quality Tests > fetchTodaysPlan > returns null for undefined userId
 ✓ src/test/services/dailyPlanPersistence.quality.test.ts > Daily Plan Persistence - Quality Tests > fetchTodaysPlan > checks localStorage first (cache-first strategy)
 ✓ src/test/services/dailyPlanPersistence.quality.test.ts > Daily Plan Persistence - Quality Tests > fetchTodaysPlan > returns cached plan if valid
 ✓ src/test/services/dailyPlanPersistence.quality.test.ts > Daily Plan Persistence - Quality Tests > fetchTodaysPlan > returns null if cached plan section mismatches
 ✓ src/test/services/dailyPlanPersistence.quality.test.ts > Daily Plan Persistence - Quality Tests > fetchTodaysPlan > handles localStorage parse error gracefully
 ✓ src/test/services/dailyPlanPersistence.quality.test.ts > Daily Plan Persistence - Quality Tests > fetchTodaysPlan > handles different sections
 ✓ src/test/services/dailyPlanPersistence.quality.test.ts > Daily Plan Persistence - Quality Tests > getPreviousIncomplete > returns empty array for empty userId
 ✓ src/test/services/dailyPlanPersistence.quality.test.ts > Daily Plan Persistence - Quality Tests > getPreviousIncomplete > returns array of activities
 ✓ src/test/services/dailyPlanPersistence.quality.test.ts > Daily Plan Persistence - Quality Tests > getPreviousIncomplete > handles Firestore errors gracefully
 ✓ src/test/services/dailyPlanPersistence.quality.test.ts > Daily Plan Persistence - Quality Tests > getOrCreateTodaysPlan > returns plan object
 ✓ src/test/services/dailyPlanPersistence.quality.test.ts > Daily Plan Persistence - Quality Tests > getOrCreateTodaysPlan > handles empty userId
 ✓ src/test/services/dailyPlanPersistence.quality.test.ts > Daily Plan Persistence - Quality Tests > getOrCreateTodaysPlan > works with different sections
 ✓ src/test/services/dailyPlanPersistence.quality.test.ts > Daily Plan Persistence - Quality Tests > getOrCreateTodaysPlan > handles study state with exam date
 ✓ src/test/services/dailyPlanPersistence.quality.test.ts > Daily Plan Persistence - Quality Tests > getOrCreateTodaysPlan > handles high streak
 ✓ src/test/services/dailyPlanPersistence.quality.test.ts > Daily Plan Persistence - Quality Tests > markActivityCompleted > handles valid activity ID
 ✓ src/test/services/dailyPlanPersistence.quality.test.ts > Daily Plan Persistence - Quality Tests > markActivityCompleted > handles empty activity ID
 ✓ src/test/services/dailyPlanPersistence.quality.test.ts > Daily Plan Persistence - Quality Tests > markActivityCompleted > handles empty user ID
 ✓ src/test/services/dailyPlanPersistence.quality.test.ts > Daily Plan Persistence - Quality Tests > markActivityCompleted > handles multiple activity completions
 ✓ src/test/services/dailyPlanPersistence.quality.test.ts > Daily Plan Persistence - Quality Tests > getTodaysCompletionStatus > returns status object
 ✓ src/test/services/dailyPlanPersistence.quality.test.ts > Daily Plan Persistence - Quality Tests > getTodaysCompletionStatus > handles empty userId
 ✓ src/test/services/dailyPlanPersistence.quality.test.ts > Daily Plan Persistence - Quality Tests > getPlanHistory > returns array of plans
 ✓ src/test/services/dailyPlanPersistence.quality.test.ts > Daily Plan Persistence - Quality Tests > getPlanHistory > handles zero days parameter
 ✓ src/test/services/dailyPlanPersistence.quality.test.ts > Daily Plan Persistence - Quality Tests > getPlanHistory > handles large days parameter
 ✓ src/test/services/dailyPlanPersistence.quality.test.ts > Daily Plan Persistence - Quality Tests > getPlanHistory > handles negative days parameter
 ✓ src/test/services/dailyPlanPersistence.quality.test.ts > Daily Plan Persistence - Quality Tests > getPlanHistory > handles empty userId
 ✓ src/test/services/dailyPlanPersistence.quality.test.ts > Daily Plan Persistence - Quality Tests > getCompletionRate > returns object with rate for valid user
 ✓ src/test/services/dailyPlanPersistence.quality.test.ts > Daily Plan Persistence - Quality Tests > getCompletionRate > returns object for empty userId
 ✓ src/test/services/dailyPlanPersistence.quality.test.ts > Daily Plan Persistence - Quality Tests > getCompletionRate > handles zero days
 ✓ src/test/services/dailyPlanPersistence.quality.test.ts > Daily Plan Persistence - Quality Tests > getCompletionRate > handles large days parameter
 ✓ src/test/services/dailyPlanPersistence.quality.test.ts > Daily Plan Persistence - Quality Tests > getCompletionRate > rate is between 0 and 100
stderr | src/test/components/pages/WrittenCommunication.test.jsx > WrittenCommunication > Task Selection Screen > should render the page title
⚠️ React Router Future Flag Warning: React Router will begin wrapping state updates in `React.startTransition` in v7. You can use the `v7_startTransition` future flag to opt-in early. For more information, see https://reactrouter.com/v6/upgrading/future#v7_starttransition.
⚠️ React Router Future Flag Warning: Relative route resolution within Splat routes is changing in v7. You can use the `v7_relativeSplatPath` future flag to opt-in early. For more information, see https://reactrouter.com/v6/upgrading/future#v7_relativesplatpath.

 ✓ src/test/components/pages/WrittenCommunication.test.jsx > WrittenCommunication > Task Selection Screen > should render the page title
 ✓ src/test/components/pages/WrittenCommunication.test.jsx > WrittenCommunication > Task Selection Screen > should render back link to study
 ✓ src/test/components/pages/WrittenCommunication.test.jsx > WrittenCommunication > Task Selection Screen > should render random task quick start
 ✓ src/test/components/pages/WrittenCommunication.test.jsx > WrittenCommunication > Task Selection Screen > should render Start button for random task 584ms
 ✓ src/test/components/pages/WrittenCommunication.test.jsx > WrittenCommunication > Task Selection Screen > should render task list
 ✓ src/test/components/pages/WrittenCommunication.test.jsx > WrittenCommunication > Task Selection Screen > should render available tasks
 ✓ src/test/components/pages/WrittenCommunication.test.jsx > WrittenCommunication > Task Selection Screen > should render tips card
 ✓ src/test/components/pages/WrittenCommunication.test.jsx > WrittenCommunication > Task Selection Screen > should render tip items
 ✓ src/test/components/pages/WrittenCommunication.test.jsx > WrittenCommunication > Task Selection Screen > should start random task when clicking random task start 334ms
 ✓ src/test/components/pages/WrittenCommunication.test.jsx > WrittenCommunication > Task Selection Screen > should select task when clicking on a task
stderr | src/test/components/pages/WrittenCommunication.test.jsx > WrittenCommunication > Component Structure > should render without crashing
Warning: An update to WrittenCommunication inside a test was not wrapped in act(...).

When testing, code that causes React state updates should be wrapped into act(...):

act(() => {
  /* fire events that update state */
});
/* assert on the output */

This ensures that you're testing the behavior the user would see in the browser. Learn more at https://reactjs.org/link/wrap-tests-with-act
    at WrittenCommunication (/workspaces/passcpa/src/components/pages/WrittenCommunication.tsx:662:48)
    at Router (/workspaces/passcpa/node_modules/react-router/dist/umd/react-router.development.js:1207:17)
    at BrowserRouter (/workspaces/passcpa/node_modules/react-router-dom/dist/umd/react-router-dom.development.js:695:7)
Warning: An update to WrittenCommunication inside a test was not wrapped in act(...).

When testing, code that causes React state updates should be wrapped into act(...):

act(() => {
  /* fire events that update state */
});
/* assert on the output */

This ensures that you're testing the behavior the user would see in the browser. Learn more at https://reactjs.org/link/wrap-tests-with-act
    at WrittenCommunication (/workspaces/passcpa/src/components/pages/WrittenCommunication.tsx:662:48)
    at Router (/workspaces/passcpa/node_modules/react-router/dist/umd/react-router.development.js:1207:17)
    at BrowserRouter (/workspaces/passcpa/node_modules/react-router-dom/dist/umd/react-router-dom.development.js:695:7)

 ✓ src/test/components/pages/WrittenCommunication.test.jsx > WrittenCommunication > Task Display > should display task information
 ✓ src/test/components/pages/WrittenCommunication.test.jsx > WrittenCommunication > Component Structure > should render without crashing
 ✓ src/test/components/pages/WrittenCommunication.test.jsx > WrittenCommunication > Component Structure > should have proper page structure
 ✓ src/test/components/pages/WrittenCommunication.test.jsx > WrittenCommunication > Navigation > should have link back to study
 ✓ src/test/components/pages/WrittenCommunication.test.jsx > WordCounter Component > should be tested through main component when writing screen is active 386ms
 ✓ src/test/components/pages/WrittenCommunication.test.jsx > RubricDisplay Component > should display rubric information when task is started
 ✓ src/test/hooks/useQuestions.test.js > useQuestions Hook > Initial State > should have empty questions array initially
 ✓ src/test/hooks/useQuestions.test.js > useQuestions Hook > Initial State > should have loading as false initially
 ✓ src/test/hooks/useQuestions.test.js > useQuestions Hook > Initial State > should have null error initially
 ✓ src/test/hooks/useQuestions.test.js > useQuestions Hook > Initial State > should have currentIndex at 0 initially
 ✓ src/test/hooks/useQuestions.test.js > useQuestions Hook > fetchQuestions > should fetch questions and update state
 ✓ src/test/hooks/useQuestions.test.js > useQuestions Hook > fetchQuestions > should set loading to true during fetch
stderr | src/test/hooks/useQuestions.test.js > useQuestions Hook > fetchQuestions > should handle fetch errors
Error fetching questions: Error: Network error
    at /workspaces/passcpa/src/test/hooks/useQuestions.test.js:88:37
    at file:///workspaces/passcpa/node_modules/@vitest/runner/dist/index.js:135:14
    at file:///workspaces/passcpa/node_modules/@vitest/runner/dist/index.js:60:26
    at runTest (file:///workspaces/passcpa/node_modules/@vitest/runner/dist/index.js:781:17)
    at runSuite (file:///workspaces/passcpa/node_modules/@vitest/runner/dist/index.js:909:15)
    at runSuite (file:///workspaces/passcpa/node_modules/@vitest/runner/dist/index.js:909:15)
    at runSuite (file:///workspaces/passcpa/node_modules/@vitest/runner/dist/index.js:909:15)
    at runFiles (file:///workspaces/passcpa/node_modules/@vitest/runner/dist/index.js:958:5)
    at startTests (file:///workspaces/passcpa/node_modules/@vitest/runner/dist/index.js:967:3)
    at file:///workspaces/passcpa/node_modules/vitest/dist/chunks/runtime-runBaseTests.oAvMKtQC.js:116:7

stderr | src/test/hooks/useQuestions.test.js > useQuestions Hook > getQuestion > should handle errors when fetching single question
Error fetching question: Error: Fetch error
    at /workspaces/passcpa/src/test/hooks/useQuestions.test.js:168:36
    at file:///workspaces/passcpa/node_modules/@vitest/runner/dist/index.js:135:14
    at file:///workspaces/passcpa/node_modules/@vitest/runner/dist/index.js:60:26
    at runTest (file:///workspaces/passcpa/node_modules/@vitest/runner/dist/index.js:781:17)
    at runSuite (file:///workspaces/passcpa/node_modules/@vitest/runner/dist/index.js:909:15)
    at runSuite (file:///workspaces/passcpa/node_modules/@vitest/runner/dist/index.js:909:15)
    at runSuite (file:///workspaces/passcpa/node_modules/@vitest/runner/dist/index.js:909:15)
    at runFiles (file:///workspaces/passcpa/node_modules/@vitest/runner/dist/index.js:958:5)
    at startTests (file:///workspaces/passcpa/node_modules/@vitest/runner/dist/index.js:967:3)
    at file:///workspaces/passcpa/node_modules/vitest/dist/chunks/runtime-runBaseTests.oAvMKtQC.js:116:7

 ✓ src/test/hooks/useQuestions.test.js > useQuestions Hook > fetchQuestions > should handle fetch errors
 ✓ src/test/hooks/useQuestions.test.js > useQuestions Hook > fetchQuestions > should reset currentIndex on new fetch
 ✓ src/test/hooks/useQuestions.test.js > useQuestions Hook > getQuestion > should fetch a single question by ID
 ✓ src/test/hooks/useQuestions.test.js > useQuestions Hook > getQuestion > should return null for non-existent question
 ✓ src/test/hooks/useQuestions.test.js > useQuestions Hook > getQuestion > should handle errors when fetching single question
 ✓ src/test/hooks/useQuestions.test.js > useQuestions Hook > Navigation > should move to next question
 ✓ src/test/hooks/useQuestions.test.js > useQuestions Hook > Navigation > should return false when at last question
 ✓ src/test/hooks/useQuestions.test.js > useQuestions Hook > Navigation > should move to previous question
 ✓ src/test/hooks/useQuestions.test.js > useQuestions Hook > Navigation > should return false when at first question
 ✓ src/test/hooks/useQuestions.test.js > useQuestions Hook > Navigation > should jump to specific question
 ✓ src/test/hooks/useQuestions.test.js > useQuestions Hook > Navigation > should not jump to invalid index
 ✓ src/test/hooks/useQuestions.test.js > useQuestions Hook > currentQuestion > should return the current question
 ✓ src/test/hooks/useQuestions.test.js > useQuestions Hook > currentQuestion > should return null when no questions
 ✓ src/test/hooks/useQuestions.test.js > useQuestions Hook > totalQuestions > should return correct total count
stderr | src/test/components/Progress.test.jsx > Progress Component > Rendering > should render the progress page
Error: [vitest] No "getCurrentSection" export is defined on the "../../utils/profileHelpers" mock. Did you forget to return it from "vi.mock"?
If you need to partially mock a module, you can use "importOriginal" helper inside:

    at VitestMocker.createError (file:///workspaces/passcpa/node_modules/vitest/dist/vendor/execute.fL3szUAI.js:79:19)
    at Object.get (file:///workspaces/passcpa/node_modules/vitest/dist/vendor/execute.fL3szUAI.js:153:22)
    at Module.useStudyPlan [as default] (/workspaces/passcpa/src/hooks/useStudyPlan.ts:154:26)
    at Progress (/workspaces/passcpa/src/components/pages/Progress.tsx:63:59)
    at renderWithHooks (/workspaces/passcpa/node_modules/react-dom/cjs/react-dom.development.js:15486:18)
    at mountIndeterminateComponent (/workspaces/passcpa/node_modules/react-dom/cjs/react-dom.development.js:20103:13)
    at beginWork (/workspaces/passcpa/node_modules/react-dom/cjs/react-dom.development.js:21626:16)
    at HTMLUnknownElement.callCallback (/workspaces/passcpa/node_modules/react-dom/cjs/react-dom.development.js:4164:14)
    at HTMLUnknownElement.callTheUserObjectsOperation (/workspaces/passcpa/node_modules/jsdom/lib/jsdom/living/generated/EventListener.js:26:30)
    at innerInvokeEventListeners (/workspaces/passcpa/node_modules/jsdom/lib/jsdom/living/events/EventTarget-impl.js:360:16)
Error: [vitest] No "getCurrentSection" export is defined on the "../../utils/profileHelpers" mock. Did you forget to return it from "vi.mock"?
If you need to partially mock a module, you can use "importOriginal" helper inside:

    at VitestMocker.createError (file:///workspaces/passcpa/node_modules/vitest/dist/vendor/execute.fL3szUAI.js:79:19)
    at Object.get (file:///workspaces/passcpa/node_modules/vitest/dist/vendor/execute.fL3szUAI.js:153:22)
    at Module.useStudyPlan [as default] (/workspaces/passcpa/src/hooks/useStudyPlan.ts:154:26)
    at Progress (/workspaces/passcpa/src/components/pages/Progress.tsx:63:59)
    at renderWithHooks (/workspaces/passcpa/node_modules/react-dom/cjs/react-dom.development.js:15486:18)
    at mountIndeterminateComponent (/workspaces/passcpa/node_modules/react-dom/cjs/react-dom.development.js:20103:13)
    at beginWork (/workspaces/passcpa/node_modules/react-dom/cjs/react-dom.development.js:21626:16)
    at HTMLUnknownElement.callCallback (/workspaces/passcpa/node_modules/react-dom/cjs/react-dom.development.js:4164:14)
    at HTMLUnknownElement.callTheUserObjectsOperation (/workspaces/passcpa/node_modules/jsdom/lib/jsdom/living/generated/EventListener.js:26:30)
    at innerInvokeEventListeners (/workspaces/passcpa/node_modules/jsdom/lib/jsdom/living/events/EventTarget-impl.js:360:16)
The above error occurred in the <Progress> component:

    at Progress (/workspaces/passcpa/src/components/pages/Progress.tsx:51:82)
    at Router (/workspaces/passcpa/node_modules/react-router/dist/umd/react-router.development.js:1207:17)
    at BrowserRouter (/workspaces/passcpa/node_modules/react-router-dom/dist/umd/react-router-dom.development.js:695:7)

Consider adding an error boundary to your tree to customize error handling behavior.
Visit https://reactjs.org/link/error-boundaries to learn more about error boundaries.

stderr | src/test/components/Progress.test.jsx > Progress Component > Rendering > should show overall stats
Error: [vitest] No "getCurrentSection" export is defined on the "../../utils/profileHelpers" mock. Did you forget to return it from "vi.mock"?
If you need to partially mock a module, you can use "importOriginal" helper inside:

    at VitestMocker.createError (file:///workspaces/passcpa/node_modules/vitest/dist/vendor/execute.fL3szUAI.js:79:19)
    at Object.get (file:///workspaces/passcpa/node_modules/vitest/dist/vendor/execute.fL3szUAI.js:153:22)
    at Module.useStudyPlan [as default] (/workspaces/passcpa/src/hooks/useStudyPlan.ts:154:26)
    at Progress (/workspaces/passcpa/src/components/pages/Progress.tsx:63:59)
    at renderWithHooks (/workspaces/passcpa/node_modules/react-dom/cjs/react-dom.development.js:15486:18)
    at mountIndeterminateComponent (/workspaces/passcpa/node_modules/react-dom/cjs/react-dom.development.js:20103:13)
    at beginWork (/workspaces/passcpa/node_modules/react-dom/cjs/react-dom.development.js:21626:16)
    at HTMLUnknownElement.callCallback (/workspaces/passcpa/node_modules/react-dom/cjs/react-dom.development.js:4164:14)
    at HTMLUnknownElement.callTheUserObjectsOperation (/workspaces/passcpa/node_modules/jsdom/lib/jsdom/living/generated/EventListener.js:26:30)
    at innerInvokeEventListeners (/workspaces/passcpa/node_modules/jsdom/lib/jsdom/living/events/EventTarget-impl.js:360:16)
Error: [vitest] No "getCurrentSection" export is defined on the "../../utils/profileHelpers" mock. Did you forget to return it from "vi.mock"?
If you need to partially mock a module, you can use "importOriginal" helper inside:

    at VitestMocker.createError (file:///workspaces/passcpa/node_modules/vitest/dist/vendor/execute.fL3szUAI.js:79:19)
    at Object.get (file:///workspaces/passcpa/node_modules/vitest/dist/vendor/execute.fL3szUAI.js:153:22)
    at Module.useStudyPlan [as default] (/workspaces/passcpa/src/hooks/useStudyPlan.ts:154:26)
    at Progress (/workspaces/passcpa/src/components/pages/Progress.tsx:63:59)
    at renderWithHooks (/workspaces/passcpa/node_modules/react-dom/cjs/react-dom.development.js:15486:18)
    at mountIndeterminateComponent (/workspaces/passcpa/node_modules/react-dom/cjs/react-dom.development.js:20103:13)
    at beginWork (/workspaces/passcpa/node_modules/react-dom/cjs/react-dom.development.js:21626:16)
    at HTMLUnknownElement.callCallback (/workspaces/passcpa/node_modules/react-dom/cjs/react-dom.development.js:4164:14)
    at HTMLUnknownElement.callTheUserObjectsOperation (/workspaces/passcpa/node_modules/jsdom/lib/jsdom/living/generated/EventListener.js:26:30)
    at innerInvokeEventListeners (/workspaces/passcpa/node_modules/jsdom/lib/jsdom/living/events/EventTarget-impl.js:360:16)
The above error occurred in the <Progress> component:

    at Progress (/workspaces/passcpa/src/components/pages/Progress.tsx:51:82)
    at Router (/workspaces/passcpa/node_modules/react-router/dist/umd/react-router.development.js:1207:17)
    at BrowserRouter (/workspaces/passcpa/node_modules/react-router-dom/dist/umd/react-router-dom.development.js:695:7)

Consider adding an error boundary to your tree to customize error handling behavior.
Visit https://reactjs.org/link/error-boundaries to learn more about error boundaries.

stderr | src/test/components/Progress.test.jsx > Progress Component > Rendering > should display accuracy information
Error: [vitest] No "getCurrentSection" export is defined on the "../../utils/profileHelpers" mock. Did you forget to return it from "vi.mock"?
If you need to partially mock a module, you can use "importOriginal" helper inside:

    at VitestMocker.createError (file:///workspaces/passcpa/node_modules/vitest/dist/vendor/execute.fL3szUAI.js:79:19)
    at Object.get (file:///workspaces/passcpa/node_modules/vitest/dist/vendor/execute.fL3szUAI.js:153:22)
    at Module.useStudyPlan [as default] (/workspaces/passcpa/src/hooks/useStudyPlan.ts:154:26)
    at Progress (/workspaces/passcpa/src/components/pages/Progress.tsx:63:59)
    at renderWithHooks (/workspaces/passcpa/node_modules/react-dom/cjs/react-dom.development.js:15486:18)
    at mountIndeterminateComponent (/workspaces/passcpa/node_modules/react-dom/cjs/react-dom.development.js:20103:13)
    at beginWork (/workspaces/passcpa/node_modules/react-dom/cjs/react-dom.development.js:21626:16)
    at HTMLUnknownElement.callCallback (/workspaces/passcpa/node_modules/react-dom/cjs/react-dom.development.js:4164:14)
    at HTMLUnknownElement.callTheUserObjectsOperation (/workspaces/passcpa/node_modules/jsdom/lib/jsdom/living/generated/EventListener.js:26:30)
    at innerInvokeEventListeners (/workspaces/passcpa/node_modules/jsdom/lib/jsdom/living/events/EventTarget-impl.js:360:16)
Error: [vitest] No "getCurrentSection" export is defined on the "../../utils/profileHelpers" mock. Did you forget to return it from "vi.mock"?
If you need to partially mock a module, you can use "importOriginal" helper inside:

    at VitestMocker.createError (file:///workspaces/passcpa/node_modules/vitest/dist/vendor/execute.fL3szUAI.js:79:19)
    at Object.get (file:///workspaces/passcpa/node_modules/vitest/dist/vendor/execute.fL3szUAI.js:153:22)
    at Module.useStudyPlan [as default] (/workspaces/passcpa/src/hooks/useStudyPlan.ts:154:26)
    at Progress (/workspaces/passcpa/src/components/pages/Progress.tsx:63:59)
    at renderWithHooks (/workspaces/passcpa/node_modules/react-dom/cjs/react-dom.development.js:15486:18)
    at mountIndeterminateComponent (/workspaces/passcpa/node_modules/react-dom/cjs/react-dom.development.js:20103:13)
    at beginWork (/workspaces/passcpa/node_modules/react-dom/cjs/react-dom.development.js:21626:16)
    at HTMLUnknownElement.callCallback (/workspaces/passcpa/node_modules/react-dom/cjs/react-dom.development.js:4164:14)
    at HTMLUnknownElement.callTheUserObjectsOperation (/workspaces/passcpa/node_modules/jsdom/lib/jsdom/living/generated/EventListener.js:26:30)
    at innerInvokeEventListeners (/workspaces/passcpa/node_modules/jsdom/lib/jsdom/living/events/EventTarget-impl.js:360:16)
The above error occurred in the <Progress> component:

    at Progress (/workspaces/passcpa/src/components/pages/Progress.tsx:51:82)
    at Router (/workspaces/passcpa/node_modules/react-router/dist/umd/react-router.development.js:1207:17)
    at BrowserRouter (/workspaces/passcpa/node_modules/react-router-dom/dist/umd/react-router-dom.development.js:695:7)

Consider adding an error boundary to your tree to customize error handling behavior.
Visit https://reactjs.org/link/error-boundaries to learn more about error boundaries.

stderr | src/test/components/Progress.test.jsx > Progress Component > Rendering > should show streak information
Error: [vitest] No "getCurrentSection" export is defined on the "../../utils/profileHelpers" mock. Did you forget to return it from "vi.mock"?
If you need to partially mock a module, you can use "importOriginal" helper inside:

    at VitestMocker.createError (file:///workspaces/passcpa/node_modules/vitest/dist/vendor/execute.fL3szUAI.js:79:19)
    at Object.get (file:///workspaces/passcpa/node_modules/vitest/dist/vendor/execute.fL3szUAI.js:153:22)
    at Module.useStudyPlan [as default] (/workspaces/passcpa/src/hooks/useStudyPlan.ts:154:26)
    at Progress (/workspaces/passcpa/src/components/pages/Progress.tsx:63:59)
    at renderWithHooks (/workspaces/passcpa/node_modules/react-dom/cjs/react-dom.development.js:15486:18)
    at mountIndeterminateComponent (/workspaces/passcpa/node_modules/react-dom/cjs/react-dom.development.js:20103:13)
    at beginWork (/workspaces/passcpa/node_modules/react-dom/cjs/react-dom.development.js:21626:16)
    at HTMLUnknownElement.callCallback (/workspaces/passcpa/node_modules/react-dom/cjs/react-dom.development.js:4164:14)
    at HTMLUnknownElement.callTheUserObjectsOperation (/workspaces/passcpa/node_modules/jsdom/lib/jsdom/living/generated/EventListener.js:26:30)
    at innerInvokeEventListeners (/workspaces/passcpa/node_modules/jsdom/lib/jsdom/living/events/EventTarget-impl.js:360:16)
Error: [vitest] No "getCurrentSection" export is defined on the "../../utils/profileHelpers" mock. Did you forget to return it from "vi.mock"?
If you need to partially mock a module, you can use "importOriginal" helper inside:

    at VitestMocker.createError (file:///workspaces/passcpa/node_modules/vitest/dist/vendor/execute.fL3szUAI.js:79:19)
    at Object.get (file:///workspaces/passcpa/node_modules/vitest/dist/vendor/execute.fL3szUAI.js:153:22)
    at Module.useStudyPlan [as default] (/workspaces/passcpa/src/hooks/useStudyPlan.ts:154:26)
    at Progress (/workspaces/passcpa/src/components/pages/Progress.tsx:63:59)
    at renderWithHooks (/workspaces/passcpa/node_modules/react-dom/cjs/react-dom.development.js:15486:18)
    at mountIndeterminateComponent (/workspaces/passcpa/node_modules/react-dom/cjs/react-dom.development.js:20103:13)
    at beginWork (/workspaces/passcpa/node_modules/react-dom/cjs/react-dom.development.js:21626:16)
    at HTMLUnknownElement.callCallback (/workspaces/passcpa/node_modules/react-dom/cjs/react-dom.development.js:4164:14)
    at HTMLUnknownElement.callTheUserObjectsOperation (/workspaces/passcpa/node_modules/jsdom/lib/jsdom/living/generated/EventListener.js:26:30)
    at innerInvokeEventListeners (/workspaces/passcpa/node_modules/jsdom/lib/jsdom/living/events/EventTarget-impl.js:360:16)
The above error occurred in the <Progress> component:

    at Progress (/workspaces/passcpa/src/components/pages/Progress.tsx:51:82)
    at Router (/workspaces/passcpa/node_modules/react-router/dist/umd/react-router.development.js:1207:17)
    at BrowserRouter (/workspaces/passcpa/node_modules/react-router-dom/dist/umd/react-router-dom.development.js:695:7)

Consider adding an error boundary to your tree to customize error handling behavior.
Visit https://reactjs.org/link/error-boundaries to learn more about error boundaries.

stderr | src/test/components/Progress.test.jsx > Progress Component > Topic Performance > should display topic heat map
Error: [vitest] No "getCurrentSection" export is defined on the "../../utils/profileHelpers" mock. Did you forget to return it from "vi.mock"?
If you need to partially mock a module, you can use "importOriginal" helper inside:

    at VitestMocker.createError (file:///workspaces/passcpa/node_modules/vitest/dist/vendor/execute.fL3szUAI.js:79:19)
    at Object.get (file:///workspaces/passcpa/node_modules/vitest/dist/vendor/execute.fL3szUAI.js:153:22)
    at Module.useStudyPlan [as default] (/workspaces/passcpa/src/hooks/useStudyPlan.ts:154:26)
    at Progress (/workspaces/passcpa/src/components/pages/Progress.tsx:63:59)
    at renderWithHooks (/workspaces/passcpa/node_modules/react-dom/cjs/react-dom.development.js:15486:18)
    at mountIndeterminateComponent (/workspaces/passcpa/node_modules/react-dom/cjs/react-dom.development.js:20103:13)
    at beginWork (/workspaces/passcpa/node_modules/react-dom/cjs/react-dom.development.js:21626:16)
    at HTMLUnknownElement.callCallback (/workspaces/passcpa/node_modules/react-dom/cjs/react-dom.development.js:4164:14)
    at HTMLUnknownElement.callTheUserObjectsOperation (/workspaces/passcpa/node_modules/jsdom/lib/jsdom/living/generated/EventListener.js:26:30)
    at innerInvokeEventListeners (/workspaces/passcpa/node_modules/jsdom/lib/jsdom/living/events/EventTarget-impl.js:360:16)
Error: [vitest] No "getCurrentSection" export is defined on the "../../utils/profileHelpers" mock. Did you forget to return it from "vi.mock"?
If you need to partially mock a module, you can use "importOriginal" helper inside:

    at VitestMocker.createError (file:///workspaces/passcpa/node_modules/vitest/dist/vendor/execute.fL3szUAI.js:79:19)
    at Object.get (file:///workspaces/passcpa/node_modules/vitest/dist/vendor/execute.fL3szUAI.js:153:22)
    at Module.useStudyPlan [as default] (/workspaces/passcpa/src/hooks/useStudyPlan.ts:154:26)
    at Progress (/workspaces/passcpa/src/components/pages/Progress.tsx:63:59)
    at renderWithHooks (/workspaces/passcpa/node_modules/react-dom/cjs/react-dom.development.js:15486:18)
    at mountIndeterminateComponent (/workspaces/passcpa/node_modules/react-dom/cjs/react-dom.development.js:20103:13)
    at beginWork (/workspaces/passcpa/node_modules/react-dom/cjs/react-dom.development.js:21626:16)
    at HTMLUnknownElement.callCallback (/workspaces/passcpa/node_modules/react-dom/cjs/react-dom.development.js:4164:14)
    at HTMLUnknownElement.callTheUserObjectsOperation (/workspaces/passcpa/node_modules/jsdom/lib/jsdom/living/generated/EventListener.js:26:30)
    at innerInvokeEventListeners (/workspaces/passcpa/node_modules/jsdom/lib/jsdom/living/events/EventTarget-impl.js:360:16)
The above error occurred in the <Progress> component:

    at Progress (/workspaces/passcpa/src/components/pages/Progress.tsx:51:82)
    at Router (/workspaces/passcpa/node_modules/react-router/dist/umd/react-router.development.js:1207:17)
    at BrowserRouter (/workspaces/passcpa/node_modules/react-router-dom/dist/umd/react-router-dom.development.js:695:7)

Consider adding an error boundary to your tree to customize error handling behavior.
Visit https://reactjs.org/link/error-boundaries to learn more about error boundaries.

stderr | src/test/components/Progress.test.jsx > Progress Component > Exam Readiness > should show exam readiness gauge
Error: [vitest] No "getCurrentSection" export is defined on the "../../utils/profileHelpers" mock. Did you forget to return it from "vi.mock"?
If you need to partially mock a module, you can use "importOriginal" helper inside:

    at VitestMocker.createError (file:///workspaces/passcpa/node_modules/vitest/dist/vendor/execute.fL3szUAI.js:79:19)
    at Object.get (file:///workspaces/passcpa/node_modules/vitest/dist/vendor/execute.fL3szUAI.js:153:22)
    at Module.useStudyPlan [as default] (/workspaces/passcpa/src/hooks/useStudyPlan.ts:154:26)
    at Progress (/workspaces/passcpa/src/components/pages/Progress.tsx:63:59)
    at renderWithHooks (/workspaces/passcpa/node_modules/react-dom/cjs/react-dom.development.js:15486:18)
    at mountIndeterminateComponent (/workspaces/passcpa/node_modules/react-dom/cjs/react-dom.development.js:20103:13)
    at beginWork (/workspaces/passcpa/node_modules/react-dom/cjs/react-dom.development.js:21626:16)
    at HTMLUnknownElement.callCallback (/workspaces/passcpa/node_modules/react-dom/cjs/react-dom.development.js:4164:14)
    at HTMLUnknownElement.callTheUserObjectsOperation (/workspaces/passcpa/node_modules/jsdom/lib/jsdom/living/generated/EventListener.js:26:30)
    at innerInvokeEventListeners (/workspaces/passcpa/node_modules/jsdom/lib/jsdom/living/events/EventTarget-impl.js:360:16)
Error: [vitest] No "getCurrentSection" export is defined on the "../../utils/profileHelpers" mock. Did you forget to return it from "vi.mock"?
If you need to partially mock a module, you can use "importOriginal" helper inside:

    at VitestMocker.createError (file:///workspaces/passcpa/node_modules/vitest/dist/vendor/execute.fL3szUAI.js:79:19)
    at Object.get (file:///workspaces/passcpa/node_modules/vitest/dist/vendor/execute.fL3szUAI.js:153:22)
    at Module.useStudyPlan [as default] (/workspaces/passcpa/src/hooks/useStudyPlan.ts:154:26)
    at Progress (/workspaces/passcpa/src/components/pages/Progress.tsx:63:59)
    at renderWithHooks (/workspaces/passcpa/node_modules/react-dom/cjs/react-dom.development.js:15486:18)
    at mountIndeterminateComponent (/workspaces/passcpa/node_modules/react-dom/cjs/react-dom.development.js:20103:13)
    at beginWork (/workspaces/passcpa/node_modules/react-dom/cjs/react-dom.development.js:21626:16)
    at HTMLUnknownElement.callCallback (/workspaces/passcpa/node_modules/react-dom/cjs/react-dom.development.js:4164:14)
    at HTMLUnknownElement.callTheUserObjectsOperation (/workspaces/passcpa/node_modules/jsdom/lib/jsdom/living/generated/EventListener.js:26:30)
    at innerInvokeEventListeners (/workspaces/passcpa/node_modules/jsdom/lib/jsdom/living/events/EventTarget-impl.js:360:16)
The above error occurred in the <Progress> component:

    at Progress (/workspaces/passcpa/src/components/pages/Progress.tsx:51:82)
    at Router (/workspaces/passcpa/node_modules/react-router/dist/umd/react-router.development.js:1207:17)
    at BrowserRouter (/workspaces/passcpa/node_modules/react-router-dom/dist/umd/react-router-dom.development.js:695:7)

Consider adding an error boundary to your tree to customize error handling behavior.
Visit https://reactjs.org/link/error-boundaries to learn more about error boundaries.

 × src/test/components/Progress.test.jsx > Progress Component > Rendering > should render the progress page
   → [vitest] No "getCurrentSection" export is defined on the "../../utils/profileHelpers" mock. Did you forget to return it from "vi.mock"?
If you need to partially mock a module, you can use "importOriginal" helper inside:

 × src/test/components/Progress.test.jsx > Progress Component > Rendering > should show overall stats
   → [vitest] No "getCurrentSection" export is defined on the "../../utils/profileHelpers" mock. Did you forget to return it from "vi.mock"?
If you need to partially mock a module, you can use "importOriginal" helper inside:

 × src/test/components/Progress.test.jsx > Progress Component > Rendering > should display accuracy information
   → [vitest] No "getCurrentSection" export is defined on the "../../utils/profileHelpers" mock. Did you forget to return it from "vi.mock"?
If you need to partially mock a module, you can use "importOriginal" helper inside:

 × src/test/components/Progress.test.jsx > Progress Component > Rendering > should show streak information
   → [vitest] No "getCurrentSection" export is defined on the "../../utils/profileHelpers" mock. Did you forget to return it from "vi.mock"?
If you need to partially mock a module, you can use "importOriginal" helper inside:

 × src/test/components/Progress.test.jsx > Progress Component > Topic Performance > should display topic heat map
   → [vitest] No "getCurrentSection" export is defined on the "../../utils/profileHelpers" mock. Did you forget to return it from "vi.mock"?
If you need to partially mock a module, you can use "importOriginal" helper inside:

 × src/test/components/Progress.test.jsx > Progress Component > Exam Readiness > should show exam readiness gauge
   → [vitest] No "getCurrentSection" export is defined on the "../../utils/profileHelpers" mock. Did you forget to return it from "vi.mock"?
If you need to partially mock a module, you can use "importOriginal" helper inside:

 ✓ src/test/components/Progress.test.jsx > Exam Readiness Calculator > should calculate readiness as "ready" for high scores
 ✓ src/test/components/Progress.test.jsx > Exam Readiness Calculator > should calculate readiness as "almost" for medium scores
 ✓ src/test/components/Progress.test.jsx > Exam Readiness Calculator > should calculate readiness as "more-study" for low scores
 ✓ src/test/components/Progress.test.jsx > Exam Readiness Calculator > should handle zero total lessons
 ✓ src/test/components/Progress.test.jsx > Exam Readiness Calculator > should cap scores at 100
 ✓ src/test/services/misc-services.test.js > Feedback Service > Submit Feedback > should submit feedback with required fields
 ✓ src/test/services/misc-services.test.js > Feedback Service > Submit Feedback > should validate feedback type
 ✓ src/test/services/misc-services.test.js > Feedback Service > Submit Feedback > should require message content
 ✓ src/test/services/misc-services.test.js > Feedback Service > Question Feedback > should submit feedback for a specific question
 ✓ src/test/services/misc-services.test.js > Feedback Service > Question Feedback > should support various question feedback types
 ✓ src/test/services/misc-services.test.js > Content Upload Service > Upload Questions > should validate question structure before upload
 ✓ src/test/services/misc-services.test.js > Content Upload Service > Upload Questions > should reject invalid question structure
 ✓ src/test/services/misc-services.test.js > Content Upload Service > Upload Questions > should validate difficulty levels
 ✓ src/test/services/misc-services.test.js > Content Upload Service > Upload Questions > should validate section codes
 ✓ src/test/services/misc-services.test.js > Content Upload Service > Batch Upload > should process questions in batches
 ✓ src/test/services/misc-services.test.js > Content Upload Service > Batch Upload > should track upload progress
 ✓ src/test/services/misc-services.test.js > Offline Cache Service > Cache Operations > should store data in cache
 ✓ src/test/services/misc-services.test.js > Offline Cache Service > Cache Operations > should retrieve data from cache
 ✓ src/test/services/misc-services.test.js > Offline Cache Service > Cache Operations > should clear specific cache entry
 ✓ src/test/services/misc-services.test.js > Offline Cache Service > Cache Operations > should clear all cache
 ✓ src/test/services/misc-services.test.js > Offline Cache Service > Cache Status > should calculate cache size
 ✓ src/test/services/misc-services.test.js > Offline Cache Service > Cache Status > should format cache size
 ✓ src/test/services/misc-services.test.js > Offline Cache Service > Cache Expiration > should check if cache is expired
 ✓ src/test/services/misc-services.test.js > Offline Cache Service > Cache Expiration > should not mark fresh cache as expired
 ✓ src/test/services/misc-services.test.js > Error Tracking Service > Error Capture > should capture error with context
 ✓ src/test/services/misc-services.test.js > Error Tracking Service > Error Capture > should sanitize sensitive data
 ✓ src/test/services/misc-services.test.js > Error Tracking Service > Error Grouping > should group similar errors
 ✓ src/test/utils/studyPlanner.quality.test.ts > Study Planner - Quality Tests > Edge Cases - Exam Date Proximity > should handle exam date tomorrow (1 day away)
 ✓ src/test/utils/studyPlanner.quality.test.ts > Study Planner - Quality Tests > Edge Cases - Exam Date Proximity > should handle exam date today (0 days away)
 ✓ src/test/utils/studyPlanner.quality.test.ts > Study Planner - Quality Tests > Edge Cases - Exam Date Proximity > should handle exam date in the past
 ✓ src/test/utils/studyPlanner.quality.test.ts > Study Planner - Quality Tests > Edge Cases - Exam Date Proximity > should handle exam date exactly 14 days away (review period boundary)
 ✓ src/test/utils/studyPlanner.quality.test.ts > Study Planner - Quality Tests > Edge Cases - Exam Date Proximity > should handle exam date exactly 15 days away
 ✓ src/test/utils/studyPlanner.quality.test.ts > Study Planner - Quality Tests > Edge Cases - Exam Date Proximity > should handle exam date far in the future (365 days)
 ✓ src/test/utils/studyPlanner.quality.test.ts > Study Planner - Quality Tests > Milestone Generation > should always generate 4 milestones
 ✓ src/test/utils/studyPlanner.quality.test.ts > Study Planner - Quality Tests > Milestone Generation > should have milestones in chronological order
 ✓ src/test/utils/studyPlanner.quality.test.ts > Study Planner - Quality Tests > Milestone Generation > should format milestone dates correctly
 ✓ src/test/utils/studyPlanner.quality.test.ts > Study Planner - Quality Tests > Milestone Generation > should have Exam Day milestone match the exam date
 ✓ src/test/utils/studyPlanner.quality.test.ts > Study Planner - Quality Tests > Module Calculations > should return fixed 40 modules regardless of section
 ✓ src/test/utils/studyPlanner.quality.test.ts > Study Planner - Quality Tests > Module Calculations > should calculate modulesPerDay as decimal
 ✓ src/test/utils/studyPlanner.quality.test.ts > Study Planner - Quality Tests > Module Calculations > should never return Infinity for modulesPerDay
 ✓ src/test/utils/studyPlanner.quality.test.ts > Study Planner - Quality Tests > Module Calculations > should round modulesPerDay to 1 decimal place
 ✓ src/test/utils/studyPlanner.quality.test.ts > Study Planner - Quality Tests > Section Parameter > should accept all valid exam sections
 ✓ src/test/utils/studyPlanner.quality.test.ts > Study Planner - Quality Tests > Section Parameter > should handle invalid section gracefully
 ✓ src/test/utils/studyPlanner.quality.test.ts > Study Planner - Quality Tests > Date Object Handling > should handle Date objects with time components
 ✓ src/test/utils/studyPlanner.quality.test.ts > Study Planner - Quality Tests > Date Object Handling > should return the original exam date object unchanged
 ✓ src/test/utils/studyPlanner.quality.test.ts > Study Planner - Quality Tests > Date Object Handling > should handle different timezones in exam date
 ✓ src/test/utils/studyPlanner.quality.test.ts > Study Planner - Quality Tests > Leap Year Handling > should correctly calculate days including leap year
 ✓ src/test/utils/studyPlanner.quality.test.ts > Study Planner - Quality Tests > Return Type Validation > should return all required fields
 ✓ src/test/utils/studyPlanner.quality.test.ts > Study Planner - Quality Tests > Return Type Validation > should return correct types for all fields
stdout | src/test/hooks/useEngagementMetrics.test.jsx > useEngagementMetrics > useSessionTracking > should handle visibility change events
[Engagement] Session paused after 0 seconds

stdout | src/test/hooks/useEngagementMetrics.test.jsx > useEngagementMetrics > useQuestionMetrics > should track attempt count
[Engagement] Question attempt: {
  question_id: 'q1',
  section: 'REG',
  topic: 'Depreciation',
  time_spent_seconds: 0,
  attempt_number: 1,
  is_correct: false
}

stdout | src/test/hooks/useEngagementMetrics.test.jsx > useEngagementMetrics > useQuestionMetrics > should start and end question tracking
[Engagement] Question attempt: {
  question_id: 'q1',
  section: 'REG',
  topic: 'Depreciation',
  time_spent_seconds: 0,
  attempt_number: 1,
  is_correct: true
}

stdout | src/test/hooks/useEngagementMetrics.test.jsx > useEngagementMetrics > useQuestionMetrics > should return metrics when recording attempt
[Engagement] Question attempt: {
  question_id: 'q1',
  section: 'REG',
  topic: 'Depreciation',
  time_spent_seconds: 1,
  attempt_number: 1,
  is_correct: true
}

stdout | src/test/hooks/useEngagementMetrics.test.jsx > useEngagementMetrics > useStudySessionMetrics > should return metrics when ending session
[Engagement] Study session ended: {
  section: 'FAR',
  duration_seconds: 10,
  questions_answered: 2,
  correct_answers: 2,
  accuracy_percent: 100
}

stdout | src/test/hooks/useEngagementMetrics.test.jsx > useEngagementMetrics > useStudySessionMetrics > should return metrics even when no questions answered
[Engagement] Study session ended: {
  section: 'AUD',
  duration_seconds: 0,
  questions_answered: 0,
  correct_answers: 0,
  accuracy_percent: 0
}

stdout | src/test/hooks/useEngagementMetrics.test.jsx > useEngagementMetrics > trackFeatureUsage > should be callable
[Engagement] Feature used: test-feature {}

stdout | src/test/hooks/useEngagementMetrics.test.jsx > useEngagementMetrics > trackFeatureUsage > should accept metadata
[Engagement] Feature used: test-feature { key: 'value' }

stdout | src/test/hooks/useEngagementMetrics.test.jsx > useEngagementMetrics > trackMilestone > should be callable
[Engagement] Milestone reached: test-milestone 100

 ✓ src/test/hooks/useEngagementMetrics.test.jsx > useEngagementMetrics > useSessionTracking > should return getSessionDuration function
 ✓ src/test/hooks/useEngagementMetrics.test.jsx > useEngagementMetrics > useSessionTracking > should return getTimeSinceLastActivity function
 ✓ src/test/hooks/useEngagementMetrics.test.jsx > useEngagementMetrics > useSessionTracking > should track session duration
 ✓ src/test/hooks/useEngagementMetrics.test.jsx > useEngagementMetrics > useSessionTracking > should track time since last activity
 ✓ src/test/hooks/useEngagementMetrics.test.jsx > useEngagementMetrics > useSessionTracking > should handle visibility change events
 ✓ src/test/hooks/useEngagementMetrics.test.jsx > useEngagementMetrics > useSessionTracking > should handle click activity
 ✓ src/test/hooks/useEngagementMetrics.test.jsx > useEngagementMetrics > useQuestionMetrics > should return startQuestion function
 ✓ src/test/hooks/useEngagementMetrics.test.jsx > useEngagementMetrics > useQuestionMetrics > should return recordAttempt function
 ✓ src/test/hooks/useEngagementMetrics.test.jsx > useEngagementMetrics > useQuestionMetrics > should return endQuestion function
 ✓ src/test/hooks/useEngagementMetrics.test.jsx > useEngagementMetrics > useQuestionMetrics > should return getAttemptCount function
 ✓ src/test/hooks/useEngagementMetrics.test.jsx > useEngagementMetrics > useQuestionMetrics > should track attempt count
 ✓ src/test/hooks/useEngagementMetrics.test.jsx > useEngagementMetrics > useQuestionMetrics > should start and end question tracking
 ✓ src/test/hooks/useEngagementMetrics.test.jsx > useEngagementMetrics > useQuestionMetrics > should return null when recording attempt without starting
 ✓ src/test/hooks/useEngagementMetrics.test.jsx > useEngagementMetrics > useQuestionMetrics > should return metrics when recording attempt
 ✓ src/test/hooks/useEngagementMetrics.test.jsx > useEngagementMetrics > useStudySessionMetrics > should return startSession function
 ✓ src/test/hooks/useEngagementMetrics.test.jsx > useEngagementMetrics > useStudySessionMetrics > should return recordAnswer function
 ✓ src/test/hooks/useEngagementMetrics.test.jsx > useEngagementMetrics > useStudySessionMetrics > should return endSession function
 ✓ src/test/hooks/useEngagementMetrics.test.jsx > useEngagementMetrics > useStudySessionMetrics > should return getSessionStats function
 ✓ src/test/hooks/useEngagementMetrics.test.jsx > useEngagementMetrics > useStudySessionMetrics > should track session stats
 ✓ src/test/hooks/useEngagementMetrics.test.jsx > useEngagementMetrics > useStudySessionMetrics > should return null when ending session that was not started
 ✓ src/test/hooks/useEngagementMetrics.test.jsx > useEngagementMetrics > useStudySessionMetrics > should return metrics when ending session
 ✓ src/test/hooks/useEngagementMetrics.test.jsx > useEngagementMetrics > useStudySessionMetrics > should return metrics even when no questions answered
 ✓ src/test/hooks/useEngagementMetrics.test.jsx > useEngagementMetrics > trackFeatureUsage > should be callable
 ✓ src/test/hooks/useEngagementMetrics.test.jsx > useEngagementMetrics > trackFeatureUsage > should accept metadata
 ✓ src/test/hooks/useEngagementMetrics.test.jsx > useEngagementMetrics > trackMilestone > should be callable
 ✓ src/test/hooks/useEngagementMetrics.test.jsx > useEngagementMetrics > default export > should export all hooks and functions
 ✓ src/test/services/questionService.quality.test.ts > Question Service - Quality Tests > fetchQuestions - Filter Edge Cases > returns empty array when section has no questions 2874ms
 ✓ src/test/services/questionService.quality.test.ts > Question Service - Quality Tests > fetchQuestions - Filter Edge Cases > handles count of 0
 ✓ src/test/services/questionService.quality.test.ts > Question Service - Quality Tests > fetchQuestions - Filter Edge Cases > handles count of 1
 ✓ src/test/services/questionService.quality.test.ts > Question Service - Quality Tests > fetchQuestions - Filter Edge Cases > handles very large count gracefully
 ✓ src/test/services/questionService.quality.test.ts > Question Service - Quality Tests > fetchQuestions - Filter Edge Cases > handles negative count
 ✓ src/test/services/questionService.quality.test.ts > Question Service - Quality Tests > fetchQuestions - Filter Edge Cases > filters by multiple criteria simultaneously
 ✓ src/test/services/questionService.quality.test.ts > Question Service - Quality Tests > fetchQuestions - Filter Edge Cases > excludeIds with empty array works
 ✓ src/test/services/questionService.quality.test.ts > Question Service - Quality Tests > fetchQuestions - Filter Edge Cases > excludeIds with all question IDs returns empty
 ✓ src/test/services/questionService.quality.test.ts > Question Service - Quality Tests > fetchQuestions - Filter Edge Cases > handles undefined section (all sections) 3414ms
 ✓ src/test/services/questionService.quality.test.ts > Question Service - Quality Tests > fetchQuestions - Filter Edge Cases > hr1Only filter works correctly
 ✓ src/test/services/questionService.quality.test.ts > Question Service - Quality Tests > getQuestionById - Edge Cases > returns null for non-existent ID
 ✓ src/test/services/questionService.quality.test.ts > Question Service - Quality Tests > getQuestionById - Edge Cases > returns null for empty string ID
 ✓ src/test/services/questionService.quality.test.ts > Question Service - Quality Tests > getQuestionById - Edge Cases > finds question that exists in cache
 ✓ src/test/services/questionService.quality.test.ts > Question Service - Quality Tests > getQuestionById - Edge Cases > handles special characters in ID
 ✓ src/test/services/questionService.quality.test.ts > Question Service - Quality Tests > getWeakAreaQuestions - Edge Cases > handles empty weakTopics array
 ✓ src/test/services/questionService.quality.test.ts > Question Service - Quality Tests > getWeakAreaQuestions - Edge Cases > handles single weak topic
 ✓ src/test/services/questionService.quality.test.ts > Question Service - Quality Tests > getWeakAreaQuestions - Edge Cases > handles many weak topics (more than 3)
 ✓ src/test/services/questionService.quality.test.ts > Question Service - Quality Tests > getWeakAreaQuestions - Edge Cases > handles count of 0
 ✓ src/test/services/questionService.quality.test.ts > Question Service - Quality Tests > getWeakAreaQuestions - Edge Cases > handles nonexistent topics gracefully
 ✓ src/test/services/questionService.quality.test.ts > Question Service - Quality Tests > getQuestionCount - Edge Cases > returns count for valid section
 ✓ src/test/services/questionService.quality.test.ts > Question Service - Quality Tests > getQuestionCount - Edge Cases > returns 0 for invalid section
 ✓ src/test/services/questionService.quality.test.ts > Question Service - Quality Tests > getQuestionCount - Edge Cases > returns total count for all sections when no section specified
 ✓ src/test/services/questionService.quality.test.ts > Question Service - Quality Tests > getQuestionStats > returns valid stats object
 ✓ src/test/services/questionService.quality.test.ts > Question Service - Quality Tests > getQuestionStats > bySection contains expected sections
 ✓ src/test/services/questionService.quality.test.ts > Question Service - Quality Tests > getQuestionStats > total equals sum of all section counts
 ✓ src/test/services/questionService.quality.test.ts > Question Service - Quality Tests > getTopicsForSection > returns array of topics for valid section
 ✓ src/test/services/questionService.quality.test.ts > Question Service - Quality Tests > getTopicsForSection > returns sorted topics
 ✓ src/test/services/questionService.quality.test.ts > Question Service - Quality Tests > getTopicsForSection > returns unique topics only
 ✓ src/test/services/questionService.quality.test.ts > Question Service - Quality Tests > clearQuestionCache > clears cache without error
 ✓ src/test/services/questionService.quality.test.ts > Question Service - Quality Tests > clearQuestionCache > cache is cleared and questions can be re-fetched
 ✓ src/test/services/leaderboardService.quality.test.ts > Leaderboard Service - Quality Tests > recordDailyActivity > handles valid activity recording
 ✓ src/test/services/leaderboardService.quality.test.ts > Leaderboard Service - Quality Tests > recordDailyActivity > handles zero questions
 ✓ src/test/services/leaderboardService.quality.test.ts > Leaderboard Service - Quality Tests > recordDailyActivity > handles zero minutes
 ✓ src/test/services/leaderboardService.quality.test.ts > Leaderboard Service - Quality Tests > recordDailyActivity > handles all sections
 ✓ src/test/services/leaderboardService.quality.test.ts > Leaderboard Service - Quality Tests > recordDailyActivity > handles high question count
 ✓ src/test/services/leaderboardService.quality.test.ts > Leaderboard Service - Quality Tests > recordDailyActivity > handles high minutes count
 ✓ src/test/services/leaderboardService.quality.test.ts > Leaderboard Service - Quality Tests > recordDailyActivity > handles empty userId
 ✓ src/test/services/leaderboardService.quality.test.ts > Leaderboard Service - Quality Tests > recordDailyActivity > handles negative questions gracefully
 ✓ src/test/services/leaderboardService.quality.test.ts > Leaderboard Service - Quality Tests > recordDailyActivity > handles negative minutes gracefully
 ✓ src/test/services/leaderboardService.quality.test.ts > Leaderboard Service - Quality Tests > recordStreak > handles valid streak recording
 ✓ src/test/services/leaderboardService.quality.test.ts > Leaderboard Service - Quality Tests > recordStreak > handles zero streak
 ✓ src/test/services/leaderboardService.quality.test.ts > Leaderboard Service - Quality Tests > recordStreak > handles high streak
 ✓ src/test/services/leaderboardService.quality.test.ts > Leaderboard Service - Quality Tests > recordStreak > handles negative streak gracefully
 ✓ src/test/services/leaderboardService.quality.test.ts > Leaderboard Service - Quality Tests > recordStreak > handles empty userId
 ✓ src/test/services/leaderboardService.quality.test.ts > Leaderboard Service - Quality Tests > recordStreak > handles very large streak
 ✓ src/test/services/leaderboardService.quality.test.ts > Leaderboard Service - Quality Tests > getUserRanking > returns ranking object
 ✓ src/test/services/leaderboardService.quality.test.ts > Leaderboard Service - Quality Tests > getUserRanking > returns required percentile fields
 ✓ src/test/services/leaderboardService.quality.test.ts > Leaderboard Service - Quality Tests > getUserRanking > percentiles are between 0 and 100
 ✓ src/test/services/leaderboardService.quality.test.ts > Leaderboard Service - Quality Tests > getUserRanking > handles zero questions
 ✓ src/test/services/leaderboardService.quality.test.ts > Leaderboard Service - Quality Tests > getUserRanking > handles zero minutes
 ✓ src/test/services/leaderboardService.quality.test.ts > Leaderboard Service - Quality Tests > getUserRanking > handles zero streak
 ✓ src/test/services/leaderboardService.quality.test.ts > Leaderboard Service - Quality Tests > getUserRanking > handles all sections
 ✓ src/test/services/leaderboardService.quality.test.ts > Leaderboard Service - Quality Tests > getUserRanking > handles default/fallback section
 ✓ src/test/services/leaderboardService.quality.test.ts > Leaderboard Service - Quality Tests > getUserRanking > handles very high activity
 ✓ src/test/services/leaderboardService.quality.test.ts > Leaderboard Service - Quality Tests > getCommunityStats > returns stats object
 ✓ src/test/services/leaderboardService.quality.test.ts > Leaderboard Service - Quality Tests > getCommunityStats > returns expected fields
 ✓ src/test/services/leaderboardService.quality.test.ts > Leaderboard Service - Quality Tests > getCommunityStats > returns non-negative values
 ✓ src/test/services/leaderboardService.quality.test.ts > Leaderboard Service - Quality Tests > getCommunityStats > returns topStreaks array
 ✓ src/test/services/leaderboardService.quality.test.ts > Leaderboard Service - Quality Tests > getCommunityStats > returns sectionBreakdown object
 ✓ src/test/services/leaderboardService.quality.test.ts > Leaderboard Service - Quality Tests > getMotivationalMessage > returns string message
 ✓ src/test/services/leaderboardService.quality.test.ts > Leaderboard Service - Quality Tests > getMotivationalMessage > returns non-empty message
 ✓ src/test/services/leaderboardService.quality.test.ts > Leaderboard Service - Quality Tests > getMotivationalMessage > handles high percentiles
 ✓ src/test/services/leaderboardService.quality.test.ts > Leaderboard Service - Quality Tests > getMotivationalMessage > handles low percentiles
 ✓ src/test/services/leaderboardService.quality.test.ts > Leaderboard Service - Quality Tests > getMotivationalMessage > handles zero percentiles
 ✓ src/test/services/leaderboardService.quality.test.ts > Leaderboard Service - Quality Tests > getMotivationalMessage > handles 100% percentiles
 ✓ src/test/services/leaderboardService.quality.test.ts > Leaderboard Service - Quality Tests > getMotivationalMessage > works with all sections
 ✓ src/test/services/leaderboardService.quality.test.ts > Leaderboard Service - Quality Tests > getMotivationalMessage > handles partial ranking data
 ✓ src/test/services/achievements.test.js > Achievements Service > ACHIEVEMENTS constant > should have streak achievements
 ✓ src/test/services/achievements.test.js > Achievements Service > ACHIEVEMENTS constant > should have questions achievements
 ✓ src/test/services/achievements.test.js > Achievements Service > ACHIEVEMENTS constant > should have accuracy achievements
 ✓ src/test/services/achievements.test.js > Achievements Service > ACHIEVEMENTS constant > should have required fields for each achievement
 ✓ src/test/services/achievements.test.js > Achievements Service > checkAchievements > should return empty array when no achievements earned
 ✓ src/test/services/achievements.test.js > Achievements Service > checkAchievements > should detect streak achievement
 ✓ src/test/services/achievements.test.js > Achievements Service > checkAchievements > should detect questions achievement
 ✓ src/test/services/achievements.test.js > Achievements Service > checkAchievements > should detect accuracy achievement with min questions
 ✓ src/test/services/achievements.test.js > Achievements Service > checkAchievements > should not detect accuracy achievement without min questions
 ✓ src/test/services/achievements.test.js > Achievements Service > checkAchievements > should not return already earned achievements
 ✓ src/test/services/achievements.test.js > Achievements Service > checkAchievements > should detect perfect session achievement
 ✓ src/test/services/achievements.test.js > Achievements Service > checkAchievements > should detect multiple achievements at once
 ✓ src/test/services/achievements.test.js > Achievements Service > calculateLevel > should return level 1 for 0 XP
 ✓ src/test/services/achievements.test.js > Achievements Service > calculateLevel > should return level 1 for XP < 400
 ✓ src/test/services/achievements.test.js > Achievements Service > calculateLevel > should return level 2 for XP >= 400
 ✓ src/test/services/achievements.test.js > Achievements Service > calculateLevel > should return level 3 for XP >= 900
 ✓ src/test/services/achievements.test.js > Achievements Service > calculateLevel > should calculate next level XP correctly
 ✓ src/test/services/achievements.test.js > Achievements Service > calculateLevel > should calculate progress percentage
 ✓ src/test/services/achievements.test.js > Achievements Service > calculateLevel > should handle high XP values
 ✓ src/test/services/achievements.test.js > Achievements Service > getUnlockedAchievements > should return empty array for no achievements
 ✓ src/test/services/achievements.test.js > Achievements Service > getUnlockedAchievements > should return matching achievements
 ✓ src/test/services/achievements.test.js > Achievements Service > getUnlockedAchievements > should ignore invalid achievement IDs
 ✓ src/test/services/achievements.test.js > Achievements Service > getAchievementsByCategory > should return all achievements for "all" category
 ✓ src/test/services/achievements.test.js > Achievements Service > getAchievementsByCategory > should filter by streak category
 ✓ src/test/services/achievements.test.js > Achievements Service > getAchievementsByCategory > should filter by questions category
 ✓ src/test/services/achievements.test.js > Achievements Service > getAchievementsByCategory > should filter by accuracy category
 ✓ src/test/services/achievements.test.js > Achievements Service > getAchievementsByCategory > should return empty array for invalid category
 ✓ src/test/services/achievements.test.js > Achievements Service > getAchievementProgress > should return 0 for invalid achievement ID
 ✓ src/test/services/achievements.test.js > Achievements Service > getAchievementProgress > should calculate streak progress correctly
 ✓ src/test/services/achievements.test.js > Achievements Service > getAchievementProgress > should calculate questions progress correctly
 ✓ src/test/services/achievements.test.js > Achievements Service > getAchievementProgress > should cap progress at 100%
 ✓ src/test/services/achievements.test.js > Achievements Service > getAchievementProgress > should handle missing stats gracefully
 ✓ src/test/services/achievements.test.js > Achievement Points > should have increasing points for harder achievements
 ✓ src/test/services/achievements.test.js > Achievement Points > should have reasonable point values
 ✓ src/test/services/achievements.test.js > Achievement Categories > should have all required categories
 ✓ src/test/utils/examReadiness.test.ts > examReadiness > calculateExamReadiness > calculates readiness for a well-prepared student
 ✓ src/test/utils/examReadiness.test.ts > examReadiness > calculateExamReadiness > calculates readiness for beginner student
 ✓ src/test/utils/examReadiness.test.ts > examReadiness > calculateExamReadiness > calculates readiness for intermediate student
 ✓ src/test/utils/examReadiness.test.ts > examReadiness > calculateExamReadiness > handles zero questions
 ✓ src/test/utils/examReadiness.test.ts > examReadiness > calculateExamReadiness > handles zero total lessons
 ✓ src/test/utils/examReadiness.test.ts > examReadiness > calculateExamReadiness > caps accuracy score at 100
 ✓ src/test/utils/examReadiness.test.ts > examReadiness > calculateExamReadiness > caps coverage score at 100
 ✓ src/test/utils/examReadiness.test.ts > examReadiness > calculateExamReadiness > caps volume score at 100
 ✓ src/test/utils/examReadiness.test.ts > examReadiness > calculateExamReadiness > rounds overall score
 ✓ src/test/utils/examReadiness.test.ts > examReadiness > calculateExamReadiness > includes all breakdown scores
 ✓ src/test/utils/examReadiness.test.ts > examReadiness > calculateExamReadiness > handles undefined accuracy in stats
 ✓ src/test/utils/examReadiness.test.ts > examReadiness > getStatusText > returns "Exam Ready!" for ready status
 ✓ src/test/utils/examReadiness.test.ts > examReadiness > getStatusText > returns "Almost There" for almost status
 ✓ src/test/utils/examReadiness.test.ts > examReadiness > getStatusText > returns "Keep Studying" for more-study status
 ✓ src/test/utils/examReadiness.test.ts > examReadiness > getStatusColor > returns success color for ready status
 ✓ src/test/utils/examReadiness.test.ts > examReadiness > getStatusColor > returns warning color for almost status
 ✓ src/test/utils/examReadiness.test.ts > examReadiness > getStatusColor > returns primary color for more-study status
 ✓ src/test/utils/examReadiness.test.ts > examReadiness > getStatusBgColor > returns success background for ready status
 ✓ src/test/utils/examReadiness.test.ts > examReadiness > getStatusBgColor > returns warning background for almost status
 ✓ src/test/utils/examReadiness.test.ts > examReadiness > getStatusBgColor > returns primary background for more-study status
 ✓ src/test/utils/examReadiness.test.ts > examReadiness > Type exports > ReadinessData type has correct structure
 ✓ src/test/utils/examReadiness.test.ts > examReadiness > Type exports > TopicStat type has correct structure
 ✓ src/test/utils/examReadiness.test.ts > examReadiness > Type exports > StudyStats type has correct structure
 ✓ src/test/utils/examReadiness.test.ts > examReadiness > Edge cases > handles very high accuracy (100%)
 ✓ src/test/utils/examReadiness.test.ts > examReadiness > Edge cases > handles fractional percentages
 ✓ src/test/utils/examReadiness.test.ts > examReadiness > Edge cases > handles very large numbers
stderr | src/test/services/adaptiveEngineAdapter.test.ts > Adaptive Engine Adapter > recordAnswerToEngine > does not throw on error
Failed to record answer in cpa adaptive engine: Error: boom
    at Proxy.<anonymous> (/workspaces/passcpa/src/test/services/adaptiveEngineAdapter.test.ts:151:83)
    at Proxy.mockCall (file:///workspaces/passcpa/node_modules/@vitest/spy/dist/index.js:50:17)
    at Proxy.spy (file:///workspaces/passcpa/node_modules/tinyspy/dist/index.js:42:80)
    at Module.recordAnswerToEngine (/workspaces/passcpa/src/services/adaptiveEngineAdapter.ts:47:16)
    at processTicksAndRejections (node:internal/process/task_queues:103:5)
    at /workspaces/passcpa/src/test/services/adaptiveEngineAdapter.test.ts:153:7
    at runTest (file:///workspaces/passcpa/node_modules/@vitest/runner/dist/index.js:781:11)
    at runSuite (file:///workspaces/passcpa/node_modules/@vitest/runner/dist/index.js:909:15)
    at runSuite (file:///workspaces/passcpa/node_modules/@vitest/runner/dist/index.js:909:15)
    at runSuite (file:///workspaces/passcpa/node_modules/@vitest/runner/dist/index.js:909:15)

stderr | src/test/services/adaptiveEngineAdapter.test.ts > Adaptive Engine Adapter > recordAnswerToEngine > handles unknown courseId gracefully
No adaptive engine for course: xxx

stderr | src/test/services/adaptiveEngineAdapter.test.ts > Adaptive Engine Adapter > selectQuestionsFromEngine > returns empty array for unknown courseId
No adaptive engine for course: xxx

stderr | src/test/services/adaptiveEngineAdapter.test.ts > Adaptive Engine Adapter > selectQuestionsFromEngine > returns empty array on error
Failed to select questions via cpa adaptive engine: Error: boom
    at Proxy.<anonymous> (/workspaces/passcpa/src/test/services/adaptiveEngineAdapter.test.ts:205:78)
    at Proxy.mockCall (file:///workspaces/passcpa/node_modules/@vitest/spy/dist/index.js:50:17)
    at Proxy.spy (file:///workspaces/passcpa/node_modules/tinyspy/dist/index.js:42:80)
    at Module.selectQuestionsFromEngine (/workspaces/passcpa/src/services/adaptiveEngineAdapter.ts:166:32)
    at processTicksAndRejections (node:internal/process/task_queues:103:5)
    at /workspaces/passcpa/src/test/services/adaptiveEngineAdapter.test.ts:206:22
    at runTest (file:///workspaces/passcpa/node_modules/@vitest/runner/dist/index.js:781:11)
    at runSuite (file:///workspaces/passcpa/node_modules/@vitest/runner/dist/index.js:909:15)
    at runSuite (file:///workspaces/passcpa/node_modules/@vitest/runner/dist/index.js:909:15)
    at runSuite (file:///workspaces/passcpa/node_modules/@vitest/runner/dist/index.js:909:15)

 ✓ src/test/services/adaptiveEngineAdapter.test.ts > Adaptive Engine Adapter > recordAnswerToEngine > routes to CPA engine
 ✓ src/test/services/adaptiveEngineAdapter.test.ts > Adaptive Engine Adapter > recordAnswerToEngine > routes to EA engine
 ✓ src/test/services/adaptiveEngineAdapter.test.ts > Adaptive Engine Adapter > recordAnswerToEngine > routes to CMA engine
 ✓ src/test/services/adaptiveEngineAdapter.test.ts > Adaptive Engine Adapter > recordAnswerToEngine > routes to CIA engine via recordAnswerToCore
 ✓ src/test/services/adaptiveEngineAdapter.test.ts > Adaptive Engine Adapter > recordAnswerToEngine > routes to CISA engine
 ✓ src/test/services/adaptiveEngineAdapter.test.ts > Adaptive Engine Adapter > recordAnswerToEngine > routes to CFP engine
 ✓ src/test/services/adaptiveEngineAdapter.test.ts > Adaptive Engine Adapter > recordAnswerToEngine > does not throw on error
 ✓ src/test/services/adaptiveEngineAdapter.test.ts > Adaptive Engine Adapter > recordAnswerToEngine > handles unknown courseId gracefully
 ✓ src/test/services/adaptiveEngineAdapter.test.ts > Adaptive Engine Adapter > selectQuestionsFromEngine > selects questions via CPA engine
 ✓ src/test/services/adaptiveEngineAdapter.test.ts > Adaptive Engine Adapter > selectQuestionsFromEngine > selects questions via EA engine
 ✓ src/test/services/adaptiveEngineAdapter.test.ts > Adaptive Engine Adapter > selectQuestionsFromEngine > selects questions via CMA engine
 ✓ src/test/services/adaptiveEngineAdapter.test.ts > Adaptive Engine Adapter > selectQuestionsFromEngine > selects questions via CIA engine (uses core)
 ✓ src/test/services/adaptiveEngineAdapter.test.ts > Adaptive Engine Adapter > selectQuestionsFromEngine > selects questions via CISA engine
 ✓ src/test/services/adaptiveEngineAdapter.test.ts > Adaptive Engine Adapter > selectQuestionsFromEngine > selects questions via CFP engine
 ✓ src/test/services/adaptiveEngineAdapter.test.ts > Adaptive Engine Adapter > selectQuestionsFromEngine > returns empty array for unknown courseId
 ✓ src/test/services/adaptiveEngineAdapter.test.ts > Adaptive Engine Adapter > selectQuestionsFromEngine > returns empty array on error
 ✓ src/test/services/adaptiveEngineAdapter.test.ts > Adaptive Engine Adapter > selectQuestionsFromEngine > uses default options when none provided
stderr | src/test/components/pages/Landing.test.tsx > Landing > rendering > should render the landing page
Warning: React does not recognize the `fetchPriority` prop on a DOM element. If you intentionally want it to appear in the DOM as a custom attribute, spell it as lowercase `fetchpriority` instead. If you accidentally passed it from a parent component, remove it from the DOM element.
    at img
    at a
    at LinkWithRef (/workspaces/passcpa/node_modules/react-router-dom/dist/umd/react-router-dom.development.js:814:9)
    at div
    at div
    at nav
    at div
    at ExamLandingTemplate (/workspaces/passcpa/src/components/pages/landing/ExamLandingTemplate.tsx:21:32)
    at CPALandingNew (/workspaces/passcpa/src/components/pages/landing/CPALandingNew.tsx:12:25)
    at Router (/workspaces/passcpa/node_modules/react-router/dist/umd/react-router.development.js:1207:17)
    at BrowserRouter (/workspaces/passcpa/node_modules/react-router-dom/dist/umd/react-router-dom.development.js:695:7)
⚠️ React Router Future Flag Warning: React Router will begin wrapping state updates in `React.startTransition` in v7. You can use the `v7_startTransition` future flag to opt-in early. For more information, see https://reactrouter.com/v6/upgrading/future#v7_starttransition.
⚠️ React Router Future Flag Warning: Relative route resolution within Splat routes is changing in v7. You can use the `v7_relativeSplatPath` future flag to opt-in early. For more information, see https://reactrouter.com/v6/upgrading/future#v7_relativesplatpath.

 ✓ src/test/components/pages/Landing.test.tsx > Landing > rendering > should render the landing page
 ✓ src/test/components/pages/Landing.test.tsx > Landing > rendering > should display VoraPrep branding
 ✓ src/test/components/pages/Landing.test.tsx > Landing > rendering > should have a hero section with CTA
 ✓ src/test/components/pages/Landing.test.tsx > Landing > rendering > should have navigation links 326ms
 ✓ src/test/components/pages/Landing.test.tsx > Landing > waitlist form > should have email input for waitlist
 ✓ src/test/components/pages/Landing.test.tsx > Landing > waitlist form > should handle waitlist submission
 ✓ src/test/components/pages/Landing.test.tsx > Landing > waitlist form > should validate email before submission
 ✓ src/test/components/pages/Landing.test.tsx > Landing > waitlist form > should show success message after submission
 ✓ src/test/components/pages/Landing.test.tsx > Landing > waitlist form > should handle submission error gracefully
 ✓ src/test/components/pages/Landing.test.tsx > Landing > competitor comparison > should display comparison table
 ✓ src/test/components/pages/Landing.test.tsx > Landing > competitor comparison > should highlight VoraPrep advantages
 ✓ src/test/components/pages/Landing.test.tsx > Landing > features section > should display key features
 ✓ src/test/components/pages/Landing.test.tsx > Landing > features section > should have feature icons
 ✓ src/test/components/pages/Landing.test.tsx > Landing > animated counter > should render without crashing
 ✓ src/test/components/pages/Landing.test.tsx > Landing > responsive design > should render on mobile viewport
 ✓ src/test/components/pages/Landing.test.tsx > Landing > responsive design > should have mobile navigation
 ✓ src/test/components/pages/Landing.test.tsx > Landing > CTA buttons > should have primary CTA button
 ✓ src/test/components/pages/Landing.test.tsx > Landing > CTA buttons > should have links to signup/login
 ✓ src/test/components/pages/Landing.test.tsx > Landing > SEO elements > should have heading structure
 ✓ src/test/components/pages/Landing.test.tsx > Landing > footer > should have footer with links
stdout | src/test/components/pages/LessonMatrix.test.tsx > LessonMatrix module > exports LessonMatrix component
VoraPrep Lesson Matrix loaded.
Total Lessons: 303
OBBBA-Affected Lessons: 31
Lessons with Blueprint Differences: 17
Total Study Hours: ~228 hours

 ✓ src/test/components/pages/LessonMatrix.test.tsx > LessonMatrix module > exports LessonMatrix component
 ✓ src/test/components/pages/LessonMatrix.test.tsx > Lesson utilities > getAllLessons > returns array of lessons 1476ms
 ✓ src/test/components/pages/LessonMatrix.test.tsx > Lesson utilities > getAllLessons > each lesson has required properties
 ✓ src/test/components/pages/LessonMatrix.test.tsx > Lesson utilities > getAllLessons > lessons have valid sections
 ✓ src/test/components/pages/LessonMatrix.test.tsx > Lesson utilities > LESSON_MATRIX > exports lesson matrix data
 ✓ src/test/components/pages/LessonMatrix.test.tsx > Lesson utilities > LESSON_MATRIX > exports getObbbaAffectedLessons
 ✓ src/test/components/pages/LessonMatrix.test.tsx > Lesson utilities > LESSON_MATRIX > exports getDifferingLessons
 ✓ src/test/components/pages/LessonMatrix.test.tsx > Lesson utilities > LESSON_MATRIX > exports getLessonBlueprintVersion
 ✓ src/test/components/pages/LessonMatrix.test.tsx > Lesson utilities > LESSON_MATRIX > getObbbaAffectedLessons returns array
 ✓ src/test/components/pages/LessonMatrix.test.tsx > Lesson utilities > LESSON_MATRIX > getDifferingLessons returns array
 ✓ src/test/components/pages/LessonMatrix.test.tsx > Lesson utilities > LESSON_MATRIX > each matrix entry has lessonId
 ✓ src/test/components/pages/LessonMatrix.test.tsx > Lesson utilities > LESSON_MATRIX > getLessonBlueprintVersion returns valid version status
 ✓ src/test/components/pages/LessonMatrix.test.tsx > LessonMatrix blueprint version logic > lessons have blueprint area defined
 ✓ src/test/components/pages/LessonMatrix.test.tsx > LessonMatrix blueprint version logic > lessons have skill levels defined
 ✓ src/test/components/pages/LessonMatrix.test.tsx > LessonMatrix blueprint version logic > lessons can have transition notes for differences
 ✓ src/test/components/pages/LessonMatrix.test.tsx > LessonMatrix blueprint version logic > lessons can have study2025/study2026 for version differences
 ✓ src/test/components/pages/LessonMatrix.test.tsx > OBBBA (H.R.1) affected lessons > returns lessons affected by tax law changes
 ✓ src/test/components/pages/LessonMatrix.test.tsx > OBBBA (H.R.1) affected lessons > OBBBA affected lessons are primarily in REG section
 ✓ src/test/components/pages/LessonMatrix.test.tsx > OBBBA (H.R.1) affected lessons > OBBBA entries have optional transition notes
 ✓ src/test/components/pages/LessonMatrix.test.tsx > Lesson delivery methods > lessons have content sections
 ✓ src/test/components/pages/LessonMatrix.test.tsx > Lesson delivery methods > content sections have valid types
 ✓ src/test/components/pages/LessonMatrix.test.tsx > Lesson difficulty levels > lessons have valid difficulty levels
 ✓ src/test/components/pages/LessonMatrix.test.tsx > Lesson estimated time > lessons have duration
 ✓ src/test/components/pages/LessonMatrix.test.tsx > getCurrentBlueprint function > returns 2025 or 2026 based on date
 ✓ src/test/services/subscription.quality.test.ts > Subscription Plans - Launch State > confirms we are NOT in beta period (beta has ended)
 ✓ src/test/services/subscription.quality.test.ts > Subscription Plans - Launch State > Free tier (14-day trial with full access) > has unlimited questions during trial
 ✓ src/test/services/subscription.quality.test.ts > Subscription Plans - Launch State > Free tier (14-day trial with full access) > has unlimited AI tutor messages during trial
 ✓ src/test/services/subscription.quality.test.ts > Subscription Plans - Launch State > Free tier (14-day trial with full access) > includes TBS access during trial
 ✓ src/test/services/subscription.quality.test.ts > Subscription Plans - Launch State > Free tier (14-day trial with full access) > includes offline mode during trial
 ✓ src/test/services/subscription.quality.test.ts > Subscription Plans - Launch State > Free tier (14-day trial with full access) > includes progress analytics during trial
 ✓ src/test/services/subscription.quality.test.ts > Subscription Plans - Launch State > Free tier (14-day trial with full access) > includes study plans during trial
 ✓ src/test/services/subscription.quality.test.ts > Subscription Plans - Launch State > Free tier (14-day trial with full access) > has unlimited exam sections during trial
 ✓ src/test/services/subscription.quality.test.ts > Subscription Plans - Structure > Monthly tier limits > has unlimited questions per day
 ✓ src/test/services/subscription.quality.test.ts > Subscription Plans - Structure > Monthly tier limits > has unlimited AI tutor messages
 ✓ src/test/services/subscription.quality.test.ts > Subscription Plans - Structure > Monthly tier limits > includes TBS access
 ✓ src/test/services/subscription.quality.test.ts > Subscription Plans - Structure > Monthly tier limits > includes offline mode
 ✓ src/test/services/subscription.quality.test.ts > Subscription Plans - Structure > Monthly tier limits > includes progress analytics
 ✓ src/test/services/subscription.quality.test.ts > Subscription Plans - Structure > Monthly tier limits > includes study plans
 ✓ src/test/services/subscription.quality.test.ts > Subscription Plans - Structure > Monthly tier limits > has access to all exam sections
 ✓ src/test/services/subscription.quality.test.ts > Subscription Plans - Structure > All paid tiers have same premium limits > monthly tier > has unlimited questions
 ✓ src/test/services/subscription.quality.test.ts > Subscription Plans - Structure > All paid tiers have same premium limits > monthly tier > has unlimited AI messages
 ✓ src/test/services/subscription.quality.test.ts > Subscription Plans - Structure > All paid tiers have same premium limits > monthly tier > has TBS access
 ✓ src/test/services/subscription.quality.test.ts > Subscription Plans - Structure > All paid tiers have same premium limits > quarterly tier > has unlimited questions
 ✓ src/test/services/subscription.quality.test.ts > Subscription Plans - Structure > All paid tiers have same premium limits > quarterly tier > has unlimited AI messages
 ✓ src/test/services/subscription.quality.test.ts > Subscription Plans - Structure > All paid tiers have same premium limits > quarterly tier > has TBS access
 ✓ src/test/services/subscription.quality.test.ts > Subscription Plans - Structure > All paid tiers have same premium limits > annual tier > has unlimited questions
 ✓ src/test/services/subscription.quality.test.ts > Subscription Plans - Structure > All paid tiers have same premium limits > annual tier > has unlimited AI messages
 ✓ src/test/services/subscription.quality.test.ts > Subscription Plans - Structure > All paid tiers have same premium limits > annual tier > has TBS access
 ✓ src/test/services/subscription.quality.test.ts > Subscription Plans - Structure > All paid tiers have same premium limits > lifetime tier > has unlimited questions
 ✓ src/test/services/subscription.quality.test.ts > Subscription Plans - Structure > All paid tiers have same premium limits > lifetime tier > has unlimited AI messages
 ✓ src/test/services/subscription.quality.test.ts > Subscription Plans - Structure > All paid tiers have same premium limits > lifetime tier > has TBS access
 ✓ src/test/services/subscription.quality.test.ts > Pricing Structure > free tier is $0
 ✓ src/test/services/subscription.quality.test.ts > Pricing Structure > monthly tier has reasonable price
 ✓ src/test/services/subscription.quality.test.ts > Pricing Structure > quarterly tier is legacy plan (no longer offered)
 ✓ src/test/services/subscription.quality.test.ts > Pricing Structure > annual tier saves money vs monthly
 ✓ src/test/services/subscription.quality.test.ts > Pricing Structure > lifetime tier is legacy plan (no longer offered)
 ✓ src/test/services/subscription.quality.test.ts > Plan Features Array > all plans have features array
 ✓ src/test/services/subscription.quality.test.ts > Plan Features Array > annual plan mentions savings
 ✓ src/test/services/subscription.quality.test.ts > Plan Features Array > lifetime plan mentions legacy status
 ✓ src/test/services/subscription.quality.test.ts > Plan Features Array > beta free tier mentions all features unlocked
 ✓ src/test/services/subscription.quality.test.ts > Plan Metadata > all plans have correct tier field
 ✓ src/test/services/subscription.quality.test.ts > Plan Metadata > all plans have name
 ✓ src/test/services/subscription.quality.test.ts > Plan Metadata > paid plans have valid interval
 ✓ src/test/services/subscription.quality.test.ts > Plan Metadata > free tier has null interval
 ✓ src/test/services/subscription.quality.test.ts > Plan Limit Type Consistency > questionsPerDay is number for all plans
 ✓ src/test/services/subscription.quality.test.ts > Plan Limit Type Consistency > aiTutorMessages is number for all plans
 ✓ src/test/services/subscription.quality.test.ts > Plan Limit Type Consistency > boolean features are consistent
 ✓ src/test/services/subscription.quality.test.ts > Business Logic - Limit Calculations > with Infinity limits (beta/premium) > Infinity limit always allows more actions
 ✓ src/test/services/subscription.quality.test.ts > Business Logic - Limit Calculations > with Infinity limits (beta/premium) > remaining is Infinity when limit is Infinity
 ✓ src/test/services/subscription.quality.test.ts > Business Logic - Limit Calculations > limit enforcement logic (for when beta ends) > can check if user has reached a finite limit
 ✓ src/test/services/subscription.quality.test.ts > Business Logic - Limit Calculations > limit enforcement logic (for when beta ends) > can calculate remaining actions
 ✓ src/test/services/subscription.quality.test.ts > Business Logic - Limit Calculations > limit enforcement logic (for when beta ends) > remaining never goes negative
 ✓ src/test/services/subscription.quality.test.ts > Business Logic - Limit Calculations > Feature access checks > boolean true means has access
 ✓ src/test/services/subscription.quality.test.ts > Business Logic - Limit Calculations > Feature access checks > "unlimited" string means full section access
stderr | src/test/components/TBSSimulator.test.jsx > TBS Simulator Component > Initial Render > should render the TBS simulator page
Error fetching TBS history: TypeError: Cannot read properties of undefined (reading 'docs')
    at Module.getTBSHistory (/workspaces/passcpa/src/services/questionHistoryService.ts:402:21)
    at processTicksAndRejections (node:internal/process/task_queues:103:5)

 ✓ src/test/components/TBSSimulator.test.jsx > TBS Simulator Component > Initial Render > should render the TBS simulator page
stderr | src/test/components/TBSSimulator.test.jsx > TBS Simulator Component > Initial Render > should display section selector or simulation
Error fetching TBS history: TypeError: Cannot read properties of undefined (reading 'docs')
    at Module.getTBSHistory (/workspaces/passcpa/src/services/questionHistoryService.ts:402:21)

 ✓ src/test/components/TBSSimulator.test.jsx > TBS Simulator Component > Initial Render > should display section selector or simulation
 ✓ src/test/components/TBSSimulator.test.jsx > TBS Simulator Component > TBS Types Support > should support journal entry type
 ✓ src/test/components/TBSSimulator.test.jsx > TBS Simulator Component > TBS Types Support > should support calculation type
 ✓ src/test/components/TBSSimulator.test.jsx > TBS Simulator Component > TBS Types Support > should support multiple choice type
 ✓ src/test/components/TBSSimulator.test.jsx > TBS Simulator Component > TBS Types Support > should support written communication type
 ✓ src/test/components/TBSSimulator.test.jsx > TBS Simulator Component > TBS Types Support > should support reconciliation type
 ✓ src/test/components/TBSSimulator.test.jsx > TBS Simulator Component > TBS Types Support > should support document review type
 ✓ src/test/components/TBSSimulator.test.jsx > TBS Simulator Component > TBS Types Support > should support research type
 ✓ src/test/components/TBSSimulator.test.jsx > TBS Simulator Component > TBS Types Support > should support form completion type
 ✓ src/test/components/TBSSimulator.test.jsx > TBS Simulator Component > TBS Type Labels > should have labels for all TBS types
 ✓ src/test/components/TBSSimulator.test.jsx > Journal Entry Input Component > should have account, debit, and credit fields
 ✓ src/test/components/TBSSimulator.test.jsx > Journal Entry Input Component > should support adding rows
 ✓ src/test/components/TBSSimulator.test.jsx > Journal Entry Input Component > should support removing rows
 ✓ src/test/components/TBSSimulator.test.jsx > Calculation Input Component > should validate numeric input
 ✓ src/test/components/TBSSimulator.test.jsx > Calculation Input Component > should handle tolerance for answers
 ✓ src/test/components/TBSSimulator.test.jsx > Calculation Input Component > should reject answers outside tolerance
 ✓ src/test/components/TBSSimulator.test.jsx > Multiple Choice Input Component > should support multiple options
 ✓ src/test/components/TBSSimulator.test.jsx > Multiple Choice Input Component > should validate correct answer
 ✓ src/test/components/TBSSimulator.test.jsx > Multiple Choice Input Component > should identify wrong answer
 ✓ src/test/components/TBSSimulator.test.jsx > Written Communication Input Component > should support text input
 ✓ src/test/components/TBSSimulator.test.jsx > Written Communication Input Component > should have rubric categories
 ✓ src/test/components/TBSSimulator.test.jsx > TBS Timing > should track estimated time
 ✓ src/test/components/TBSSimulator.test.jsx > TBS Timing > should support different difficulty levels
 ✓ src/test/components/TBSSimulator.test.jsx > TBS Hints System > should support multiple hints
 ✓ src/test/components/TBSSimulator.test.jsx > TBS Hints System > should provide hints on demand
stdout | src/test/services/analytics.quality.test.ts > Analytics Service - Quality Tests > initAnalytics - Initialization Edge Cases > handles missing window gracefully in SSR context
Analytics initialized with Consent Mode V2

 ✓ src/test/services/analytics.quality.test.ts > Analytics Service - Quality Tests > initAnalytics - Initialization Edge Cases > handles missing window gracefully in SSR context
 ✓ src/test/services/analytics.quality.test.ts > Analytics Service - Quality Tests > initAnalytics - Initialization Edge Cases > respects Do Not Track preference
 ✓ src/test/services/analytics.quality.test.ts > Analytics Service - Quality Tests > initAnalytics - Initialization Edge Cases > handles repeated initialization calls (idempotent)
 ✓ src/test/services/analytics.quality.test.ts > Analytics Service - Quality Tests > trackPageView - Edge Cases > handles empty path gracefully
 ✓ src/test/services/analytics.quality.test.ts > Analytics Service - Quality Tests > trackPageView - Edge Cases > handles empty title gracefully
 ✓ src/test/services/analytics.quality.test.ts > Analytics Service - Quality Tests > trackPageView - Edge Cases > handles very long path strings
 ✓ src/test/services/analytics.quality.test.ts > Analytics Service - Quality Tests > trackPageView - Edge Cases > handles special characters in path
 ✓ src/test/services/analytics.quality.test.ts > Analytics Service - Quality Tests > trackPageView - Edge Cases > handles unicode in title
 ✓ src/test/services/analytics.quality.test.ts > Analytics Service - Quality Tests > trackPageView - Edge Cases > handles null-like values without crash
 ✓ src/test/services/analytics.quality.test.ts > Analytics Service - Quality Tests > trackEvent - Edge Cases > handles empty event name
 ✓ src/test/services/analytics.quality.test.ts > Analytics Service - Quality Tests > trackEvent - Edge Cases > handles event name with spaces
 ✓ src/test/services/analytics.quality.test.ts > Analytics Service - Quality Tests > trackEvent - Edge Cases > handles empty params object
 ✓ src/test/services/analytics.quality.test.ts > Analytics Service - Quality Tests > trackEvent - Edge Cases > handles deeply nested params
 ✓ src/test/services/analytics.quality.test.ts > Analytics Service - Quality Tests > trackEvent - Edge Cases > handles circular reference in params gracefully
 ✓ src/test/services/analytics.quality.test.ts > Analytics Service - Quality Tests > trackEvent - Edge Cases > handles params with undefined values
 ✓ src/test/services/analytics.quality.test.ts > Analytics Service - Quality Tests > trackEvent - Edge Cases > handles params with null values
 ✓ src/test/services/analytics.quality.test.ts > Analytics Service - Quality Tests > trackEvent - Edge Cases > handles params with very large numbers
 ✓ src/test/services/analytics.quality.test.ts > Analytics Service - Quality Tests > analytics.startStudySession - Edge Cases > handles empty section
 ✓ src/test/services/analytics.quality.test.ts > Analytics Service - Quality Tests > analytics.startStudySession - Edge Cases > handles empty mode
 ✓ src/test/services/analytics.quality.test.ts > Analytics Service - Quality Tests > analytics.startStudySession - Edge Cases > handles invalid section value
 ✓ src/test/services/analytics.quality.test.ts > Analytics Service - Quality Tests > analytics.completeStudySession - Edge Cases > handles zero duration
 ✓ src/test/services/analytics.quality.test.ts > Analytics Service - Quality Tests > analytics.completeStudySession - Edge Cases > handles negative duration (bug scenario)
 ✓ src/test/services/analytics.quality.test.ts > Analytics Service - Quality Tests > analytics.completeStudySession - Edge Cases > handles score over 100
 ✓ src/test/services/analytics.quality.test.ts > Analytics Service - Quality Tests > analytics.completeStudySession - Edge Cases > handles negative score
 ✓ src/test/services/analytics.quality.test.ts > Analytics Service - Quality Tests > analytics.completeStudySession - Edge Cases > handles NaN values
 ✓ src/test/services/analytics.quality.test.ts > Analytics Service - Quality Tests > analytics.answerQuestion - Edge Cases > handles undefined section
 ✓ src/test/services/analytics.quality.test.ts > Analytics Service - Quality Tests > analytics.answerQuestion - Edge Cases > handles empty topic
 ✓ src/test/services/analytics.quality.test.ts > Analytics Service - Quality Tests > analytics.completePractice - Boundary Conditions > handles zero total (division by zero scenario)
 ✓ src/test/services/analytics.quality.test.ts > Analytics Service - Quality Tests > analytics.completePractice - Boundary Conditions > handles more correct than total (invalid state)
 ✓ src/test/services/analytics.quality.test.ts > Analytics Service - Quality Tests > analytics.completePractice - Boundary Conditions > handles negative counts
 ✓ src/test/services/analytics.quality.test.ts > Analytics Service - Quality Tests > analytics.maintainStreak - Edge Cases > handles zero day streak
 ✓ src/test/services/analytics.quality.test.ts > Analytics Service - Quality Tests > analytics.maintainStreak - Edge Cases > handles very large streak
 ✓ src/test/services/analytics.quality.test.ts > Analytics Service - Quality Tests > analytics.maintainStreak - Edge Cases > handles negative streak (invalid state)
 ✓ src/test/services/analytics.quality.test.ts > Analytics Service - Quality Tests > analytics.loseStreak - Edge Cases > handles zero previous days
 ✓ src/test/services/analytics.quality.test.ts > Analytics Service - Quality Tests > analytics.loseStreak - Edge Cases > handles single day streak lost
 ✓ src/test/services/analytics.quality.test.ts > Analytics Service - Quality Tests > analytics.completeOnboarding - Edge Cases > handles null exam date
 ✓ src/test/services/analytics.quality.test.ts > Analytics Service - Quality Tests > analytics.completeOnboarding - Edge Cases > handles Date object exam date
 ✓ src/test/services/analytics.quality.test.ts > Analytics Service - Quality Tests > analytics.completeOnboarding - Edge Cases > handles string exam date
 ✓ src/test/services/analytics.quality.test.ts > Analytics Service - Quality Tests > analytics.completeOnboarding - Edge Cases > handles past exam date
 ✓ src/test/services/analytics.quality.test.ts > Analytics Service - Quality Tests > analytics.trackError - Edge Cases > handles empty error message
 ✓ src/test/services/analytics.quality.test.ts > Analytics Service - Quality Tests > analytics.trackError - Edge Cases > handles empty component name
 ✓ src/test/services/analytics.quality.test.ts > Analytics Service - Quality Tests > analytics.trackError - Edge Cases > handles very long error message
 ✓ src/test/services/analytics.quality.test.ts > Analytics Service - Quality Tests > analytics.trackError - Edge Cases > handles special characters in error
 ✓ src/test/utils/examReadiness.quality.test.ts > Exam Readiness Calculation > calculateExamReadiness > Component Score Calculations > calculates accuracy component correctly (35% weight)
 ✓ src/test/utils/examReadiness.quality.test.ts > Exam Readiness Calculation > calculateExamReadiness > Component Score Calculations > caps accuracy score at 100
 ✓ src/test/utils/examReadiness.quality.test.ts > Exam Readiness Calculation > calculateExamReadiness > Component Score Calculations > calculates coverage component based on topics practiced (25% weight)
 ✓ src/test/utils/examReadiness.quality.test.ts > Exam Readiness Calculation > calculateExamReadiness > Component Score Calculations > calculates volume component correctly (20% weight)
 ✓ src/test/utils/examReadiness.quality.test.ts > Exam Readiness Calculation > calculateExamReadiness > Component Score Calculations > calculates lessons component correctly (20% weight)
 ✓ src/test/utils/examReadiness.quality.test.ts > Exam Readiness Calculation > calculateExamReadiness > Overall Score and Status > returns "ready" status for score >= 80
 ✓ src/test/utils/examReadiness.quality.test.ts > Exam Readiness Calculation > calculateExamReadiness > Overall Score and Status > returns "almost" status for score >= 60 and < 80
 ✓ src/test/utils/examReadiness.quality.test.ts > Exam Readiness Calculation > calculateExamReadiness > Overall Score and Status > returns "more-study" status for score < 60
 ✓ src/test/utils/examReadiness.quality.test.ts > Exam Readiness Calculation > calculateExamReadiness > Edge Cases > handles zero topics gracefully
 ✓ src/test/utils/examReadiness.quality.test.ts > Exam Readiness Calculation > calculateExamReadiness > Edge Cases > handles zero lessons completed
 ✓ src/test/utils/examReadiness.quality.test.ts > Exam Readiness Calculation > calculateExamReadiness > Edge Cases > handles zero total lessons
 ✓ src/test/utils/examReadiness.quality.test.ts > Exam Readiness Calculation > calculateExamReadiness > Edge Cases > handles zero accuracy
 ✓ src/test/utils/examReadiness.quality.test.ts > Exam Readiness Calculation > calculateExamReadiness > Edge Cases > handles maximum values without errors
 ✓ src/test/utils/examReadiness.quality.test.ts > Exam Readiness Calculation > calculateExamReadiness > Score Weighting > uses correct weights (25/15/20/20/20 with TBS)
 ✓ src/test/utils/examReadiness.quality.test.ts > Exam Readiness Calculation > Status Helper Functions > getStatusText > returns correct text for "ready" status
 ✓ src/test/utils/examReadiness.quality.test.ts > Exam Readiness Calculation > Status Helper Functions > getStatusText > returns correct text for "almost" status
 ✓ src/test/utils/examReadiness.quality.test.ts > Exam Readiness Calculation > Status Helper Functions > getStatusText > returns correct text for "more-study" status
 ✓ src/test/utils/examReadiness.quality.test.ts > Exam Readiness Calculation > Status Helper Functions > getStatusColor > returns different colors for each status
 ✓ src/test/utils/examReadiness.quality.test.ts > Exam Readiness Calculation > Status Helper Functions > getStatusColor > returns green-ish color for ready
 ✓ src/test/utils/examReadiness.quality.test.ts > Exam Readiness Calculation > Status Helper Functions > getStatusColor > returns yellow-ish color for almost
 ✓ src/test/utils/examReadiness.quality.test.ts > Exam Readiness Calculation > Status Helper Functions > getStatusBgColor > returns different bg colors for each status
 ✓ src/test/services/tbsService.quality.test.ts > TBS Service - Quality Tests > fetchAllTBS - Edge Cases > returns an array 448ms
 ✓ src/test/services/tbsService.quality.test.ts > TBS Service - Quality Tests > fetchAllTBS - Edge Cases > returns TBS sorted by section then title
 ✓ src/test/services/tbsService.quality.test.ts > TBS Service - Quality Tests > fetchAllTBS - Edge Cases > caches results on subsequent calls
 ✓ src/test/services/tbsService.quality.test.ts > TBS Service - Quality Tests > fetchTBSBySection - Edge Cases > returns TBS for each valid section
 ✓ src/test/services/tbsService.quality.test.ts > TBS Service - Quality Tests > fetchTBSBySection - Edge Cases > returns array for invalid section
 ✓ src/test/services/tbsService.quality.test.ts > TBS Service - Quality Tests > fetchTBSBySection - Edge Cases > handles lowercase section input
 ✓ src/test/services/tbsService.quality.test.ts > TBS Service - Quality Tests > fetchTBSBySection - Edge Cases > handles empty string section
 ✓ src/test/services/tbsService.quality.test.ts > TBS Service - Quality Tests > fetchTBSById - Edge Cases > returns null for non-existent ID
 ✓ src/test/services/tbsService.quality.test.ts > TBS Service - Quality Tests > fetchTBSById - Edge Cases > returns null for empty string ID
 ✓ src/test/services/tbsService.quality.test.ts > TBS Service - Quality Tests > fetchTBSById - Edge Cases > finds existing TBS by ID
 ✓ src/test/services/tbsService.quality.test.ts > TBS Service - Quality Tests > fetchTBSById - Edge Cases > handles special characters in ID
 ✓ src/test/services/tbsService.quality.test.ts > TBS Service - Quality Tests > getTBSStats > returns array of section stats
 ✓ src/test/services/tbsService.quality.test.ts > TBS Service - Quality Tests > getTBSStats > each stat has section and count
 ✓ src/test/services/tbsService.quality.test.ts > TBS Service - Quality Tests > getTBSStats > counts are non-negative
 ✓ src/test/services/tbsService.quality.test.ts > TBS Service - Quality Tests > fetchTBSByType - Edge Cases > returns array for valid type
 ✓ src/test/services/tbsService.quality.test.ts > TBS Service - Quality Tests > fetchTBSByType - Edge Cases > returns empty array for invalid type
 ✓ src/test/services/tbsService.quality.test.ts > TBS Service - Quality Tests > fetchTBSByType - Edge Cases > handles empty string type
 ✓ src/test/services/tbsService.quality.test.ts > TBS Service - Quality Tests > searchTBS - Edge Cases > handles empty search query
 ✓ src/test/services/tbsService.quality.test.ts > TBS Service - Quality Tests > searchTBS - Edge Cases > handles single character query
 ✓ src/test/services/tbsService.quality.test.ts > TBS Service - Quality Tests > searchTBS - Edge Cases > is case-insensitive
 ✓ src/test/services/tbsService.quality.test.ts > TBS Service - Quality Tests > searchTBS - Edge Cases > searches in title, scenario, and section
 ✓ src/test/services/tbsService.quality.test.ts > TBS Service - Quality Tests > searchTBS - Edge Cases > handles special characters in query
 ✓ src/test/services/tbsService.quality.test.ts > TBS Service - Quality Tests > searchTBS - Edge Cases > handles very long query string
 ✓ src/test/services/tbsService.quality.test.ts > TBS Service - Quality Tests > getTBSCount - Edge Cases > returns total count when no section specified
 ✓ src/test/services/tbsService.quality.test.ts > TBS Service - Quality Tests > getTBSCount - Edge Cases > returns count for specific section
 ✓ src/test/services/tbsService.quality.test.ts > TBS Service - Quality Tests > getTBSCount - Edge Cases > returns number for invalid section
 ✓ src/test/services/tbsService.quality.test.ts > TBS Service - Quality Tests > clearTBSCache > clears cache without error
 ✓ src/test/services/tbsService.quality.test.ts > TBS Service - Quality Tests > clearTBSCache > cache is cleared and TBS can be re-fetched
 ✓ src/test/services/tbsService.quality.test.ts > TBS Service - Quality Tests > clearTBSCache > multiple cache clears are idempotent
stdout | src/test/services/performance.test.ts > performance.ts - classifyMetric > should classify metrics correctly when callback is invoked
[Performance] Web Vitals monitoring initialized
[Web Vital] CLS: { value: 0, delta: 0, rating: 'good' }
[Web Vital] CLS: { value: 0, delta: 0, rating: 'needs-improvement' }
[Web Vital] CLS: { value: 1, delta: 0, rating: 'poor' }

stdout | src/test/services/performance.test.ts > performance.ts - classifyMetric > should handle unknown metric names
[Performance] Web Vitals monitoring initialized
[Web Vital] UNKNOWN_METRIC: { value: 100, delta: 10, rating: 'unknown' }

stdout | src/test/services/performance.test.ts > performance.ts - classifyMetric > should handle LCP classification
[Performance] Web Vitals monitoring initialized
[Web Vital] LCP: { value: 2000, delta: 2000, rating: 'good' }
[Web Vital] LCP: { value: 3000, delta: 3000, rating: 'needs-improvement' }
[Web Vital] LCP: { value: 5000, delta: 5000, rating: 'poor' }

stdout | src/test/services/performance.test.ts > performance.ts - classifyMetric > should handle FCP classification
[Performance] Web Vitals monitoring initialized
[Web Vital] FCP: { value: 1500, delta: 1500, rating: 'good' }
[Web Vital] FCP: { value: 2500, delta: 2500, rating: 'needs-improvement' }
[Web Vital] FCP: { value: 4000, delta: 4000, rating: 'poor' }

stdout | src/test/services/performance.test.ts > performance.ts - classifyMetric > should handle TTFB classification
[Performance] Web Vitals monitoring initialized
[Web Vital] TTFB: { value: 500, delta: 500, rating: 'good' }
[Web Vital] TTFB: { value: 1200, delta: 1200, rating: 'needs-improvement' }
[Web Vital] TTFB: { value: 2500, delta: 2500, rating: 'poor' }

 ✓ src/test/services/performance.test.ts > performance.ts > initWebVitals > should initialize web vitals monitoring
 ✓ src/test/services/performance.test.ts > performance.ts > initWebVitals > should not throw on initialization
 ✓ src/test/services/performance.test.ts > performance.ts > trackDuration > should track duration between marks
 ✓ src/test/services/performance.test.ts > performance.ts > trackDuration > should use default end mark if not provided
 ✓ src/test/services/performance.test.ts > performance.ts > trackDuration > should handle empty entries gracefully
 ✓ src/test/services/performance.test.ts > performance.ts > trackDuration > should handle performance.measure not available
 ✓ src/test/services/performance.test.ts > performance.ts > trackDuration > should handle errors gracefully
 ✓ src/test/services/performance.test.ts > performance.ts > default export > should export initWebVitals and trackDuration
 ✓ src/test/services/performance.test.ts > performance.ts - classifyMetric > should classify metrics correctly when callback is invoked
 ✓ src/test/services/performance.test.ts > performance.ts - classifyMetric > should handle unknown metric names
 ✓ src/test/services/performance.test.ts > performance.ts - classifyMetric > should handle LCP classification
 ✓ src/test/services/performance.test.ts > performance.ts - classifyMetric > should handle FCP classification
 ✓ src/test/services/performance.test.ts > performance.ts - classifyMetric > should handle TTFB classification
 ✓ src/test/services/performance.test.ts > performance.ts - classifyMetric > should handle INP classification
stdout | src/test/services/performance.test.ts > performance.ts - classifyMetric > should handle INP classification
[Performance] Web Vitals monitoring initialized
[Web Vital] INP: { value: 100, delta: 100, rating: 'good' }
[Web Vital] INP: { value: 350, delta: 350, rating: 'needs-improvement' }
[Web Vital] INP: { value: 700, delta: 700, rating: 'poor' }

stdout | Object.log (/workspaces/passcpa/src/utils/logger.ts:8:24)
Blueprint Configuration loaded.
Current Blueprint: 2025
Days until 2026 Blueprint: 114

 ✓ src/test/config/blueprintConfig.test.ts > blueprintConfig > getCurrentBlueprintVersion > should return a valid blueprint version
 ✓ src/test/config/blueprintConfig.test.ts > blueprintConfig > getCurrentBlueprintVersion > should return string type
 ✓ src/test/config/blueprintConfig.test.ts > blueprintConfig > getBlueprintForExamDate > should return 2025 for dates before July 1, 2026
 ✓ src/test/config/blueprintConfig.test.ts > blueprintConfig > getBlueprintForExamDate > should return 2025 for June 30, 2026
 ✓ src/test/config/blueprintConfig.test.ts > blueprintConfig > getBlueprintForExamDate > should return 2026 for July 1, 2026
 ✓ src/test/config/blueprintConfig.test.ts > blueprintConfig > getBlueprintForExamDate > should return 2026 for dates after July 1, 2026
 ✓ src/test/config/blueprintConfig.test.ts > blueprintConfig > getBlueprintForExamDate > should return 2025 for dates in 2025
 ✓ src/test/config/blueprintConfig.test.ts > blueprintConfig > getBlueprintForExamDate > should return 2026 for dates in 2027
 ✓ src/test/config/blueprintConfig.test.ts > blueprintConfig > getBlueprintForExamDate > should handle edge cases
 ✓ src/test/config/blueprintConfig.test.ts > blueprintConfig > getDaysUntilBlueprintChange > should return a number
 ✓ src/test/config/blueprintConfig.test.ts > blueprintConfig > getDaysUntilBlueprintChange > should be an integer
 ✓ src/test/config/blueprintConfig.test.ts > blueprintConfig > BLUEPRINT_WINDOWS > should have at least 2 windows
 ✓ src/test/config/blueprintConfig.test.ts > blueprintConfig > BLUEPRINT_WINDOWS > should have correct structure for each window
 ✓ src/test/config/blueprintConfig.test.ts > blueprintConfig > BLUEPRINT_WINDOWS > should have valid blueprint versions
 ✓ src/test/config/blueprintConfig.test.ts > blueprintConfig > BLUEPRINT_WINDOWS > should have valid date strings
 ✓ src/test/config/blueprintConfig.test.ts > blueprintConfig > BLUEPRINT_WINDOWS > should have first window for 2025 Blueprint
 ✓ src/test/config/blueprintConfig.test.ts > blueprintConfig > BLUEPRINT_WINDOWS > should have second window for 2026 Blueprint
 ✓ src/test/config/blueprintConfig.test.ts > blueprintConfig > BLUEPRINT_CHANGES > should be an array
 ✓ src/test/config/blueprintConfig.test.ts > blueprintConfig > BLUEPRINT_CHANGES > should have changes defined
 ✓ src/test/config/blueprintConfig.test.ts > blueprintConfig > BLUEPRINT_CHANGES > should have correct structure for each change
 ✓ src/test/config/blueprintConfig.test.ts > blueprintConfig > BLUEPRINT_CHANGES > should have valid change types
 ✓ src/test/config/blueprintConfig.test.ts > blueprintConfig > BLUEPRINT_CHANGES > should include REG section changes
 ✓ src/test/config/blueprintConfig.test.ts > blueprintConfig > BLUEPRINT_CHANGES > should include TCP section changes
 ✓ src/test/config/blueprintConfig.test.ts > blueprintConfig > LESSON_BLUEPRINT_MARKERS > should be an array
 ✓ src/test/config/blueprintConfig.test.ts > blueprintConfig > LESSON_BLUEPRINT_MARKERS > should have markers defined
 ✓ src/test/config/blueprintConfig.test.ts > blueprintConfig > LESSON_BLUEPRINT_MARKERS > should have correct structure for each marker
 ✓ src/test/config/blueprintConfig.test.ts > blueprintConfig > LESSON_BLUEPRINT_MARKERS > should have valid status values
 ✓ src/test/config/blueprintConfig.test.ts > blueprintConfig > LESSON_BLUEPRINT_MARKERS > should include REG lessons
 ✓ src/test/config/blueprintConfig.test.ts > blueprintConfig > LESSON_BLUEPRINT_MARKERS > should include TCP lessons
 ✓ src/test/config/blueprintConfig.test.ts > blueprintConfig > LESSON_BLUEPRINT_MARKERS > should have notes for versioned lessons
 ✓ src/test/config/blueprintConfig.test.ts > blueprintConfig > BLUEPRINT_SUMMARY > should have currentBlueprint
 ✓ src/test/config/blueprintConfig.test.ts > blueprintConfig > BLUEPRINT_SUMMARY > should have daysUntilChange
 ✓ src/test/config/blueprintConfig.test.ts > blueprintConfig > BLUEPRINT_SUMMARY > should have transitionDate
 ✓ src/test/config/blueprintConfig.test.ts > blueprintConfig > BLUEPRINT_SUMMARY > should have majorChangeSections
 ✓ src/test/config/blueprintConfig.test.ts > blueprintConfig > BLUEPRINT_SUMMARY > should have minorChangeSections
 ✓ src/test/config/blueprintConfig.test.ts > blueprintConfig > BLUEPRINT_SUMMARY > should have criticalTopics
 ✓ src/test/config/blueprintConfig.test.ts > blueprintConfig > BLUEPRINT_SUMMARY > should include SALT Cap in critical topics
 ✓ src/test/config/blueprintConfig.test.ts > blueprintConfig > BLUEPRINT_SUMMARY > should include QBI Deduction in critical topics
 ✓ src/test/hooks/useStudy.test.js > useStudy Hook > Stats > should return study statistics
 ✓ src/test/hooks/useStudy.test.js > useStudy Hook > Stats > should include streak information
 ✓ src/test/hooks/useStudy.test.js > useStudy Hook > Stats > should include study time
 ✓ src/test/hooks/useStudy.test.js > useStudy Hook > Stats > should include lessons completed count
 ✓ src/test/hooks/useStudy.test.js > useStudy Hook > Topic Performance > should return topic performance array
 ✓ src/test/hooks/useStudy.test.js > useStudy Hook > Topic Performance > should have correct topic structure
 ✓ src/test/hooks/useStudy.test.js > useStudy Hook > Topic Performance > should have valid accuracy values
 ✓ src/test/hooks/useStudy.test.js > useStudy Hook > Weekly Activity > should return weekly activity array
 ✓ src/test/hooks/useStudy.test.js > useStudy Hook > Weekly Activity > should have correct activity structure
 ✓ src/test/hooks/useStudy.test.js > useStudy Hook > Loading State > should have loading property
 ✓ src/test/hooks/useStudy.test.js > useStudy Hook > Error State > should have error property
 ✓ src/test/hooks/useStudy.test.js > Study Statistics Calculations > Accuracy Calculation > should calculate accuracy correctly
 ✓ src/test/hooks/useStudy.test.js > Study Statistics Calculations > Accuracy Calculation > should handle zero total questions
 ✓ src/test/hooks/useStudy.test.js > Study Statistics Calculations > Accuracy Calculation > should handle 100% accuracy
 ✓ src/test/hooks/useStudy.test.js > Study Statistics Calculations > Streak Calculation > should track consecutive study days
 ✓ src/test/hooks/useStudy.test.js > Study Statistics Calculations > Streak Calculation > should reset streak on missed day
 ✓ src/test/hooks/useStudy.test.js > Study Statistics Calculations > Study Time Formatting > should format seconds to hours and minutes
 ✓ src/test/hooks/useStudy.test.js > Study Statistics Calculations > Points Calculation > should calculate points based on activity
 ✓ src/test/hooks/useStudy.test.js > Weekly Goal Tracking > should determine if daily goal is met
 ✓ src/test/hooks/useStudy.test.js > Weekly Goal Tracking > should determine if daily goal is not met
 ✓ src/test/hooks/useStudy.test.js > Weekly Goal Tracking > should calculate weekly progress
stderr | src/test/components/pages/Onboarding.test.tsx > Onboarding Component > Welcome Step > renders the welcome step initially
⚠️ React Router Future Flag Warning: React Router will begin wrapping state updates in `React.startTransition` in v7. You can use the `v7_startTransition` future flag to opt-in early. For more information, see https://reactrouter.com/v6/upgrading/future#v7_starttransition.
⚠️ React Router Future Flag Warning: Relative route resolution within Splat routes is changing in v7. You can use the `v7_relativeSplatPath` future flag to opt-in early. For more information, see https://reactrouter.com/v6/upgrading/future#v7_relativesplatpath.

 ✓ src/test/components/pages/Onboarding.test.tsx > Onboarding Component > Welcome Step > renders the welcome step initially
 ✓ src/test/components/pages/Onboarding.test.tsx > Onboarding Component > Welcome Step > displays VoraPrep logo
 ✓ src/test/components/pages/Onboarding.test.tsx > Onboarding Component > Welcome Step > shows what we will cover section
 ✓ src/test/components/pages/Onboarding.test.tsx > Onboarding Component > Welcome Step > displays Continue button
 ✓ src/test/components/pages/Onboarding.test.tsx > Onboarding Component > Welcome Step > mentions exam section in what we cover
 ✓ src/test/components/pages/Onboarding.test.tsx > Onboarding Component > Welcome Step > mentions exam date in what we cover
 ✓ src/test/components/pages/Onboarding.test.tsx > Onboarding Component > Welcome Step > mentions daily goals in what we cover
 ✓ src/test/components/pages/Onboarding.test.tsx > Onboarding Component > Navigation > advances to certification step when Continue is clicked
 ✓ src/test/components/pages/Onboarding.test.tsx > Onboarding Component > Navigation > shows Back button on certification step
 ✓ src/test/components/pages/Onboarding.test.tsx > Onboarding Component > Navigation > returns to welcome step when Back is clicked
 ✓ src/test/components/pages/Onboarding.test.tsx > Onboarding Component > Section Step > displays CPA exam sections after navigating to section step
 ✓ src/test/components/pages/Onboarding.test.tsx > Onboarding Component > Section Step > allows clicking on a section card
 ✓ src/test/components/pages/Onboarding.test.tsx > Onboarding Component > Module Exports > exports Onboarding as default
stderr | src/test/components/auth/Login.test.jsx > Login Component > Rendering > should render the login form
⚠️ React Router Future Flag Warning: React Router will begin wrapping state updates in `React.startTransition` in v7. You can use the `v7_startTransition` future flag to opt-in early. For more information, see https://reactrouter.com/v6/upgrading/future#v7_starttransition.
⚠️ React Router Future Flag Warning: Relative route resolution within Splat routes is changing in v7. You can use the `v7_relativeSplatPath` future flag to opt-in early. For more information, see https://reactrouter.com/v6/upgrading/future#v7_relativesplatpath.

 ✓ src/test/components/auth/Login.test.jsx > Login Component > Rendering > should render the login form
 ✓ src/test/components/auth/Login.test.jsx > Login Component > Rendering > should render sign in button
 ✓ src/test/components/auth/Login.test.jsx > Login Component > Rendering > should render Google sign in button
 ✓ src/test/components/auth/Login.test.jsx > Login Component > Rendering > should render forgot password link
 ✓ src/test/components/auth/Login.test.jsx > Login Component > Rendering > should render register link
 ✓ src/test/components/auth/Login.test.jsx > Login Component > Form Interaction > should update email input on change
 ✓ src/test/components/auth/Login.test.jsx > Login Component > Form Interaction > should update password input on change
 ✓ src/test/components/auth/Login.test.jsx > Login Component > Form Interaction > should toggle password visibility
 ✓ src/test/components/auth/Login.test.jsx > Login Component > Form Submission > should call signIn with email and password on submit
 ✓ src/test/components/auth/Login.test.jsx > Login Component > Form Submission > should navigate to dashboard on successful login
stderr | src/test/components/auth/Login.test.jsx > Login Component > Form Submission > should display error for invalid credentials
Login error: { code: 'auth/invalid-credential' }

 ✓ src/test/components/auth/Login.test.jsx > Login Component > Form Submission > should display error for invalid credentials
stderr | src/test/components/auth/Login.test.jsx > Login Component > Form Submission > should display error for user not found
Login error: { code: 'auth/user-not-found' }

 ✓ src/test/components/auth/Login.test.jsx > Login Component > Form Submission > should display error for user not found
stderr | src/test/components/auth/Login.test.jsx > Login Component > Form Submission > should display error for too many requests
Login error: { code: 'auth/too-many-requests' }

 ✓ src/test/components/auth/Login.test.jsx > Login Component > Form Submission > should display error for too many requests
 ✓ src/test/components/auth/Login.test.jsx > Login Component > Google Sign In > should call signInWithGoogle on Google button click
 ✓ src/test/components/auth/Login.test.jsx > Login Component > Google Sign In > should navigate to dashboard on successful Google sign in
stderr | src/test/components/auth/Login.test.jsx > Login Component > Google Sign In > should display error on failed Google sign in
Google sign-in error: Error: Google error
    at /workspaces/passcpa/src/test/components/auth/Login.test.jsx:204:50
    at file:///workspaces/passcpa/node_modules/@vitest/runner/dist/index.js:135:14
    at file:///workspaces/passcpa/node_modules/@vitest/runner/dist/index.js:60:26
    at runTest (file:///workspaces/passcpa/node_modules/@vitest/runner/dist/index.js:781:17)
    at runSuite (file:///workspaces/passcpa/node_modules/@vitest/runner/dist/index.js:909:15)
    at runSuite (file:///workspaces/passcpa/node_modules/@vitest/runner/dist/index.js:909:15)
    at runSuite (file:///workspaces/passcpa/node_modules/@vitest/runner/dist/index.js:909:15)
    at runFiles (file:///workspaces/passcpa/node_modules/@vitest/runner/dist/index.js:958:5)
    at startTests (file:///workspaces/passcpa/node_modules/@vitest/runner/dist/index.js:967:3)
    at file:///workspaces/passcpa/node_modules/vitest/dist/chunks/runtime-runBaseTests.oAvMKtQC.js:116:7

 ✓ src/test/components/auth/Login.test.jsx > Login Component > Google Sign In > should display error on failed Google sign in
 ✓ src/test/services/cisaCramMode.test.ts > cisaCramMode.ts > CISA_CRAM_TOPICS > should contain high-yield exam topics
 ✓ src/test/services/cisaCramMode.test.ts > cisaCramMode.ts > CISA_CRAM_TOPICS > should have topics for all 5 domains
 ✓ src/test/services/cisaCramMode.test.ts > cisaCramMode.ts > CISA_CRAM_TOPICS > should have priority levels assigned
 ✓ src/test/services/cisaCramMode.test.ts > cisaCramMode.ts > CISA_CRAM_TOPICS > should have estimated study times
 ✓ src/test/services/cisaCramMode.test.ts > cisaCramMode.ts > CISA_CRAM_FRAMEWORKS > should contain major IT governance frameworks
 ✓ src/test/services/cisaCramMode.test.ts > cisaCramMode.ts > CISA_CRAM_FRAMEWORKS > should include COBIT framework
 ✓ src/test/services/cisaCramMode.test.ts > cisaCramMode.ts > CISA_CRAM_FRAMEWORKS > should include ITIL framework
 ✓ src/test/services/cisaCramMode.test.ts > cisaCramMode.ts > CISA_CRAM_FRAMEWORKS > should include ISO 27001 standard
 ✓ src/test/services/cisaCramMode.test.ts > cisaCramMode.ts > startCramMode > should initialize cram mode
 ✓ src/test/services/cisaCramMode.test.ts > cisaCramMode.ts > startCramMode > should save cram session to localStorage
 ✓ src/test/services/cisaCramMode.test.ts > cisaCramMode.ts > startCramMode > should initialize with empty completed topics
 ✓ src/test/services/cisaCramMode.test.ts > cisaCramMode.ts > getTodaysStudyPlan > should return daily study plan
 ✓ src/test/services/cisaCramMode.test.ts > cisaCramMode.ts > getTodaysStudyPlan > should include topics for today
 ✓ src/test/services/cisaCramMode.test.ts > cisaCramMode.ts > getTodaysStudyPlan > should include framework review
 ✓ src/test/services/cisaCramMode.test.ts > cisaCramMode.ts > getHighYieldTopics > should return high-yield topics sorted by priority
 ✓ src/test/services/cisaCramMode.test.ts > cisaCramMode.ts > getHighYieldTopics > should filter by domain when specified
 ✓ src/test/services/cisaCramMode.test.ts > cisaCramMode.ts > getHighYieldTopics > should return topics with key points
 ✓ src/test/services/cisaCramMode.test.ts > cisaCramMode.ts > getCramProgress > should return progress metrics
 ✓ src/test/services/cisaCramMode.test.ts > cisaCramMode.ts > getCramProgress > should start at 0 progress
 ✓ src/test/services/cisaCramMode.test.ts > cisaCramMode.ts > getCramProgress > should update after completing topics
 ✓ src/test/services/cisaCramMode.test.ts > cisaCramMode.ts > completeTopic > should mark a topic as completed
 ✓ src/test/services/cisaCramMode.test.ts > cisaCramMode.ts > completeTopic > should save completion to localStorage
 ✓ src/test/services/cisaCramMode.test.ts > cisaCramMode.ts > completeTopic > should not double count completed topics
 ✓ src/test/services/cisaCramMode.test.ts > cisaCramMode.ts > resetCramMode > should clear cram mode state
 ✓ src/test/services/cisaCramMode.test.ts > cisaCramMode.ts > resetCramMode > should allow starting fresh cram session
stderr | src/test/components/common/CourseSelector.test.tsx > CourseSelector > Rendering > renders the current course badge
⚠️ React Router Future Flag Warning: React Router will begin wrapping state updates in `React.startTransition` in v7. You can use the `v7_startTransition` future flag to opt-in early. For more information, see https://reactrouter.com/v6/upgrading/future#v7_starttransition.
⚠️ React Router Future Flag Warning: Relative route resolution within Splat routes is changing in v7. You can use the `v7_relativeSplatPath` future flag to opt-in early. For more information, see https://reactrouter.com/v6/upgrading/future#v7_relativesplatpath.

 ✓ src/test/components/common/CourseSelector.test.tsx > CourseSelector > Rendering > renders the current course badge
 ✓ src/test/components/common/CourseSelector.test.tsx > CourseSelector > Rendering > shows CPA as current course
 ✓ src/test/components/common/CourseSelector.test.tsx > CourseSelector > Rendering > renders in compact mode
 ✓ src/test/components/common/CourseSelector.test.tsx > CourseSelector > Dropdown Behavior > opens dropdown when clicked
 ✓ src/test/components/common/CourseSelector.test.tsx > CourseSelector > Dropdown Behavior > shows available courses in dropdown
 ✓ src/test/components/common/CourseSelector.test.tsx > CourseSelector > Dropdown Behavior > shows all courses as active (no coming soon badges)
 ✓ src/test/components/common/CourseSelector.test.tsx > CourseSelector > Dropdown Behavior > closes dropdown when clicking outside
 ✓ src/test/components/common/CourseSelector.test.tsx > CourseSelector > Dropdown Behavior > closes dropdown on escape key
 ✓ src/test/components/common/CourseSelector.test.tsx > CourseSelector > Course Selection > shows check mark for selected course
 ✓ src/test/components/common/CourseSelector.test.tsx > CourseSelector > Course Selection > does not call setCourse for coming soon courses
 ✓ src/test/components/common/CourseSelector.test.tsx > CourseSelector > Accessibility > has proper aria attributes on trigger
 ✓ src/test/components/common/CourseSelector.test.tsx > CourseSelector > Accessibility > updates aria-expanded when opened
 ✓ src/test/components/common/CourseSelector.test.tsx > CourseSelector > Accessibility > has proper role on dropdown
 ✓ src/test/components/AITutor.test.jsx > AITutor > Initial State > should render Vory interface with header
 ✓ src/test/components/AITutor.test.jsx > AITutor > Initial State > should show mode selection options
 ✓ src/test/components/AITutor.test.jsx > AITutor > Initial State > should display message input area
 ✓ src/test/components/AITutor.test.jsx > AITutor > Initial State > should show greeting message after load
 ✓ src/test/components/AITutor.test.jsx > AITutor > Tutor Modes > should have Explain mode button
 ✓ src/test/components/AITutor.test.jsx > AITutor > Tutor Modes > should have Guide Me (Socratic) mode button
 ✓ src/test/components/AITutor.test.jsx > AITutor > Tutor Modes > should have Quiz Me mode button
 ✓ src/test/components/AITutor.test.jsx > AITutor > Tutor Modes > should allow switching between modes
 ✓ src/test/components/AITutor.test.jsx > AITutor > Message Input > should have a text input field
 ✓ src/test/components/AITutor.test.jsx > AITutor > Message Input > should have a send button
 ✓ src/test/components/AITutor.test.jsx > AITutor > Message Input > should allow typing in the input
 ✓ src/test/components/AITutor.test.jsx > AITutor > Suggested Prompts > should display suggested prompts
 ✓ src/test/components/AITutor.test.jsx > AITutor > Section Awareness > should reference user exam section (REG)
 ✓ src/test/components/AITutor.test.jsx > AITutor > Clear Chat > should have a clear/new conversation button
 ✓ src/test/components/AITutor.test.jsx > AITutor > Accessibility > should have proper input label/placeholder
 ✓ src/test/components/AITutor.test.jsx > AITutor > Accessibility > should support keyboard navigation
 ✓ src/test/data/questions.test.js > Question Bank Utilities > Question Statistics > should have total questions count
 ✓ src/test/data/questions.test.js > Question Bank Utilities > Question Statistics > should have questions for all CPA sections
 ✓ src/test/data/questions.test.js > Question Bank Utilities > Question Statistics > should have questions for all difficulty levels
 ✓ src/test/data/questions.test.js > Question Bank Utilities > Question Statistics > should have multiple topics
 ✓ src/test/data/questions.test.js > Question Bank Utilities > getQuestionsBySection > should return REG questions
 ✓ src/test/data/questions.test.js > Question Bank Utilities > getQuestionsBySection > should return FAR questions
 ✓ src/test/data/questions.test.js > Question Bank Utilities > getQuestionsBySection > should return AUD questions
 ✓ src/test/data/questions.test.js > Question Bank Utilities > getQuestionsBySection > should return BAR questions
 ✓ src/test/data/questions.test.js > Question Bank Utilities > getQuestionsBySection > should return ISC questions
 ✓ src/test/data/questions.test.js > Question Bank Utilities > getQuestionsBySection > should return TCP questions
 ✓ src/test/data/questions.test.js > Question Bank Utilities > getQuestionsBySection > should return empty array for invalid section
 ✓ src/test/data/questions.test.js > Question Bank Utilities > getQuestionsByDifficulty > should filter by easy difficulty
 ✓ src/test/data/questions.test.js > Question Bank Utilities > getQuestionsByDifficulty > should filter by medium difficulty
 ✓ src/test/data/questions.test.js > Question Bank Utilities > getQuestionsByDifficulty > should filter by hard difficulty
 ✓ src/test/data/questions.test.js > Question Bank Utilities > getRandomQuestions > should return specified number of questions
 ✓ src/test/data/questions.test.js > Question Bank Utilities > getRandomQuestions > should return questions from specific section when specified
 ✓ src/test/data/questions.test.js > Question Bank Utilities > getRandomQuestions > should return different questions on subsequent calls (shuffled)
 ✓ src/test/data/questions.test.js > Question Bank Utilities > getRandomQuestions > should not return more questions than available
 ✓ src/test/data/questions.test.js > Question Bank Utilities > Question Structure > should have required fields for each question 681ms
 ✓ src/test/data/questions.test.js > Question Bank Utilities > Question Structure > should have valid difficulty values
 ✓ src/test/data/questions.test.js > Question Bank Utilities > Question Structure > should have valid section values
 ✓ src/test/data/questions.test.js > Question Bank Utilities > Question Structure > should have 4 answer options
 ✓ src/test/data/questions.test.js > Question Bank Utilities > Question Structure > should have valid correctAnswer index (0-3)
 ✓ src/test/data/questions.test.js > Question Bank Utilities > Question Structure > should have unique question IDs
stdout | src/test/services/analytics.test.js > Analytics Service > initAnalytics > should not initialize if Do Not Track is enabled
Analytics disabled: Do Not Track enabled

stdout | src/test/services/analytics.test.js > Analytics Service > initAnalytics > should not initialize in development without explicit flag
Analytics disabled: Do Not Track enabled

 ✓ src/test/services/analytics.test.js > Analytics Service > initAnalytics > should not initialize if Do Not Track is enabled
 ✓ src/test/services/analytics.test.js > Analytics Service > initAnalytics > should not initialize in development without explicit flag
 ✓ src/test/services/analytics.test.js > Analytics Service > trackPageView > should not track if not initialized
 ✓ src/test/services/analytics.test.js > Analytics Service > trackPageView > should call gtag when initialized
 ✓ src/test/services/analytics.test.js > Analytics Service > trackEvent > should not track if not initialized
 ✓ src/test/services/analytics.test.js > Analytics Service > analytics object methods > Study events > should have startStudySession method
 ✓ src/test/services/analytics.test.js > Analytics Service > analytics object methods > Study events > should have completeStudySession method
 ✓ src/test/services/analytics.test.js > Analytics Service > analytics object methods > Question events > should have answerQuestion method
 ✓ src/test/services/analytics.test.js > Analytics Service > analytics object methods > Question events > should track correct answers
 ✓ src/test/services/analytics.test.js > Analytics Service > analytics object methods > Question events > should track incorrect answers
 ✓ src/test/services/analytics.test.js > Analytics Service > analytics object methods > Practice mode events > should have startPractice method
 ✓ src/test/services/analytics.test.js > Analytics Service > analytics object methods > Practice mode events > should have completePractice method
 ✓ src/test/services/analytics.test.js > Analytics Service > analytics object methods > Practice mode events > should calculate accuracy correctly
 ✓ src/test/services/analytics.test.js > Analytics Service > analytics object methods > Practice mode events > should handle zero total questions
 ✓ src/test/services/analytics.test.js > Analytics Service > analytics object methods > Exam simulator events > should have startExam method
 ✓ src/test/services/analytics.test.js > Analytics Service > analytics object methods > Exam simulator events > should have completeExam method
 ✓ src/test/services/analytics.test.js > Analytics Service > analytics object methods > Exam simulator events > should track passing exam
 ✓ src/test/services/analytics.test.js > Analytics Service > analytics object methods > Exam simulator events > should track failing exam
 ✓ src/test/services/analytics.test.js > Analytics Service > analytics object methods > AI Tutor events > should have askAITutor method
 ✓ src/test/services/analytics.test.js > Analytics Service > analytics object methods > Achievement events > should have unlockAchievement method
 ✓ src/test/services/analytics.test.js > Analytics Service > analytics object methods > Streak events > should have maintainStreak method
 ✓ src/test/services/analytics.test.js > Analytics Service > analytics object methods > Streak events > should have loseStreak method
 ✓ src/test/services/analytics.test.js > Analytics Service > analytics object methods > User journey events > should have completeOnboarding method
 ✓ src/test/services/analytics.test.js > Analytics Service > analytics object methods > User journey events > should handle null exam date
 ✓ src/test/services/analytics.test.js > Analytics Service > analytics object methods > Feature usage > should have useFeature method
 ✓ src/test/services/analytics.test.js > Analytics Service > analytics object methods > Error tracking > should have trackError method
 ✓ src/test/services/analytics.test.js > Analytics Event Parameters > should have correct parameter structure for study events
 ✓ src/test/services/analytics.test.js > Analytics Event Parameters > should have correct parameter structure for practice events
 ✓ src/test/services/analytics.test.js > Analytics Event Parameters > should have correct parameter structure for exam events
stderr | src/test/components/pages/TimedQuiz.test.tsx > TimedQuiz Component > Setup Screen > renders the setup screen initially
⚠️ React Router Future Flag Warning: React Router will begin wrapping state updates in `React.startTransition` in v7. You can use the `v7_startTransition` future flag to opt-in early. For more information, see https://reactrouter.com/v6/upgrading/future#v7_starttransition.
⚠️ React Router Future Flag Warning: Relative route resolution within Splat routes is changing in v7. You can use the `v7_relativeSplatPath` future flag to opt-in early. For more information, see https://reactrouter.com/v6/upgrading/future#v7_relativesplatpath.

 ✓ src/test/components/pages/TimedQuiz.test.tsx > TimedQuiz Component > Setup Screen > renders the setup screen initially
 ✓ src/test/components/pages/TimedQuiz.test.tsx > TimedQuiz Component > Setup Screen > displays the subtitle
 ✓ src/test/components/pages/TimedQuiz.test.tsx > TimedQuiz Component > Setup Screen > displays Quick Quiz mode
 ✓ src/test/components/pages/TimedQuiz.test.tsx > TimedQuiz Component > Setup Screen > displays Standard Quiz mode
 ✓ src/test/components/pages/TimedQuiz.test.tsx > TimedQuiz Component > Setup Screen > displays Challenge Mode
 ✓ src/test/components/pages/TimedQuiz.test.tsx > TimedQuiz Component > Setup Screen > displays Exam Simulation mode
 ✓ src/test/components/pages/TimedQuiz.test.tsx > TimedQuiz Component > Setup Screen > displays question counts for modes
 ✓ src/test/components/pages/TimedQuiz.test.tsx > TimedQuiz Component > Setup Screen > shows Start button
 ✓ src/test/components/pages/TimedQuiz.test.tsx > TimedQuiz Component > Setup Screen > shows Back to Home button
 ✓ src/test/components/pages/TimedQuiz.test.tsx > TimedQuiz Component > Setup Screen > displays estimated time for quick mode (15 min)
 ✓ src/test/components/pages/TimedQuiz.test.tsx > TimedQuiz Component > Setup Screen > displays difficulty levels for some modes
 ✓ src/test/components/pages/TimedQuiz.test.tsx > TimedQuiz Component > Quiz Mode Selection > allows selecting Quick Quiz mode
 ✓ src/test/components/pages/TimedQuiz.test.tsx > TimedQuiz Component > Quiz Mode Selection > allows selecting Standard Quiz mode
 ✓ src/test/components/pages/TimedQuiz.test.tsx > TimedQuiz Component > Quiz Mode Selection > allows selecting Challenge Mode
 ✓ src/test/components/pages/TimedQuiz.test.tsx > TimedQuiz Component > Quiz Mode Selection > allows selecting Exam Simulation mode
 ✓ src/test/components/pages/TimedQuiz.test.tsx > TimedQuiz Component > Start Button > Start button is clickable
 ✓ src/test/components/pages/TimedQuiz.test.tsx > TimedQuiz Component > Back Navigation > Back to Home button is present
 ✓ src/test/components/pages/TimedQuiz.test.tsx > TimedQuiz Component > Quiz Mode Details > Quick Quiz shows 10 questions
 ✓ src/test/components/pages/TimedQuiz.test.tsx > TimedQuiz Component > Quiz Mode Details > Standard Quiz shows 20 questions
 ✓ src/test/components/pages/TimedQuiz.test.tsx > TimedQuiz Component > Quiz Mode Details > Challenge Mode shows 30 questions
 ✓ src/test/components/pages/TimedQuiz.test.tsx > TimedQuiz Component > Quiz Mode Details > Exam Simulation shows 36 questions
 ✓ src/test/components/pages/TimedQuiz.test.tsx > TimedQuiz Module Export > exports TimedQuiz component as default
 ✓ src/test/components/pages/TimedQuiz.test.tsx > Quiz Mode Constants > has correct question counts defined
 ✓ src/test/services/errorTracking.test.js > errorTracking Service > ErrorSeverity enum > has LOW severity
 ✓ src/test/services/errorTracking.test.js > errorTracking Service > ErrorSeverity enum > has MEDIUM severity
 ✓ src/test/services/errorTracking.test.js > errorTracking Service > ErrorSeverity enum > has HIGH severity
 ✓ src/test/services/errorTracking.test.js > errorTracking Service > ErrorSeverity enum > has CRITICAL severity
 ✓ src/test/services/errorTracking.test.js > errorTracking Service > ErrorCategory enum > has NETWORK category
 ✓ src/test/services/errorTracking.test.js > errorTracking Service > ErrorCategory enum > has AUTH category
 ✓ src/test/services/errorTracking.test.js > errorTracking Service > ErrorCategory enum > has FIREBASE category
 ✓ src/test/services/errorTracking.test.js > errorTracking Service > ErrorCategory enum > has UI category
 ✓ src/test/services/errorTracking.test.js > errorTracking Service > ErrorCategory enum > has VALIDATION category
 ✓ src/test/services/errorTracking.test.js > errorTracking Service > ErrorCategory enum > has AI category
 ✓ src/test/services/errorTracking.test.js > errorTracking Service > ErrorCategory enum > has UNKNOWN category
 ✓ src/test/services/errorTracking.test.js > errorTracking Service > initErrorTracking > sets up global error handlers
 ✓ src/test/services/errorTracking.test.js > errorTracking Service > captureError > captures basic error
 ✓ src/test/services/errorTracking.test.js > errorTracking Service > captureError > captures error with context
 ✓ src/test/services/errorTracking.test.js > errorTracking Service > captureError > auto-categorizes network errors
 ✓ src/test/services/errorTracking.test.js > errorTracking Service > captureError > auto-categorizes auth errors
 ✓ src/test/services/errorTracking.test.js > errorTracking Service > captureError > auto-categorizes firebase errors
 ✓ src/test/services/errorTracking.test.js > errorTracking Service > captureError > auto-categorizes validation errors
 ✓ src/test/services/errorTracking.test.js > errorTracking Service > captureError > defaults to unknown category
 ✓ src/test/services/errorTracking.test.js > errorTracking Service > captureError > includes viewport info in context
 ✓ src/test/services/errorTracking.test.js > errorTracking Service > captureError > includes URL in context
 ✓ src/test/services/errorTracking.test.js > errorTracking Service > captureError > handles string errors
 ✓ src/test/services/errorTracking.test.js > errorTracking Service > captureError > defaults to MEDIUM severity
 ✓ src/test/services/errorTracking.test.js > errorTracking Service > captureMetric > captures metric with data
 ✓ src/test/services/errorTracking.test.js > errorTracking Service > captureMetric > includes timestamp
 ✓ src/test/services/errorTracking.test.js > errorTracking Service > captureMetric > includes session ID
 ✓ src/test/services/errorTracking.test.js > errorTracking Service > captureMetric > captures metric without data
 ✓ src/test/services/errorTracking.test.js > errorTracking Service > createErrorBoundaryClass > creates error boundary configuration
 ✓ src/test/services/errorTracking.test.js > errorTracking Service > createErrorBoundaryClass > includes fallback in configuration
 ✓ src/test/services/errorTracking.test.js > errorTracking Service > createErrorBoundaryClass > onError captures error with UI category
stderr | src/test/components/layouts/MainLayout.test.tsx > MainLayout > renders the layout structure
⚠️ React Router Future Flag Warning: React Router will begin wrapping state updates in `React.startTransition` in v7. You can use the `v7_startTransition` future flag to opt-in early. For more information, see https://reactrouter.com/v6/upgrading/future#v7_starttransition.
⚠️ React Router Future Flag Warning: Relative route resolution within Splat routes is changing in v7. You can use the `v7_relativeSplatPath` future flag to opt-in early. For more information, see https://reactrouter.com/v6/upgrading/future#v7_relativesplatpath.

 ✓ src/test/components/layouts/MainLayout.test.tsx > MainLayout > renders the layout structure
 ✓ src/test/components/layouts/MainLayout.test.tsx > MainLayout > renders the outlet content
 ✓ src/test/components/layouts/MainLayout.test.tsx > MainLayout > renders different content based on route
 × src/test/components/layouts/MainLayout.test.tsx > MainLayout > renders navigation with all nav items
   → Unable to find an element with the text: Learn. This could be because the text is broken up by multiple elements. In this case, you can provide a function for your text matcher to make your matcher more flexible.

Ignored nodes: comments, script, style
[36m<body>[39m
  [36m<div>[39m
    [36m<div[39m
      [33mclass[39m=[32m"min-h-app bg-slate-50 dark:bg-slate-900"[39m
    [36m>[39m
      [36m<a[39m
        [33mclass[39m=[32m"sr-only focus:not-sr-only focus:absolute focus:top-4 focus:left-4 focus:z-[100] focus:px-4 focus:py-2 focus:bg-primary-600 focus:text-white focus:rounded-lg focus:shadow-lg focus:outline-none"[39m
        [33mhref[39m=[32m"#main-content"[39m
      [36m>[39m
        [0mSkip to main content[0m
      [36m</a>[39m
      [36m<div[39m
        [33mclass[39m=[32m"max-w-[1440px] mx-auto flex flex-col md:flex-row safe-top safe-bottom min-h-app"[39m
      [36m>[39m
        [36m<aside[39m
          [33maria-label[39m=[32m"Main navigation"[39m
          [33mclass[39m=[32m"hidden md:flex flex-col w-64 flex-shrink-0 bg-white dark:bg-slate-800 border-r border-slate-200 dark:border-slate-700 sticky z-40 top-0 h-screen"[39m
          [33mrole[39m=[32m"navigation"[39m
        [36m>[39m
          [36m<div[39m
            [33mclass[39m=[32m"p-6"[39m
          [36m>[39m
            [36m<div[39m
              [33mclass[39m=[32m"flex items-center gap-3 mb-4"[39m
            [36m>[39m
              [36m<img[39m
                [33malt[39m=[32m"VoraPrep"[39m
                [33mclass[39m=[32m"h-10"[39m
                [33mheight[39m=[32m"40"[39m
                [33msrc[39m=[32m"/logo.svg"[39m
                [33mwidth[39m=[32m"120"[39m
              [36m/>[39m
            [36m</div>[39m
            [36m<div[39m
              [33mclass[39m=[32m"mb-6"[39m
            [36m>[39m
              [36m<div[39m
                [33mclass[39m=[32m"relative"[39m
              [36m>[39m
                [36m<button[39m
                  [33maria-busy[39m=[32m"false"[39m
                  [33maria-disabled[39m=[32m"false"[39m
                  [33maria-expanded[39m=[32m"false"[39m
                  [33maria-haspopup[39m=[32m"listbox"[39m
                  [33maria-label[39m=[32m"Select course"[39m
                  [33mclass[39m=[32m"btn btn-secondary focus-visible:ring-2 focus-visible:ring-primary-500 focus-visible:ring-offset-2 flex items-center gap-2 rounded-xl w-full px-3 py-2.5 border border-slate-200 dark:border-slate-600"[39m
                [36m>[39m
                  [36m<span[39m
                    [33mclass[39m=[32m"flex items-center justify-center rounded-lg text-white text-sm font-bold bg-blue-500 w-8 h-8"[39m
                  [36m>[39m
                    [0m📊[0m
                  [36m</span>[39m
                  [36m<div[39m
                    [33mclass[39m=[32m"flex-1 text-left"[39m
                  [36m>[39m
                    [36m<div[39m
                      [33mclass[39m=[32m"text-sm font-semibold text-slate-900 dark:text-slate-100"[39m
                    [36m>[39m
                      [0mCPA[0m
                    [36m</div>[39m
                    [36m<div[39m
                      [33mclass[39m=[32m"text-xs text-slate-600 dark:text-slate-300"[39m
                    [36m>[39m
                      [0mCPA Exam[0m
                    [36m</div>[39m
                  [36m</div>[39m
                  [36m<svg[39m
                    [33mclass[39m=[32m"lucide lucide-chevron-down w-4 h-4 text-slate-600 transition-transform duration-200"[39m
                    [33mfill[39m=[32m"none"[39m
                    [33mheight[39m=[32m"24"[39m
                    [33mstroke[39m=[32m"currentColor"[39m
                    [33mstroke-linecap[39m=[32m"round"[39m
                    [33mstroke-linejoin[39m=[32m"round"[39m
                    [33mstroke-width[39m=[32m"2"[39m
                    [33mviewBox[39m=[32m"0 0 24 24"[39m
                    [33mwidth[39m=[32m"24"[39m
                    [33mxmlns[39m=[32m"http://www.w3.org/2000/svg"[39m
                  [36m>[39m
                    [36m<path[39m
                      [33md[39m=[32m"m6 9 6 6 6-6"[39m
                    [36m/>[39m
                  [36m</svg>[39m
                [36m</button>[39m
              [36m</div>[39m
            [36m</div>[39m
            [36m<div[39m
              [33mclass[39m=[32m"space-y-1"[39m
            [36m>[39m
              [36m<a[39m
                [33maria-current[39m=[32m"page"[39m
                [33mclass[39m=[32m"flex items-center gap-3 px-4 py-3 rounded-xl transition-all duration-200 font-medium bg-primary-50 text-primary-700 shadow-sm dark:bg-primary-900/20 dark:text-primary-400"[39m
                [33mdata-testid[39m=[32m"nav-desktop-home"[39m
                [33mhref[39m=[32m"/home"[39m
              [36m>[39m
                [36m<svg[39m
                  [33mclass[39m=[32m"lucide lucide-home w-5 h-5"[39m
                  [33mfill[39m=[32m"none"[39m
                  [33mheight[39m=[32m"24"[39m
                  [33mstroke[39m=[32m"currentColor"[39m
                  [33mstroke-linecap[39m=[32m"round"[39m
                  [33mstroke-linejoin[39m=[32m"round"[39m
                  [33mstroke-width[39m=[32m"2"[39m
                  [33mviewBox[39m=[32m"0 0 24 24"[39m
                  [33mwidth[39m=[32m"24"[39m
                  [33mxmlns[39m=[32m"http://www.w3.org/2000/svg"[39m
                [36m>[39m
                  [36m<path[39m
                    [33md[39m=[32m"m3 9 9-7 9 7v11a2 2 0 0 1-2 2H5a2 2 0 0 1-2-2z"[39m
                  [36m/>[39m
                  [36m<polyline[39m
                    [33mpoints[39m=[32m"9 22 9 12 15 12 15 22"[39m
                  [36m/>[39m
                [36m</svg>[39m
                [36m<span[39m
                  [33mclass[39m=[32m"flex-1"[39m
                [36m>[39m
                  [0mHome[0m
                [36m</span>[39m
              [36m</a>[39m
              [36m<a[39m
                [33mclass[39m=[32m"flex items-center gap-3 px-4 py-3 rounded-xl transition-all duration-200 font-medium text-slate-600 hover:text-slate-900 hover:bg-slate-50 dark:text-slate-300 dark:hover:text-slate-100 dark:hover:bg-slate-700"[39m
                [33mdata-testid[39m=[32m"nav-desktop-exam"[39m
                [33mhref[39m=[32m"/exam"[39m
              [36m>[39m
                [36m<svg[39m
                  [33mclass[39m=[32m"lucide lucide-file-text w-5 h-5"[39m
                  [33mfill[39m=[32m"none"[39m
                  [33mheight[39m=[32m"24"[39m
                  [33mstroke[39m=[32m"currentColor"[39m
                  [33mstroke-linecap[39m=[32m"round"[39m
                  [33mstroke-linejoin[39m=[32m"round"[39m
                  [33mstroke-width[39m=[32m"2"[39m
                  [33mviewBox[39m=[32m"0 0 24 24"[39m
                  [33mwidth[39m=[32m"24"[39m
                  [33...
 ✓ src/test/components/layouts/MainLayout.test.tsx > MainLayout > renders skip to main content link
 ✓ src/test/components/layouts/MainLayout.test.tsx > MainLayout > renders streak display
 × src/test/components/layouts/MainLayout.test.tsx > MainLayout > renders daily progress sidebar on desktop
   → Unable to find an element with the text: 75%. This could be because the text is broken up by multiple elements. In this case, you can provide a function for your text matcher to make your matcher more flexible.

Ignored nodes: comments, script, style
[36m<body>[39m
  [36m<div>[39m
    [36m<div[39m
      [33mclass[39m=[32m"min-h-app bg-slate-50 dark:bg-slate-900"[39m
    [36m>[39m
      [36m<a[39m
        [33mclass[39m=[32m"sr-only focus:not-sr-only focus:absolute focus:top-4 focus:left-4 focus:z-[100] focus:px-4 focus:py-2 focus:bg-primary-600 focus:text-white focus:rounded-lg focus:shadow-lg focus:outline-none"[39m
        [33mhref[39m=[32m"#main-content"[39m
      [36m>[39m
        [0mSkip to main content[0m
      [36m</a>[39m
      [36m<div[39m
        [33mclass[39m=[32m"max-w-[1440px] mx-auto flex flex-col md:flex-row safe-top safe-bottom min-h-app"[39m
      [36m>[39m
        [36m<aside[39m
          [33maria-label[39m=[32m"Main navigation"[39m
          [33mclass[39m=[32m"hidden md:flex flex-col w-64 flex-shrink-0 bg-white dark:bg-slate-800 border-r border-slate-200 dark:border-slate-700 sticky z-40 top-0 h-screen"[39m
          [33mrole[39m=[32m"navigation"[39m
        [36m>[39m
          [36m<div[39m
            [33mclass[39m=[32m"p-6"[39m
          [36m>[39m
            [36m<div[39m
              [33mclass[39m=[32m"flex items-center gap-3 mb-4"[39m
            [36m>[39m
              [36m<img[39m
                [33malt[39m=[32m"VoraPrep"[39m
                [33mclass[39m=[32m"h-10"[39m
                [33mheight[39m=[32m"40"[39m
                [33msrc[39m=[32m"/logo.svg"[39m
                [33mwidth[39m=[32m"120"[39m
              [36m/>[39m
            [36m</div>[39m
            [36m<div[39m
              [33mclass[39m=[32m"mb-6"[39m
            [36m>[39m
              [36m<div[39m
                [33mclass[39m=[32m"relative"[39m
              [36m>[39m
                [36m<button[39m
                  [33maria-busy[39m=[32m"false"[39m
                  [33maria-disabled[39m=[32m"false"[39m
                  [33maria-expanded[39m=[32m"false"[39m
                  [33maria-haspopup[39m=[32m"listbox"[39m
                  [33maria-label[39m=[32m"Select course"[39m
                  [33mclass[39m=[32m"btn btn-secondary focus-visible:ring-2 focus-visible:ring-primary-500 focus-visible:ring-offset-2 flex items-center gap-2 rounded-xl w-full px-3 py-2.5 border border-slate-200 dark:border-slate-600"[39m
                [36m>[39m
                  [36m<span[39m
                    [33mclass[39m=[32m"flex items-center justify-center rounded-lg text-white text-sm font-bold bg-blue-500 w-8 h-8"[39m
                  [36m>[39m
                    [0m📊[0m
                  [36m</span>[39m
                  [36m<div[39m
                    [33mclass[39m=[32m"flex-1 text-left"[39m
                  [36m>[39m
                    [36m<div[39m
                      [33mclass[39m=[32m"text-sm font-semibold text-slate-900 dark:text-slate-100"[39m
                    [36m>[39m
                      [0mCPA[0m
                    [36m</div>[39m
                    [36m<div[39m
                      [33mclass[39m=[32m"text-xs text-slate-600 dark:text-slate-300"[39m
                    [36m>[39m
                      [0mCPA Exam[0m
                    [36m</div>[39m
                  [36m</div>[39m
                  [36m<svg[39m
                    [33mclass[39m=[32m"lucide lucide-chevron-down w-4 h-4 text-slate-600 transition-transform duration-200"[39m
                    [33mfill[39m=[32m"none"[39m
                    [33mheight[39m=[32m"24"[39m
                    [33mstroke[39m=[32m"currentColor"[39m
                    [33mstroke-linecap[39m=[32m"round"[39m
                    [33mstroke-linejoin[39m=[32m"round"[39m
                    [33mstroke-width[39m=[32m"2"[39m
                    [33mviewBox[39m=[32m"0 0 24 24"[39m
                    [33mwidth[39m=[32m"24"[39m
                    [33mxmlns[39m=[32m"http://www.w3.org/2000/svg"[39m
                  [36m>[39m
                    [36m<path[39m
                      [33md[39m=[32m"m6 9 6 6 6-6"[39m
                    [36m/>[39m
                  [36m</svg>[39m
                [36m</button>[39m
              [36m</div>[39m
            [36m</div>[39m
            [36m<div[39m
              [33mclass[39m=[32m"space-y-1"[39m
            [36m>[39m
              [36m<a[39m
                [33maria-current[39m=[32m"page"[39m
                [33mclass[39m=[32m"flex items-center gap-3 px-4 py-3 rounded-xl transition-all duration-200 font-medium bg-primary-50 text-primary-700 shadow-sm dark:bg-primary-900/20 dark:text-primary-400"[39m
                [33mdata-testid[39m=[32m"nav-desktop-home"[39m
                [33mhref[39m=[32m"/home"[39m
              [36m>[39m
                [36m<svg[39m
                  [33mclass[39m=[32m"lucide lucide-home w-5 h-5"[39m
                  [33mfill[39m=[32m"none"[39m
                  [33mheight[39m=[32m"24"[39m
                  [33mstroke[39m=[32m"currentColor"[39m
                  [33mstroke-linecap[39m=[32m"round"[39m
                  [33mstroke-linejoin[39m=[32m"round"[39m
                  [33mstroke-width[39m=[32m"2"[39m
                  [33mviewBox[39m=[32m"0 0 24 24"[39m
                  [33mwidth[39m=[32m"24"[39m
                  [33mxmlns[39m=[32m"http://www.w3.org/2000/svg"[39m
                [36m>[39m
                  [36m<path[39m
                    [33md[39m=[32m"m3 9 9-7 9 7v11a2 2 0 0 1-2 2H5a2 2 0 0 1-2-2z"[39m
                  [36m/>[39m
                  [36m<polyline[39m
                    [33mpoints[39m=[32m"9 22 9 12 15 12 15 22"[39m
                  [36m/>[39m
                [36m</svg>[39m
                [36m<span[39m
                  [33mclass[39m=[32m"flex-1"[39m
                [36m>[39m
                  [0mHome[0m
                [36m</span>[39m
              [36m</a>[39m
              [36m<a[39m
                [33mclass[39m=[32m"flex items-center gap-3 px-4 py-3 rounded-xl transition-all duration-200 font-medium text-slate-600 hover:text-slate-900 hover:bg-slate-50 dark:text-slate-300 dark:hover:text-slate-100 dark:hover:bg-slate-700"[39m
                [33mdata-testid[39m=[32m"nav-desktop-exam"[39m
                [33mhref[39m=[32m"/exam"[39m
              [36m>[39m
                [36m<svg[39m
                  [33mclass[39m=[32m"lucide lucide-file-text w-5 h-5"[39m
                  [33mfill[39m=[32m"none"[39m
                  [33mheight[39m=[32m"24"[39m
                  [33mstroke[39m=[32m"currentColor"[39m
                  [33mstroke-linecap[39m=[32m"round"[39m
                  [33mstroke-linejoin[39m=[32m"round"[39m
                  [33mstroke-width[39m=[32m"2"[39m
                  [33mviewBox[39m=[32m"0 0 24 24"[39m
                  [33mwidth[39m=[32m"24"[39m
                  [33...
 × src/test/components/layouts/MainLayout.test.tsx > MainLayout > renders streak message in sidebar
   → Unable to find an element with the text: 5 day streak!. This could be because the text is broken up by multiple elements. In this case, you can provide a function for your text matcher to make your matcher more flexible.

Ignored nodes: comments, script, style
[36m<body>[39m
  [36m<div>[39m
    [36m<div[39m
      [33mclass[39m=[32m"min-h-app bg-slate-50 dark:bg-slate-900"[39m
    [36m>[39m
      [36m<a[39m
        [33mclass[39m=[32m"sr-only focus:not-sr-only focus:absolute focus:top-4 focus:left-4 focus:z-[100] focus:px-4 focus:py-2 focus:bg-primary-600 focus:text-white focus:rounded-lg focus:shadow-lg focus:outline-none"[39m
        [33mhref[39m=[32m"#main-content"[39m
      [36m>[39m
        [0mSkip to main content[0m
      [36m</a>[39m
      [36m<div[39m
        [33mclass[39m=[32m"max-w-[1440px] mx-auto flex flex-col md:flex-row safe-top safe-bottom min-h-app"[39m
      [36m>[39m
        [36m<aside[39m
          [33maria-label[39m=[32m"Main navigation"[39m
          [33mclass[39m=[32m"hidden md:flex flex-col w-64 flex-shrink-0 bg-white dark:bg-slate-800 border-r border-slate-200 dark:border-slate-700 sticky z-40 top-0 h-screen"[39m
          [33mrole[39m=[32m"navigation"[39m
        [36m>[39m
          [36m<div[39m
            [33mclass[39m=[32m"p-6"[39m
          [36m>[39m
            [36m<div[39m
              [33mclass[39m=[32m"flex items-center gap-3 mb-4"[39m
            [36m>[39m
              [36m<img[39m
                [33malt[39m=[32m"VoraPrep"[39m
                [33mclass[39m=[32m"h-10"[39m
                [33mheight[39m=[32m"40"[39m
                [33msrc[39m=[32m"/logo.svg"[39m
                [33mwidth[39m=[32m"120"[39m
              [36m/>[39m
            [36m</div>[39m
            [36m<div[39m
              [33mclass[39m=[32m"mb-6"[39m
            [36m>[39m
              [36m<div[39m
                [33mclass[39m=[32m"relative"[39m
              [36m>[39m
                [36m<button[39m
                  [33maria-busy[39m=[32m"false"[39m
                  [33maria-disabled[39m=[32m"false"[39m
                  [33maria-expanded[39m=[32m"false"[39m
                  [33maria-haspopup[39m=[32m"listbox"[39m
                  [33maria-label[39m=[32m"Select course"[39m
                  [33mclass[39m=[32m"btn btn-secondary focus-visible:ring-2 focus-visible:ring-primary-500 focus-visible:ring-offset-2 flex items-center gap-2 rounded-xl w-full px-3 py-2.5 border border-slate-200 dark:border-slate-600"[39m
                [36m>[39m
                  [36m<span[39m
                    [33mclass[39m=[32m"flex items-center justify-center rounded-lg text-white text-sm font-bold bg-blue-500 w-8 h-8"[39m
                  [36m>[39m
                    [0m📊[0m
                  [36m</span>[39m
                  [36m<div[39m
                    [33mclass[39m=[32m"flex-1 text-left"[39m
                  [36m>[39m
                    [36m<div[39m
                      [33mclass[39m=[32m"text-sm font-semibold text-slate-900 dark:text-slate-100"[39m
                    [36m>[39m
                      [0mCPA[0m
                    [36m</div>[39m
                    [36m<div[39m
                      [33mclass[39m=[32m"text-xs text-slate-600 dark:text-slate-300"[39m
                    [36m>[39m
                      [0mCPA Exam[0m
                    [36m</div>[39m
                  [36m</div>[39m
                  [36m<svg[39m
                    [33mclass[39m=[32m"lucide lucide-chevron-down w-4 h-4 text-slate-600 transition-transform duration-200"[39m
                    [33mfill[39m=[32m"none"[39m
                    [33mheight[39m=[32m"24"[39m
                    [33mstroke[39m=[32m"currentColor"[39m
                    [33mstroke-linecap[39m=[32m"round"[39m
                    [33mstroke-linejoin[39m=[32m"round"[39m
                    [33mstroke-width[39m=[32m"2"[39m
                    [33mviewBox[39m=[32m"0 0 24 24"[39m
                    [33mwidth[39m=[32m"24"[39m
                    [33mxmlns[39m=[32m"http://www.w3.org/2000/svg"[39m
                  [36m>[39m
                    [36m<path[39m
                      [33md[39m=[32m"m6 9 6 6 6-6"[39m
                    [36m/>[39m
                  [36m</svg>[39m
                [36m</button>[39m
              [36m</div>[39m
            [36m</div>[39m
            [36m<div[39m
              [33mclass[39m=[32m"space-y-1"[39m
            [36m>[39m
              [36m<a[39m
                [33maria-current[39m=[32m"page"[39m
                [33mclass[39m=[32m"flex items-center gap-3 px-4 py-3 rounded-xl transition-all duration-200 font-medium bg-primary-50 text-primary-700 shadow-sm dark:bg-primary-900/20 dark:text-primary-400"[39m
                [33mdata-testid[39m=[32m"nav-desktop-home"[39m
                [33mhref[39m=[32m"/home"[39m
              [36m>[39m
                [36m<svg[39m
                  [33mclass[39m=[32m"lucide lucide-home w-5 h-5"[39m
                  [33mfill[39m=[32m"none"[39m
                  [33mheight[39m=[32m"24"[39m
                  [33mstroke[39m=[32m"currentColor"[39m
                  [33mstroke-linecap[39m=[32m"round"[39m
                  [33mstroke-linejoin[39m=[32m"round"[39m
                  [33mstroke-width[39m=[32m"2"[39m
                  [33mviewBox[39m=[32m"0 0 24 24"[39m
                  [33mwidth[39m=[32m"24"[39m
                  [33mxmlns[39m=[32m"http://www.w3.org/2000/svg"[39m
                [36m>[39m
                  [36m<path[39m
                    [33md[39m=[32m"m3 9 9-7 9 7v11a2 2 0 0 1-2 2H5a2 2 0 0 1-2-2z"[39m
                  [36m/>[39m
                  [36m<polyline[39m
                    [33mpoints[39m=[32m"9 22 9 12 15 12 15 22"[39m
                  [36m/>[39m
                [36m</svg>[39m
                [36m<span[39m
                  [33mclass[39m=[32m"flex-1"[39m
                [36m>[39m
                  [0mHome[0m
                [36m</span>[39m
              [36m</a>[39m
              [36m<a[39m
                [33mclass[39m=[32m"flex items-center gap-3 px-4 py-3 rounded-xl transition-all duration-200 font-medium text-slate-600 hover:text-slate-900 hover:bg-slate-50 dark:text-slate-300 dark:hover:text-slate-100 dark:hover:bg-slate-700"[39m
                [33mdata-testid[39m=[32m"nav-desktop-exam"[39m
                [33mhref[39m=[32m"/exam"[39m
              [36m>[39m
                [36m<svg[39m
                  [33mclass[39m=[32m"lucide lucide-file-text w-5 h-5"[39m
                  [33mfill[39m=[32m"none"[39m
                  [33mheight[39m=[32m"24"[39m
                  [33mstroke[39m=[32m"currentColor"[39m
                  [33mstroke-linecap[39m=[32m"round"[39m
                  [33mstroke-linejoin[39m=[32m"round"[39m
                  [33mstroke-width[39m=[32m"2"[39m
                  [33mviewBox[39m=[32m"0 0 24 24"[39m
                  [33mwidth[39m=[32m"24"[39m
                  [33...
 ✓ src/test/components/layouts/MainLayout.test.tsx > MainLayout > has navigation landmarks
 ✓ src/test/components/layouts/MainLayout.test.tsx > MainLayout > has main content with proper role
 ✓ src/test/components/layouts/MainLayout.test.tsx > MainLayout > handles skip link click
 ✓ src/test/components/layouts/MainLayout.test.tsx > MainLayout > renders VoraPrep branding
 × src/test/components/layouts/MainLayout.test.tsx > MainLayout > renders daily goal section
   → Unable to find an element with the text: Daily Goal. This could be because the text is broken up by multiple elements. In this case, you can provide a function for your text matcher to make your matcher more flexible.

Ignored nodes: comments, script, style
[36m<body>[39m
  [36m<div>[39m
    [36m<div[39m
      [33mclass[39m=[32m"min-h-app bg-slate-50 dark:bg-slate-900"[39m
    [36m>[39m
      [36m<a[39m
        [33mclass[39m=[32m"sr-only focus:not-sr-only focus:absolute focus:top-4 focus:left-4 focus:z-[100] focus:px-4 focus:py-2 focus:bg-primary-600 focus:text-white focus:rounded-lg focus:shadow-lg focus:outline-none"[39m
        [33mhref[39m=[32m"#main-content"[39m
      [36m>[39m
        [0mSkip to main content[0m
      [36m</a>[39m
      [36m<div[39m
        [33mclass[39m=[32m"max-w-[1440px] mx-auto flex flex-col md:flex-row safe-top safe-bottom min-h-app"[39m
      [36m>[39m
        [36m<aside[39m
          [33maria-label[39m=[32m"Main navigation"[39m
          [33mclass[39m=[32m"hidden md:flex flex-col w-64 flex-shrink-0 bg-white dark:bg-slate-800 border-r border-slate-200 dark:border-slate-700 sticky z-40 top-0 h-screen"[39m
          [33mrole[39m=[32m"navigation"[39m
        [36m>[39m
          [36m<div[39m
            [33mclass[39m=[32m"p-6"[39m
          [36m>[39m
            [36m<div[39m
              [33mclass[39m=[32m"flex items-center gap-3 mb-4"[39m
            [36m>[39m
              [36m<img[39m
                [33malt[39m=[32m"VoraPrep"[39m
                [33mclass[39m=[32m"h-10"[39m
                [33mheight[39m=[32m"40"[39m
                [33msrc[39m=[32m"/logo.svg"[39m
                [33mwidth[39m=[32m"120"[39m
              [36m/>[39m
            [36m</div>[39m
            [36m<div[39m
              [33mclass[39m=[32m"mb-6"[39m
            [36m>[39m
              [36m<div[39m
                [33mclass[39m=[32m"relative"[39m
              [36m>[39m
                [36m<button[39m
                  [33maria-busy[39m=[32m"false"[39m
                  [33maria-disabled[39m=[32m"false"[39m
                  [33maria-expanded[39m=[32m"false"[39m
                  [33maria-haspopup[39m=[32m"listbox"[39m
                  [33maria-label[39m=[32m"Select course"[39m
                  [33mclass[39m=[32m"btn btn-secondary focus-visible:ring-2 focus-visible:ring-primary-500 focus-visible:ring-offset-2 flex items-center gap-2 rounded-xl w-full px-3 py-2.5 border border-slate-200 dark:border-slate-600"[39m
                [36m>[39m
                  [36m<span[39m
                    [33mclass[39m=[32m"flex items-center justify-center rounded-lg text-white text-sm font-bold bg-blue-500 w-8 h-8"[39m
                  [36m>[39m
                    [0m📊[0m
                  [36m</span>[39m
                  [36m<div[39m
                    [33mclass[39m=[32m"flex-1 text-left"[39m
                  [36m>[39m
                    [36m<div[39m
                      [33mclass[39m=[32m"text-sm font-semibold text-slate-900 dark:text-slate-100"[39m
                    [36m>[39m
                      [0mCPA[0m
                    [36m</div>[39m
                    [36m<div[39m
                      [33mclass[39m=[32m"text-xs text-slate-600 dark:text-slate-300"[39m
                    [36m>[39m
                      [0mCPA Exam[0m
                    [36m</div>[39m
                  [36m</div>[39m
                  [36m<svg[39m
                    [33mclass[39m=[32m"lucide lucide-chevron-down w-4 h-4 text-slate-600 transition-transform duration-200"[39m
                    [33mfill[39m=[32m"none"[39m
                    [33mheight[39m=[32m"24"[39m
                    [33mstroke[39m=[32m"currentColor"[39m
                    [33mstroke-linecap[39m=[32m"round"[39m
                    [33mstroke-linejoin[39m=[32m"round"[39m
                    [33mstroke-width[39m=[32m"2"[39m
                    [33mviewBox[39m=[32m"0 0 24 24"[39m
                    [33mwidth[39m=[32m"24"[39m
                    [33mxmlns[39m=[32m"http://www.w3.org/2000/svg"[39m
                  [36m>[39m
                    [36m<path[39m
                      [33md[39m=[32m"m6 9 6 6 6-6"[39m
                    [36m/>[39m
                  [36m</svg>[39m
                [36m</button>[39m
              [36m</div>[39m
            [36m</div>[39m
            [36m<div[39m
              [33mclass[39m=[32m"space-y-1"[39m
            [36m>[39m
              [36m<a[39m
                [33maria-current[39m=[32m"page"[39m
                [33mclass[39m=[32m"flex items-center gap-3 px-4 py-3 rounded-xl transition-all duration-200 font-medium bg-primary-50 text-primary-700 shadow-sm dark:bg-primary-900/20 dark:text-primary-400"[39m
                [33mdata-testid[39m=[32m"nav-desktop-home"[39m
                [33mhref[39m=[32m"/home"[39m
              [36m>[39m
                [36m<svg[39m
                  [33mclass[39m=[32m"lucide lucide-home w-5 h-5"[39m
                  [33mfill[39m=[32m"none"[39m
                  [33mheight[39m=[32m"24"[39m
                  [33mstroke[39m=[32m"currentColor"[39m
                  [33mstroke-linecap[39m=[32m"round"[39m
                  [33mstroke-linejoin[39m=[32m"round"[39m
                  [33mstroke-width[39m=[32m"2"[39m
                  [33mviewBox[39m=[32m"0 0 24 24"[39m
                  [33mwidth[39m=[32m"24"[39m
                  [33mxmlns[39m=[32m"http://www.w3.org/2000/svg"[39m
                [36m>[39m
                  [36m<path[39m
                    [33md[39m=[32m"m3 9 9-7 9 7v11a2 2 0 0 1-2 2H5a2 2 0 0 1-2-2z"[39m
                  [36m/>[39m
                  [36m<polyline[39m
                    [33mpoints[39m=[32m"9 22 9 12 15 12 15 22"[39m
                  [36m/>[39m
                [36m</svg>[39m
                [36m<span[39m
                  [33mclass[39m=[32m"flex-1"[39m
                [36m>[39m
                  [0mHome[0m
                [36m</span>[39m
              [36m</a>[39m
              [36m<a[39m
                [33mclass[39m=[32m"flex items-center gap-3 px-4 py-3 rounded-xl transition-all duration-200 font-medium text-slate-600 hover:text-slate-900 hover:bg-slate-50 dark:text-slate-300 dark:hover:text-slate-100 dark:hover:bg-slate-700"[39m
                [33mdata-testid[39m=[32m"nav-desktop-exam"[39m
                [33mhref[39m=[32m"/exam"[39m
              [36m>[39m
                [36m<svg[39m
                  [33mclass[39m=[32m"lucide lucide-file-text w-5 h-5"[39m
                  [33mfill[39m=[32m"none"[39m
                  [33mheight[39m=[32m"24"[39m
                  [33mstroke[39m=[32m"currentColor"[39m
                  [33mstroke-linecap[39m=[32m"round"[39m
                  [33mstroke-linejoin[39m=[32m"round"[39m
                  [33mstroke-width[39m=[32m"2"[39m
                  [33mviewBox[39m=[32m"0 0 24 24"[39m
                  [33mwidth[39m=[32m"24"[39m
                  [33...
 ✓ src/test/components/layouts/MainLayout.test.tsx > MainLayout > ProgressRing component > renders SVG progress ring
 ✓ src/test/components/layouts/MainLayout.test.tsx > MainLayout > ProgressRing component > renders progress ring with circles
 ✓ src/test/components/layouts/MainLayout.test.tsx > MainLayout > Navigation links > renders Home link
 × src/test/components/layouts/MainLayout.test.tsx > MainLayout > Navigation links > renders Learn link 473ms
   → Unable to find an accessible element with the role "link" and name `/learn/i`

Here are the accessible roles:

  link:

  Name "Skip to main content":
  [36m<a[39m
    [33mclass[39m=[32m"sr-only focus:not-sr-only focus:absolute focus:top-4 focus:left-4 focus:z-[100] focus:px-4 focus:py-2 focus:bg-primary-600 focus:text-white focus:rounded-lg focus:shadow-lg focus:outline-none"[39m
    [33mhref[39m=[32m"#main-content"[39m
  [36m/>[39m

  Name "Home":
  [36m<a[39m
    [33maria-current[39m=[32m"page"[39m
    [33mclass[39m=[32m"flex items-center gap-3 px-4 py-3 rounded-xl transition-all duration-200 font-medium bg-primary-50 text-primary-700 shadow-sm dark:bg-primary-900/20 dark:text-primary-400"[39m
    [33mdata-testid[39m=[32m"nav-desktop-home"[39m
    [33mhref[39m=[32m"/home"[39m
  [36m/>[39m

  Name "Exams":
  [36m<a[39m
    [33mclass[39m=[32m"flex items-center gap-3 px-4 py-3 rounded-xl transition-all duration-200 font-medium text-slate-600 hover:text-slate-900 hover:bg-slate-50 dark:text-slate-300 dark:hover:text-slate-100 dark:hover:bg-slate-700"[39m
    [33mdata-testid[39m=[32m"nav-desktop-exam"[39m
    [33mhref[39m=[32m"/exam"[39m
  [36m/>[39m

  Name "Study Plan":
  [36m<a[39m
    [33mclass[39m=[32m"flex items-center gap-3 px-4 py-3 rounded-xl transition-all duration-200 font-medium text-slate-600 hover:text-slate-900 hover:bg-slate-50 dark:text-slate-300 dark:hover:text-slate-100 dark:hover:bg-slate-700"[39m
    [33mdata-testid[39m=[32m"nav-desktop-study-plan"[39m
    [33mhref[39m=[32m"/study-plan"[39m
  [36m/>[39m

  Name "Resources":
  [36m<a[39m
    [33mclass[39m=[32m"flex items-center gap-3 px-4 py-3 rounded-xl transition-all duration-200 font-medium text-slate-600 hover:text-slate-900 hover:bg-slate-50 dark:text-slate-300 dark:hover:text-slate-100 dark:hover:bg-slate-700"[39m
    [33mdata-testid[39m=[32m"nav-desktop-strategy"[39m
    [33mhref[39m=[32m"/resources"[39m
  [36m/>[39m

  Name "You":
  [36m<a[39m
    [33mclass[39m=[32m"flex items-center gap-3 px-4 py-3 rounded-xl transition-all duration-200 font-medium text-slate-600 hover:text-slate-900 hover:bg-slate-50 dark:text-slate-300 dark:hover:text-slate-100 dark:hover:bg-slate-700"[39m
    [33mdata-testid[39m=[32m"nav-desktop-you"[39m
    [33mhref[39m=[32m"/you"[39m
  [36m/>[39m

  Name "💬 Join our Discord community":
  [36m<a[39m
    [33mclass[39m=[32m"mt-3 flex items-center gap-2 text-xs text-indigo-600 dark:text-indigo-400 hover:text-indigo-700 dark:hover:text-indigo-300 transition-colors"[39m
    [33mhref[39m=[32m"https://discord.gg/SNZJHr26"[39m
    [33mrel[39m=[32m"noopener noreferrer"[39m
    [33mtarget[39m=[32m"_blank"[39m
  [36m/>[39m

  Name "Terms":
  [36m<a[39m
    [33mclass[39m=[32m"underline hover:text-slate-700 dark:hover:text-slate-300"[39m
    [33mhref[39m=[32m"/terms"[39m
  [36m/>[39m

  Name "Home":
  [36m<a[39m
    [33maria-current[39m=[32m"page"[39m
    [33maria-label[39m=[32m"Home"[39m
    [33mclass[39m=[32m"nav-link flex flex-col items-center justify-center w-full h-full gap-0.5 transition-transform active:scale-95 relative text-primary-600 dark:text-primary-400"[39m
    [33mdata-testid[39m=[32m"nav-mobile-home"[39m
    [33mhref[39m=[32m"/home"[39m
  [36m/>[39m

  Name "Exams":
  [36m<a[39m
    [33maria-label[39m=[32m"Exams"[39m
    [33mclass[39m=[32m"nav-link flex flex-col items-center justify-center w-full h-full gap-0.5 transition-transform active:scale-95 relative text-slate-500 dark:text-slate-400"[39m
    [33mdata-testid[39m=[32m"nav-mobile-exam"[39m
    [33mhref[39m=[32m"/exam"[39m
  [36m/>[39m

  Name "Study Plan":
  [36m<a[39m
    [33maria-label[39m=[32m"Study Plan"[39m
    [33mclass[39m=[32m"nav-link flex flex-col items-center justify-center w-full h-full gap-0.5 transition-transform active:scale-95 relative text-slate-500 dark:text-slate-400"[39m
    [33mdata-testid[39m=[32m"nav-mobile-study-plan"[39m
    [33mhref[39m=[32m"/study-plan"[39m
  [36m/>[39m

  Name "Resources":
  [36m<a[39m
    [33maria-label[39m=[32m"Resources"[39m
    [33mclass[39m=[32m"nav-link flex flex-col items-center justify-center w-full h-full gap-0.5 transition-transform active:scale-95 relative text-slate-500 dark:text-slate-400"[39m
    [33mdata-testid[39m=[32m"nav-mobile-strategy"[39m
    [33mhref[39m=[32m"/resources"[39m
  [36m/>[39m

  Name "You":
  [36m<a[39m
    [33maria-label[39m=[32m"You"[39m
    [33mclass[39m=[32m"nav-link flex flex-col items-center justify-center w-full h-full gap-0.5 transition-transform active:scale-95 relative text-slate-500 dark:text-slate-400"[39m
    [33mdata-testid[39m=[32m"nav-mobile-you"[39m
    [33mhref[39m=[32m"/you"[39m
  [36m/>[39m

  --------------------------------------------------
  navigation:

  Name "Main navigation":
  [36m<aside[39m
    [33maria-label[39m=[32m"Main navigation"[39m
    [33mclass[39m=[32m"hidden md:flex flex-col w-64 flex-shrink-0 bg-white dark:bg-slate-800 border-r border-slate-200 dark:border-slate-700 sticky z-40 top-0 h-screen"[39m
    [33mrole[39m=[32m"navigation"[39m
  [36m/>[39m

  Name "Mobile navigation":
  [36m<nav[39m
    [33maria-label[39m=[32m"Mobile navigation"[39m
    [33mclass[39m=[32m"md:hidden fixed bottom-0 left-0 right-0 bg-white/95 backdrop-blur dark:bg-slate-800/95 border-t border-slate-200 dark:border-slate-700 pb-safe z-50 safe-bottom"[39m
    [33mrole[39m=[32m"navigation"[39m
  [36m/>[39m

  --------------------------------------------------
  img:

  Name "VoraPrep":
  [36m<img[39m
    [33malt[39m=[32m"VoraPrep"[39m
    [33mclass[39m=[32m"h-10"[39m
    [33mheight[39m=[32m"40"[39m
    [33msrc[39m=[32m"/logo.svg"[39m
    [33mwidth[39m=[32m"120"[39m
  [36m/>[39m

  --------------------------------------------------
  button:

  Name "Select course":
  [36m<button[39m
    [33maria-busy[39m=[32m"false"[39m
    [33maria-disabled[39m=[32m"false"[39m
    [33maria-expanded[39m=[32m"false"[39m
    [33maria-haspopup[39m=[32m"listbox"[39m
    [33maria-label[39m=[32m"Select course"[39m
    [33mclass[39m=[32m"btn btn-secondary focus-visible:ring-2 focus-visible:ring-primary-500 focus-visible:ring-offset-2 flex items-center gap-2 rounded-xl w-full px-3 py-2.5 border border-slate-200 dark:border-slate-600"[39m
  [36m/>[39m

  Name "Select course":
  [36m<button[39m
    [33maria-busy[39m=[32m"false"[39m
    [33maria-disabled[39m=[32m"false"[39m
    [33maria-expanded[39m=[32m"false"[39m
    [33maria-haspopup[39m=[32m"listbox"[39m
    [33maria-label[39m=[32m"Select course"[39m
    [33mclass[39m=[32m"btn btn-secondary focus-visible:ring-2 focus-visible:ring-primary-500 focus-visible:ring-offset-2 flex items-center gap-2 rounded-xl px-2.5 py-1.5 bg-slate-100 dark:bg-slate-700 border-0"[39m
  [36m/>[39m

  --------------------------------------------------
  paragraph:

  Name "":
  [36m<p[39m
    [33mclass[39m=[32m"mt-4 text-[10px] text-slate-500 dark:text-slate-400 leading-tight"[39m
  [36m/>[39m

  --------------------------------------------------
  banner:

  Name "":
  [36m<header[39m
    [33mclass[39m=[32m"md:hidden fixed left-0 right-0 bg-white dark:bg-slate-800 z-40 transition-all duration-200 safe-top top-0"[39m
    [33mrole[39m=[32m"banner"[39m
  [36m/>[39m

  --------------------------------------------------
  main:

  Name "Main content":
  [36m<main[39m
    [33maria-label[39m=[32m"Main content"[39m
    [33mclass[39m=[32m"flex-1 min-w-0 p-4 pb-24 md:p-8 md:pb-8 md:pt-6 focus:outline-none pt-[58px]"[39m
    [33mid[39m=[32m"main-content"[39m
    [33mrole[39m=[32m"main"[39m
    [33mtabindex[39m=[32m"-1"[39m
  [36m/>[39m

  --------------------------------------------------

Ignored nodes: comments, script, style
[36m<body>[39m
  [36m<div>[39m
    [36m<div[39m
      [33mclass[39m=[32m"min-h-app bg-slate-50 dark:bg-slate-900"[39m
    [36m>[39m
      [36m<a[39m
        [33mclass[39m=[32m"sr-only focus:not-sr-only focus:absolute focus:top-4 focus:left-4 focus:z-[100] focus:px-4 focus:py-2 focus:bg-primary-600 focus:text-white focus:rounded-lg focus:shadow-lg focus:outline-none"[39m
        [33mhref[39m=[32m"#main-content"[39m
      [36m>[39m
        [0mSkip to main content[0m
      [36m</a>[39m
      [36m<div[39m
        [33mclass[39m=[32m"max-w-[1440px] mx-auto flex flex-col md:flex-row safe-top safe-bottom min-h-app"[39m
      [36m>[39m
        [36m<aside[39m
          [33maria-label[39m=[32m"Main navigation"[39m
          [33mclass[39m=[32m"hidden md:flex flex-col w-64 flex-shrink-0 bg-white dark:bg-slate-800 border-r border-slate-200 dark:border-slate-700 sticky z-40 top-0 h-screen"[39m
          [33mrole[39m=[32m"navigation"[39m
        [36m>[39m
          [36m<div[39m
            [33mclass[39m=[32m"p-6"[39m
          [36m>[39m
            [36m<div[39m
              [33mclass[39m=[32m"flex items-center gap-3 mb-4"[39m
            [36m>[39m
              [36m<img[39m
                [33malt[39m=[32m"VoraPrep"[39m
                [33mclass[39m=[32m"h-10"[39m
                [33mheight[39m=[32m"40"[39m
                [33msrc[39m=[32m"/logo.svg"[39m
                [33mwidth[39m=[32m"120"[39m
              [36m/>[39m
            [36m</div>[39m
            [36m<div[39m
              [33mclass[39m=[32m"mb-6"[39m
            [36m>[39m
              [36m<div[39m
                [33mclass[39m=[32m"relative"[39m
              [36m>[39m
                [36m<button[39m
                  [33maria-busy[39m=[32m"false"[39m
                  [33maria-disabled[39m=[32m"false"[39m
                  [33maria-expanded[39m=[32m"false"[39m
                  [33maria-haspopup[39m=[32m"listbox"[39m
                  [33maria-label[39m=[32m"Select course"[39m
                  [33mclass[39m=[32m"btn btn-secondary focus-visible:ring-2 focus-visible:ring-primary-500 focus-visible:ring-offset-2 flex items-center gap-2 rounded-xl w-full px-3 py-2.5 border border-slate-200 dark:border-slate-600"[39m
                [36m>[39m
                  [36m<span[39m
                    [33mclass[39m=[32m"flex items-center justify-center rounded-lg text-white text-sm font-bold bg-blue-500 w-8 h-8"[39m
                  [36m>[39m
                    [0m📊[0m
                  [36m</span>[39m
                  [36m<div[39m
                    [33mclass[39m=[32m"flex-1 text-left"[39m
                  [36m>[39m
                    [36m<div[39m
                      [33mclass[39m=[32m"text-sm font-semibold text-slate-900 dark:text-slate-100"[39m
                    [36m>[39m
                      [0mCPA[0m
                    [36m</div>[39m
                    [36m<div[39m
                      [33mclass[39m=[32m"text-xs text-slate-600 dark:text-slate-300"[39m
                    [36m>[39m
                      [0mCPA Exam[0m
                    [36m</div>[39m
                  [36m</div>[39m
                  [36m<svg[39m
                    [33mclass[39m=[32m"lucide lucide-chevron-down w-4 h-4 text-slate-600 transition-transform duration-200"[39m
                    [33mfill[39m=[32m"none"[39m
                    [33mheight[39m=[32m"24"[39m
                    [33mstroke[39m=[32m"currentColor"[39m
                    [33mstroke-linecap[39m=[32m"round"[39m
                    [33mstroke-linejoin[39m=[32m"round"[39m
                    [33mstroke-width[39m=[32m"2"[39m
                    [33mviewBox[39m=[32m"0 0 24 24"[39m
                    [33mwidth[39m=[32m"24"[39m
                    [33mxmlns[39m=[32m"http://www.w3.org/2000/svg"[39m
                  [36m>[39m
                    [36m<path[39m
                      [33md[39m=[32m"m6 9 6 6 6-6"[39m
                    [36m/>[39m
                  [36m</svg>[39m
                [36m</button>[39m
              [36m</div>[39m
            [36m</div>[39m
            [36m<div[39m
              [33mclass[39m=[32m"space-y-1"[39m
            [36m>[39m
              [36m<a[39m
                [33maria-current[39m=[32m"page"[39m
                [33mclass[39m=[32m"flex items-center gap-3 px-4 py-3 rounded-xl transition-all duration-200 font-medium bg-primary-50 text-primary-700 shadow-sm dark:bg-primary-900/20 dark:text-primary-400"[39m
                [33mdata-testid[39m=[32m"nav-desktop-home"[39m
                [33mhref[39m=[32m"/home"[39m
              [36m>[39m
                [36m<svg[39m
                  [33mclass[39m=[32m"lucide lucide-home w-5 h-5"[39m
                  [33mfill[39m=[32m"none"[39m
                  [33mheight[39m=[32m"24"[39m
                  [33mstroke[39m=[32m"currentColor"[39m
                  [33mstroke-linecap[39m=[32m"round"[39m
                  [33mstroke-linejoin[39m=[32m"round"[39m
                  [33mstroke-width[39m=[32m"2"[39m
                  [33mviewBox[39m=[32m"0 0 24 24"[39m
                  [33mwidth[39m=[32m"24"[39m
                  [33mxmlns[39m=[32m"http://www.w3.org/2000/svg"[39m
                [36m>[39m
                  [36m<path[39m
                    [33md[39m=[32m"m3 9 9-7 9 7v11a2 2 0 0 1-2 2H5a2 2 0 0 1-2-2z"[39m
                  [36m/>[39m
                  [36m<polyline[39m
                    [33mpoints[39m=[32m"9 22 9 12 15 12 15 22"[39m
                  [36m/>[39m
                [36m</svg>[39m
                [36m<span[39m
                  [33mclass[39m=[32m"flex-1"[39m
                [36m>[39m
                  [0mHome[0m
                [36m</span>[39m
              [36m</a>[39m
              [36m<a[39m
                [33mclass[39m=[32m"flex items-center gap-3 px-4 py-3 rounded-xl transition-all duration-200 font-medium text-slate-600 hover:text-slate-900 hover:bg-slate-50 dark:text-slate-300 dark:hover:text-slate-100 dark:hover:bg-slate-700"[39m
                [33mdata-testid[39m=[32m"nav-desktop-exam"[39m
                [33mhref[39m=[32m"/exam"[39m
              [36m>[39m
                [36m<svg[39m
                  [33mclass[39m=[32m"lucide lucide-file-text w-5 h-5"[39m
                  [33mfill[39m=[32m"none"[39m
                  [33mheight[39m=[32m"24"[39m
                  [33mstroke[39m=[32m"currentColor"[39m
                  [33mstroke-linecap[39m=[32m"round"[39m
                  [33mstroke-linejoin[39m=[32m"round"[39m
                  [33mstroke-width[39m=[32m"2"[39m
                  [33mviewBox[39m=[32m"0 0 24 24"[39m
                  [33mwidth[39m=[32m"24"[39m
                  [33...
 ✓ src/test/components/layouts/MainLayout.test.tsx > MainLayout > Navigation links > renders You link
 ✓ src/test/components/layouts/MainLayout.test.tsx > MainLayout > Mobile navigation > renders mobile navigation with aria-label
 ✓ src/test/components/layouts/MainLayout.test.tsx > MainLayout > Desktop sidebar > renders desktop sidebar with aria-label
 ✓ src/test/services/cpaAdaptiveEngine.test.ts > cpaAdaptiveEngine > state management > initializes with default state
 ✓ src/test/services/cpaAdaptiveEngine.test.ts > cpaAdaptiveEngine > state management > loads state from localStorage
 ✓ src/test/services/cpaAdaptiveEngine.test.ts > cpaAdaptiveEngine > state management > getAdaptiveState returns current module state
 ✓ src/test/services/cpaAdaptiveEngine.test.ts > cpaAdaptiveEngine > state management > resetAdaptiveState clears all progress
 ✓ src/test/services/cpaAdaptiveEngine.test.ts > cpaAdaptiveEngine > state management > saves state to localStorage on answer
 ✓ src/test/services/cpaAdaptiveEngine.test.ts > cpaAdaptiveEngine > discipline selection > starts with no chosen discipline
 ✓ src/test/services/cpaAdaptiveEngine.test.ts > cpaAdaptiveEngine > discipline selection > sets chosen discipline
 ✓ src/test/services/cpaAdaptiveEngine.test.ts > cpaAdaptiveEngine > discipline selection > active sections include core only when no discipline selected
 ✓ src/test/services/cpaAdaptiveEngine.test.ts > cpaAdaptiveEngine > discipline selection > active sections include chosen discipline
 ✓ src/test/services/cpaAdaptiveEngine.test.ts > cpaAdaptiveEngine > discipline selection > rejects invalid disciplines
 ✓ src/test/services/cpaAdaptiveEngine.test.ts > cpaAdaptiveEngine > recordAnswer > increments questions answered
 ✓ src/test/services/cpaAdaptiveEngine.test.ts > cpaAdaptiveEngine > recordAnswer > tracks section performance
 ✓ src/test/services/cpaAdaptiveEngine.test.ts > cpaAdaptiveEngine > recordAnswer > tracks blueprint area performance
 ✓ src/test/services/cpaAdaptiveEngine.test.ts > cpaAdaptiveEngine > recordAnswer > records multiple answers correctly
 ✓ src/test/services/cpaAdaptiveEngine.test.ts > cpaAdaptiveEngine > getQuestionsDueForReview > returns empty array initially
 ✓ src/test/services/cpaAdaptiveEngine.test.ts > cpaAdaptiveEngine > getWeakSections / getWeakBlueprintAreas > returns weak sections array
 ✓ src/test/services/cpaAdaptiveEngine.test.ts > cpaAdaptiveEngine > getWeakSections / getWeakBlueprintAreas > returns weak blueprint areas array
 ✓ src/test/services/cpaAdaptiveEngine.test.ts > cpaAdaptiveEngine > getWeakSections / getWeakBlueprintAreas > identifies weak sections after wrong answers
 ✓ src/test/services/cpaAdaptiveEngine.test.ts > cpaAdaptiveEngine > getRecommendedAction > returns valid recommendation
 ✓ src/test/services/cpaAdaptiveEngine.test.ts > cpaAdaptiveEngine > getRecommendedAction > recommends practice for new users
 ✓ src/test/services/cpaAdaptiveEngine.test.ts > cpaAdaptiveEngine > getPerformanceSummary > returns complete summary
 ✓ src/test/services/cpaAdaptiveEngine.test.ts > cpaAdaptiveEngine > getPerformanceSummary > reflects answers recorded
 ✓ src/test/services/cpaAdaptiveEngine.test.ts > cpaAdaptiveEngine > session management > startSession and endSession lifecycle
 ✓ src/test/services/lessonService.test.ts > lessonService > fetchAllLessons > fetches all lessons from local data 3110ms
 ✓ src/test/services/lessonService.test.ts > lessonService > fetchAllLessons > returns lessons sorted by section and order
 ✓ src/test/services/lessonService.test.ts > lessonService > fetchAllLessons > caches lessons for subsequent calls
 ✓ src/test/services/lessonService.test.ts > lessonService > fetchAllLessons > filters by courseId
 ✓ src/test/services/lessonService.test.ts > lessonService > fetchLessonsBySection > fetches lessons for a specific section
 ✓ src/test/services/lessonService.test.ts > lessonService > fetchLessonsBySection > handles case insensitive section names
 ✓ src/test/services/lessonService.test.ts > lessonService > fetchLessonsBySection > returns empty array for non-existent section
 ✓ src/test/services/lessonService.test.ts > lessonService > fetchLessonById > fetches a single lesson by ID
 ✓ src/test/services/lessonService.test.ts > lessonService > fetchLessonById > returns null for non-existent ID 7007ms
 ✓ src/test/services/lessonService.test.ts > lessonService > getLessonStats > returns lesson statistics
 ✓ src/test/services/lessonService.test.ts > lessonService > getLessonStats > has stats for known sections
 ✓ src/test/services/lessonService.test.ts > lessonService > fetchLessonsByTopic > returns lessons matching a topic
 ✓ src/test/services/lessonService.test.ts > lessonService > fetchLessonsByTopic > returns empty array for non-matching topic
 ✓ src/test/services/lessonService.test.ts > lessonService > searchLessons > finds lessons by title keyword
 ✓ src/test/services/lessonService.test.ts > lessonService > searchLessons > is case insensitive
 ✓ src/test/services/lessonService.test.ts > lessonService > searchLessons > returns empty array for no matches
 ✓ src/test/services/lessonService.test.ts > lessonService > clearLessonCache > clears the cache
 ✓ src/test/services/lessonService.test.ts > lessonService > module exports > exports fetchAllLessons function
 ✓ src/test/services/lessonService.test.ts > lessonService > module exports > exports fetchLessonsBySection function
 ✓ src/test/services/lessonService.test.ts > lessonService > module exports > exports fetchLessonById function
 ✓ src/test/services/lessonService.test.ts > lessonService > module exports > exports clearLessonCache function
 ✓ src/test/services/questionService.test.ts > questionService > fetchQuestions > fetches questions with default options 5865ms
 ✓ src/test/services/questionService.test.ts > questionService > fetchQuestions > filters by section
 ✓ src/test/services/questionService.test.ts > questionService > fetchQuestions > filters by difficulty
 ✓ src/test/services/questionService.test.ts > questionService > fetchQuestions > respects count parameter
 ✓ src/test/services/questionService.test.ts > questionService > fetchQuestions > handles excludeIds
 ✓ src/test/services/questionService.test.ts > questionService > fetchQuestions > returns empty array on error gracefully
 ✓ src/test/services/questionService.test.ts > questionService > getQuestionById > fetches a single question by ID
 ✓ src/test/services/questionService.test.ts > questionService > getQuestionById > returns null for non-existent ID
 ✓ src/test/services/questionService.test.ts > questionService > getWeakAreaQuestions > returns questions for weak areas
 ✓ src/test/services/questionService.test.ts > questionService > getWeakAreaQuestions > prioritizes specified weak topics
 ✓ src/test/services/questionService.test.ts > questionService > getQuestionCount > returns count for specific section
 ✓ src/test/services/questionService.test.ts > questionService > getQuestionCount > returns total count for all sections
 ✓ src/test/services/questionService.test.ts > questionService > getQuestionStats > returns statistics for all sections
 ✓ src/test/services/questionService.test.ts > questionService > clearQuestionCache > clears the question cache
 ✓ src/test/services/questionService.test.ts > questionService > question data integrity > questions have required fields
 ✓ src/test/services/questionService.test.ts > questionService > question data integrity > questions have answer options
 ✓ src/test/services/questionService.test.ts > questionService > module exports > exports fetchQuestions function
 ✓ src/test/services/questionService.test.ts > questionService > module exports > exports getQuestionById function
 ✓ src/test/services/questionService.test.ts > questionService > module exports > exports getWeakAreaQuestions function
 ✓ src/test/services/questionService.test.ts > questionService > module exports > exports getQuestionCount function
 ✓ src/test/services/questionService.test.ts > questionService > module exports > exports clearQuestionCache function
stderr | src/test/providers/CourseProvider.test.tsx > CourseProvider > Context Initialization > should provide default course on initial load
⚠️ React Router Future Flag Warning: React Router will begin wrapping state updates in `React.startTransition` in v7. You can use the `v7_startTransition` future flag to opt-in early. For more information, see https://reactrouter.com/v6/upgrading/future#v7_starttransition.
⚠️ React Router Future Flag Warning: Relative route resolution within Splat routes is changing in v7. You can use the `v7_relativeSplatPath` future flag to opt-in early. For more information, see https://reactrouter.com/v6/upgrading/future#v7_relativesplatpath.

 ✓ src/test/providers/CourseProvider.test.tsx > CourseProvider > Context Initialization > should provide default course on initial load
 ✓ src/test/providers/CourseProvider.test.tsx > CourseProvider > Context Initialization > should accept initial course ID prop
 ✓ src/test/providers/CourseProvider.test.tsx > CourseProvider > Context Initialization > should expose loading state via context
 ✓ src/test/providers/CourseProvider.test.tsx > CourseProvider > Context Initialization > should provide available courses
 ✓ src/test/providers/CourseProvider.test.tsx > CourseProvider > Context Initialization > should provide CPA course name
stderr | src/test/providers/CourseProvider.test.tsx > CourseProvider > Course Switching > should allow switching courses via setCourse
Warning: An update to CourseProvider inside a test was not wrapped in act(...).

When testing, code that causes React state updates should be wrapped into act(...):

act(() => {
  /* fire events that update state */
});
/* assert on the output */

This ensures that you're testing the behavior the user would see in the browser. Learn more at https://reactjs.org/link/wrap-tests-with-act
    at CourseProvider (/workspaces/passcpa/src/providers/CourseProvider.tsx:15:3)
    at Router (/workspaces/passcpa/node_modules/react-router/dist/umd/react-router.development.js:1207:17)
    at MemoryRouter (/workspaces/passcpa/node_modules/react-router/dist/umd/react-router.development.js:1101:7)
Warning: An update to CourseProvider inside a test was not wrapped in act(...).

When testing, code that causes React state updates should be wrapped into act(...):

act(() => {
  /* fire events that update state */
});
/* assert on the output */

This ensures that you're testing the behavior the user would see in the browser. Learn more at https://reactjs.org/link/wrap-tests-with-act
    at CourseProvider (/workspaces/passcpa/src/providers/CourseProvider.tsx:15:3)
    at Router (/workspaces/passcpa/node_modules/react-router/dist/umd/react-router.development.js:1207:17)
    at MemoryRouter (/workspaces/passcpa/node_modules/react-router/dist/umd/react-router.development.js:1101:7)

 ✓ src/test/providers/CourseProvider.test.tsx > CourseProvider > Course Switching > should allow switching courses via setCourse
 ✓ src/test/providers/CourseProvider.test.tsx > CourseProvider > useCourse Hook > should throw error when used outside provider
 ✓ src/test/providers/CourseProvider.test.tsx > CourseProvider > useCourseOptional Hook > should return null when used outside provider
 ✓ src/test/providers/CourseProvider.test.tsx > CourseProvider > useCourseOptional Hook > should return context when inside provider
 ✓ src/test/providers/CourseProvider.test.tsx > CourseProvider > Provider Nesting > should work with nested providers
 ✓ src/test/providers/CourseProvider.test.tsx > CourseProvider > Course Sections > should provide course with sections
 ✓ src/test/services/analytics.test.ts > analytics.ts > initAnalytics > should not throw when called
 ✓ src/test/services/analytics.test.ts > analytics.ts > initAnalytics > should call initAnalytics multiple times safely
 ✓ src/test/services/analytics.test.ts > analytics.ts > trackPageView > should not track if analytics not initialized
 ✓ src/test/services/analytics.test.ts > analytics.ts > trackPageView > should call gtag if initialized
 ✓ src/test/services/analytics.test.ts > analytics.ts > trackEvent > should not track if analytics not initialized
 ✓ src/test/services/analytics.test.ts > analytics.ts > trackEvent > should handle missing gtag gracefully
 ✓ src/test/services/analytics.test.ts > analytics.ts > analytics object methods > study events > startStudySession should call trackEvent
 ✓ src/test/services/analytics.test.ts > analytics.ts > analytics object methods > study events > completeStudySession should call trackEvent
 ✓ src/test/services/analytics.test.ts > analytics.ts > analytics object methods > question events > answerQuestion should track correct answer
 ✓ src/test/services/analytics.test.ts > analytics.ts > analytics object methods > question events > answerQuestion should track incorrect answer
 ✓ src/test/services/analytics.test.ts > analytics.ts > analytics object methods > question events > answerQuestion should handle undefined section
 ✓ src/test/services/analytics.test.ts > analytics.ts > analytics object methods > practice events > startPractice should call trackEvent
 ✓ src/test/services/analytics.test.ts > analytics.ts > analytics object methods > practice events > completePractice should calculate accuracy
 ✓ src/test/services/analytics.test.ts > analytics.ts > analytics object methods > practice events > completePractice should handle zero total
 ✓ src/test/services/analytics.test.ts > analytics.ts > analytics object methods > exam events > startExam should call trackEvent
 ✓ src/test/services/analytics.test.ts > analytics.ts > analytics object methods > exam events > completeExam should track passed exam
 ✓ src/test/services/analytics.test.ts > analytics.ts > analytics object methods > exam events > completeExam should track failed exam
 ✓ src/test/services/analytics.test.ts > analytics.ts > analytics object methods > AI Tutor events > askAITutor should call trackEvent
 ✓ src/test/services/analytics.test.ts > analytics.ts > analytics object methods > achievement events > unlockAchievement should call trackEvent
 ✓ src/test/services/analytics.test.ts > analytics.ts > analytics object methods > streak events > maintainStreak should call trackEvent
 ✓ src/test/services/analytics.test.ts > analytics.ts > analytics object methods > streak events > loseStreak should call trackEvent
 ✓ src/test/services/analytics.test.ts > analytics.ts > analytics object methods > user journey events > completeOnboarding with exam date
 ✓ src/test/services/analytics.test.ts > analytics.ts > analytics object methods > user journey events > completeOnboarding without exam date
 ✓ src/test/services/analytics.test.ts > analytics.ts > analytics object methods > user journey events > completeOnboarding with string date
 ✓ src/test/services/analytics.test.ts > analytics.ts > analytics object methods > feature usage > useFeature should call trackEvent
 ✓ src/test/services/analytics.test.ts > analytics.ts > analytics object methods > error tracking > trackError should call trackEvent
 ✓ src/test/services/analytics.test.ts > analytics.ts > default export > should export analytics object

<--- Last few GCs --->

[266899:0x10c15000]    89117 ms: Scavenge (interleaved) 4079.1 (4099.9) -> 4076.3 (4100.4) MB, pooled: 0 MB, 9.43 / 0.00 ms  (average mu = 0.253, current mu = 0.207) allocation failure; 
[266899:0x10c15000]    91148 ms: Mark-Compact 4079.6 (4100.4) -> 4070.9 (4100.4) MB, pooled: 0 MB, 2016.50 / 0.00 ms  (average mu = 0.146, current mu = 0.046) allocation failure; scavenge might not succeed

FATAL ERROR: Ineffective mark-compacts near heap limit Allocation failed - JavaScript heap out of memory
----- Native stack trace -----

 1: 0x72be1c node::OOMErrorHandler(char const*, v8::OOMDetails const&) [node (vitest 1)]
 2: 0xb9dc10  [node (vitest 1)]
 3: 0xb9dcff  [node (vitest 1)]
 4: 0xe367e5  [node (vitest 1)]
 5: 0xe36812  [node (vitest 1)]
 6: 0xe36b0a  [node (vitest 1)]
 7: 0xe4702a  [node (vitest 1)]
 8: 0xe4b3d0  [node (vitest 1)]
 9: 0x18de281  [node (vitest 1)]
 ✓ src/test/services/tbsService.test.ts > tbsService > fetchAllTBS > fetches all TBS from local data
 ✓ src/test/services/tbsService.test.ts > tbsService > fetchAllTBS > returns TBS sorted by section and title
 ✓ src/test/services/tbsService.test.ts > tbsService > fetchAllTBS > returns empty array on error gracefully
 ✓ src/test/services/tbsService.test.ts > tbsService > fetchTBSBySection > fetches TBS for a specific section
 ✓ src/test/services/tbsService.test.ts > tbsService > fetchTBSBySection > returns FAR TBS for unknown section (default behavior)
 ✓ src/test/services/tbsService.test.ts > tbsService > fetchTBSById > fetches a single TBS by ID
 ✓ src/test/services/tbsService.test.ts > tbsService > fetchTBSById > returns null for non-existent ID
 ✓ src/test/services/tbsService.test.ts > tbsService > getTBSStats > returns TBS statistics by section
 ✓ src/test/services/tbsService.test.ts > tbsService > fetchTBSByType > fetches TBS by simulation type
 ✓ src/test/services/tbsService.test.ts > tbsService > searchTBS > searches TBS by title
 ✓ src/test/services/tbsService.test.ts > tbsService > searchTBS > is case insensitive
 ✓ src/test/services/tbsService.test.ts > tbsService > searchTBS > returns empty array for no matches
 ✓ src/test/services/tbsService.test.ts > tbsService > getTBSCount > returns total TBS count
 ✓ src/test/services/tbsService.test.ts > tbsService > getTBSCount > returns count for specific section
 ✓ src/test/services/tbsService.test.ts > tbsService > clearTBSCache > clears the TBS cache
 ✓ src/test/services/tbsService.test.ts > tbsService > TBS data integrity > TBS have required fields
 ✓ src/test/services/tbsService.test.ts > tbsService > module exports > exports fetchAllTBS function
 ✓ src/test/services/tbsService.test.ts > tbsService > module exports > exports fetchTBSBySection function
 ✓ src/test/services/tbsService.test.ts > tbsService > module exports > exports fetchTBSById function
 ✓ src/test/services/tbsService.test.ts > tbsService > module exports > exports clearTBSCache function
 ✓ src/test/services/cisaScorePredictor.test.ts > cisaScorePredictor.ts > predictScore > should return prediction object with required fields
 ✓ src/test/services/cisaScorePredictor.test.ts > cisaScorePredictor.ts > predictScore > should return scaled score between 200 and 800
 ✓ src/test/services/cisaScorePredictor.test.ts > cisaScorePredictor.ts > predictScore > should have confidence interval with low less than high
 ✓ src/test/services/cisaScorePredictor.test.ts > cisaScorePredictor.ts > predictScore > should provide pass probability between 0 and 100
 ✓ src/test/services/cisaScorePredictor.test.ts > cisaScorePredictor.ts > predictScore > should provide higher score for better domain accuracy
 ✓ src/test/services/cisaScorePredictor.test.ts > cisaScorePredictor.ts > analyzeTrends > should return trend analysis object
 ✓ src/test/services/cisaScorePredictor.test.ts > cisaScorePredictor.ts > analyzeTrends > should provide projectedScoreInWeeks function
 ✓ src/test/services/cisaScorePredictor.test.ts > cisaScorePredictor.ts > getQuickPrediction > should return quick prediction without input
 ✓ src/test/services/cisaScorePredictor.test.ts > cisaScorePredictor.ts > getQuickPrediction > should return a valid readiness level
 ✓ src/test/services/cisaScorePredictor.test.ts > cisaScorePredictor.ts > getStudyPlan > should return study plan object
 ✓ src/test/services/cisaScorePredictor.test.ts > cisaScorePredictor.ts > getStudyPlan > should adjust phase based on days until exam
 ✓ src/test/services/cisaScorePredictor.test.ts > cisaScorePredictor.ts > getStudyPlan > should increase hours per day as exam approaches
 ✓ src/test/services/offlineCache.test.ts > offlineCache > module exports > should export cacheQuestions function
 ✓ src/test/services/offlineCache.test.ts > offlineCache > module exports > should export cacheTBS function
 ✓ src/test/services/offlineCache.test.ts > offlineCache > module exports > should export getCachedQuestions function
 ✓ src/test/services/offlineCache.test.ts > offlineCache > module exports > should export getCacheStatus function
 ✓ src/test/services/offlineCache.test.ts > offlineCache > module exports > should export clearCache function
 ✓ src/test/services/offlineCache.test.ts > offlineCache > module exports > should have default export with all functions
 ✓ src/test/services/offlineCache.test.ts > offlineCache > cacheQuestions > should be an async function
 ✓ src/test/services/offlineCache.test.ts > offlineCache > cacheQuestions > should accept an array parameter
 ✓ src/test/services/offlineCache.test.ts > offlineCache > cacheTBS > should be an async function
 ✓ src/test/services/offlineCache.test.ts > offlineCache > cacheTBS > should accept an array parameter
 ✓ src/test/services/offlineCache.test.ts > offlineCache > getCachedQuestions > should be an async function
 ✓ src/test/services/offlineCache.test.ts > offlineCache > getCachedQuestions > should accept optional filters parameter
 ✓ src/test/services/offlineCache.test.ts > offlineCache > getCacheStatus > should be an async function
 ✓ src/test/services/offlineCache.test.ts > offlineCache > getCacheStatus > should take no parameters
 ✓ src/test/services/offlineCache.test.ts > offlineCache > clearCache > should be an async function
 ✓ src/test/services/offlineCache.test.ts > offlineCache > clearCache > should take no parameters
 ✓ src/test/services/offlineCache.test.ts > offlineCache database configuration > uses correct database name
 ✓ src/test/services/offlineCache.test.ts > offlineCache database configuration > uses correct database version
 ✓ src/test/services/offlineCache.test.ts > offlineCache database configuration > defines questions store
 ✓ src/test/services/offlineCache.test.ts > offlineCache database configuration > defines TBS store
 ✓ src/test/services/offlineCache.test.ts > offlineCache database configuration > defines meta store
 ✓ src/test/services/offlineCache.test.ts > offlineCache QuestionFilters interface > section filter type is string
 ✓ src/test/services/offlineCache.test.ts > offlineCache QuestionFilters interface > topic filter type is string
 ✓ src/test/services/offlineCache.test.ts > offlineCache QuestionFilters interface > difficulty filter type is string
 ✓ src/test/services/offlineCache.test.ts > offlineCache QuestionFilters interface > limit filter type is number
 ✓ src/test/services/offlineCache.test.ts > offlineCache QuestionFilters interface > all filters can be combined
 ✓ src/test/services/offlineCache.test.ts > offlineCache metadata handling > should track questions_cached_at timestamp
 ✓ src/test/services/offlineCache.test.ts > offlineCache metadata handling > should track questions_count
 ✓ src/test/services/offlineCache.test.ts > offlineCache metadata handling > should track tbs_cached_at timestamp
 ✓ src/test/services/offlineCache.test.ts > offlineCache metadata handling > should track tbs_count
 ✓ src/test/components/Bookmarks.test.jsx > Bookmarks System > BookmarkButton Component > should render a bookmark button
 ✓ src/test/components/Bookmarks.test.jsx > Bookmarks System > BookmarkButton Component > should have correct size classes for sm size
 ✓ src/test/components/Bookmarks.test.jsx > Bookmarks System > BookmarkButton Component > should have correct size classes for md size
 ✓ src/test/components/Bookmarks.test.jsx > Bookmarks System > BookmarkButton Component > should stop event propagation when clicked
 ✓ src/test/components/Bookmarks.test.jsx > Bookmarks System > NotesButton Component > should render a notes button
 ✓ src/test/components/Bookmarks.test.jsx > Bookmarks System > NotesButton Component > should open notes panel when clicked
 ✓ src/test/components/Bookmarks.test.jsx > Bookmarks System > NotesPanel Component > should not render when isOpen is false
 ✓ src/test/components/Bookmarks.test.jsx > Bookmarks System > NotesPanel Component > should render when isOpen is true
 ✓ src/test/components/Bookmarks.test.jsx > Bookmarks System > NotesPanel Component > should have a textarea for notes
 ✓ src/test/components/Bookmarks.test.jsx > Bookmarks System > NotesPanel Component > should have cancel and save buttons
 ✓ src/test/components/Bookmarks.test.jsx > Bookmarks System > NotesPanel Component > should call onClose when cancel is clicked
 ✓ src/test/components/Bookmarks.test.jsx > Bookmarks System > NotesPanel Component > should allow typing in the textarea
 ✓ src/test/components/Bookmarks.test.jsx > Bookmarks System > useBookmarks hook > should initialize with empty bookmarks when no user
 ✓ src/test/components/Bookmarks.test.jsx > Bookmark Data Types > should support question bookmarks
 ✓ src/test/components/Bookmarks.test.jsx > Bookmark Data Types > should support lesson bookmarks
 ✓ src/test/components/Bookmarks.test.jsx > Bookmark Data Types > should support flashcard bookmarks
stderr | src/test/components/ExamSimulator.test.jsx > ExamSimulator > Intro Screen > should display exam simulation title
Failed to load exam session history: Error: [vitest] No "orderBy" export is defined on the "firebase/firestore" mock. Did you forget to return it from "vi.mock"?
If you need to partially mock a module, you can use "importOriginal" helper inside:

    at VitestMocker.createError (file:///workspaces/passcpa/node_modules/vitest/dist/vendor/execute.fL3szUAI.js:79:19)
    at Object.get (file:///workspaces/passcpa/node_modules/vitest/dist/vendor/execute.fL3szUAI.js:153:22)
    at Module.getExamSessionHistory (/workspaces/passcpa/src/services/examSessionService.ts:95:34)
    at /workspaces/passcpa/src/components/exam/ExamHistory.tsx:28:5
    at commitHookEffectListMount (/workspaces/passcpa/node_modules/react-dom/cjs/react-dom.development.js:23189:26)
    at commitPassiveMountOnFiber (/workspaces/passcpa/node_modules/react-dom/cjs/react-dom.development.js:24970:11)
    at commitPassiveMountEffects_complete (/workspaces/passcpa/node_modules/react-dom/cjs/react-dom.development.js:24930:9)
    at commitPassiveMountEffects_begin (/workspaces/passcpa/node_modules/react-dom/cjs/react-dom.development.js:24917:7)
    at commitPassiveMountEffects (/workspaces/passcpa/node_modules/react-dom/cjs/react-dom.development.js:24905:3)
    at flushPassiveEffectsImpl (/workspaces/passcpa/node_modules/react-dom/cjs/react-dom.development.js:27078:3) {
  codeFrame: 'vi.mock("firebase/firestore", async (importOriginal) => {\n' +
    '  const actual = await importOriginal()\n' +
    '  return {\n' +
    '    ...actual,\n' +
    '    // your mocked methods\n' +
    '  }\n' +
    '})'
}
Warning: An update to ExamHistory inside a test was not wrapped in act(...).

When testing, code that causes React state updates should be wrapped into act(...):

act(() => {
  /* fire events that update state */
});
/* assert on the output */

This ensures that you're testing the behavior the user would see in the browser. Learn more at https://reactjs.org/link/wrap-tests-with-act
    at ExamHistory (/workspaces/passcpa/src/components/exam/ExamHistory.tsx:22:42)
    at div
    at ExamSimulator (/workspaces/passcpa/src/components/pages/ExamSimulator.tsx:46:42)
    at Router (/workspaces/passcpa/node_modules/react-router/dist/umd/react-router.development.js:1207:17)
    at MemoryRouter (/workspaces/passcpa/node_modules/react-router/dist/umd/react-router.development.js:1101:7)
Warning: An update to ExamHistory inside a test was not wrapped in act(...).

When testing, code that causes React state updates should be wrapped into act(...):

act(() => {
  /* fire events that update state */
});
/* assert on the output */

This ensures that you're testing the behavior the user would see in the browser. Learn more at https://reactjs.org/link/wrap-tests-with-act
    at ExamHistory (/workspaces/passcpa/src/components/exam/ExamHistory.tsx:22:42)
    at div
    at ExamSimulator (/workspaces/passcpa/src/components/pages/ExamSimulator.tsx:46:42)
    at Router (/workspaces/passcpa/node_modules/react-router/dist/umd/react-router.development.js:1207:17)
    at MemoryRouter (/workspaces/passcpa/node_modules/react-router/dist/umd/react-router.development.js:1101:7)

stderr | src/test/components/ExamSimulator.test.jsx > ExamSimulator > Intro Screen > should show exam type selection (Mini vs Full)
Failed to load exam session history: Error: [vitest] No "orderBy" export is defined on the "firebase/firestore" mock. Did you forget to return it from "vi.mock"?
If you need to partially mock a module, you can use "importOriginal" helper inside:

    at VitestMocker.createError (file:///workspaces/passcpa/node_modules/vitest/dist/vendor/execute.fL3szUAI.js:79:19)
    at Object.get (file:///workspaces/passcpa/node_modules/vitest/dist/vendor/execute.fL3szUAI.js:153:22)
    at Module.getExamSessionHistory (/workspaces/passcpa/src/services/examSessionService.ts:95:34)
    at /workspaces/passcpa/src/components/exam/ExamHistory.tsx:28:5
    at commitHookEffectListMount (/workspaces/passcpa/node_modules/react-dom/cjs/react-dom.development.js:23189:26)
    at commitPassiveMountOnFiber (/workspaces/passcpa/node_modules/react-dom/cjs/react-dom.development.js:24970:11)
    at commitPassiveMountEffects_complete (/workspaces/passcpa/node_modules/react-dom/cjs/react-dom.development.js:24930:9)
    at commitPassiveMountEffects_begin (/workspaces/passcpa/node_modules/react-dom/cjs/react-dom.development.js:24917:7)
    at commitPassiveMountEffects (/workspaces/passcpa/node_modules/react-dom/cjs/react-dom.development.js:24905:3)
    at flushPassiveEffectsImpl (/workspaces/passcpa/node_modules/react-dom/cjs/react-dom.development.js:27078:3) {
  codeFrame: 'vi.mock("firebase/firestore", async (importOriginal) => {\n' +
    '  const actual = await importOriginal()\n' +
    '  return {\n' +
    '    ...actual,\n' +
    '    // your mocked methods\n' +
    '  }\n' +
    '})'
}
Warning: An update to ExamHistory inside a test was not wrapped in act(...).

When testing, code that causes React state updates should be wrapped into act(...):

act(() => {
  /* fire events that update state */
});
/* assert on the output */

This ensures that you're testing the behavior the user would see in the browser. Learn more at https://reactjs.org/link/wrap-tests-with-act
    at ExamHistory (/workspaces/passcpa/src/components/exam/ExamHistory.tsx:22:42)
    at div
    at ExamSimulator (/workspaces/passcpa/src/components/pages/ExamSimulator.tsx:46:42)
    at Router (/workspaces/passcpa/node_modules/react-router/dist/umd/react-router.development.js:1207:17)
    at MemoryRouter (/workspaces/passcpa/node_modules/react-router/dist/umd/react-router.development.js:1101:7)
Warning: An update to ExamHistory inside a test was not wrapped in act(...).

When testing, code that causes React state updates should be wrapped into act(...):

act(() => {
  /* fire events that update state */
});
/* assert on the output */

This ensures that you're testing the behavior the user would see in the browser. Learn more at https://reactjs.org/link/wrap-tests-with-act
    at ExamHistory (/workspaces/passcpa/src/components/exam/ExamHistory.tsx:22:42)
    at div
    at ExamSimulator (/workspaces/passcpa/src/components/pages/ExamSimulator.tsx:46:42)
    at Router (/workspaces/passcpa/node_modules/react-router/dist/umd/react-router.development.js:1207:17)
    at MemoryRouter (/workspaces/passcpa/node_modules/react-router/dist/umd/react-router.development.js:1101:7)

stderr | src/test/components/ExamSimulator.test.jsx > ExamSimulator > Intro Screen > should have Mini Exam selected by default
Failed to load exam session history: Error: [vitest] No "orderBy" export is defined on the "firebase/firestore" mock. Did you forget to return it from "vi.mock"?
If you need to partially mock a module, you can use "importOriginal" helper inside:

    at VitestMocker.createError (file:///workspaces/passcpa/node_modules/vitest/dist/vendor/execute.fL3szUAI.js:79:19)
    at Object.get (file:///workspaces/passcpa/node_modules/vitest/dist/vendor/execute.fL3szUAI.js:153:22)
    at Module.getExamSessionHistory (/workspaces/passcpa/src/services/examSessionService.ts:95:34)
    at /workspaces/passcpa/src/components/exam/ExamHistory.tsx:28:5
    at commitHookEffectListMount (/workspaces/passcpa/node_modules/react-dom/cjs/react-dom.development.js:23189:26)
    at commitPassiveMountOnFiber (/workspaces/passcpa/node_modules/react-dom/cjs/react-dom.development.js:24970:11)
    at commitPassiveMountEffects_complete (/workspaces/passcpa/node_modules/react-dom/cjs/react-dom.development.js:24930:9)
    at commitPassiveMountEffects_begin (/workspaces/passcpa/node_modules/react-dom/cjs/react-dom.development.js:24917:7)
    at commitPassiveMountEffects (/workspaces/passcpa/node_modules/react-dom/cjs/react-dom.development.js:24905:3)
    at flushPassiveEffectsImpl (/workspaces/passcpa/node_modules/react-dom/cjs/react-dom.development.js:27078:3) {
  codeFrame: 'vi.mock("firebase/firestore", async (importOriginal) => {\n' +
    '  const actual = await importOriginal()\n' +
    '  return {\n' +
    '    ...actual,\n' +
    '    // your mocked methods\n' +
    '  }\n' +
    '})'
}
Warning: An update to ExamHistory inside a test was not wrapped in act(...).

When testing, code that causes React state updates should be wrapped into act(...):

act(() => {
  /* fire events that update state */
});
/* assert on the output */

This ensures that you're testing the behavior the user would see in the browser. Learn more at https://reactjs.org/link/wrap-tests-with-act
    at ExamHistory (/workspaces/passcpa/src/components/exam/ExamHistory.tsx:22:42)
    at div
    at ExamSimulator (/workspaces/passcpa/src/components/pages/ExamSimulator.tsx:46:42)
    at Router (/workspaces/passcpa/node_modules/react-router/dist/umd/react-router.development.js:1207:17)
    at MemoryRouter (/workspaces/passcpa/node_modules/react-router/dist/umd/react-router.development.js:1101:7)
Warning: An update to ExamHistory inside a test was not wrapped in act(...).

When testing, code that causes React state updates should be wrapped into act(...):

act(() => {
  /* fire events that update state */
});
/* assert on the output */

This ensures that you're testing the behavior the user would see in the browser. Learn more at https://reactjs.org/link/wrap-tests-with-act
    at ExamHistory (/workspaces/passcpa/src/components/exam/ExamHistory.tsx:22:42)
    at div
    at ExamSimulator (/workspaces/passcpa/src/components/pages/ExamSimulator.tsx:46:42)
    at Router (/workspaces/passcpa/node_modules/react-router/dist/umd/react-router.development.js:1207:17)
    at MemoryRouter (/workspaces/passcpa/node_modules/react-router/dist/umd/react-router.development.js:1101:7)

stderr | src/test/components/ExamSimulator.test.jsx > ExamSimulator > Intro Screen > should display exam time info for Mini Exam
Failed to load exam session history: Error: [vitest] No "orderBy" export is defined on the "firebase/firestore" mock. Did you forget to return it from "vi.mock"?
If you need to partially mock a module, you can use "importOriginal" helper inside:

    at VitestMocker.createError (file:///workspaces/passcpa/node_modules/vitest/dist/vendor/execute.fL3szUAI.js:79:19)
    at Object.get (file:///workspaces/passcpa/node_modules/vitest/dist/vendor/execute.fL3szUAI.js:153:22)
    at Module.getExamSessionHistory (/workspaces/passcpa/src/services/examSessionService.ts:95:34)
    at /workspaces/passcpa/src/components/exam/ExamHistory.tsx:28:5
    at commitHookEffectListMount (/workspaces/passcpa/node_modules/react-dom/cjs/react-dom.development.js:23189:26)
    at commitPassiveMountOnFiber (/workspaces/passcpa/node_modules/react-dom/cjs/react-dom.development.js:24970:11)
    at commitPassiveMountEffects_complete (/workspaces/passcpa/node_modules/react-dom/cjs/react-dom.development.js:24930:9)
    at commitPassiveMountEffects_begin (/workspaces/passcpa/node_modules/react-dom/cjs/react-dom.development.js:24917:7)
    at commitPassiveMountEffects (/workspaces/passcpa/node_modules/react-dom/cjs/react-dom.development.js:24905:3)
    at flushPassiveEffectsImpl (/workspaces/passcpa/node_modules/react-dom/cjs/react-dom.development.js:27078:3) {
  codeFrame: 'vi.mock("firebase/firestore", async (importOriginal) => {\n' +
    '  const actual = await importOriginal()\n' +
    '  return {\n' +
    '    ...actual,\n' +
    '    // your mocked methods\n' +
    '  }\n' +
    '})'
}
Warning: An update to ExamHistory inside a test was not wrapped in act(...).

When testing, code that causes React state updates should be wrapped into act(...):

act(() => {
  /* fire events that update state */
});
/* assert on the output */

This ensures that you're testing the behavior the user would see in the browser. Learn more at https://reactjs.org/link/wrap-tests-with-act
    at ExamHistory (/workspaces/passcpa/src/components/exam/ExamHistory.tsx:22:42)
    at div
    at ExamSimulator (/workspaces/passcpa/src/components/pages/ExamSimulator.tsx:46:42)
    at Router (/workspaces/passcpa/node_modules/react-router/dist/umd/react-router.development.js:1207:17)
    at MemoryRouter (/workspaces/passcpa/node_modules/react-router/dist/umd/react-router.development.js:1101:7)
Warning: An update to ExamHistory inside a test was not wrapped in act(...).

When testing, code that causes React state updates should be wrapped into act(...):

act(() => {
  /* fire events that update state */
});
/* assert on the output */

This ensures that you're testing the behavior the user would see in the browser. Learn more at https://reactjs.org/link/wrap-tests-with-act
    at ExamHistory (/workspaces/passcpa/src/components/exam/ExamHistory.tsx:22:42)
    at div
    at ExamSimulator (/workspaces/passcpa/src/components/pages/ExamSimulator.tsx:46:42)
    at Router (/workspaces/passcpa/node_modules/react-router/dist/umd/react-router.development.js:1207:17)
    at MemoryRouter (/workspaces/passcpa/node_modules/react-router/dist/umd/react-router.development.js:1101:7)

stderr | src/test/components/ExamSimulator.test.jsx > ExamSimulator > Intro Screen > should display exam structure info
Failed to load exam session history: Error: [vitest] No "orderBy" export is defined on the "firebase/firestore" mock. Did you forget to return it from "vi.mock"?
If you need to partially mock a module, you can use "importOriginal" helper inside:

    at VitestMocker.createError (file:///workspaces/passcpa/node_modules/vitest/dist/vendor/execute.fL3szUAI.js:79:19)
    at Object.get (file:///workspaces/passcpa/node_modules/vitest/dist/vendor/execute.fL3szUAI.js:153:22)
    at Module.getExamSessionHistory (/workspaces/passcpa/src/services/examSessionService.ts:95:34)
    at /workspaces/passcpa/src/components/exam/ExamHistory.tsx:28:5
    at commitHookEffectListMount (/workspaces/passcpa/node_modules/react-dom/cjs/react-dom.development.js:23189:26)
    at commitPassiveMountOnFiber (/workspaces/passcpa/node_modules/react-dom/cjs/react-dom.development.js:24970:11)
    at commitPassiveMountEffects_complete (/workspaces/passcpa/node_modules/react-dom/cjs/react-dom.development.js:24930:9)
    at commitPassiveMountEffects_begin (/workspaces/passcpa/node_modules/react-dom/cjs/react-dom.development.js:24917:7)
    at commitPassiveMountEffects (/workspaces/passcpa/node_modules/react-dom/cjs/react-dom.development.js:24905:3)
    at flushPassiveEffectsImpl (/workspaces/passcpa/node_modules/react-dom/cjs/react-dom.development.js:27078:3) {
  codeFrame: 'vi.mock("firebase/firestore", async (importOriginal) => {\n' +
    '  const actual = await importOriginal()\n' +
    '  return {\n' +
    '    ...actual,\n' +
    '    // your mocked methods\n' +
    '  }\n' +
    '})'
}
Warning: An update to ExamHistory inside a test was not wrapped in act(...).

When testing, code that causes React state updates should be wrapped into act(...):

act(() => {
  /* fire events that update state */
});
/* assert on the output */

This ensures that you're testing the behavior the user would see in the browser. Learn more at https://reactjs.org/link/wrap-tests-with-act
    at ExamHistory (/workspaces/passcpa/src/components/exam/ExamHistory.tsx:22:42)
    at div
    at ExamSimulator (/workspaces/passcpa/src/components/pages/ExamSimulator.tsx:46:42)
    at Router (/workspaces/passcpa/node_modules/react-router/dist/umd/react-router.development.js:1207:17)
    at MemoryRouter (/workspaces/passcpa/node_modules/react-router/dist/umd/react-router.development.js:1101:7)
Warning: An update to ExamHistory inside a test was not wrapped in act(...).

When testing, code that causes React state updates should be wrapped into act(...):

act(() => {
  /* fire events that update state */
});
/* assert on the output */

This ensures that you're testing the behavior the user would see in the browser. Learn more at https://reactjs.org/link/wrap-tests-with-act
    at ExamHistory (/workspaces/passcpa/src/components/exam/ExamHistory.tsx:22:42)
    at div
    at ExamSimulator (/workspaces/passcpa/src/components/pages/ExamSimulator.tsx:46:42)
    at Router (/workspaces/passcpa/node_modules/react-router/dist/umd/react-router.development.js:1207:17)
    at MemoryRouter (/workspaces/passcpa/node_modules/react-router/dist/umd/react-router.development.js:1101:7)

stderr | src/test/components/ExamSimulator.test.jsx > ExamSimulator > Intro Screen > should show section info
Failed to load exam session history: Error: [vitest] No "orderBy" export is defined on the "firebase/firestore" mock. Did you forget to return it from "vi.mock"?
If you need to partially mock a module, you can use "importOriginal" helper inside:

    at VitestMocker.createError (file:///workspaces/passcpa/node_modules/vitest/dist/vendor/execute.fL3szUAI.js:79:19)
    at Object.get (file:///workspaces/passcpa/node_modules/vitest/dist/vendor/execute.fL3szUAI.js:153:22)
    at Module.getExamSessionHistory (/workspaces/passcpa/src/services/examSessionService.ts:95:34)
    at /workspaces/passcpa/src/components/exam/ExamHistory.tsx:28:5
    at commitHookEffectListMount (/workspaces/passcpa/node_modules/react-dom/cjs/react-dom.development.js:23189:26)
    at commitPassiveMountOnFiber (/workspaces/passcpa/node_modules/react-dom/cjs/react-dom.development.js:24970:11)
    at commitPassiveMountEffects_complete (/workspaces/passcpa/node_modules/react-dom/cjs/react-dom.development.js:24930:9)
    at commitPassiveMountEffects_begin (/workspaces/passcpa/node_modules/react-dom/cjs/react-dom.development.js:24917:7)
    at commitPassiveMountEffects (/workspaces/passcpa/node_modules/react-dom/cjs/react-dom.development.js:24905:3)
    at flushPassiveEffectsImpl (/workspaces/passcpa/node_modules/react-dom/cjs/react-dom.development.js:27078:3) {
  codeFrame: 'vi.mock("firebase/firestore", async (importOriginal) => {\n' +
    '  const actual = await importOriginal()\n' +
    '  return {\n' +
    '    ...actual,\n' +
    '    // your mocked methods\n' +
    '  }\n' +
    '})'
}
Warning: An update to ExamHistory inside a test was not wrapped in act(...).

When testing, code that causes React state updates should be wrapped into act(...):

act(() => {
  /* fire events that update state */
});
/* assert on the output */

This ensures that you're testing the behavior the user would see in the browser. Learn more at https://reactjs.org/link/wrap-tests-with-act
    at ExamHistory (/workspaces/passcpa/src/components/exam/ExamHistory.tsx:22:42)
    at div
    at ExamSimulator (/workspaces/passcpa/src/components/pages/ExamSimulator.tsx:46:42)
    at Router (/workspaces/passcpa/node_modules/react-router/dist/umd/react-router.development.js:1207:17)
    at MemoryRouter (/workspaces/passcpa/node_modules/react-router/dist/umd/react-router.development.js:1101:7)
Warning: An update to ExamHistory inside a test was not wrapped in act(...).

When testing, code that causes React state updates should be wrapped into act(...):

act(() => {
  /* fire events that update state */
});
/* assert on the output */

This ensures that you're testing the behavior the user would see in the browser. Learn more at https://reactjs.org/link/wrap-tests-with-act
    at ExamHistory (/workspaces/passcpa/src/components/exam/ExamHistory.tsx:22:42)
    at div
    at ExamSimulator (/workspaces/passcpa/src/components/pages/ExamSimulator.tsx:46:42)
    at Router (/workspaces/passcpa/node_modules/react-router/dist/umd/react-router.development.js:1207:17)
    at MemoryRouter (/workspaces/passcpa/node_modules/react-router/dist/umd/react-router.development.js:1101:7)

stderr | src/test/components/ExamSimulator.test.jsx > ExamSimulator > Intro Screen > should have Begin Examination button
Failed to load exam session history: Error: [vitest] No "orderBy" export is defined on the "firebase/firestore" mock. Did you forget to return it from "vi.mock"?
If you need to partially mock a module, you can use "importOriginal" helper inside:

    at VitestMocker.createError (file:///workspaces/passcpa/node_modules/vitest/dist/vendor/execute.fL3szUAI.js:79:19)
    at Object.get (file:///workspaces/passcpa/node_modules/vitest/dist/vendor/execute.fL3szUAI.js:153:22)
    at Module.getExamSessionHistory (/workspaces/passcpa/src/services/examSessionService.ts:95:34)
    at /workspaces/passcpa/src/components/exam/ExamHistory.tsx:28:5
    at commitHookEffectListMount (/workspaces/passcpa/node_modules/react-dom/cjs/react-dom.development.js:23189:26)
    at commitPassiveMountOnFiber (/workspaces/passcpa/node_modules/react-dom/cjs/react-dom.development.js:24970:11)
    at commitPassiveMountEffects_complete (/workspaces/passcpa/node_modules/react-dom/cjs/react-dom.development.js:24930:9)
    at commitPassiveMountEffects_begin (/workspaces/passcpa/node_modules/react-dom/cjs/react-dom.development.js:24917:7)
    at commitPassiveMountEffects (/workspaces/passcpa/node_modules/react-dom/cjs/react-dom.development.js:24905:3)
    at flushPassiveEffectsImpl (/workspaces/passcpa/node_modules/react-dom/cjs/react-dom.development.js:27078:3) {
  codeFrame: 'vi.mock("firebase/firestore", async (importOriginal) => {\n' +
    '  const actual = await importOriginal()\n' +
    '  return {\n' +
    '    ...actual,\n' +
    '    // your mocked methods\n' +
    '  }\n' +
    '})'
}
Warning: An update to ExamHistory inside a test was not wrapped in act(...).

When testing, code that causes React state updates should be wrapped into act(...):

act(() => {
  /* fire events that update state */
});
/* assert on the output */

This ensures that you're testing the behavior the user would see in the browser. Learn more at https://reactjs.org/link/wrap-tests-with-act
    at ExamHistory (/workspaces/passcpa/src/components/exam/ExamHistory.tsx:22:42)
    at div
    at ExamSimulator (/workspaces/passcpa/src/components/pages/ExamSimulator.tsx:46:42)
    at Router (/workspaces/passcpa/node_modules/react-router/dist/umd/react-router.development.js:1207:17)
    at MemoryRouter (/workspaces/passcpa/node_modules/react-router/dist/umd/react-router.development.js:1101:7)
Warning: An update to ExamHistory inside a test was not wrapped in act(...).

When testing, code that causes React state updates should be wrapped into act(...):

act(() => {
  /* fire events that update state */
});
/* assert on the output */

This ensures that you're testing the behavior the user would see in the browser. Learn more at https://reactjs.org/link/wrap-tests-with-act
    at ExamHistory (/workspaces/passcpa/src/components/exam/ExamHistory.tsx:22:42)
    at div
    at ExamSimulator (/workspaces/passcpa/src/components/pages/ExamSimulator.tsx:46:42)
    at Router (/workspaces/passcpa/node_modules/react-router/dist/umd/react-router.development.js:1207:17)
    at MemoryRouter (/workspaces/passcpa/node_modules/react-router/dist/umd/react-router.development.js:1101:7)

stderr | src/test/components/ExamSimulator.test.jsx > ExamSimulator > Intro Screen > should have Back to Home link
Failed to load exam session history: Error: [vitest] No "orderBy" export is defined on the "firebase/firestore" mock. Did you forget to return it from "vi.mock"?
If you need to partially mock a module, you can use "importOriginal" helper inside:

    at VitestMocker.createError (file:///workspaces/passcpa/node_modules/vitest/dist/vendor/execute.fL3szUAI.js:79:19)
    at Object.get (file:///workspaces/passcpa/node_modules/vitest/dist/vendor/execute.fL3szUAI.js:153:22)
    at Module.getExamSessionHistory (/workspaces/passcpa/src/services/examSessionService.ts:95:34)
    at /workspaces/passcpa/src/components/exam/ExamHistory.tsx:28:5
    at commitHookEffectListMount (/workspaces/passcpa/node_modules/react-dom/cjs/react-dom.development.js:23189:26)
    at commitPassiveMountOnFiber (/workspaces/passcpa/node_modules/react-dom/cjs/react-dom.development.js:24970:11)
    at commitPassiveMountEffects_complete (/workspaces/passcpa/node_modules/react-dom/cjs/react-dom.development.js:24930:9)
    at commitPassiveMountEffects_begin (/workspaces/passcpa/node_modules/react-dom/cjs/react-dom.development.js:24917:7)
    at commitPassiveMountEffects (/workspaces/passcpa/node_modules/react-dom/cjs/react-dom.development.js:24905:3)
    at flushPassiveEffectsImpl (/workspaces/passcpa/node_modules/react-dom/cjs/react-dom.development.js:27078:3) {
  codeFrame: 'vi.mock("firebase/firestore", async (importOriginal) => {\n' +
    '  const actual = await importOriginal()\n' +
    '  return {\n' +
    '    ...actual,\n' +
    '    // your mocked methods\n' +
    '  }\n' +
    '})'
}
Warning: An update to ExamHistory inside a test was not wrapped in act(...).

When testing, code that causes React state updates should be wrapped into act(...):

act(() => {
  /* fire events that update state */
});
/* assert on the output */

This ensures that you're testing the behavior the user would see in the browser. Learn more at https://reactjs.org/link/wrap-tests-with-act
    at ExamHistory (/workspaces/passcpa/src/components/exam/ExamHistory.tsx:22:42)
    at div
    at ExamSimulator (/workspaces/passcpa/src/components/pages/ExamSimulator.tsx:46:42)
    at Router (/workspaces/passcpa/node_modules/react-router/dist/umd/react-router.development.js:1207:17)
    at MemoryRouter (/workspaces/passcpa/node_modules/react-router/dist/umd/react-router.development.js:1101:7)
Warning: An update to ExamHistory inside a test was not wrapped in act(...).

When testing, code that causes React state updates should be wrapped into act(...):

act(() => {
  /* fire events that update state */
});
/* assert on the output */

This ensures that you're testing the behavior the user would see in the browser. Learn more at https://reactjs.org/link/wrap-tests-with-act
    at ExamHistory (/workspaces/passcpa/src/components/exam/ExamHistory.tsx:22:42)
    at div
    at ExamSimulator (/workspaces/passcpa/src/components/pages/ExamSimulator.tsx:46:42)
    at Router (/workspaces/passcpa/node_modules/react-router/dist/umd/react-router.development.js:1207:17)
    at MemoryRouter (/workspaces/passcpa/node_modules/react-router/dist/umd/react-router.development.js:1101:7)

stderr | src/test/components/ExamSimulator.test.jsx > ExamSimulator > Exam Type Selection > should allow selecting Full Exam
Failed to load exam session history: Error: [vitest] No "orderBy" export is defined on the "firebase/firestore" mock. Did you forget to return it from "vi.mock"?
If you need to partially mock a module, you can use "importOriginal" helper inside:

    at VitestMocker.createError (file:///workspaces/passcpa/node_modules/vitest/dist/vendor/execute.fL3szUAI.js:79:19)
    at Object.get (file:///workspaces/passcpa/node_modules/vitest/dist/vendor/execute.fL3szUAI.js:153:22)
    at Module.getExamSessionHistory (/workspaces/passcpa/src/services/examSessionService.ts:95:34)
    at /workspaces/passcpa/src/components/exam/ExamHistory.tsx:28:5
    at commitHookEffectListMount (/workspaces/passcpa/node_modules/react-dom/cjs/react-dom.development.js:23189:26)
    at commitPassiveMountOnFiber (/workspaces/passcpa/node_modules/react-dom/cjs/react-dom.development.js:24970:11)
    at commitPassiveMountEffects_complete (/workspaces/passcpa/node_modules/react-dom/cjs/react-dom.development.js:24930:9)
    at commitPassiveMountEffects_begin (/workspaces/passcpa/node_modules/react-dom/cjs/react-dom.development.js:24917:7)
    at commitPassiveMountEffects (/workspaces/passcpa/node_modules/react-dom/cjs/react-dom.development.js:24905:3)
    at flushPassiveEffectsImpl (/workspaces/passcpa/node_modules/react-dom/cjs/react-dom.development.js:27078:3) {
  codeFrame: 'vi.mock("firebase/firestore", async (importOriginal) => {\n' +
    '  const actual = await importOriginal()\n' +
    '  return {\n' +
    '    ...actual,\n' +
    '    // your mocked methods\n' +
    '  }\n' +
    '})'
}

 ✓ src/test/services/pushNotifications.test.ts > pushNotifications service > platform detection > should detect web platform
 ✓ src/test/services/pushNotifications.test.ts > pushNotifications service > getDailyReminderSettings > should return default settings when none saved
 ✓ src/test/services/pushNotifications.test.ts > pushNotifications service > getDailyReminderSettings > should return saved settings from localStorage
 ✓ src/test/services/pushNotifications.test.ts > pushNotifications service > getContextualReminderMessage > should return a message object with title and body
 ✓ src/test/services/pushNotifications.test.ts > pushNotifications service > getContextualReminderMessage > should return morning messages early in the day
 ✓ src/test/services/pushNotifications.test.ts > pushNotifications service > getContextualReminderMessage > should return afternoon messages in the afternoon
 ✓ src/test/services/pushNotifications.test.ts > pushNotifications service > getContextualReminderMessage > should return evening messages in the evening
 ✓ src/test/services/pushNotifications.test.ts > pushNotifications service > getContextualReminderMessage > should return weekend messages on Saturday
 ✓ src/test/services/pushNotifications.test.ts > pushNotifications service > getContextualReminderMessage > should return weekend messages on Sunday
 ✓ src/test/services/pushNotifications.test.ts > pushNotifications service > Firestore token operations > should have mock arrayUnion function
 ✓ src/test/services/pushNotifications.test.ts > pushNotifications service > Firestore token operations > should have mock arrayRemove function
 × src/test/components/ExamSimulator.test.jsx > ExamSimulator > Intro Screen > should display exam simulation title
   → Unable to find an element with the text: /Exam Simulation/i. This could be because the text is broken up by multiple elements. In this case, you can provide a function for your text matcher to make your matcher more flexible.

Ignored nodes: comments, script, style
[36m<body>[39m
  [36m<div>[39m
    [36m<div[39m
      [33mclass[39m=[32m"max-w-3xl mx-auto py-6 px-4"[39m
    [36m>[39m
      [36m<div[39m
        [33mclass[39m=[32m"mb-6"[39m
      [36m>[39m
        [36m<h1[39m
          [33mclass[39m=[32m"text-2xl font-bold text-slate-900 dark:text-white"[39m
        [36m>[39m
          [0mExams[0m
        [36m</h1>[39m
        [36m<p[39m
          [33mclass[39m=[32m"text-slate-600 dark:text-slate-400"[39m
        [36m>[39m
          [0mPractice exams and simulations for [0m
          [0mTaxation and Regulation[0m
        [36m</p>[39m
      [36m</div>[39m
      [36m<div[39m
        [33mclass[39m=[32m"bg-white dark:bg-slate-800 rounded-2xl shadow-xl overflow-hidden"[39m
      [36m>[39m
        [36m<div[39m
          [33mclass[39m=[32m"p-8"[39m
        [36m>[39m
          [36m<h3[39m
            [33mclass[39m=[32m"text-sm font-bold text-slate-600 dark:text-slate-300 uppercase tracking-wider mb-4"[39m
          [36m>[39m
            [0mSelect Exam Type[0m
          [36m</h3>[39m
          [36m<div[39m
            [33mclass[39m=[32m"grid gap-4 mb-6 grid-cols-2"[39m
          [36m>[39m
            [36m<button[39m
              [33mclass[39m=[32m"p-4 rounded-xl border-2 text-left transition-all border-primary-500 bg-primary-50 dark:bg-primary-900/30"[39m
            [36m>[39m
              [36m<div[39m
                [33mclass[39m=[32m"flex items-center gap-2 mb-1"[39m
              [36m>[39m
                [36m<svg[39m
                  [33mclass[39m=[32m"lucide lucide-clock w-4 h-4 text-slate-600 dark:text-slate-300"[39m
                  [33mfill[39m=[32m"none"[39m
                  [33mheight[39m=[32m"24"[39m
                  [33mstroke[39m=[32m"currentColor"[39m
                  [33mstroke-linecap[39m=[32m"round"[39m
                  [33mstroke-linejoin[39m=[32m"round"[39m
                  [33mstroke-width[39m=[32m"2"[39m
                  [33mviewBox[39m=[32m"0 0 24 24"[39m
                  [33mwidth[39m=[32m"24"[39m
                  [33mxmlns[39m=[32m"http://www.w3.org/2000/svg"[39m
                [36m>[39m
                  [36m<circle[39m
                    [33mcx[39m=[32m"12"[39m
                    [33mcy[39m=[32m"12"[39m
                    [33mr[39m=[32m"10"[39m
                  [36m/>[39m
                  [36m<polyline[39m
                    [33mpoints[39m=[32m"12 6 12 12 16 14"[39m
                  [36m/>[39m
                [36m</svg>[39m
                [36m<span[39m
                  [33mclass[39m=[32m"font-bold text-slate-900 dark:text-white"[39m
                [36m>[39m
                  [0mMini Exam[0m
                [36m</span>[39m
              [36m</div>[39m
              [36m<div[39m
                [33mclass[39m=[32m"text-sm text-slate-600 dark:text-slate-300"[39m
              [36m>[39m
                [0m50 mins • 36 MCQs[0m
              [36m</div>[39m
            [36m</button>[39m
            [36m<button[39m
              [33mclass[39m=[32m"p-4 rounded-xl border-2 text-left transition-all border-slate-200 dark:border-slate-600 hover:border-primary-200 dark:hover:border-primary-400"[39m
            [36m>[39m
              [36m<div[39m
                [33mclass[39m=[32m"flex items-center gap-2 mb-1"[39m
              [36m>[39m
                [36m<svg[39m
                  [33mclass[39m=[32m"lucide lucide-graduation-cap w-4 h-4 text-slate-600 dark:text-slate-300"[39m
                  [33mfill[39m=[32m"none"[39m
                  [33mheight[39m=[32m"24"[39m
                  [33mstroke[39m=[32m"currentColor"[39m
                  [33mstroke-linecap[39m=[32m"round"[39m
                  [33mstroke-linejoin[39m=[32m"round"[39m
                  [33mstroke-width[39m=[32m"2"[39m
                  [33mviewBox[39m=[32m"0 0 24 24"[39m
                  [33mwidth[39m=[32m"24"[39m
                  [33mxmlns[39m=[32m"http://www.w3.org/2000/svg"[39m
                [36m>[39m
                  [36m<path[39m
                    [33md[39m=[32m"M21.42 10.922a1 1 0 0 0-.019-1.838L12.83 5.18a2 2 0 0 0-1.66 0L2.6 9.08a1 1 0 0 0 0 1.832l8.57 3.908a2 2 0 0 0 1.66 0z"[39m
                  [36m/>[39m
                  [36m<path[39m
                    [33md[39m=[32m"M22 10v6"[39m
                  [36m/>[39m
                  [36m<path[39m
                    [33md[39m=[32m"M6 12.5V16a6 3 0 0 0 12 0v-3.5"[39m
                  [36m/>[39m
                [36m</svg>[39m
                [36m<span[39m
                  [33mclass[39m=[32m"font-bold text-slate-900 dark:text-white"[39m
                [36m>[39m
                  [0mFull Exam[0m
                [36m</span>[39m
              [36m</div>[39m
              [36m<div[39m
                [33mclass[39m=[32m"text-sm text-slate-600 dark:text-slate-300"[39m
              [36m>[39m
                [0m4 hours • Full CPA exam with simulations[0m
              [36m</div>[39m
            [36m</button>[39m
            [36m<button[39m
              [33mclass[39m=[32m"p-4 rounded-xl border-2 text-left transition-all relative border-slate-200 dark:border-slate-600 hover:border-primary-200 dark:hover:border-primary-400"[39m
            [36m>[39m
              [36m<div[39m
                [33mclass[39m=[32m"absolute -top-2 -right-2"[39m
              [36m>[39m
                [36m<span[39m
                  [33mclass[39m=[32m"bg-gradient-to-r from-amber-400 to-amber-500 text-xs font-bold text-white px-2 py-0.5 rounded-full flex items-center gap-1"[39m
                [36m>[39m
                  [36m<svg[39m
                    [33mclass[39m=[32m"lucide lucide-sparkles w-3 h-3"[39m
                    [33mfill[39m=[32m"none"[39m
                    [33mheight[39m=[32m"24"[39m
                    [33mstroke[39m=[32m"currentColor"[39m
                    [33mstroke-linecap[39m=[32m"round"[39m
                    [33mstroke-linejoin[39m=[32m"round"[39m
                    [33mstroke-width[39m=[32m"2"[39m
                    [33mviewBox[39m=[32m"0 0 24 24"[39m
                    [33mwidth[39m=[32m"24"[39m
                    [33mxmlns[39m=[32m"http://www.w3.org/2000/svg"[39m
                  [36m>[39m
                    [36m<path[39m
                      [33md[39m=[32m"m12 3-1.912 5.813a2 2 0 0 1-1.275 1.275L3 12l5.813 1.912a2 2 0 0 1 1.275 1.275L12 21l1.912-5.813a2 2 0 0 1 1.275-1.275L21 12l-5.813-1.912a2 2 0 0 1-1.275-1.275L12 3Z"[39m
                    [36m/>[39m
                    [36m<path[39m
                      [33md[39m=[32m"M5 3v4"[39m
                    [36m/>[39m
                    [36m<path[39m
                      [33md[39m=[32m"M19 17v4"[39m
                    [...
 ✓ src/test/components/ExamSimulator.test.jsx > ExamSimulator > Intro Screen > should show exam type selection (Mini vs Full)
 ✓ src/test/components/ExamSimulator.test.jsx > ExamSimulator > Intro Screen > should have Mini Exam selected by default
 ✓ src/test/components/ExamSimulator.test.jsx > ExamSimulator > Intro Screen > should display exam time info for Mini Exam
 ✓ src/test/components/ExamSimulator.test.jsx > ExamSimulator > Intro Screen > should display exam structure info
 ✓ src/test/components/ExamSimulator.test.jsx > ExamSimulator > Intro Screen > should show section info
 ✓ src/test/components/ExamSimulator.test.jsx > ExamSimulator > Intro Screen > should have Begin Examination button
 × src/test/components/ExamSimulator.test.jsx > ExamSimulator > Intro Screen > should have Back to Home link
   → Unable to find an element with the text: /Back to Home/i. This could be because the text is broken up by multiple elements. In this case, you can provide a function for your text matcher to make your matcher more flexible.

Ignored nodes: comments, script, style
[36m<body>[39m
  [36m<div>[39m
    [36m<div[39m
      [33mclass[39m=[32m"max-w-3xl mx-auto py-6 px-4"[39m
    [36m>[39m
      [36m<div[39m
        [33mclass[39m=[32m"mb-6"[39m
      [36m>[39m
        [36m<h1[39m
          [33mclass[39m=[32m"text-2xl font-bold text-slate-900 dark:text-white"[39m
        [36m>[39m
          [0mExams[0m
        [36m</h1>[39m
        [36m<p[39m
          [33mclass[39m=[32m"text-slate-600 dark:text-slate-400"[39m
        [36m>[39m
          [0mPractice exams and simulations for [0m
          [0mTaxation and Regulation[0m
        [36m</p>[39m
      [36m</div>[39m
      [36m<div[39m
        [33mclass[39m=[32m"bg-white dark:bg-slate-800 rounded-2xl shadow-xl overflow-hidden"[39m
      [36m>[39m
        [36m<div[39m
          [33mclass[39m=[32m"p-8"[39m
        [36m>[39m
          [36m<h3[39m
            [33mclass[39m=[32m"text-sm font-bold text-slate-600 dark:text-slate-300 uppercase tracking-wider mb-4"[39m
          [36m>[39m
            [0mSelect Exam Type[0m
          [36m</h3>[39m
          [36m<div[39m
            [33mclass[39m=[32m"grid gap-4 mb-6 grid-cols-2"[39m
          [36m>[39m
            [36m<button[39m
              [33mclass[39m=[32m"p-4 rounded-xl border-2 text-left transition-all border-primary-500 bg-primary-50 dark:bg-primary-900/30"[39m
            [36m>[39m
              [36m<div[39m
                [33mclass[39m=[32m"flex items-center gap-2 mb-1"[39m
              [36m>[39m
                [36m<svg[39m
                  [33mclass[39m=[32m"lucide lucide-clock w-4 h-4 text-slate-600 dark:text-slate-300"[39m
                  [33mfill[39m=[32m"none"[39m
                  [33mheight[39m=[32m"24"[39m
                  [33mstroke[39m=[32m"currentColor"[39m
                  [33mstroke-linecap[39m=[32m"round"[39m
                  [33mstroke-linejoin[39m=[32m"round"[39m
                  [33mstroke-width[39m=[32m"2"[39m
                  [33mviewBox[39m=[32m"0 0 24 24"[39m
                  [33mwidth[39m=[32m"24"[39m
                  [33mxmlns[39m=[32m"http://www.w3.org/2000/svg"[39m
                [36m>[39m
                  [36m<circle[39m
                    [33mcx[39m=[32m"12"[39m
                    [33mcy[39m=[32m"12"[39m
                    [33mr[39m=[32m"10"[39m
                  [36m/>[39m
                  [36m<polyline[39m
                    [33mpoints[39m=[32m"12 6 12 12 16 14"[39m
                  [36m/>[39m
                [36m</svg>[39m
                [36m<span[39m
                  [33mclass[39m=[32m"font-bold text-slate-900 dark:text-white"[39m
                [36m>[39m
                  [0mMini Exam[0m
                [36m</span>[39m
              [36m</div>[39m
              [36m<div[39m
                [33mclass[39m=[32m"text-sm text-slate-600 dark:text-slate-300"[39m
              [36m>[39m
                [0m50 mins • 36 MCQs[0m
              [36m</div>[39m
            [36m</button>[39m
            [36m<button[39m
              [33mclass[39m=[32m"p-4 rounded-xl border-2 text-left transition-all border-slate-200 dark:border-slate-600 hover:border-primary-200 dark:hover:border-primary-400"[39m
            [36m>[39m
              [36m<div[39m
                [33mclass[39m=[32m"flex items-center gap-2 mb-1"[39m
              [36m>[39m
                [36m<svg[39m
                  [33mclass[39m=[32m"lucide lucide-graduation-cap w-4 h-4 text-slate-600 dark:text-slate-300"[39m
                  [33mfill[39m=[32m"none"[39m
                  [33mheight[39m=[32m"24"[39m
                  [33mstroke[39m=[32m"currentColor"[39m
                  [33mstroke-linecap[39m=[32m"round"[39m
                  [33mstroke-linejoin[39m=[32m"round"[39m
                  [33mstroke-width[39m=[32m"2"[39m
                  [33mviewBox[39m=[32m"0 0 24 24"[39m
                  [33mwidth[39m=[32m"24"[39m
                  [33mxmlns[39m=[32m"http://www.w3.org/2000/svg"[39m
                [36m>[39m
                  [36m<path[39m
                    [33md[39m=[32m"M21.42 10.922a1 1 0 0 0-.019-1.838L12.83 5.18a2 2 0 0 0-1.66 0L2.6 9.08a1 1 0 0 0 0 1.832l8.57 3.908a2 2 0 0 0 1.66 0z"[39m
                  [36m/>[39m
                  [36m<path[39m
                    [33md[39m=[32m"M22 10v6"[39m
                  [36m/>[39m
                  [36m<path[39m
                    [33md[39m=[32m"M6 12.5V16a6 3 0 0 0 12 0v-3.5"[39m
                  [36m/>[39m
                [36m</svg>[39m
                [36m<span[39m
                  [33mclass[39m=[32m"font-bold text-slate-900 dark:text-white"[39m
                [36m>[39m
                  [0mFull Exam[0m
                [36m</span>[39m
              [36m</div>[39m
              [36m<div[39m
                [33mclass[39m=[32m"text-sm text-slate-600 dark:text-slate-300"[39m
              [36m>[39m
                [0m4 hours • Full CPA exam with simulations[0m
              [36m</div>[39m
            [36m</button>[39m
            [36m<button[39m
              [33mclass[39m=[32m"p-4 rounded-xl border-2 text-left transition-all relative border-slate-200 dark:border-slate-600 hover:border-primary-200 dark:hover:border-primary-400"[39m
            [36m>[39m
              [36m<div[39m
                [33mclass[39m=[32m"absolute -top-2 -right-2"[39m
              [36m>[39m
                [36m<span[39m
                  [33mclass[39m=[32m"bg-gradient-to-r from-amber-400 to-amber-500 text-xs font-bold text-white px-2 py-0.5 rounded-full flex items-center gap-1"[39m
                [36m>[39m
                  [36m<svg[39m
                    [33mclass[39m=[32m"lucide lucide-sparkles w-3 h-3"[39m
                    [33mfill[39m=[32m"none"[39m
                    [33mheight[39m=[32m"24"[39m
                    [33mstroke[39m=[32m"currentColor"[39m
                    [33mstroke-linecap[39m=[32m"round"[39m
                    [33mstroke-linejoin[39m=[32m"round"[39m
                    [33mstroke-width[39m=[32m"2"[39m
                    [33mviewBox[39m=[32m"0 0 24 24"[39m
                    [33mwidth[39m=[32m"24"[39m
                    [33mxmlns[39m=[32m"http://www.w3.org/2000/svg"[39m
                  [36m>[39m
                    [36m<path[39m
                      [33md[39m=[32m"m12 3-1.912 5.813a2 2 0 0 1-1.275 1.275L3 12l5.813 1.912a2 2 0 0 1 1.275 1.275L12 21l1.912-5.813a2 2 0 0 1 1.275-1.275L21 12l-5.813-1.912a2 2 0 0 1-1.275-1.275L12 3Z"[39m
                    [36m/>[39m
                    [36m<path[39m
                      [33md[39m=[32m"M5 3v4"[39m
                    [36m/>[39m
                    [36m<path[39m
                      [33md[39m=[32m"M19 17v4"[39m
                    [...
stderr | src/test/components/ExamSimulator.test.jsx > ExamSimulator > Exam Type Selection > should display Full Exam duration (4 hours)
Failed to load exam session history: Error: [vitest] No "orderBy" export is defined on the "firebase/firestore" mock. Did you forget to return it from "vi.mock"?
If you need to partially mock a module, you can use "importOriginal" helper inside:

    at VitestMocker.createError (file:///workspaces/passcpa/node_modules/vitest/dist/vendor/execute.fL3szUAI.js:79:19)
    at Object.get (file:///workspaces/passcpa/node_modules/vitest/dist/vendor/execute.fL3szUAI.js:153:22)
    at Module.getExamSessionHistory (/workspaces/passcpa/src/services/examSessionService.ts:95:34)
    at /workspaces/passcpa/src/components/exam/ExamHistory.tsx:28:5
    at commitHookEffectListMount (/workspaces/passcpa/node_modules/react-dom/cjs/react-dom.development.js:23189:26)
    at commitPassiveMountOnFiber (/workspaces/passcpa/node_modules/react-dom/cjs/react-dom.development.js:24970:11)
    at commitPassiveMountEffects_complete (/workspaces/passcpa/node_modules/react-dom/cjs/react-dom.development.js:24930:9)
    at commitPassiveMountEffects_begin (/workspaces/passcpa/node_modules/react-dom/cjs/react-dom.development.js:24917:7)
    at commitPassiveMountEffects (/workspaces/passcpa/node_modules/react-dom/cjs/react-dom.development.js:24905:3)
    at flushPassiveEffectsImpl (/workspaces/passcpa/node_modules/react-dom/cjs/react-dom.development.js:27078:3) {
  codeFrame: 'vi.mock("firebase/firestore", async (importOriginal) => {\n' +
    '  const actual = await importOriginal()\n' +
    '  return {\n' +
    '    ...actual,\n' +
    '    // your mocked methods\n' +
    '  }\n' +
    '})'
}
Warning: An update to ExamHistory inside a test was not wrapped in act(...).

When testing, code that causes React state updates should be wrapped into act(...):

act(() => {
  /* fire events that update state */
});
/* assert on the output */

This ensures that you're testing the behavior the user would see in the browser. Learn more at https://reactjs.org/link/wrap-tests-with-act
    at ExamHistory (/workspaces/passcpa/src/components/exam/ExamHistory.tsx:22:42)
    at div
    at ExamSimulator (/workspaces/passcpa/src/components/pages/ExamSimulator.tsx:46:42)
    at Router (/workspaces/passcpa/node_modules/react-router/dist/umd/react-router.development.js:1207:17)
    at MemoryRouter (/workspaces/passcpa/node_modules/react-router/dist/umd/react-router.development.js:1101:7)
Warning: An update to ExamHistory inside a test was not wrapped in act(...).

When testing, code that causes React state updates should be wrapped into act(...):

act(() => {
  /* fire events that update state */
});
/* assert on the output */

This ensures that you're testing the behavior the user would see in the browser. Learn more at https://reactjs.org/link/wrap-tests-with-act
    at ExamHistory (/workspaces/passcpa/src/components/exam/ExamHistory.tsx:22:42)
    at div
    at ExamSimulator (/workspaces/passcpa/src/components/pages/ExamSimulator.tsx:46:42)
    at Router (/workspaces/passcpa/node_modules/react-router/dist/umd/react-router.development.js:1207:17)
    at MemoryRouter (/workspaces/passcpa/node_modules/react-router/dist/umd/react-router.development.js:1101:7)

stderr | src/test/components/ExamSimulator.test.jsx > ExamSimulator > Exam Type Selection > should display Full Exam structure info
Failed to load exam session history: Error: [vitest] No "orderBy" export is defined on the "firebase/firestore" mock. Did you forget to return it from "vi.mock"?
If you need to partially mock a module, you can use "importOriginal" helper inside:

    at VitestMocker.createError (file:///workspaces/passcpa/node_modules/vitest/dist/vendor/execute.fL3szUAI.js:79:19)
    at Object.get (file:///workspaces/passcpa/node_modules/vitest/dist/vendor/execute.fL3szUAI.js:153:22)
    at Module.getExamSessionHistory (/workspaces/passcpa/src/services/examSessionService.ts:95:34)
    at /workspaces/passcpa/src/components/exam/ExamHistory.tsx:28:5
    at commitHookEffectListMount (/workspaces/passcpa/node_modules/react-dom/cjs/react-dom.development.js:23189:26)
    at commitPassiveMountOnFiber (/workspaces/passcpa/node_modules/react-dom/cjs/react-dom.development.js:24970:11)
    at commitPassiveMountEffects_complete (/workspaces/passcpa/node_modules/react-dom/cjs/react-dom.development.js:24930:9)
    at commitPassiveMountEffects_begin (/workspaces/passcpa/node_modules/react-dom/cjs/react-dom.development.js:24917:7)
    at commitPassiveMountEffects (/workspaces/passcpa/node_modules/react-dom/cjs/react-dom.development.js:24905:3)
    at flushPassiveEffectsImpl (/workspaces/passcpa/node_modules/react-dom/cjs/react-dom.development.js:27078:3) {
  codeFrame: 'vi.mock("firebase/firestore", async (importOriginal) => {\n' +
    '  const actual = await importOriginal()\n' +
    '  return {\n' +
    '    ...actual,\n' +
    '    // your mocked methods\n' +
    '  }\n' +
    '})'
}
Warning: An update to ExamHistory inside a test was not wrapped in act(...).

When testing, code that causes React state updates should be wrapped into act(...):

act(() => {
  /* fire events that update state */
});
/* assert on the output */

This ensures that you're testing the behavior the user would see in the browser. Learn more at https://reactjs.org/link/wrap-tests-with-act
    at ExamHistory (/workspaces/passcpa/src/components/exam/ExamHistory.tsx:22:42)
    at div
    at ExamSimulator (/workspaces/passcpa/src/components/pages/ExamSimulator.tsx:46:42)
    at Router (/workspaces/passcpa/node_modules/react-router/dist/umd/react-router.development.js:1207:17)
    at MemoryRouter (/workspaces/passcpa/node_modules/react-router/dist/umd/react-router.development.js:1101:7)
Warning: An update to ExamHistory inside a test was not wrapped in act(...).

When testing, code that causes React state updates should be wrapped into act(...):

act(() => {
  /* fire events that update state */
});
/* assert on the output */

This ensures that you're testing the behavior the user would see in the browser. Learn more at https://reactjs.org/link/wrap-tests-with-act
    at ExamHistory (/workspaces/passcpa/src/components/exam/ExamHistory.tsx:22:42)
    at div
    at ExamSimulator (/workspaces/passcpa/src/components/pages/ExamSimulator.tsx:46:42)
    at Router (/workspaces/passcpa/node_modules/react-router/dist/umd/react-router.development.js:1207:17)
    at MemoryRouter (/workspaces/passcpa/node_modules/react-router/dist/umd/react-router.development.js:1101:7)

stderr | src/test/components/ExamSimulator.test.jsx > ExamSimulator > Exam Type Selection > should display Mini Exam question count
Failed to load exam session history: Error: [vitest] No "orderBy" export is defined on the "firebase/firestore" mock. Did you forget to return it from "vi.mock"?
If you need to partially mock a module, you can use "importOriginal" helper inside:

    at VitestMocker.createError (file:///workspaces/passcpa/node_modules/vitest/dist/vendor/execute.fL3szUAI.js:79:19)
    at Object.get (file:///workspaces/passcpa/node_modules/vitest/dist/vendor/execute.fL3szUAI.js:153:22)
    at Module.getExamSessionHistory (/workspaces/passcpa/src/services/examSessionService.ts:95:34)
    at /workspaces/passcpa/src/components/exam/ExamHistory.tsx:28:5
    at commitHookEffectListMount (/workspaces/passcpa/node_modules/react-dom/cjs/react-dom.development.js:23189:26)
    at commitPassiveMountOnFiber (/workspaces/passcpa/node_modules/react-dom/cjs/react-dom.development.js:24970:11)
    at commitPassiveMountEffects_complete (/workspaces/passcpa/node_modules/react-dom/cjs/react-dom.development.js:24930:9)
    at commitPassiveMountEffects_begin (/workspaces/passcpa/node_modules/react-dom/cjs/react-dom.development.js:24917:7)
    at commitPassiveMountEffects (/workspaces/passcpa/node_modules/react-dom/cjs/react-dom.development.js:24905:3)
    at flushPassiveEffectsImpl (/workspaces/passcpa/node_modules/react-dom/cjs/react-dom.development.js:27078:3) {
  codeFrame: 'vi.mock("firebase/firestore", async (importOriginal) => {\n' +
    '  const actual = await importOriginal()\n' +
    '  return {\n' +
    '    ...actual,\n' +
    '    // your mocked methods\n' +
    '  }\n' +
    '})'
}
Warning: An update to ExamHistory inside a test was not wrapped in act(...).

When testing, code that causes React state updates should be wrapped into act(...):

act(() => {
  /* fire events that update state */
});
/* assert on the output */

This ensures that you're testing the behavior the user would see in the browser. Learn more at https://reactjs.org/link/wrap-tests-with-act
    at ExamHistory (/workspaces/passcpa/src/components/exam/ExamHistory.tsx:22:42)
    at div
    at ExamSimulator (/workspaces/passcpa/src/components/pages/ExamSimulator.tsx:46:42)
    at Router (/workspaces/passcpa/node_modules/react-router/dist/umd/react-router.development.js:1207:17)
    at MemoryRouter (/workspaces/passcpa/node_modules/react-router/dist/umd/react-router.development.js:1101:7)
Warning: An update to ExamHistory inside a test was not wrapped in act(...).

When testing, code that causes React state updates should be wrapped into act(...):

act(() => {
  /* fire events that update state */
});
/* assert on the output */

This ensures that you're testing the behavior the user would see in the browser. Learn more at https://reactjs.org/link/wrap-tests-with-act
    at ExamHistory (/workspaces/passcpa/src/components/exam/ExamHistory.tsx:22:42)
    at div
    at ExamSimulator (/workspaces/passcpa/src/components/pages/ExamSimulator.tsx:46:42)
    at Router (/workspaces/passcpa/node_modules/react-router/dist/umd/react-router.development.js:1207:17)
    at MemoryRouter (/workspaces/passcpa/node_modules/react-router/dist/umd/react-router.development.js:1101:7)

stderr | src/test/components/ExamSimulator.test.jsx > ExamSimulator > Exam Rules Display > should inform about testlet structure
Failed to load exam session history: Error: [vitest] No "orderBy" export is defined on the "firebase/firestore" mock. Did you forget to return it from "vi.mock"?
If you need to partially mock a module, you can use "importOriginal" helper inside:

    at VitestMocker.createError (file:///workspaces/passcpa/node_modules/vitest/dist/vendor/execute.fL3szUAI.js:79:19)
    at Object.get (file:///workspaces/passcpa/node_modules/vitest/dist/vendor/execute.fL3szUAI.js:153:22)
    at Module.getExamSessionHistory (/workspaces/passcpa/src/services/examSessionService.ts:95:34)
    at /workspaces/passcpa/src/components/exam/ExamHistory.tsx:28:5
    at commitHookEffectListMount (/workspaces/passcpa/node_modules/react-dom/cjs/react-dom.development.js:23189:26)
    at commitPassiveMountOnFiber (/workspaces/passcpa/node_modules/react-dom/cjs/react-dom.development.js:24970:11)
    at commitPassiveMountEffects_complete (/workspaces/passcpa/node_modules/react-dom/cjs/react-dom.development.js:24930:9)
    at commitPassiveMountEffects_begin (/workspaces/passcpa/node_modules/react-dom/cjs/react-dom.development.js:24917:7)
    at commitPassiveMountEffects (/workspaces/passcpa/node_modules/react-dom/cjs/react-dom.development.js:24905:3)
    at flushPassiveEffectsImpl (/workspaces/passcpa/node_modules/react-dom/cjs/react-dom.development.js:27078:3) {
  codeFrame: 'vi.mock("firebase/firestore", async (importOriginal) => {\n' +
    '  const actual = await importOriginal()\n' +
    '  return {\n' +
    '    ...actual,\n' +
    '    // your mocked methods\n' +
    '  }\n' +
    '})'
}
Warning: An update to ExamHistory inside a test was not wrapped in act(...).

When testing, code that causes React state updates should be wrapped into act(...):

act(() => {
  /* fire events that update state */
});
/* assert on the output */

This ensures that you're testing the behavior the user would see in the browser. Learn more at https://reactjs.org/link/wrap-tests-with-act
    at ExamHistory (/workspaces/passcpa/src/components/exam/ExamHistory.tsx:22:42)
    at div
    at ExamSimulator (/workspaces/passcpa/src/components/pages/ExamSimulator.tsx:46:42)
    at Router (/workspaces/passcpa/node_modules/react-router/dist/umd/react-router.development.js:1207:17)
    at MemoryRouter (/workspaces/passcpa/node_modules/react-router/dist/umd/react-router.development.js:1101:7)
Warning: An update to ExamHistory inside a test was not wrapped in act(...).

When testing, code that causes React state updates should be wrapped into act(...):

act(() => {
  /* fire events that update state */
});
/* assert on the output */

This ensures that you're testing the behavior the user would see in the browser. Learn more at https://reactjs.org/link/wrap-tests-with-act
    at ExamHistory (/workspaces/passcpa/src/components/exam/ExamHistory.tsx:22:42)
    at div
    at ExamSimulator (/workspaces/passcpa/src/components/pages/ExamSimulator.tsx:46:42)
    at Router (/workspaces/passcpa/node_modules/react-router/dist/umd/react-router.development.js:1207:17)
    at MemoryRouter (/workspaces/passcpa/node_modules/react-router/dist/umd/react-router.development.js:1101:7)

stderr | src/test/components/ExamSimulator.test.jsx > ExamSimulator > Exam Rules Display > should inform about timer behavior
Failed to load exam session history: Error: [vitest] No "orderBy" export is defined on the "firebase/firestore" mock. Did you forget to return it from "vi.mock"?
If you need to partially mock a module, you can use "importOriginal" helper inside:

    at VitestMocker.createError (file:///workspaces/passcpa/node_modules/vitest/dist/vendor/execute.fL3szUAI.js:79:19)
    at Object.get (file:///workspaces/passcpa/node_modules/vitest/dist/vendor/execute.fL3szUAI.js:153:22)
    at Module.getExamSessionHistory (/workspaces/passcpa/src/services/examSessionService.ts:95:34)
    at /workspaces/passcpa/src/components/exam/ExamHistory.tsx:28:5
    at commitHookEffectListMount (/workspaces/passcpa/node_modules/react-dom/cjs/react-dom.development.js:23189:26)
    at commitPassiveMountOnFiber (/workspaces/passcpa/node_modules/react-dom/cjs/react-dom.development.js:24970:11)
    at commitPassiveMountEffects_complete (/workspaces/passcpa/node_modules/react-dom/cjs/react-dom.development.js:24930:9)
    at commitPassiveMountEffects_begin (/workspaces/passcpa/node_modules/react-dom/cjs/react-dom.development.js:24917:7)
    at commitPassiveMountEffects (/workspaces/passcpa/node_modules/react-dom/cjs/react-dom.development.js:24905:3)
    at flushPassiveEffectsImpl (/workspaces/passcpa/node_modules/react-dom/cjs/react-dom.development.js:27078:3) {
  codeFrame: 'vi.mock("firebase/firestore", async (importOriginal) => {\n' +
    '  const actual = await importOriginal()\n' +
    '  return {\n' +
    '    ...actual,\n' +
    '    // your mocked methods\n' +
    '  }\n' +
    '})'
}
Warning: An update to ExamHistory inside a test was not wrapped in act(...).

When testing, code that causes React state updates should be wrapped into act(...):

act(() => {
  /* fire events that update state */
});
/* assert on the output */

This ensures that you're testing the behavior the user would see in the browser. Learn more at https://reactjs.org/link/wrap-tests-with-act
    at ExamHistory (/workspaces/passcpa/src/components/exam/ExamHistory.tsx:22:42)
    at div
    at ExamSimulator (/workspaces/passcpa/src/components/pages/ExamSimulator.tsx:46:42)
    at Router (/workspaces/passcpa/node_modules/react-router/dist/umd/react-router.development.js:1207:17)
    at MemoryRouter (/workspaces/passcpa/node_modules/react-router/dist/umd/react-router.development.js:1101:7)
Warning: An update to ExamHistory inside a test was not wrapped in act(...).

When testing, code that causes React state updates should be wrapped into act(...):

act(() => {
  /* fire events that update state */
});
/* assert on the output */

This ensures that you're testing the behavior the user would see in the browser. Learn more at https://reactjs.org/link/wrap-tests-with-act
    at ExamHistory (/workspaces/passcpa/src/components/exam/ExamHistory.tsx:22:42)
    at div
    at ExamSimulator (/workspaces/passcpa/src/components/pages/ExamSimulator.tsx:46:42)
    at Router (/workspaces/passcpa/node_modules/react-router/dist/umd/react-router.development.js:1207:17)
    at MemoryRouter (/workspaces/passcpa/node_modules/react-router/dist/umd/react-router.development.js:1101:7)

stderr | src/test/components/ExamSimulator.test.jsx > ExamSimulator > Exam Rules Display > should mention real exam simulation
Failed to load exam session history: Error: [vitest] No "orderBy" export is defined on the "firebase/firestore" mock. Did you forget to return it from "vi.mock"?
If you need to partially mock a module, you can use "importOriginal" helper inside:

    at VitestMocker.createError (file:///workspaces/passcpa/node_modules/vitest/dist/vendor/execute.fL3szUAI.js:79:19)
    at Object.get (file:///workspaces/passcpa/node_modules/vitest/dist/vendor/execute.fL3szUAI.js:153:22)
    at Module.getExamSessionHistory (/workspaces/passcpa/src/services/examSessionService.ts:95:34)
    at /workspaces/passcpa/src/components/exam/ExamHistory.tsx:28:5
    at commitHookEffectListMount (/workspaces/passcpa/node_modules/react-dom/cjs/react-dom.development.js:23189:26)
    at commitPassiveMountOnFiber (/workspaces/passcpa/node_modules/react-dom/cjs/react-dom.development.js:24970:11)
    at commitPassiveMountEffects_complete (/workspaces/passcpa/node_modules/react-dom/cjs/react-dom.development.js:24930:9)
    at commitPassiveMountEffects_begin (/workspaces/passcpa/node_modules/react-dom/cjs/react-dom.development.js:24917:7)
    at commitPassiveMountEffects (/workspaces/passcpa/node_modules/react-dom/cjs/react-dom.development.js:24905:3)
    at flushPassiveEffectsImpl (/workspaces/passcpa/node_modules/react-dom/cjs/react-dom.development.js:27078:3) {
  codeFrame: 'vi.mock("firebase/firestore", async (importOriginal) => {\n' +
    '  const actual = await importOriginal()\n' +
    '  return {\n' +
    '    ...actual,\n' +
    '    // your mocked methods\n' +
    '  }\n' +
    '})'
}
Warning: An update to ExamHistory inside a test was not wrapped in act(...).

When testing, code that causes React state updates should be wrapped into act(...):

act(() => {
  /* fire events that update state */
});
/* assert on the output */

This ensures that you're testing the behavior the user would see in the browser. Learn more at https://reactjs.org/link/wrap-tests-with-act
    at ExamHistory (/workspaces/passcpa/src/components/exam/ExamHistory.tsx:22:42)
    at div
    at ExamSimulator (/workspaces/passcpa/src/components/pages/ExamSimulator.tsx:46:42)
    at Router (/workspaces/passcpa/node_modules/react-router/dist/umd/react-router.development.js:1207:17)
    at MemoryRouter (/workspaces/passcpa/node_modules/react-router/dist/umd/react-router.development.js:1101:7)
Warning: An update to ExamHistory inside a test was not wrapped in act(...).

When testing, code that causes React state updates should be wrapped into act(...):

act(() => {
  /* fire events that update state */
});
/* assert on the output */

This ensures that you're testing the behavior the user would see in the browser. Learn more at https://reactjs.org/link/wrap-tests-with-act
    at ExamHistory (/workspaces/passcpa/src/components/exam/ExamHistory.tsx:22:42)
    at div
    at ExamSimulator (/workspaces/passcpa/src/components/pages/ExamSimulator.tsx:46:42)
    at Router (/workspaces/passcpa/node_modules/react-router/dist/umd/react-router.development.js:1207:17)
    at MemoryRouter (/workspaces/passcpa/node_modules/react-router/dist/umd/react-router.development.js:1101:7)

stderr | src/test/components/ExamSimulator.test.jsx > ExamSimulator > Starting Exam > should show loading state when clicking Begin Examination
Failed to load exam session history: Error: [vitest] No "orderBy" export is defined on the "firebase/firestore" mock. Did you forget to return it from "vi.mock"?
If you need to partially mock a module, you can use "importOriginal" helper inside:

    at VitestMocker.createError (file:///workspaces/passcpa/node_modules/vitest/dist/vendor/execute.fL3szUAI.js:79:19)
    at Object.get (file:///workspaces/passcpa/node_modules/vitest/dist/vendor/execute.fL3szUAI.js:153:22)
    at Module.getExamSessionHistory (/workspaces/passcpa/src/services/examSessionService.ts:95:34)
    at /workspaces/passcpa/src/components/exam/ExamHistory.tsx:28:5
    at commitHookEffectListMount (/workspaces/passcpa/node_modules/react-dom/cjs/react-dom.development.js:23189:26)
    at commitPassiveMountOnFiber (/workspaces/passcpa/node_modules/react-dom/cjs/react-dom.development.js:24970:11)
    at commitPassiveMountEffects_complete (/workspaces/passcpa/node_modules/react-dom/cjs/react-dom.development.js:24930:9)
    at commitPassiveMountEffects_begin (/workspaces/passcpa/node_modules/react-dom/cjs/react-dom.development.js:24917:7)
    at commitPassiveMountEffects (/workspaces/passcpa/node_modules/react-dom/cjs/react-dom.development.js:24905:3)
    at flushPassiveEffectsImpl (/workspaces/passcpa/node_modules/react-dom/cjs/react-dom.development.js:27078:3) {
  codeFrame: 'vi.mock("firebase/firestore", async (importOriginal) => {\n' +
    '  const actual = await importOriginal()\n' +
    '  return {\n' +
    '    ...actual,\n' +
    '    // your mocked methods\n' +
    '  }\n' +
    '})'
}

 ✓ src/test/components/ExamSimulator.test.jsx > ExamSimulator > Exam Type Selection > should allow selecting Full Exam
 ✓ src/test/components/ExamSimulator.test.jsx > ExamSimulator > Exam Type Selection > should display Full Exam duration (4 hours)
 ✓ src/test/components/ExamSimulator.test.jsx > ExamSimulator > Exam Type Selection > should display Full Exam structure info
 ✓ src/test/components/ExamSimulator.test.jsx > ExamSimulator > Exam Type Selection > should display Mini Exam question count
 ✓ src/test/components/ExamSimulator.test.jsx > ExamSimulator > Exam Rules Display > should inform about testlet structure
 ✓ src/test/components/ExamSimulator.test.jsx > ExamSimulator > Exam Rules Display > should inform about timer behavior
 ✓ src/test/components/ExamSimulator.test.jsx > ExamSimulator > Exam Rules Display > should mention real exam simulation
stderr | src/test/components/ExamSimulator.test.jsx > ExamSimulator > Section Info Display > should display user section (REG)
Failed to load exam session history: Error: [vitest] No "orderBy" export is defined on the "firebase/firestore" mock. Did you forget to return it from "vi.mock"?
If you need to partially mock a module, you can use "importOriginal" helper inside:

    at VitestMocker.createError (file:///workspaces/passcpa/node_modules/vitest/dist/vendor/execute.fL3szUAI.js:79:19)
    at Object.get (file:///workspaces/passcpa/node_modules/vitest/dist/vendor/execute.fL3szUAI.js:153:22)
    at Module.getExamSessionHistory (/workspaces/passcpa/src/services/examSessionService.ts:95:34)
    at /workspaces/passcpa/src/components/exam/ExamHistory.tsx:28:5
    at commitHookEffectListMount (/workspaces/passcpa/node_modules/react-dom/cjs/react-dom.development.js:23189:26)
    at commitPassiveMountOnFiber (/workspaces/passcpa/node_modules/react-dom/cjs/react-dom.development.js:24970:11)
    at commitPassiveMountEffects_complete (/workspaces/passcpa/node_modules/react-dom/cjs/react-dom.development.js:24930:9)
    at commitPassiveMountEffects_begin (/workspaces/passcpa/node_modules/react-dom/cjs/react-dom.development.js:24917:7)
    at commitPassiveMountEffects (/workspaces/passcpa/node_modules/react-dom/cjs/react-dom.development.js:24905:3)
    at flushPassiveEffectsImpl (/workspaces/passcpa/node_modules/react-dom/cjs/react-dom.development.js:27078:3) {
  codeFrame: 'vi.mock("firebase/firestore", async (importOriginal) => {\n' +
    '  const actual = await importOriginal()\n' +
    '  return {\n' +
    '    ...actual,\n' +
    '    // your mocked methods\n' +
    '  }\n' +
    '})'
}
Warning: An update to ExamHistory inside a test was not wrapped in act(...).

When testing, code that causes React state updates should be wrapped into act(...):

act(() => {
  /* fire events that update state */
});
/* assert on the output */

This ensures that you're testing the behavior the user would see in the browser. Learn more at https://reactjs.org/link/wrap-tests-with-act
    at ExamHistory (/workspaces/passcpa/src/components/exam/ExamHistory.tsx:22:42)
    at div
    at ExamSimulator (/workspaces/passcpa/src/components/pages/ExamSimulator.tsx:46:42)
    at Router (/workspaces/passcpa/node_modules/react-router/dist/umd/react-router.development.js:1207:17)
    at MemoryRouter (/workspaces/passcpa/node_modules/react-router/dist/umd/react-router.development.js:1101:7)
Warning: An update to ExamHistory inside a test was not wrapped in act(...).

When testing, code that causes React state updates should be wrapped into act(...):

act(() => {
  /* fire events that update state */
});
/* assert on the output */

This ensures that you're testing the behavior the user would see in the browser. Learn more at https://reactjs.org/link/wrap-tests-with-act
    at ExamHistory (/workspaces/passcpa/src/components/exam/ExamHistory.tsx:22:42)
    at div
    at ExamSimulator (/workspaces/passcpa/src/components/pages/ExamSimulator.tsx:46:42)
    at Router (/workspaces/passcpa/node_modules/react-router/dist/umd/react-router.development.js:1207:17)
    at MemoryRouter (/workspaces/passcpa/node_modules/react-router/dist/umd/react-router.development.js:1101:7)

stderr | src/test/components/ExamSimulator.test.jsx > ExamSimulator > Section Info Display > should show full section name
Failed to load exam session history: Error: [vitest] No "orderBy" export is defined on the "firebase/firestore" mock. Did you forget to return it from "vi.mock"?
If you need to partially mock a module, you can use "importOriginal" helper inside:

    at VitestMocker.createError (file:///workspaces/passcpa/node_modules/vitest/dist/vendor/execute.fL3szUAI.js:79:19)
    at Object.get (file:///workspaces/passcpa/node_modules/vitest/dist/vendor/execute.fL3szUAI.js:153:22)
    at Module.getExamSessionHistory (/workspaces/passcpa/src/services/examSessionService.ts:95:34)
    at /workspaces/passcpa/src/components/exam/ExamHistory.tsx:28:5
    at commitHookEffectListMount (/workspaces/passcpa/node_modules/react-dom/cjs/react-dom.development.js:23189:26)
    at commitPassiveMountOnFiber (/workspaces/passcpa/node_modules/react-dom/cjs/react-dom.development.js:24970:11)
    at commitPassiveMountEffects_complete (/workspaces/passcpa/node_modules/react-dom/cjs/react-dom.development.js:24930:9)
    at commitPassiveMountEffects_begin (/workspaces/passcpa/node_modules/react-dom/cjs/react-dom.development.js:24917:7)
    at commitPassiveMountEffects (/workspaces/passcpa/node_modules/react-dom/cjs/react-dom.development.js:24905:3)
    at flushPassiveEffectsImpl (/workspaces/passcpa/node_modules/react-dom/cjs/react-dom.development.js:27078:3) {
  codeFrame: 'vi.mock("firebase/firestore", async (importOriginal) => {\n' +
    '  const actual = await importOriginal()\n' +
    '  return {\n' +
    '    ...actual,\n' +
    '    // your mocked methods\n' +
    '  }\n' +
    '})'
}
Warning: An update to ExamHistory inside a test was not wrapped in act(...).

When testing, code that causes React state updates should be wrapped into act(...):

act(() => {
  /* fire events that update state */
});
/* assert on the output */

This ensures that you're testing the behavior the user would see in the browser. Learn more at https://reactjs.org/link/wrap-tests-with-act
    at ExamHistory (/workspaces/passcpa/src/components/exam/ExamHistory.tsx:22:42)
    at div
    at ExamSimulator (/workspaces/passcpa/src/components/pages/ExamSimulator.tsx:46:42)
    at Router (/workspaces/passcpa/node_modules/react-router/dist/umd/react-router.development.js:1207:17)
    at MemoryRouter (/workspaces/passcpa/node_modules/react-router/dist/umd/react-router.development.js:1101:7)
Warning: An update to ExamHistory inside a test was not wrapped in act(...).

When testing, code that causes React state updates should be wrapped into act(...):

act(() => {
  /* fire events that update state */
});
/* assert on the output */

This ensures that you're testing the behavior the user would see in the browser. Learn more at https://reactjs.org/link/wrap-tests-with-act
    at ExamHistory (/workspaces/passcpa/src/components/exam/ExamHistory.tsx:22:42)
    at div
    at ExamSimulator (/workspaces/passcpa/src/components/pages/ExamSimulator.tsx:46:42)
    at Router (/workspaces/passcpa/node_modules/react-router/dist/umd/react-router.development.js:1207:17)
    at MemoryRouter (/workspaces/passcpa/node_modules/react-router/dist/umd/react-router.development.js:1101:7)

stderr | src/test/components/ExamSimulator.test.jsx > ExamSimulator > Accessibility > should have proper button roles
Failed to load exam session history: Error: [vitest] No "orderBy" export is defined on the "firebase/firestore" mock. Did you forget to return it from "vi.mock"?
If you need to partially mock a module, you can use "importOriginal" helper inside:

    at VitestMocker.createError (file:///workspaces/passcpa/node_modules/vitest/dist/vendor/execute.fL3szUAI.js:79:19)
    at Object.get (file:///workspaces/passcpa/node_modules/vitest/dist/vendor/execute.fL3szUAI.js:153:22)
    at Module.getExamSessionHistory (/workspaces/passcpa/src/services/examSessionService.ts:95:34)
    at /workspaces/passcpa/src/components/exam/ExamHistory.tsx:28:5
    at commitHookEffectListMount (/workspaces/passcpa/node_modules/react-dom/cjs/react-dom.development.js:23189:26)
    at commitPassiveMountOnFiber (/workspaces/passcpa/node_modules/react-dom/cjs/react-dom.development.js:24970:11)
    at commitPassiveMountEffects_complete (/workspaces/passcpa/node_modules/react-dom/cjs/react-dom.development.js:24930:9)
    at commitPassiveMountEffects_begin (/workspaces/passcpa/node_modules/react-dom/cjs/react-dom.development.js:24917:7)
    at commitPassiveMountEffects (/workspaces/passcpa/node_modules/react-dom/cjs/react-dom.development.js:24905:3)
    at flushPassiveEffectsImpl (/workspaces/passcpa/node_modules/react-dom/cjs/react-dom.development.js:27078:3) {
  codeFrame: 'vi.mock("firebase/firestore", async (importOriginal) => {\n' +
    '  const actual = await importOriginal()\n' +
    '  return {\n' +
    '    ...actual,\n' +
    '    // your mocked methods\n' +
    '  }\n' +
    '})'
}
Warning: An update to ExamHistory inside a test was not wrapped in act(...).

When testing, code that causes React state updates should be wrapped into act(...):

act(() => {
  /* fire events that update state */
});
/* assert on the output */

This ensures that you're testing the behavior the user would see in the browser. Learn more at https://reactjs.org/link/wrap-tests-with-act
    at ExamHistory (/workspaces/passcpa/src/components/exam/ExamHistory.tsx:22:42)
    at div
    at ExamSimulator (/workspaces/passcpa/src/components/pages/ExamSimulator.tsx:46:42)
    at Router (/workspaces/passcpa/node_modules/react-router/dist/umd/react-router.development.js:1207:17)
    at MemoryRouter (/workspaces/passcpa/node_modules/react-router/dist/umd/react-router.development.js:1101:7)
Warning: An update to ExamHistory inside a test was not wrapped in act(...).

When testing, code that causes React state updates should be wrapped into act(...):

act(() => {
  /* fire events that update state */
});
/* assert on the output */

This ensures that you're testing the behavior the user would see in the browser. Learn more at https://reactjs.org/link/wrap-tests-with-act
    at ExamHistory (/workspaces/passcpa/src/components/exam/ExamHistory.tsx:22:42)
    at div
    at ExamSimulator (/workspaces/passcpa/src/components/pages/ExamSimulator.tsx:46:42)
    at Router (/workspaces/passcpa/node_modules/react-router/dist/umd/react-router.development.js:1207:17)
    at MemoryRouter (/workspaces/passcpa/node_modules/react-router/dist/umd/react-router.development.js:1101:7)

stderr | src/test/components/ExamSimulator.test.jsx > ExamSimulator > Accessibility > should have descriptive button labels
Failed to load exam session history: Error: [vitest] No "orderBy" export is defined on the "firebase/firestore" mock. Did you forget to return it from "vi.mock"?
If you need to partially mock a module, you can use "importOriginal" helper inside:

    at VitestMocker.createError (file:///workspaces/passcpa/node_modules/vitest/dist/vendor/execute.fL3szUAI.js:79:19)
    at Object.get (file:///workspaces/passcpa/node_modules/vitest/dist/vendor/execute.fL3szUAI.js:153:22)
    at Module.getExamSessionHistory (/workspaces/passcpa/src/services/examSessionService.ts:95:34)
    at /workspaces/passcpa/src/components/exam/ExamHistory.tsx:28:5
    at commitHookEffectListMount (/workspaces/passcpa/node_modules/react-dom/cjs/react-dom.development.js:23189:26)
    at commitPassiveMountOnFiber (/workspaces/passcpa/node_modules/react-dom/cjs/react-dom.development.js:24970:11)
    at commitPassiveMountEffects_complete (/workspaces/passcpa/node_modules/react-dom/cjs/react-dom.development.js:24930:9)
    at commitPassiveMountEffects_begin (/workspaces/passcpa/node_modules/react-dom/cjs/react-dom.development.js:24917:7)
    at commitPassiveMountEffects (/workspaces/passcpa/node_modules/react-dom/cjs/react-dom.development.js:24905:3)
    at flushPassiveEffectsImpl (/workspaces/passcpa/node_modules/react-dom/cjs/react-dom.development.js:27078:3) {
  codeFrame: 'vi.mock("firebase/firestore", async (importOriginal) => {\n' +
    '  const actual = await importOriginal()\n' +
    '  return {\n' +
    '    ...actual,\n' +
    '    // your mocked methods\n' +
    '  }\n' +
    '})'
}
Warning: An update to ExamHistory inside a test was not wrapped in act(...).

When testing, code that causes React state updates should be wrapped into act(...):

act(() => {
  /* fire events that update state */
});
/* assert on the output */

This ensures that you're testing the behavior the user would see in the browser. Learn more at https://reactjs.org/link/wrap-tests-with-act
    at ExamHistory (/workspaces/passcpa/src/components/exam/ExamHistory.tsx:22:42)
    at div
    at ExamSimulator (/workspaces/passcpa/src/components/pages/ExamSimulator.tsx:46:42)
    at Router (/workspaces/passcpa/node_modules/react-router/dist/umd/react-router.development.js:1207:17)
    at MemoryRouter (/workspaces/passcpa/node_modules/react-router/dist/umd/react-router.development.js:1101:7)
Warning: An update to ExamHistory inside a test was not wrapped in act(...).

When testing, code that causes React state updates should be wrapped into act(...):

act(() => {
  /* fire events that update state */
});
/* assert on the output */

This ensures that you're testing the behavior the user would see in the browser. Learn more at https://reactjs.org/link/wrap-tests-with-act
    at ExamHistory (/workspaces/passcpa/src/components/exam/ExamHistory.tsx:22:42)
    at div
    at ExamSimulator (/workspaces/passcpa/src/components/pages/ExamSimulator.tsx:46:42)
    at Router (/workspaces/passcpa/node_modules/react-router/dist/umd/react-router.development.js:1207:17)
    at MemoryRouter (/workspaces/passcpa/node_modules/react-router/dist/umd/react-router.development.js:1101:7)

 ✓ src/test/components/ExamSimulator.test.jsx > ExamSimulator > Starting Exam > should show loading state when clicking Begin Examination
 × src/test/components/ExamSimulator.test.jsx > ExamSimulator > Section Info Display > should display user section (REG)
   → Unable to find an element with the text: /\(REG\)/. This could be because the text is broken up by multiple elements. In this case, you can provide a function for your text matcher to make your matcher more flexible.

Ignored nodes: comments, script, style
[36m<body>[39m
  [36m<div>[39m
    [36m<div[39m
      [33mclass[39m=[32m"max-w-3xl mx-auto py-6 px-4"[39m
    [36m>[39m
      [36m<div[39m
        [33mclass[39m=[32m"mb-6"[39m
      [36m>[39m
        [36m<h1[39m
          [33mclass[39m=[32m"text-2xl font-bold text-slate-900 dark:text-white"[39m
        [36m>[39m
          [0mExams[0m
        [36m</h1>[39m
        [36m<p[39m
          [33mclass[39m=[32m"text-slate-600 dark:text-slate-400"[39m
        [36m>[39m
          [0mPractice exams and simulations for [0m
          [0mTaxation and Regulation[0m
        [36m</p>[39m
      [36m</div>[39m
      [36m<div[39m
        [33mclass[39m=[32m"bg-white dark:bg-slate-800 rounded-2xl shadow-xl overflow-hidden"[39m
      [36m>[39m
        [36m<div[39m
          [33mclass[39m=[32m"p-8"[39m
        [36m>[39m
          [36m<h3[39m
            [33mclass[39m=[32m"text-sm font-bold text-slate-600 dark:text-slate-300 uppercase tracking-wider mb-4"[39m
          [36m>[39m
            [0mSelect Exam Type[0m
          [36m</h3>[39m
          [36m<div[39m
            [33mclass[39m=[32m"grid gap-4 mb-6 grid-cols-2"[39m
          [36m>[39m
            [36m<button[39m
              [33mclass[39m=[32m"p-4 rounded-xl border-2 text-left transition-all border-primary-500 bg-primary-50 dark:bg-primary-900/30"[39m
            [36m>[39m
              [36m<div[39m
                [33mclass[39m=[32m"flex items-center gap-2 mb-1"[39m
              [36m>[39m
                [36m<svg[39m
                  [33mclass[39m=[32m"lucide lucide-clock w-4 h-4 text-slate-600 dark:text-slate-300"[39m
                  [33mfill[39m=[32m"none"[39m
                  [33mheight[39m=[32m"24"[39m
                  [33mstroke[39m=[32m"currentColor"[39m
                  [33mstroke-linecap[39m=[32m"round"[39m
                  [33mstroke-linejoin[39m=[32m"round"[39m
                  [33mstroke-width[39m=[32m"2"[39m
                  [33mviewBox[39m=[32m"0 0 24 24"[39m
                  [33mwidth[39m=[32m"24"[39m
                  [33mxmlns[39m=[32m"http://www.w3.org/2000/svg"[39m
                [36m>[39m
                  [36m<circle[39m
                    [33mcx[39m=[32m"12"[39m
                    [33mcy[39m=[32m"12"[39m
                    [33mr[39m=[32m"10"[39m
                  [36m/>[39m
                  [36m<polyline[39m
                    [33mpoints[39m=[32m"12 6 12 12 16 14"[39m
                  [36m/>[39m
                [36m</svg>[39m
                [36m<span[39m
                  [33mclass[39m=[32m"font-bold text-slate-900 dark:text-white"[39m
                [36m>[39m
                  [0mMini Exam[0m
                [36m</span>[39m
              [36m</div>[39m
              [36m<div[39m
                [33mclass[39m=[32m"text-sm text-slate-600 dark:text-slate-300"[39m
              [36m>[39m
                [0m50 mins • 36 MCQs[0m
              [36m</div>[39m
            [36m</button>[39m
            [36m<button[39m
              [33mclass[39m=[32m"p-4 rounded-xl border-2 text-left transition-all border-slate-200 dark:border-slate-600 hover:border-primary-200 dark:hover:border-primary-400"[39m
            [36m>[39m
              [36m<div[39m
                [33mclass[39m=[32m"flex items-center gap-2 mb-1"[39m
              [36m>[39m
                [36m<svg[39m
                  [33mclass[39m=[32m"lucide lucide-graduation-cap w-4 h-4 text-slate-600 dark:text-slate-300"[39m
                  [33mfill[39m=[32m"none"[39m
                  [33mheight[39m=[32m"24"[39m
                  [33mstroke[39m=[32m"currentColor"[39m
                  [33mstroke-linecap[39m=[32m"round"[39m
                  [33mstroke-linejoin[39m=[32m"round"[39m
                  [33mstroke-width[39m=[32m"2"[39m
                  [33mviewBox[39m=[32m"0 0 24 24"[39m
                  [33mwidth[39m=[32m"24"[39m
                  [33mxmlns[39m=[32m"http://www.w3.org/2000/svg"[39m
                [36m>[39m
                  [36m<path[39m
                    [33md[39m=[32m"M21.42 10.922a1 1 0 0 0-.019-1.838L12.83 5.18a2 2 0 0 0-1.66 0L2.6 9.08a1 1 0 0 0 0 1.832l8.57 3.908a2 2 0 0 0 1.66 0z"[39m
                  [36m/>[39m
                  [36m<path[39m
                    [33md[39m=[32m"M22 10v6"[39m
                  [36m/>[39m
                  [36m<path[39m
                    [33md[39m=[32m"M6 12.5V16a6 3 0 0 0 12 0v-3.5"[39m
                  [36m/>[39m
                [36m</svg>[39m
                [36m<span[39m
                  [33mclass[39m=[32m"font-bold text-slate-900 dark:text-white"[39m
                [36m>[39m
                  [0mFull Exam[0m
                [36m</span>[39m
              [36m</div>[39m
              [36m<div[39m
                [33mclass[39m=[32m"text-sm text-slate-600 dark:text-slate-300"[39m
              [36m>[39m
                [0m4 hours • Full CPA exam with simulations[0m
              [36m</div>[39m
            [36m</button>[39m
            [36m<button[39m
              [33mclass[39m=[32m"p-4 rounded-xl border-2 text-left transition-all relative border-slate-200 dark:border-slate-600 hover:border-primary-200 dark:hover:border-primary-400"[39m
            [36m>[39m
              [36m<div[39m
                [33mclass[39m=[32m"absolute -top-2 -right-2"[39m
              [36m>[39m
                [36m<span[39m
                  [33mclass[39m=[32m"bg-gradient-to-r from-amber-400 to-amber-500 text-xs font-bold text-white px-2 py-0.5 rounded-full flex items-center gap-1"[39m
                [36m>[39m
                  [36m<svg[39m
                    [33mclass[39m=[32m"lucide lucide-sparkles w-3 h-3"[39m
                    [33mfill[39m=[32m"none"[39m
                    [33mheight[39m=[32m"24"[39m
                    [33mstroke[39m=[32m"currentColor"[39m
                    [33mstroke-linecap[39m=[32m"round"[39m
                    [33mstroke-linejoin[39m=[32m"round"[39m
                    [33mstroke-width[39m=[32m"2"[39m
                    [33mviewBox[39m=[32m"0 0 24 24"[39m
                    [33mwidth[39m=[32m"24"[39m
                    [33mxmlns[39m=[32m"http://www.w3.org/2000/svg"[39m
                  [36m>[39m
                    [36m<path[39m
                      [33md[39m=[32m"m12 3-1.912 5.813a2 2 0 0 1-1.275 1.275L3 12l5.813 1.912a2 2 0 0 1 1.275 1.275L12 21l1.912-5.813a2 2 0 0 1 1.275-1.275L21 12l-5.813-1.912a2 2 0 0 1-1.275-1.275L12 3Z"[39m
                    [36m/>[39m
                    [36m<path[39m
                      [33md[39m=[32m"M5 3v4"[39m
                    [36m/>[39m
                    [36m<path[39m
                      [33md[39m=[32m"M19 17v4"[39m
                    [...
 × src/test/components/ExamSimulator.test.jsx > ExamSimulator > Section Info Display > should show full section name
   → Unable to find an element with the text: /Exam Experience/i. This could be because the text is broken up by multiple elements. In this case, you can provide a function for your text matcher to make your matcher more flexible.

Ignored nodes: comments, script, style
[36m<body>[39m
  [36m<div>[39m
    [36m<div[39m
      [33mclass[39m=[32m"max-w-3xl mx-auto py-6 px-4"[39m
    [36m>[39m
      [36m<div[39m
        [33mclass[39m=[32m"mb-6"[39m
      [36m>[39m
        [36m<h1[39m
          [33mclass[39m=[32m"text-2xl font-bold text-slate-900 dark:text-white"[39m
        [36m>[39m
          [0mExams[0m
        [36m</h1>[39m
        [36m<p[39m
          [33mclass[39m=[32m"text-slate-600 dark:text-slate-400"[39m
        [36m>[39m
          [0mPractice exams and simulations for [0m
          [0mTaxation and Regulation[0m
        [36m</p>[39m
      [36m</div>[39m
      [36m<div[39m
        [33mclass[39m=[32m"bg-white dark:bg-slate-800 rounded-2xl shadow-xl overflow-hidden"[39m
      [36m>[39m
        [36m<div[39m
          [33mclass[39m=[32m"p-8"[39m
        [36m>[39m
          [36m<h3[39m
            [33mclass[39m=[32m"text-sm font-bold text-slate-600 dark:text-slate-300 uppercase tracking-wider mb-4"[39m
          [36m>[39m
            [0mSelect Exam Type[0m
          [36m</h3>[39m
          [36m<div[39m
            [33mclass[39m=[32m"grid gap-4 mb-6 grid-cols-2"[39m
          [36m>[39m
            [36m<button[39m
              [33mclass[39m=[32m"p-4 rounded-xl border-2 text-left transition-all border-primary-500 bg-primary-50 dark:bg-primary-900/30"[39m
            [36m>[39m
              [36m<div[39m
                [33mclass[39m=[32m"flex items-center gap-2 mb-1"[39m
              [36m>[39m
                [36m<svg[39m
                  [33mclass[39m=[32m"lucide lucide-clock w-4 h-4 text-slate-600 dark:text-slate-300"[39m
                  [33mfill[39m=[32m"none"[39m
                  [33mheight[39m=[32m"24"[39m
                  [33mstroke[39m=[32m"currentColor"[39m
                  [33mstroke-linecap[39m=[32m"round"[39m
                  [33mstroke-linejoin[39m=[32m"round"[39m
                  [33mstroke-width[39m=[32m"2"[39m
                  [33mviewBox[39m=[32m"0 0 24 24"[39m
                  [33mwidth[39m=[32m"24"[39m
                  [33mxmlns[39m=[32m"http://www.w3.org/2000/svg"[39m
                [36m>[39m
                  [36m<circle[39m
                    [33mcx[39m=[32m"12"[39m
                    [33mcy[39m=[32m"12"[39m
                    [33mr[39m=[32m"10"[39m
                  [36m/>[39m
                  [36m<polyline[39m
                    [33mpoints[39m=[32m"12 6 12 12 16 14"[39m
                  [36m/>[39m
                [36m</svg>[39m
                [36m<span[39m
                  [33mclass[39m=[32m"font-bold text-slate-900 dark:text-white"[39m
                [36m>[39m
                  [0mMini Exam[0m
                [36m</span>[39m
              [36m</div>[39m
              [36m<div[39m
                [33mclass[39m=[32m"text-sm text-slate-600 dark:text-slate-300"[39m
              [36m>[39m
                [0m50 mins • 36 MCQs[0m
              [36m</div>[39m
            [36m</button>[39m
            [36m<button[39m
              [33mclass[39m=[32m"p-4 rounded-xl border-2 text-left transition-all border-slate-200 dark:border-slate-600 hover:border-primary-200 dark:hover:border-primary-400"[39m
            [36m>[39m
              [36m<div[39m
                [33mclass[39m=[32m"flex items-center gap-2 mb-1"[39m
              [36m>[39m
                [36m<svg[39m
                  [33mclass[39m=[32m"lucide lucide-graduation-cap w-4 h-4 text-slate-600 dark:text-slate-300"[39m
                  [33mfill[39m=[32m"none"[39m
                  [33mheight[39m=[32m"24"[39m
                  [33mstroke[39m=[32m"currentColor"[39m
                  [33mstroke-linecap[39m=[32m"round"[39m
                  [33mstroke-linejoin[39m=[32m"round"[39m
                  [33mstroke-width[39m=[32m"2"[39m
                  [33mviewBox[39m=[32m"0 0 24 24"[39m
                  [33mwidth[39m=[32m"24"[39m
                  [33mxmlns[39m=[32m"http://www.w3.org/2000/svg"[39m
                [36m>[39m
                  [36m<path[39m
                    [33md[39m=[32m"M21.42 10.922a1 1 0 0 0-.019-1.838L12.83 5.18a2 2 0 0 0-1.66 0L2.6 9.08a1 1 0 0 0 0 1.832l8.57 3.908a2 2 0 0 0 1.66 0z"[39m
                  [36m/>[39m
                  [36m<path[39m
                    [33md[39m=[32m"M22 10v6"[39m
                  [36m/>[39m
                  [36m<path[39m
                    [33md[39m=[32m"M6 12.5V16a6 3 0 0 0 12 0v-3.5"[39m
                  [36m/>[39m
                [36m</svg>[39m
                [36m<span[39m
                  [33mclass[39m=[32m"font-bold text-slate-900 dark:text-white"[39m
                [36m>[39m
                  [0mFull Exam[0m
                [36m</span>[39m
              [36m</div>[39m
              [36m<div[39m
                [33mclass[39m=[32m"text-sm text-slate-600 dark:text-slate-300"[39m
              [36m>[39m
                [0m4 hours • Full CPA exam with simulations[0m
              [36m</div>[39m
            [36m</button>[39m
            [36m<button[39m
              [33mclass[39m=[32m"p-4 rounded-xl border-2 text-left transition-all relative border-slate-200 dark:border-slate-600 hover:border-primary-200 dark:hover:border-primary-400"[39m
            [36m>[39m
              [36m<div[39m
                [33mclass[39m=[32m"absolute -top-2 -right-2"[39m
              [36m>[39m
                [36m<span[39m
                  [33mclass[39m=[32m"bg-gradient-to-r from-amber-400 to-amber-500 text-xs font-bold text-white px-2 py-0.5 rounded-full flex items-center gap-1"[39m
                [36m>[39m
                  [36m<svg[39m
                    [33mclass[39m=[32m"lucide lucide-sparkles w-3 h-3"[39m
                    [33mfill[39m=[32m"none"[39m
                    [33mheight[39m=[32m"24"[39m
                    [33mstroke[39m=[32m"currentColor"[39m
                    [33mstroke-linecap[39m=[32m"round"[39m
                    [33mstroke-linejoin[39m=[32m"round"[39m
                    [33mstroke-width[39m=[32m"2"[39m
                    [33mviewBox[39m=[32m"0 0 24 24"[39m
                    [33mwidth[39m=[32m"24"[39m
                    [33mxmlns[39m=[32m"http://www.w3.org/2000/svg"[39m
                  [36m>[39m
                    [36m<path[39m
                      [33md[39m=[32m"m12 3-1.912 5.813a2 2 0 0 1-1.275 1.275L3 12l5.813 1.912a2 2 0 0 1 1.275 1.275L12 21l1.912-5.813a2 2 0 0 1 1.275-1.275L21 12l-5.813-1.912a2 2 0 0 1-1.275-1.275L12 3Z"[39m
                    [36m/>[39m
                    [36m<path[39m
                      [33md[39m=[32m"M5 3v4"[39m
                    [36m/>[39m
                    [36m<path[39m
                      [33md[39m=[32m"M19 17v4"[39m
                    [...
 ✓ src/test/components/ExamSimulator.test.jsx > ExamSimulator > Accessibility > should have proper button roles
 × src/test/components/ExamSimulator.test.jsx > ExamSimulator > Accessibility > should have descriptive button labels
   → Unable to find an element with the text: /Back to Home/i. This could be because the text is broken up by multiple elements. In this case, you can provide a function for your text matcher to make your matcher more flexible.

Ignored nodes: comments, script, style
[36m<body>[39m
  [36m<div>[39m
    [36m<div[39m
      [33mclass[39m=[32m"max-w-3xl mx-auto py-6 px-4"[39m
    [36m>[39m
      [36m<div[39m
        [33mclass[39m=[32m"mb-6"[39m
      [36m>[39m
        [36m<h1[39m
          [33mclass[39m=[32m"text-2xl font-bold text-slate-900 dark:text-white"[39m
        [36m>[39m
          [0mExams[0m
        [36m</h1>[39m
        [36m<p[39m
          [33mclass[39m=[32m"text-slate-600 dark:text-slate-400"[39m
        [36m>[39m
          [0mPractice exams and simulations for [0m
          [0mTaxation and Regulation[0m
        [36m</p>[39m
      [36m</div>[39m
      [36m<div[39m
        [33mclass[39m=[32m"bg-white dark:bg-slate-800 rounded-2xl shadow-xl overflow-hidden"[39m
      [36m>[39m
        [36m<div[39m
          [33mclass[39m=[32m"p-8"[39m
        [36m>[39m
          [36m<h3[39m
            [33mclass[39m=[32m"text-sm font-bold text-slate-600 dark:text-slate-300 uppercase tracking-wider mb-4"[39m
          [36m>[39m
            [0mSelect Exam Type[0m
          [36m</h3>[39m
          [36m<div[39m
            [33mclass[39m=[32m"grid gap-4 mb-6 grid-cols-2"[39m
          [36m>[39m
            [36m<button[39m
              [33mclass[39m=[32m"p-4 rounded-xl border-2 text-left transition-all border-primary-500 bg-primary-50 dark:bg-primary-900/30"[39m
            [36m>[39m
              [36m<div[39m
                [33mclass[39m=[32m"flex items-center gap-2 mb-1"[39m
              [36m>[39m
                [36m<svg[39m
                  [33mclass[39m=[32m"lucide lucide-clock w-4 h-4 text-slate-600 dark:text-slate-300"[39m
                  [33mfill[39m=[32m"none"[39m
                  [33mheight[39m=[32m"24"[39m
                  [33mstroke[39m=[32m"currentColor"[39m
                  [33mstroke-linecap[39m=[32m"round"[39m
                  [33mstroke-linejoin[39m=[32m"round"[39m
                  [33mstroke-width[39m=[32m"2"[39m
                  [33mviewBox[39m=[32m"0 0 24 24"[39m
                  [33mwidth[39m=[32m"24"[39m
                  [33mxmlns[39m=[32m"http://www.w3.org/2000/svg"[39m
                [36m>[39m
                  [36m<circle[39m
                    [33mcx[39m=[32m"12"[39m
                    [33mcy[39m=[32m"12"[39m
                    [33mr[39m=[32m"10"[39m
                  [36m/>[39m
                  [36m<polyline[39m
                    [33mpoints[39m=[32m"12 6 12 12 16 14"[39m
                  [36m/>[39m
                [36m</svg>[39m
                [36m<span[39m
                  [33mclass[39m=[32m"font-bold text-slate-900 dark:text-white"[39m
                [36m>[39m
                  [0mMini Exam[0m
                [36m</span>[39m
              [36m</div>[39m
              [36m<div[39m
                [33mclass[39m=[32m"text-sm text-slate-600 dark:text-slate-300"[39m
              [36m>[39m
                [0m50 mins • 36 MCQs[0m
              [36m</div>[39m
            [36m</button>[39m
            [36m<button[39m
              [33mclass[39m=[32m"p-4 rounded-xl border-2 text-left transition-all border-slate-200 dark:border-slate-600 hover:border-primary-200 dark:hover:border-primary-400"[39m
            [36m>[39m
              [36m<div[39m
                [33mclass[39m=[32m"flex items-center gap-2 mb-1"[39m
              [36m>[39m
                [36m<svg[39m
                  [33mclass[39m=[32m"lucide lucide-graduation-cap w-4 h-4 text-slate-600 dark:text-slate-300"[39m
                  [33mfill[39m=[32m"none"[39m
                  [33mheight[39m=[32m"24"[39m
                  [33mstroke[39m=[32m"currentColor"[39m
                  [33mstroke-linecap[39m=[32m"round"[39m
                  [33mstroke-linejoin[39m=[32m"round"[39m
                  [33mstroke-width[39m=[32m"2"[39m
                  [33mviewBox[39m=[32m"0 0 24 24"[39m
                  [33mwidth[39m=[32m"24"[39m
                  [33mxmlns[39m=[32m"http://www.w3.org/2000/svg"[39m
                [36m>[39m
                  [36m<path[39m
                    [33md[39m=[32m"M21.42 10.922a1 1 0 0 0-.019-1.838L12.83 5.18a2 2 0 0 0-1.66 0L2.6 9.08a1 1 0 0 0 0 1.832l8.57 3.908a2 2 0 0 0 1.66 0z"[39m
                  [36m/>[39m
                  [36m<path[39m
                    [33md[39m=[32m"M22 10v6"[39m
                  [36m/>[39m
                  [36m<path[39m
                    [33md[39m=[32m"M6 12.5V16a6 3 0 0 0 12 0v-3.5"[39m
                  [36m/>[39m
                [36m</svg>[39m
                [36m<span[39m
                  [33mclass[39m=[32m"font-bold text-slate-900 dark:text-white"[39m
                [36m>[39m
                  [0mFull Exam[0m
                [36m</span>[39m
              [36m</div>[39m
              [36m<div[39m
                [33mclass[39m=[32m"text-sm text-slate-600 dark:text-slate-300"[39m
              [36m>[39m
                [0m4 hours • Full CPA exam with simulations[0m
              [36m</div>[39m
            [36m</button>[39m
            [36m<button[39m
              [33mclass[39m=[32m"p-4 rounded-xl border-2 text-left transition-all relative border-slate-200 dark:border-slate-600 hover:border-primary-200 dark:hover:border-primary-400"[39m
            [36m>[39m
              [36m<div[39m
                [33mclass[39m=[32m"absolute -top-2 -right-2"[39m
              [36m>[39m
                [36m<span[39m
                  [33mclass[39m=[32m"bg-gradient-to-r from-amber-400 to-amber-500 text-xs font-bold text-white px-2 py-0.5 rounded-full flex items-center gap-1"[39m
                [36m>[39m
                  [36m<svg[39m
                    [33mclass[39m=[32m"lucide lucide-sparkles w-3 h-3"[39m
                    [33mfill[39m=[32m"none"[39m
                    [33mheight[39m=[32m"24"[39m
                    [33mstroke[39m=[32m"currentColor"[39m
                    [33mstroke-linecap[39m=[32m"round"[39m
                    [33mstroke-linejoin[39m=[32m"round"[39m
                    [33mstroke-width[39m=[32m"2"[39m
                    [33mviewBox[39m=[32m"0 0 24 24"[39m
                    [33mwidth[39m=[32m"24"[39m
                    [33mxmlns[39m=[32m"http://www.w3.org/2000/svg"[39m
                  [36m>[39m
                    [36m<path[39m
                      [33md[39m=[32m"m12 3-1.912 5.813a2 2 0 0 1-1.275 1.275L3 12l5.813 1.912a2 2 0 0 1 1.275 1.275L12 21l1.912-5.813a2 2 0 0 1 1.275-1.275L21 12l-5.813-1.912a2 2 0 0 1-1.275-1.275L12 3Z"[39m
                    [36m/>[39m
                    [36m<path[39m
                      [33md[39m=[32m"M5 3v4"[39m
                    [36m/>[39m
                    [36m<path[39m
                      [33md[39m=[32m"M19 17v4"[39m
                    [...
stdout | src/test/services/practiceHistoryService.quality.test.ts > Practice History Service - Quality Tests > savePracticeSession - Edge Cases > returns session ID on success
Practice session saved: practice-1773075221177

stdout | src/test/services/practiceHistoryService.quality.test.ts > Practice History Service - Quality Tests > savePracticeSession - Edge Cases > handles zero question count
Practice session saved: practice-1773075221179

stdout | src/test/services/practiceHistoryService.quality.test.ts > Practice History Service - Quality Tests > savePracticeSession - Edge Cases > handles 100% accuracy
Practice session saved: practice-1773075221180

stdout | src/test/services/practiceHistoryService.quality.test.ts > Practice History Service - Quality Tests > savePracticeSession - Edge Cases > handles 0% accuracy
Practice session saved: practice-1773075221180

stdout | src/test/services/practiceHistoryService.quality.test.ts > Practice History Service - Quality Tests > savePracticeSession - Edge Cases > handles more correct than total (invalid state)
Practice session saved: practice-1773075221180

stdout | src/test/services/practiceHistoryService.quality.test.ts > Practice History Service - Quality Tests > savePracticeSession - Edge Cases > handles negative time spent
Practice session saved: practice-1773075221181

stdout | src/test/services/practiceHistoryService.quality.test.ts > Practice History Service - Quality Tests > savePracticeSession - Edge Cases > handles very long session
Practice session saved: practice-1773075221181

stdout | src/test/services/practiceHistoryService.quality.test.ts > Practice History Service - Quality Tests > savePracticeSession - Edge Cases > handles all exam modes
Practice session saved: practice-1773075221181
Practice session saved: practice-1773075221181
Practice session saved: practice-1773075221181
Practice session saved: practice-1773075221182

stdout | src/test/services/practiceHistoryService.quality.test.ts > Practice History Service - Quality Tests > savePracticeSession - Edge Cases > handles optional blueprintArea
Practice session saved: practice-1773075221182

stdout | src/test/services/practiceHistoryService.quality.test.ts > Practice History Service - Quality Tests > savePracticeSession - Edge Cases > handles optional difficulty
Practice session saved: practice-1773075221182

stdout | src/test/services/practiceHistoryService.quality.test.ts > Practice History Service - Quality Tests > savePracticeSession - Edge Cases > handles optional questionIds array
Practice session saved: practice-1773075221183

 ✓ src/test/services/practiceHistoryService.quality.test.ts > Practice History Service - Quality Tests > savePracticeSession - Edge Cases > returns session ID on success
 ✓ src/test/services/practiceHistoryService.quality.test.ts > Practice History Service - Quality Tests > savePracticeSession - Edge Cases > handles zero question count
 ✓ src/test/services/practiceHistoryService.quality.test.ts > Practice History Service - Quality Tests > savePracticeSession - Edge Cases > handles 100% accuracy
 ✓ src/test/services/practiceHistoryService.quality.test.ts > Practice History Service - Quality Tests > savePracticeSession - Edge Cases > handles 0% accuracy
 ✓ src/test/services/practiceHistoryService.quality.test.ts > Practice History Service - Quality Tests > savePracticeSession - Edge Cases > handles more correct than total (invalid state)
 ✓ src/test/services/practiceHistoryService.quality.test.ts > Practice History Service - Quality Tests > savePracticeSession - Edge Cases > handles negative time spent
 ✓ src/test/services/practiceHistoryService.quality.test.ts > Practice History Service - Quality Tests > savePracticeSession - Edge Cases > handles very long session
 ✓ src/test/services/practiceHistoryService.quality.test.ts > Practice History Service - Quality Tests > savePracticeSession - Edge Cases > handles all exam modes
 ✓ src/test/services/practiceHistoryService.quality.test.ts > Practice History Service - Quality Tests > savePracticeSession - Edge Cases > handles optional blueprintArea
 ✓ src/test/services/practiceHistoryService.quality.test.ts > Practice History Service - Quality Tests > savePracticeSession - Edge Cases > handles optional difficulty
 ✓ src/test/services/practiceHistoryService.quality.test.ts > Practice History Service - Quality Tests > savePracticeSession - Edge Cases > handles optional questionIds array
 ✓ src/test/services/practiceHistoryService.quality.test.ts > Practice History Service - Quality Tests > getPracticeSessions - Edge Cases > returns array for user
 ✓ src/test/services/practiceHistoryService.quality.test.ts > Practice History Service - Quality Tests > getPracticeSessions - Edge Cases > handles empty userId
 ✓ src/test/services/practiceHistoryService.quality.test.ts > Practice History Service - Quality Tests > getPracticeSessions - Edge Cases > respects maxResults limit
 ✓ src/test/services/practiceHistoryService.quality.test.ts > Practice History Service - Quality Tests > getPracticeSessions - Edge Cases > handles zero maxResults
 ✓ src/test/services/practiceHistoryService.quality.test.ts > Practice History Service - Quality Tests > getPracticeSessions - Edge Cases > handles negative maxResults
 ✓ src/test/services/practiceHistoryService.quality.test.ts > Practice History Service - Quality Tests > getPracticeSessions - Edge Cases > handles very large maxResults
 ✓ src/test/services/practiceHistoryService.quality.test.ts > Practice History Service - Quality Tests > getPracticeSessions - Edge Cases > default maxResults is 10
 ✓ src/test/services/practiceHistoryService.quality.test.ts > Practice History Service - Quality Tests > getPracticeSessionsBySection - Edge Cases > returns array for valid section
 ✓ src/test/services/practiceHistoryService.quality.test.ts > Practice History Service - Quality Tests > getPracticeSessionsBySection - Edge Cases > handles invalid section gracefully
 ✓ src/test/services/practiceHistoryService.quality.test.ts > Practice History Service - Quality Tests > getPracticeSessionsBySection - Edge Cases > handles empty section string
 ✓ src/test/services/practiceHistoryService.quality.test.ts > Practice History Service - Quality Tests > getPracticeSessionsBySection - Edge Cases > handles lowercase section
 ✓ src/test/services/practiceHistoryService.quality.test.ts > Practice History Service - Quality Tests > getPracticeSessionsBySection - Edge Cases > respects maxResults for section filter
 ✓ src/test/services/practiceHistoryService.quality.test.ts > Practice History Service - Quality Tests > getPracticeSessionsBySection - Edge Cases > handles all valid sections
 ✓ src/test/services/feedback.test.ts > feedback.ts > initFeedback > should initialize with defaults when no localStorage values
 ✓ src/test/services/feedback.test.ts > feedback.ts > initFeedback > should enable sound when localStorage is not "false"
 ✓ src/test/services/feedback.test.ts > feedback.ts > setSoundEnabled > should set sound enabled to true
 ✓ src/test/services/feedback.test.ts > feedback.ts > setSoundEnabled > should set sound enabled to false
 ✓ src/test/services/feedback.test.ts > feedback.ts > setHapticEnabled > should set haptic enabled to true
 ✓ src/test/services/feedback.test.ts > feedback.ts > setHapticEnabled > should set haptic enabled to false
 ✓ src/test/services/feedback.test.ts > feedback.ts > playSound > should not play when sound is disabled
 ✓ src/test/services/feedback.test.ts > feedback.ts > playSound > should play correct sound
 ✓ src/test/services/feedback.test.ts > feedback.ts > playSound > should play incorrect sound
 ✓ src/test/services/feedback.test.ts > feedback.ts > playSound > should play complete sound
 ✓ src/test/services/feedback.test.ts > feedback.ts > playSound > should play streak sound
 ✓ src/test/services/feedback.test.ts > feedback.ts > playSound > should play click sound
 ✓ src/test/services/feedback.test.ts > feedback.ts > playSound > should play levelUp sound
 ✓ src/test/services/feedback.test.ts > feedback.ts > haptic > should not vibrate when haptic is disabled
 ✓ src/test/services/feedback.test.ts > feedback.ts > haptic > should not vibrate when vibrate is not supported
 ✓ src/test/services/feedback.test.ts > feedback.ts > haptic > should vibrate for success
 ✓ src/test/services/feedback.test.ts > feedback.ts > haptic > should vibrate for warning
 ✓ src/test/services/feedback.test.ts > feedback.ts > haptic > should vibrate for error
 ✓ src/test/services/feedback.test.ts > feedback.ts > haptic > should vibrate for light
 ✓ src/test/services/feedback.test.ts > feedback.ts > haptic > should vibrate for medium
 ✓ src/test/services/feedback.test.ts > feedback.ts > haptic > should vibrate for heavy
 ✓ src/test/services/feedback.test.ts > feedback.ts > haptic > should vibrate for selection
 ✓ src/test/services/feedback.test.ts > feedback.ts > haptic > should handle vibrate error gracefully
 ✓ src/test/services/feedback.test.ts > feedback.ts > convenience methods > correct() should play sound and haptic
 ✓ src/test/services/feedback.test.ts > feedback.ts > convenience methods > incorrect() should play sound and haptic
 ✓ src/test/services/feedback.test.ts > feedback.ts > convenience methods > complete() should play sound and haptic
 ✓ src/test/services/feedback.test.ts > feedback.ts > convenience methods > streak() should play sound and haptic
 ✓ src/test/services/feedback.test.ts > feedback.ts > convenience methods > levelUp() should play sound and haptic
 ✓ src/test/services/feedback.test.ts > feedback.ts > convenience methods > click() should play sound and haptic
 ✓ src/test/services/feedback.test.ts > feedback.ts > convenience methods > tap() should only haptic
 ✓ src/test/hooks/useDocumentTitle.quality.test.ts > useDocumentTitle Hook - Quality Tests > Basic Title Setting > sets title with page name
 ✓ src/test/hooks/useDocumentTitle.quality.test.ts > useDocumentTitle Hook - Quality Tests > Basic Title Setting > uses base title when empty string provided
 ✓ src/test/hooks/useDocumentTitle.quality.test.ts > useDocumentTitle Hook - Quality Tests > Basic Title Setting > restores base title on unmount
 ✓ src/test/hooks/useDocumentTitle.quality.test.ts > useDocumentTitle Hook - Quality Tests > Basic Title Setting > handles title with special characters
 ✓ src/test/hooks/useDocumentTitle.quality.test.ts > useDocumentTitle Hook - Quality Tests > Basic Title Setting > handles very long title
 ✓ src/test/hooks/useDocumentTitle.quality.test.ts > useDocumentTitle Hook - Quality Tests > Basic Title Setting > handles unicode in title
 ✓ src/test/hooks/useDocumentTitle.quality.test.ts > useDocumentTitle Hook - Quality Tests > Basic Title Setting > handles emoji in title
 ✓ src/test/hooks/useDocumentTitle.quality.test.ts > useDocumentTitle Hook - Quality Tests > Basic Title Setting > handles HTML-like content in title
 ✓ src/test/hooks/useDocumentTitle.quality.test.ts > useDocumentTitle Hook - Quality Tests > Screen Reader Announcements > announces to screen reader by default
 ✓ src/test/hooks/useDocumentTitle.quality.test.ts > useDocumentTitle Hook - Quality Tests > Screen Reader Announcements > does not announce when disabled
 ✓ src/test/hooks/useDocumentTitle.quality.test.ts > useDocumentTitle Hook - Quality Tests > Screen Reader Announcements > announces fallback for empty title
 ✓ src/test/hooks/useDocumentTitle.quality.test.ts > useDocumentTitle Hook - Quality Tests > Screen Reader Announcements > handles missing announcement element gracefully
 ✓ src/test/hooks/useDocumentTitle.quality.test.ts > useDocumentTitle Hook - Quality Tests > Title Updates > updates title when prop changes
 ✓ src/test/hooks/useDocumentTitle.quality.test.ts > useDocumentTitle Hook - Quality Tests > ROUTE_TITLES Constant > has mapping for home routes
 ✓ src/test/hooks/useDocumentTitle.quality.test.ts > useDocumentTitle Hook - Quality Tests > ROUTE_TITLES Constant > has mapping for auth routes
 ✓ src/test/hooks/useDocumentTitle.quality.test.ts > useDocumentTitle Hook - Quality Tests > ROUTE_TITLES Constant > has mapping for study routes
 ✓ src/test/hooks/useDocumentTitle.quality.test.ts > useDocumentTitle Hook - Quality Tests > ROUTE_TITLES Constant > has mapping for admin routes
 ✓ src/test/hooks/useDocumentTitle.quality.test.ts > useDocumentTitle Hook - Quality Tests > ROUTE_TITLES Constant > all route titles are non-empty strings
 ✓ src/test/hooks/useDocumentTitle.quality.test.ts > useDocumentTitle Hook - Quality Tests > ROUTE_TITLES Constant > all routes start with /
 ✓ src/test/hooks/useDocumentTitle.quality.test.ts > useDocumentTitle Hook - Quality Tests > Edge Cases > handles whitespace-only title
 ✓ src/test/hooks/useDocumentTitle.quality.test.ts > useDocumentTitle Hook - Quality Tests > Edge Cases > handles newlines in title
 ✓ src/test/hooks/useDocumentTitle.quality.test.ts > useDocumentTitle Hook - Quality Tests > Edge Cases > handles null-ish coercion edge
 ✓ src/test/services/cisaAdaptiveEngine.test.ts > cisaAdaptiveEngine.ts > loadAdaptiveState > should initialize default state when no stored data exists
 ✓ src/test/services/cisaAdaptiveEngine.test.ts > cisaAdaptiveEngine.ts > loadAdaptiveState > should restore state from localStorage when data exists
 ✓ src/test/services/cisaAdaptiveEngine.test.ts > cisaAdaptiveEngine.ts > recordAnswer > should update domain performance when answer is recorded
 ✓ src/test/services/cisaAdaptiveEngine.test.ts > cisaAdaptiveEngine.ts > recordAnswer > should save state to localStorage
 ✓ src/test/services/cisaAdaptiveEngine.test.ts > cisaAdaptiveEngine.ts > recordAnswer > should track multiple questions
 ✓ src/test/services/cisaAdaptiveEngine.test.ts > cisaAdaptiveEngine.ts > getWeakDomains > should return domains with lower performance
 ✓ src/test/services/cisaAdaptiveEngine.test.ts > cisaAdaptiveEngine.ts > getWeakDomains > should return empty array when all domains are performing well
 ✓ src/test/services/cisaAdaptiveEngine.test.ts > cisaAdaptiveEngine.ts > getPerformanceSummary > should return complete summary object
 ✓ src/test/services/cisaAdaptiveEngine.test.ts > cisaAdaptiveEngine.ts > getPerformanceSummary > should calculate overall accuracy as percentage
 ✓ src/test/services/cisaAdaptiveEngine.test.ts > cisaAdaptiveEngine.ts > getRecommendedAction > should return valid recommendation object
 ✓ src/test/services/cisaAdaptiveEngine.test.ts > cisaAdaptiveEngine.ts > getRecommendedAction > should recommend practice for new users
 ✓ src/test/services/cisaAdaptiveEngine.test.ts > cisaAdaptiveEngine.ts > resetAdaptiveState > should clear all progress data
stdout | Object.log (/workspaces/passcpa/src/utils/logger.ts:8:24)
Blueprint Configuration loaded.
Current Blueprint: 2025
Days until 2026 Blueprint: 114

stderr | src/test/hooks/useAuth.test.jsx > useAuth Hook > signUp > should create user and Firestore document
Cloud Function verification email failed, using Firebase default: Error: Function not available in test
    at Proxy.<anonymous> (/workspaces/passcpa/src/test/setup.js:55:56)
    at Proxy.mockCall (file:///workspaces/passcpa/node_modules/@vitest/spy/dist/index.js:50:17)
    at Proxy.spy (file:///workspaces/passcpa/node_modules/tinyspy/dist/index.js:42:80)
    at Object.signUp (/workspaces/passcpa/src/providers/AuthProvider.tsx:294:45)
    at /workspaces/passcpa/src/test/hooks/useAuth.test.jsx:110:9
Error fetching user profile: TypeError: Cannot read properties of undefined (reading 'exists')
    at fetchUserProfile (/workspaces/passcpa/src/providers/AuthProvider.tsx:82:19)
    at Object.signUp (/workspaces/passcpa/src/providers/AuthProvider.tsx:371:7)
    at /workspaces/passcpa/src/test/hooks/useAuth.test.jsx:110:9

stderr | src/test/hooks/useAuth.test.jsx > useAuth Hook > resetPassword > should send password reset email
Custom reset email failed, using Firebase default: Error: Function not available in test
    at Proxy.<anonymous> (/workspaces/passcpa/src/test/setup.js:55:56)
    at Proxy.mockCall (file:///workspaces/passcpa/node_modules/@vitest/spy/dist/index.js:50:17)
    at Proxy.spy (file:///workspaces/passcpa/node_modules/tinyspy/dist/index.js:42:80)
    at Object.resetPassword (/workspaces/passcpa/src/providers/AuthProvider.tsx:444:39)
    at /workspaces/passcpa/src/test/hooks/useAuth.test.jsx:171:30
    at /workspaces/passcpa/node_modules/@testing-library/react/dist/act-compat.js:47:24
    at act (/workspaces/passcpa/node_modules/react/cjs/react.development.js:2512:16)
    at Proxy.<anonymous> (/workspaces/passcpa/node_modules/@testing-library/react/dist/act-compat.js:46:25)
    at /workspaces/passcpa/src/test/hooks/useAuth.test.jsx:170:13
    at runTest (file:///workspaces/passcpa/node_modules/@vitest/runner/dist/index.js:781:11)

 ✓ src/test/hooks/useAuth.test.jsx > useAuth Hook > Initial State > should start with loading state
 ✓ src/test/hooks/useAuth.test.jsx > useAuth Hook > Initial State > should have null user when not authenticated
 ✓ src/test/hooks/useAuth.test.jsx > useAuth Hook > signIn > should call signInWithEmailAndPassword
 ✓ src/test/hooks/useAuth.test.jsx > useAuth Hook > signIn > should handle sign in errors
 ✓ src/test/hooks/useAuth.test.jsx > useAuth Hook > signUp > should create user and Firestore document
 ✓ src/test/hooks/useAuth.test.jsx > useAuth Hook > signUp > should handle sign up errors
 ✓ src/test/hooks/useAuth.test.jsx > useAuth Hook > signOut > should call Firebase signOut
 ✓ src/test/hooks/useAuth.test.jsx > useAuth Hook > resetPassword > should send password reset email
 ✓ src/test/hooks/useAuth.test.jsx > useAuth Hook > useAuth outside provider > should throw error when used outside AuthProvider
stderr | src/test/components/pages/Practice.test.jsx > Practice Component > Session Setup > renders setup screen by default
Error: useToast must be used within a ToastProvider
    at Module.useToast (/workspaces/passcpa/src/components/common/Toast.tsx:27:11)
    at Practice (/workspaces/passcpa/src/components/pages/Practice.tsx:718:17)
    at renderWithHooks (/workspaces/passcpa/node_modules/react-dom/cjs/react-dom.development.js:15486:18)
    at mountIndeterminateComponent (/workspaces/passcpa/node_modules/react-dom/cjs/react-dom.development.js:20103:13)
    at beginWork (/workspaces/passcpa/node_modules/react-dom/cjs/react-dom.development.js:21626:16)
    at HTMLUnknownElement.callCallback (/workspaces/passcpa/node_modules/react-dom/cjs/react-dom.development.js:4164:14)
    at HTMLUnknownElement.callTheUserObjectsOperation (/workspaces/passcpa/node_modules/jsdom/lib/jsdom/living/generated/EventListener.js:26:30)
    at innerInvokeEventListeners (/workspaces/passcpa/node_modules/jsdom/lib/jsdom/living/events/EventTarget-impl.js:360:16)
    at invokeEventListeners (/workspaces/passcpa/node_modules/jsdom/lib/jsdom/living/events/EventTarget-impl.js:296:3)
    at HTMLUnknownElementImpl._dispatch (/workspaces/passcpa/node_modules/jsdom/lib/jsdom/living/events/EventTarget-impl.js:243:9)
Error: useToast must be used within a ToastProvider
    at Module.useToast (/workspaces/passcpa/src/components/common/Toast.tsx:27:11)
    at Practice (/workspaces/passcpa/src/components/pages/Practice.tsx:718:17)
    at renderWithHooks (/workspaces/passcpa/node_modules/react-dom/cjs/react-dom.development.js:15486:18)
    at mountIndeterminateComponent (/workspaces/passcpa/node_modules/react-dom/cjs/react-dom.development.js:20103:13)
    at beginWork (/workspaces/passcpa/node_modules/react-dom/cjs/react-dom.development.js:21626:16)
    at HTMLUnknownElement.callCallback (/workspaces/passcpa/node_modules/react-dom/cjs/react-dom.development.js:4164:14)
    at HTMLUnknownElement.callTheUserObjectsOperation (/workspaces/passcpa/node_modules/jsdom/lib/jsdom/living/generated/EventListener.js:26:30)
    at innerInvokeEventListeners (/workspaces/passcpa/node_modules/jsdom/lib/jsdom/living/events/EventTarget-impl.js:360:16)
    at invokeEventListeners (/workspaces/passcpa/node_modules/jsdom/lib/jsdom/living/events/EventTarget-impl.js:296:3)
    at HTMLUnknownElementImpl._dispatch (/workspaces/passcpa/node_modules/jsdom/lib/jsdom/living/events/EventTarget-impl.js:243:9)
The above error occurred in the <Practice> component:

    at Practice (/workspaces/passcpa/src/components/pages/Practice.tsx:1328:42)
    at Router (/workspaces/passcpa/node_modules/react-router/dist/umd/react-router.development.js:1207:17)
    at BrowserRouter (/workspaces/passcpa/node_modules/react-router-dom/dist/umd/react-router-dom.development.js:695:7)

Consider adding an error boundary to your tree to customize error handling behavior.
Visit https://reactjs.org/link/error-boundaries to learn more about error boundaries.

stderr | src/test/components/pages/Practice.test.jsx > Practice Component > Session Setup > displays exam section select
Error: useToast must be used within a ToastProvider
    at Module.useToast (/workspaces/passcpa/src/components/common/Toast.tsx:27:11)
    at Practice (/workspaces/passcpa/src/components/pages/Practice.tsx:718:17)
    at renderWithHooks (/workspaces/passcpa/node_modules/react-dom/cjs/react-dom.development.js:15486:18)
    at mountIndeterminateComponent (/workspaces/passcpa/node_modules/react-dom/cjs/react-dom.development.js:20103:13)
    at beginWork (/workspaces/passcpa/node_modules/react-dom/cjs/react-dom.development.js:21626:16)
    at HTMLUnknownElement.callCallback (/workspaces/passcpa/node_modules/react-dom/cjs/react-dom.development.js:4164:14)
    at HTMLUnknownElement.callTheUserObjectsOperation (/workspaces/passcpa/node_modules/jsdom/lib/jsdom/living/generated/EventListener.js:26:30)
    at innerInvokeEventListeners (/workspaces/passcpa/node_modules/jsdom/lib/jsdom/living/events/EventTarget-impl.js:360:16)
    at invokeEventListeners (/workspaces/passcpa/node_modules/jsdom/lib/jsdom/living/events/EventTarget-impl.js:296:3)
    at HTMLUnknownElementImpl._dispatch (/workspaces/passcpa/node_modules/jsdom/lib/jsdom/living/events/EventTarget-impl.js:243:9)
Error: useToast must be used within a ToastProvider
    at Module.useToast (/workspaces/passcpa/src/components/common/Toast.tsx:27:11)
    at Practice (/workspaces/passcpa/src/components/pages/Practice.tsx:718:17)
    at renderWithHooks (/workspaces/passcpa/node_modules/react-dom/cjs/react-dom.development.js:15486:18)
    at mountIndeterminateComponent (/workspaces/passcpa/node_modules/react-dom/cjs/react-dom.development.js:20103:13)
    at beginWork (/workspaces/passcpa/node_modules/react-dom/cjs/react-dom.development.js:21626:16)
    at HTMLUnknownElement.callCallback (/workspaces/passcpa/node_modules/react-dom/cjs/react-dom.development.js:4164:14)
    at HTMLUnknownElement.callTheUserObjectsOperation (/workspaces/passcpa/node_modules/jsdom/lib/jsdom/living/generated/EventListener.js:26:30)
    at innerInvokeEventListeners (/workspaces/passcpa/node_modules/jsdom/lib/jsdom/living/events/EventTarget-impl.js:360:16)
    at invokeEventListeners (/workspaces/passcpa/node_modules/jsdom/lib/jsdom/living/events/EventTarget-impl.js:296:3)
    at HTMLUnknownElementImpl._dispatch (/workspaces/passcpa/node_modules/jsdom/lib/jsdom/living/events/EventTarget-impl.js:243:9)
The above error occurred in the <Practice> component:

    at Practice (/workspaces/passcpa/src/components/pages/Practice.tsx:1328:42)
    at Router (/workspaces/passcpa/node_modules/react-router/dist/umd/react-router.development.js:1207:17)
    at BrowserRouter (/workspaces/passcpa/node_modules/react-router-dom/dist/umd/react-router-dom.development.js:695:7)

Consider adding an error boundary to your tree to customize error handling behavior.
Visit https://reactjs.org/link/error-boundaries to learn more about error boundaries.

stderr | src/test/components/pages/Practice.test.jsx > Practice Component > Session Setup > shows practice mode options
Error: useToast must be used within a ToastProvider
    at Module.useToast (/workspaces/passcpa/src/components/common/Toast.tsx:27:11)
    at Practice (/workspaces/passcpa/src/components/pages/Practice.tsx:718:17)
    at renderWithHooks (/workspaces/passcpa/node_modules/react-dom/cjs/react-dom.development.js:15486:18)
    at mountIndeterminateComponent (/workspaces/passcpa/node_modules/react-dom/cjs/react-dom.development.js:20103:13)
    at beginWork (/workspaces/passcpa/node_modules/react-dom/cjs/react-dom.development.js:21626:16)
    at HTMLUnknownElement.callCallback (/workspaces/passcpa/node_modules/react-dom/cjs/react-dom.development.js:4164:14)
    at HTMLUnknownElement.callTheUserObjectsOperation (/workspaces/passcpa/node_modules/jsdom/lib/jsdom/living/generated/EventListener.js:26:30)
    at innerInvokeEventListeners (/workspaces/passcpa/node_modules/jsdom/lib/jsdom/living/events/EventTarget-impl.js:360:16)
    at invokeEventListeners (/workspaces/passcpa/node_modules/jsdom/lib/jsdom/living/events/EventTarget-impl.js:296:3)
    at HTMLUnknownElementImpl._dispatch (/workspaces/passcpa/node_modules/jsdom/lib/jsdom/living/events/EventTarget-impl.js:243:9)
Error: useToast must be used within a ToastProvider
    at Module.useToast (/workspaces/passcpa/src/components/common/Toast.tsx:27:11)
    at Practice (/workspaces/passcpa/src/components/pages/Practice.tsx:718:17)
    at renderWithHooks (/workspaces/passcpa/node_modules/react-dom/cjs/react-dom.development.js:15486:18)
    at mountIndeterminateComponent (/workspaces/passcpa/node_modules/react-dom/cjs/react-dom.development.js:20103:13)
    at beginWork (/workspaces/passcpa/node_modules/react-dom/cjs/react-dom.development.js:21626:16)
    at HTMLUnknownElement.callCallback (/workspaces/passcpa/node_modules/react-dom/cjs/react-dom.development.js:4164:14)
    at HTMLUnknownElement.callTheUserObjectsOperation (/workspaces/passcpa/node_modules/jsdom/lib/jsdom/living/generated/EventListener.js:26:30)
    at innerInvokeEventListeners (/workspaces/passcpa/node_modules/jsdom/lib/jsdom/living/events/EventTarget-impl.js:360:16)
    at invokeEventListeners (/workspaces/passcpa/node_modules/jsdom/lib/jsdom/living/events/EventTarget-impl.js:296:3)
    at HTMLUnknownElementImpl._dispatch (/workspaces/passcpa/node_modules/jsdom/lib/jsdom/living/events/EventTarget-impl.js:243:9)
The above error occurred in the <Practice> component:

    at Practice (/workspaces/passcpa/src/components/pages/Practice.tsx:1328:42)
    at Router (/workspaces/passcpa/node_modules/react-router/dist/umd/react-router.development.js:1207:17)
    at BrowserRouter (/workspaces/passcpa/node_modules/react-router-dom/dist/umd/react-router-dom.development.js:695:7)

Consider adding an error boundary to your tree to customize error handling behavior.
Visit https://reactjs.org/link/error-boundaries to learn more about error boundaries.

stderr | src/test/components/pages/Practice.test.jsx > Practice Component > Session Setup > shows question count options
Error: useToast must be used within a ToastProvider
    at Module.useToast (/workspaces/passcpa/src/components/common/Toast.tsx:27:11)
    at Practice (/workspaces/passcpa/src/components/pages/Practice.tsx:718:17)
    at renderWithHooks (/workspaces/passcpa/node_modules/react-dom/cjs/react-dom.development.js:15486:18)
    at mountIndeterminateComponent (/workspaces/passcpa/node_modules/react-dom/cjs/react-dom.development.js:20103:13)
    at beginWork (/workspaces/passcpa/node_modules/react-dom/cjs/react-dom.development.js:21626:16)
    at HTMLUnknownElement.callCallback (/workspaces/passcpa/node_modules/react-dom/cjs/react-dom.development.js:4164:14)
    at HTMLUnknownElement.callTheUserObjectsOperation (/workspaces/passcpa/node_modules/jsdom/lib/jsdom/living/generated/EventListener.js:26:30)
    at innerInvokeEventListeners (/workspaces/passcpa/node_modules/jsdom/lib/jsdom/living/events/EventTarget-impl.js:360:16)
    at invokeEventListeners (/workspaces/passcpa/node_modules/jsdom/lib/jsdom/living/events/EventTarget-impl.js:296:3)
    at HTMLUnknownElementImpl._dispatch (/workspaces/passcpa/node_modules/jsdom/lib/jsdom/living/events/EventTarget-impl.js:243:9)
Error: useToast must be used within a ToastProvider
    at Module.useToast (/workspaces/passcpa/src/components/common/Toast.tsx:27:11)
    at Practice (/workspaces/passcpa/src/components/pages/Practice.tsx:718:17)
    at renderWithHooks (/workspaces/passcpa/node_modules/react-dom/cjs/react-dom.development.js:15486:18)
    at mountIndeterminateComponent (/workspaces/passcpa/node_modules/react-dom/cjs/react-dom.development.js:20103:13)
    at beginWork (/workspaces/passcpa/node_modules/react-dom/cjs/react-dom.development.js:21626:16)
    at HTMLUnknownElement.callCallback (/workspaces/passcpa/node_modules/react-dom/cjs/react-dom.development.js:4164:14)
    at HTMLUnknownElement.callTheUserObjectsOperation (/workspaces/passcpa/node_modules/jsdom/lib/jsdom/living/generated/EventListener.js:26:30)
    at innerInvokeEventListeners (/workspaces/passcpa/node_modules/jsdom/lib/jsdom/living/events/EventTarget-impl.js:360:16)
    at invokeEventListeners (/workspaces/passcpa/node_modules/jsdom/lib/jsdom/living/events/EventTarget-impl.js:296:3)
    at HTMLUnknownElementImpl._dispatch (/workspaces/passcpa/node_modules/jsdom/lib/jsdom/living/events/EventTarget-impl.js:243:9)
The above error occurred in the <Practice> component:

    at Practice (/workspaces/passcpa/src/components/pages/Practice.tsx:1328:42)
    at Router (/workspaces/passcpa/node_modules/react-router/dist/umd/react-router.development.js:1207:17)
    at BrowserRouter (/workspaces/passcpa/node_modules/react-router-dom/dist/umd/react-router-dom.development.js:695:7)

Consider adding an error boundary to your tree to customize error handling behavior.
Visit https://reactjs.org/link/error-boundaries to learn more about error boundaries.

stderr | src/test/components/pages/Practice.test.jsx > Practice Component > Session Setup > shows difficulty options in advanced panel
Error: useToast must be used within a ToastProvider
    at Module.useToast (/workspaces/passcpa/src/components/common/Toast.tsx:27:11)
    at Practice (/workspaces/passcpa/src/components/pages/Practice.tsx:718:17)
    at renderWithHooks (/workspaces/passcpa/node_modules/react-dom/cjs/react-dom.development.js:15486:18)
    at mountIndeterminateComponent (/workspaces/passcpa/node_modules/react-dom/cjs/react-dom.development.js:20103:13)
    at beginWork (/workspaces/passcpa/node_modules/react-dom/cjs/react-dom.development.js:21626:16)
    at HTMLUnknownElement.callCallback (/workspaces/passcpa/node_modules/react-dom/cjs/react-dom.development.js:4164:14)
    at HTMLUnknownElement.callTheUserObjectsOperation (/workspaces/passcpa/node_modules/jsdom/lib/jsdom/living/generated/EventListener.js:26:30)
    at innerInvokeEventListeners (/workspaces/passcpa/node_modules/jsdom/lib/jsdom/living/events/EventTarget-impl.js:360:16)
    at invokeEventListeners (/workspaces/passcpa/node_modules/jsdom/lib/jsdom/living/events/EventTarget-impl.js:296:3)
    at HTMLUnknownElementImpl._dispatch (/workspaces/passcpa/node_modules/jsdom/lib/jsdom/living/events/EventTarget-impl.js:243:9)
Error: useToast must be used within a ToastProvider
    at Module.useToast (/workspaces/passcpa/src/components/common/Toast.tsx:27:11)
    at Practice (/workspaces/passcpa/src/components/pages/Practice.tsx:718:17)
    at renderWithHooks (/workspaces/passcpa/node_modules/react-dom/cjs/react-dom.development.js:15486:18)
    at mountIndeterminateComponent (/workspaces/passcpa/node_modules/react-dom/cjs/react-dom.development.js:20103:13)
    at beginWork (/workspaces/passcpa/node_modules/react-dom/cjs/react-dom.development.js:21626:16)
    at HTMLUnknownElement.callCallback (/workspaces/passcpa/node_modules/react-dom/cjs/react-dom.development.js:4164:14)
    at HTMLUnknownElement.callTheUserObjectsOperation (/workspaces/passcpa/node_modules/jsdom/lib/jsdom/living/generated/EventListener.js:26:30)
    at innerInvokeEventListeners (/workspaces/passcpa/node_modules/jsdom/lib/jsdom/living/events/EventTarget-impl.js:360:16)
    at invokeEventListeners (/workspaces/passcpa/node_modules/jsdom/lib/jsdom/living/events/EventTarget-impl.js:296:3)
    at HTMLUnknownElementImpl._dispatch (/workspaces/passcpa/node_modules/jsdom/lib/jsdom/living/events/EventTarget-impl.js:243:9)
The above error occurred in the <Practice> component:

    at Practice (/workspaces/passcpa/src/components/pages/Practice.tsx:1328:42)
    at Router (/workspaces/passcpa/node_modules/react-router/dist/umd/react-router.development.js:1207:17)
    at BrowserRouter (/workspaces/passcpa/node_modules/react-router-dom/dist/umd/react-router-dom.development.js:695:7)

Consider adding an error boundary to your tree to customize error handling behavior.
Visit https://reactjs.org/link/error-boundaries to learn more about error boundaries.

stderr | src/test/components/pages/Practice.test.jsx > Practice Component > Session Setup > shows start practice button
Error: useToast must be used within a ToastProvider
    at Module.useToast (/workspaces/passcpa/src/components/common/Toast.tsx:27:11)
    at Practice (/workspaces/passcpa/src/components/pages/Practice.tsx:718:17)
    at renderWithHooks (/workspaces/passcpa/node_modules/react-dom/cjs/react-dom.development.js:15486:18)
    at mountIndeterminateComponent (/workspaces/passcpa/node_modules/react-dom/cjs/react-dom.development.js:20103:13)
    at beginWork (/workspaces/passcpa/node_modules/react-dom/cjs/react-dom.development.js:21626:16)
    at HTMLUnknownElement.callCallback (/workspaces/passcpa/node_modules/react-dom/cjs/react-dom.development.js:4164:14)
    at HTMLUnknownElement.callTheUserObjectsOperation (/workspaces/passcpa/node_modules/jsdom/lib/jsdom/living/generated/EventListener.js:26:30)
    at innerInvokeEventListeners (/workspaces/passcpa/node_modules/jsdom/lib/jsdom/living/events/EventTarget-impl.js:360:16)
    at invokeEventListeners (/workspaces/passcpa/node_modules/jsdom/lib/jsdom/living/events/EventTarget-impl.js:296:3)
    at HTMLUnknownElementImpl._dispatch (/workspaces/passcpa/node_modules/jsdom/lib/jsdom/living/events/EventTarget-impl.js:243:9)
Error: useToast must be used within a ToastProvider
    at Module.useToast (/workspaces/passcpa/src/components/common/Toast.tsx:27:11)
    at Practice (/workspaces/passcpa/src/components/pages/Practice.tsx:718:17)
    at renderWithHooks (/workspaces/passcpa/node_modules/react-dom/cjs/react-dom.development.js:15486:18)
    at mountIndeterminateComponent (/workspaces/passcpa/node_modules/react-dom/cjs/react-dom.development.js:20103:13)
    at beginWork (/workspaces/passcpa/node_modules/react-dom/cjs/react-dom.development.js:21626:16)
    at HTMLUnknownElement.callCallback (/workspaces/passcpa/node_modules/react-dom/cjs/react-dom.development.js:4164:14)
    at HTMLUnknownElement.callTheUserObjectsOperation (/workspaces/passcpa/node_modules/jsdom/lib/jsdom/living/generated/EventListener.js:26:30)
    at innerInvokeEventListeners (/workspaces/passcpa/node_modules/jsdom/lib/jsdom/living/events/EventTarget-impl.js:360:16)
    at invokeEventListeners (/workspaces/passcpa/node_modules/jsdom/lib/jsdom/living/events/EventTarget-impl.js:296:3)
    at HTMLUnknownElementImpl._dispatch (/workspaces/passcpa/node_modules/jsdom/lib/jsdom/living/events/EventTarget-impl.js:243:9)
The above error occurred in the <Practice> component:

    at Practice (/workspaces/passcpa/src/components/pages/Practice.tsx:1328:42)
    at Router (/workspaces/passcpa/node_modules/react-router/dist/umd/react-router.development.js:1207:17)
    at BrowserRouter (/workspaces/passcpa/node_modules/react-router-dom/dist/umd/react-router-dom.development.js:695:7)

Consider adding an error boundary to your tree to customize error handling behavior.
Visit https://reactjs.org/link/error-boundaries to learn more about error boundaries.

stderr | src/test/components/pages/Practice.test.jsx > Practice Component > Session Setup > allows selecting different practice modes
Error: useToast must be used within a ToastProvider
    at Module.useToast (/workspaces/passcpa/src/components/common/Toast.tsx:27:11)
    at Practice (/workspaces/passcpa/src/components/pages/Practice.tsx:718:17)
    at renderWithHooks (/workspaces/passcpa/node_modules/react-dom/cjs/react-dom.development.js:15486:18)
    at mountIndeterminateComponent (/workspaces/passcpa/node_modules/react-dom/cjs/react-dom.development.js:20103:13)
    at beginWork (/workspaces/passcpa/node_modules/react-dom/cjs/react-dom.development.js:21626:16)
    at HTMLUnknownElement.callCallback (/workspaces/passcpa/node_modules/react-dom/cjs/react-dom.development.js:4164:14)
    at HTMLUnknownElement.callTheUserObjectsOperation (/workspaces/passcpa/node_modules/jsdom/lib/jsdom/living/generated/EventListener.js:26:30)
    at innerInvokeEventListeners (/workspaces/passcpa/node_modules/jsdom/lib/jsdom/living/events/EventTarget-impl.js:360:16)
    at invokeEventListeners (/workspaces/passcpa/node_modules/jsdom/lib/jsdom/living/events/EventTarget-impl.js:296:3)
    at HTMLUnknownElementImpl._dispatch (/workspaces/passcpa/node_modules/jsdom/lib/jsdom/living/events/EventTarget-impl.js:243:9)
Error: useToast must be used within a ToastProvider
    at Module.useToast (/workspaces/passcpa/src/components/common/Toast.tsx:27:11)
    at Practice (/workspaces/passcpa/src/components/pages/Practice.tsx:718:17)
    at renderWithHooks (/workspaces/passcpa/node_modules/react-dom/cjs/react-dom.development.js:15486:18)
    at mountIndeterminateComponent (/workspaces/passcpa/node_modules/react-dom/cjs/react-dom.development.js:20103:13)
    at beginWork (/workspaces/passcpa/node_modules/react-dom/cjs/react-dom.development.js:21626:16)
    at HTMLUnknownElement.callCallback (/workspaces/passcpa/node_modules/react-dom/cjs/react-dom.development.js:4164:14)
    at HTMLUnknownElement.callTheUserObjectsOperation (/workspaces/passcpa/node_modules/jsdom/lib/jsdom/living/generated/EventListener.js:26:30)
    at innerInvokeEventListeners (/workspaces/passcpa/node_modules/jsdom/lib/jsdom/living/events/EventTarget-impl.js:360:16)
    at invokeEventListeners (/workspaces/passcpa/node_modules/jsdom/lib/jsdom/living/events/EventTarget-impl.js:296:3)
    at HTMLUnknownElementImpl._dispatch (/workspaces/passcpa/node_modules/jsdom/lib/jsdom/living/events/EventTarget-impl.js:243:9)
The above error occurred in the <Practice> component:

    at Practice (/workspaces/passcpa/src/components/pages/Practice.tsx:1328:42)
    at Router (/workspaces/passcpa/node_modules/react-router/dist/umd/react-router.development.js:1207:17)
    at BrowserRouter (/workspaces/passcpa/node_modules/react-router-dom/dist/umd/react-router-dom.development.js:695:7)

Consider adding an error boundary to your tree to customize error handling behavior.
Visit https://reactjs.org/link/error-boundaries to learn more about error boundaries.

stderr | src/test/components/pages/Practice.test.jsx > Practice Component > Session Setup > allows selecting different question counts
Error: useToast must be used within a ToastProvider
    at Module.useToast (/workspaces/passcpa/src/components/common/Toast.tsx:27:11)
    at Practice (/workspaces/passcpa/src/components/pages/Practice.tsx:718:17)
    at renderWithHooks (/workspaces/passcpa/node_modules/react-dom/cjs/react-dom.development.js:15486:18)
    at mountIndeterminateComponent (/workspaces/passcpa/node_modules/react-dom/cjs/react-dom.development.js:20103:13)
    at beginWork (/workspaces/passcpa/node_modules/react-dom/cjs/react-dom.development.js:21626:16)
    at HTMLUnknownElement.callCallback (/workspaces/passcpa/node_modules/react-dom/cjs/react-dom.development.js:4164:14)
    at HTMLUnknownElement.callTheUserObjectsOperation (/workspaces/passcpa/node_modules/jsdom/lib/jsdom/living/generated/EventListener.js:26:30)
    at innerInvokeEventListeners (/workspaces/passcpa/node_modules/jsdom/lib/jsdom/living/events/EventTarget-impl.js:360:16)
    at invokeEventListeners (/workspaces/passcpa/node_modules/jsdom/lib/jsdom/living/events/EventTarget-impl.js:296:3)
    at HTMLUnknownElementImpl._dispatch (/workspaces/passcpa/node_modules/jsdom/lib/jsdom/living/events/EventTarget-impl.js:243:9)
Error: useToast must be used within a ToastProvider
    at Module.useToast (/workspaces/passcpa/src/components/common/Toast.tsx:27:11)
    at Practice (/workspaces/passcpa/src/components/pages/Practice.tsx:718:17)
    at renderWithHooks (/workspaces/passcpa/node_modules/react-dom/cjs/react-dom.development.js:15486:18)
    at mountIndeterminateComponent (/workspaces/passcpa/node_modules/react-dom/cjs/react-dom.development.js:20103:13)
    at beginWork (/workspaces/passcpa/node_modules/react-dom/cjs/react-dom.development.js:21626:16)
    at HTMLUnknownElement.callCallback (/workspaces/passcpa/node_modules/react-dom/cjs/react-dom.development.js:4164:14)
    at HTMLUnknownElement.callTheUserObjectsOperation (/workspaces/passcpa/node_modules/jsdom/lib/jsdom/living/generated/EventListener.js:26:30)
    at innerInvokeEventListeners (/workspaces/passcpa/node_modules/jsdom/lib/jsdom/living/events/EventTarget-impl.js:360:16)
    at invokeEventListeners (/workspaces/passcpa/node_modules/jsdom/lib/jsdom/living/events/EventTarget-impl.js:296:3)
    at HTMLUnknownElementImpl._dispatch (/workspaces/passcpa/node_modules/jsdom/lib/jsdom/living/events/EventTarget-impl.js:243:9)
The above error occurred in the <Practice> component:

    at Practice (/workspaces/passcpa/src/components/pages/Practice.tsx:1328:42)
    at Router (/workspaces/passcpa/node_modules/react-router/dist/umd/react-router.development.js:1207:17)
    at BrowserRouter (/workspaces/passcpa/node_modules/react-router-dom/dist/umd/react-router-dom.development.js:695:7)

Consider adding an error boundary to your tree to customize error handling behavior.
Visit https://reactjs.org/link/error-boundaries to learn more about error boundaries.

stderr | src/test/components/pages/Practice.test.jsx > Practice Component > Session Setup > allows selecting difficulty levels
Error: useToast must be used within a ToastProvider
    at Module.useToast (/workspaces/passcpa/src/components/common/Toast.tsx:27:11)
    at Practice (/workspaces/passcpa/src/components/pages/Practice.tsx:718:17)
    at renderWithHooks (/workspaces/passcpa/node_modules/react-dom/cjs/react-dom.development.js:15486:18)
    at mountIndeterminateComponent (/workspaces/passcpa/node_modules/react-dom/cjs/react-dom.development.js:20103:13)
    at beginWork (/workspaces/passcpa/node_modules/react-dom/cjs/react-dom.development.js:21626:16)
    at HTMLUnknownElement.callCallback (/workspaces/passcpa/node_modules/react-dom/cjs/react-dom.development.js:4164:14)
    at HTMLUnknownElement.callTheUserObjectsOperation (/workspaces/passcpa/node_modules/jsdom/lib/jsdom/living/generated/EventListener.js:26:30)
    at innerInvokeEventListeners (/workspaces/passcpa/node_modules/jsdom/lib/jsdom/living/events/EventTarget-impl.js:360:16)
    at invokeEventListeners (/workspaces/passcpa/node_modules/jsdom/lib/jsdom/living/events/EventTarget-impl.js:296:3)
    at HTMLUnknownElementImpl._dispatch (/workspaces/passcpa/node_modules/jsdom/lib/jsdom/living/events/EventTarget-impl.js:243:9)
Error: useToast must be used within a ToastProvider
    at Module.useToast (/workspaces/passcpa/src/components/common/Toast.tsx:27:11)
    at Practice (/workspaces/passcpa/src/components/pages/Practice.tsx:718:17)
    at renderWithHooks (/workspaces/passcpa/node_modules/react-dom/cjs/react-dom.development.js:15486:18)
    at mountIndeterminateComponent (/workspaces/passcpa/node_modules/react-dom/cjs/react-dom.development.js:20103:13)
    at beginWork (/workspaces/passcpa/node_modules/react-dom/cjs/react-dom.development.js:21626:16)
    at HTMLUnknownElement.callCallback (/workspaces/passcpa/node_modules/react-dom/cjs/react-dom.development.js:4164:14)
    at HTMLUnknownElement.callTheUserObjectsOperation (/workspaces/passcpa/node_modules/jsdom/lib/jsdom/living/generated/EventListener.js:26:30)
    at innerInvokeEventListeners (/workspaces/passcpa/node_modules/jsdom/lib/jsdom/living/events/EventTarget-impl.js:360:16)
    at invokeEventListeners (/workspaces/passcpa/node_modules/jsdom/lib/jsdom/living/events/EventTarget-impl.js:296:3)
    at HTMLUnknownElementImpl._dispatch (/workspaces/passcpa/node_modules/jsdom/lib/jsdom/living/events/EventTarget-impl.js:243:9)
The above error occurred in the <Practice> component:

    at Practice (/workspaces/passcpa/src/components/pages/Practice.tsx:1328:42)
    at Router (/workspaces/passcpa/node_modules/react-router/dist/umd/react-router.development.js:1207:17)
    at BrowserRouter (/workspaces/passcpa/node_modules/react-router-dom/dist/umd/react-router-dom.development.js:695:7)

Consider adding an error boundary to your tree to customize error handling behavior.
Visit https://reactjs.org/link/error-boundaries to learn more about error boundaries.

stderr | src/test/components/pages/Practice.test.jsx > Practice Component > Session Setup > allows changing exam section
Error: useToast must be used within a ToastProvider
    at Module.useToast (/workspaces/passcpa/src/components/common/Toast.tsx:27:11)
    at Practice (/workspaces/passcpa/src/components/pages/Practice.tsx:718:17)
    at renderWithHooks (/workspaces/passcpa/node_modules/react-dom/cjs/react-dom.development.js:15486:18)
    at mountIndeterminateComponent (/workspaces/passcpa/node_modules/react-dom/cjs/react-dom.development.js:20103:13)
    at beginWork (/workspaces/passcpa/node_modules/react-dom/cjs/react-dom.development.js:21626:16)
    at HTMLUnknownElement.callCallback (/workspaces/passcpa/node_modules/react-dom/cjs/react-dom.development.js:4164:14)
    at HTMLUnknownElement.callTheUserObjectsOperation (/workspaces/passcpa/node_modules/jsdom/lib/jsdom/living/generated/EventListener.js:26:30)
    at innerInvokeEventListeners (/workspaces/passcpa/node_modules/jsdom/lib/jsdom/living/events/EventTarget-impl.js:360:16)
    at invokeEventListeners (/workspaces/passcpa/node_modules/jsdom/lib/jsdom/living/events/EventTarget-impl.js:296:3)
    at HTMLUnknownElementImpl._dispatch (/workspaces/passcpa/node_modules/jsdom/lib/jsdom/living/events/EventTarget-impl.js:243:9)
Error: useToast must be used within a ToastProvider
    at Module.useToast (/workspaces/passcpa/src/components/common/Toast.tsx:27:11)
    at Practice (/workspaces/passcpa/src/components/pages/Practice.tsx:718:17)
    at renderWithHooks (/workspaces/passcpa/node_modules/react-dom/cjs/react-dom.development.js:15486:18)
    at mountIndeterminateComponent (/workspaces/passcpa/node_modules/react-dom/cjs/react-dom.development.js:20103:13)
    at beginWork (/workspaces/passcpa/node_modules/react-dom/cjs/react-dom.development.js:21626:16)
    at HTMLUnknownElement.callCallback (/workspaces/passcpa/node_modules/react-dom/cjs/react-dom.development.js:4164:14)
    at HTMLUnknownElement.callTheUserObjectsOperation (/workspaces/passcpa/node_modules/jsdom/lib/jsdom/living/generated/EventListener.js:26:30)
    at innerInvokeEventListeners (/workspaces/passcpa/node_modules/jsdom/lib/jsdom/living/events/EventTarget-impl.js:360:16)
    at invokeEventListeners (/workspaces/passcpa/node_modules/jsdom/lib/jsdom/living/events/EventTarget-impl.js:296:3)
    at HTMLUnknownElementImpl._dispatch (/workspaces/passcpa/node_modules/jsdom/lib/jsdom/living/events/EventTarget-impl.js:243:9)
The above error occurred in the <Practice> component:

    at Practice (/workspaces/passcpa/src/components/pages/Practice.tsx:1328:42)
    at Router (/workspaces/passcpa/node_modules/react-router/dist/umd/react-router.development.js:1207:17)
    at BrowserRouter (/workspaces/passcpa/node_modules/react-router-dom/dist/umd/react-router-dom.development.js:695:7)

Consider adding an error boundary to your tree to customize error handling behavior.
Visit https://reactjs.org/link/error-boundaries to learn more about error boundaries.

stderr | src/test/components/pages/Practice.test.jsx > Practice Component > Start Practice > clicking start button triggers loading state
Error: useToast must be used within a ToastProvider
    at Module.useToast (/workspaces/passcpa/src/components/common/Toast.tsx:27:11)
    at Practice (/workspaces/passcpa/src/components/pages/Practice.tsx:718:17)
    at renderWithHooks (/workspaces/passcpa/node_modules/react-dom/cjs/react-dom.development.js:15486:18)
    at mountIndeterminateComponent (/workspaces/passcpa/node_modules/react-dom/cjs/react-dom.development.js:20103:13)
    at beginWork (/workspaces/passcpa/node_modules/react-dom/cjs/react-dom.development.js:21626:16)
    at HTMLUnknownElement.callCallback (/workspaces/passcpa/node_modules/react-dom/cjs/react-dom.development.js:4164:14)
    at HTMLUnknownElement.callTheUserObjectsOperation (/workspaces/passcpa/node_modules/jsdom/lib/jsdom/living/generated/EventListener.js:26:30)
    at innerInvokeEventListeners (/workspaces/passcpa/node_modules/jsdom/lib/jsdom/living/events/EventTarget-impl.js:360:16)
    at invokeEventListeners (/workspaces/passcpa/node_modules/jsdom/lib/jsdom/living/events/EventTarget-impl.js:296:3)
    at HTMLUnknownElementImpl._dispatch (/workspaces/passcpa/node_modules/jsdom/lib/jsdom/living/events/EventTarget-impl.js:243:9)
Error: useToast must be used within a ToastProvider
    at Module.useToast (/workspaces/passcpa/src/components/common/Toast.tsx:27:11)
    at Practice (/workspaces/passcpa/src/components/pages/Practice.tsx:718:17)
    at renderWithHooks (/workspaces/passcpa/node_modules/react-dom/cjs/react-dom.development.js:15486:18)
    at mountIndeterminateComponent (/workspaces/passcpa/node_modules/react-dom/cjs/react-dom.development.js:20103:13)
    at beginWork (/workspaces/passcpa/node_modules/react-dom/cjs/react-dom.development.js:21626:16)
    at HTMLUnknownElement.callCallback (/workspaces/passcpa/node_modules/react-dom/cjs/react-dom.development.js:4164:14)
    at HTMLUnknownElement.callTheUserObjectsOperation (/workspaces/passcpa/node_modules/jsdom/lib/jsdom/living/generated/EventListener.js:26:30)
    at innerInvokeEventListeners (/workspaces/passcpa/node_modules/jsdom/lib/jsdom/living/events/EventTarget-impl.js:360:16)
    at invokeEventListeners (/workspaces/passcpa/node_modules/jsdom/lib/jsdom/living/events/EventTarget-impl.js:296:3)
    at HTMLUnknownElementImpl._dispatch (/workspaces/passcpa/node_modules/jsdom/lib/jsdom/living/events/EventTarget-impl.js:243:9)
The above error occurred in the <Practice> component:

    at Practice (/workspaces/passcpa/src/components/pages/Practice.tsx:1328:42)
    at Router (/workspaces/passcpa/node_modules/react-router/dist/umd/react-router.development.js:1207:17)
    at BrowserRouter (/workspaces/passcpa/node_modules/react-router-dom/dist/umd/react-router-dom.development.js:695:7)

Consider adding an error boundary to your tree to customize error handling behavior.
Visit https://reactjs.org/link/error-boundaries to learn more about error boundaries.

 × src/test/components/pages/Practice.test.jsx > Practice Component > Session Setup > renders setup screen by default
   → useToast must be used within a ToastProvider
 × src/test/components/pages/Practice.test.jsx > Practice Component > Session Setup > displays exam section select
   → useToast must be used within a ToastProvider
 × src/test/components/pages/Practice.test.jsx > Practice Component > Session Setup > shows practice mode options
   → useToast must be used within a ToastProvider
 × src/test/components/pages/Practice.test.jsx > Practice Component > Session Setup > shows question count options
   → useToast must be used within a ToastProvider
 × src/test/components/pages/Practice.test.jsx > Practice Component > Session Setup > shows difficulty options in advanced panel
   → useToast must be used within a ToastProvider
 × src/test/components/pages/Practice.test.jsx > Practice Component > Session Setup > shows start practice button
   → useToast must be used within a ToastProvider
 × src/test/components/pages/Practice.test.jsx > Practice Component > Session Setup > allows selecting different practice modes
   → useToast must be used within a ToastProvider
 × src/test/components/pages/Practice.test.jsx > Practice Component > Session Setup > allows selecting different question counts
   → useToast must be used within a ToastProvider
 × src/test/components/pages/Practice.test.jsx > Practice Component > Session Setup > allows selecting difficulty levels
   → useToast must be used within a ToastProvider
 × src/test/components/pages/Practice.test.jsx > Practice Component > Session Setup > allows changing exam section
   → useToast must be used within a ToastProvider
 × src/test/components/pages/Practice.test.jsx > Practice Component > Start Practice > clicking start button triggers loading state
   → useToast must be used within a ToastProvider
stderr | src/test/components/auth/Register.test.jsx > Register Component > Rendering > should render the registration form
⚠️ React Router Future Flag Warning: React Router will begin wrapping state updates in `React.startTransition` in v7. You can use the `v7_startTransition` future flag to opt-in early. For more information, see https://reactrouter.com/v6/upgrading/future#v7_starttransition.
⚠️ React Router Future Flag Warning: Relative route resolution within Splat routes is changing in v7. You can use the `v7_relativeSplatPath` future flag to opt-in early. For more information, see https://reactrouter.com/v6/upgrading/future#v7_relativesplatpath.

stderr | src/test/components/pages/AITutor.test.jsx > AITutor Page > Rendering > renders AI tutor interface
⚠️ React Router Future Flag Warning: React Router will begin wrapping state updates in `React.startTransition` in v7. You can use the `v7_startTransition` future flag to opt-in early. For more information, see https://reactrouter.com/v6/upgrading/future#v7_starttransition.
⚠️ React Router Future Flag Warning: Relative route resolution within Splat routes is changing in v7. You can use the `v7_relativeSplatPath` future flag to opt-in early. For more information, see https://reactrouter.com/v6/upgrading/future#v7_relativesplatpath.

 ✓ src/test/components/pages/AITutor.test.jsx > AITutor Page > Rendering > renders AI tutor interface
 ✓ src/test/components/auth/Register.test.jsx > Register Component > Rendering > should render the registration form
 ✓ src/test/components/auth/Register.test.jsx > Register Component > Rendering > should render name fields
 ✓ src/test/components/auth/Register.test.jsx > Register Component > Rendering > should render email field
 ✓ src/test/components/auth/Register.test.jsx > Register Component > Rendering > should render password fields
 ✓ src/test/components/auth/Register.test.jsx > Register Component > Rendering > should render create account button
 ✓ src/test/components/auth/Register.test.jsx > Register Component > Rendering > should render Google sign up button
 ✓ src/test/components/auth/Register.test.jsx > Register Component > Password Requirements Display > should show password requirements when typing password
 ✓ src/test/components/auth/Register.test.jsx > Register Component > Form Submission > should call signUp with correct data on valid submit
 ✓ src/test/components/pages/AITutor.test.jsx > AITutor Page > Rendering > shows tutor mode options
 ✓ src/test/components/auth/Register.test.jsx > Register Component > Form Submission > should navigate to onboarding on successful registration
stderr | src/test/components/auth/Register.test.jsx > Register Component > Form Submission > should display error for email already in use
Registration error: { code: 'auth/email-already-in-use' }

 ✓ src/test/components/auth/Register.test.jsx > Register Component > Form Submission > should display error for email already in use
 ✓ src/test/components/auth/Register.test.jsx > Register Component > Google Sign Up > should call signInWithGoogle on Google button click
 ✓ src/test/components/auth/Register.test.jsx > Register Component > Google Sign Up > should navigate to dashboard on successful Google sign up
stderr | src/test/components/auth/Register.test.jsx > Register Component > Google Sign Up > should display error on failed Google sign up
Google sign-up error: Error: Google error
    at /workspaces/passcpa/src/test/components/auth/Register.test.jsx:160:50
    at file:///workspaces/passcpa/node_modules/@vitest/runner/dist/index.js:135:14
    at file:///workspaces/passcpa/node_modules/@vitest/runner/dist/index.js:60:26
    at runTest (file:///workspaces/passcpa/node_modules/@vitest/runner/dist/index.js:781:17)
    at runSuite (file:///workspaces/passcpa/node_modules/@vitest/runner/dist/index.js:909:15)
    at runSuite (file:///workspaces/passcpa/node_modules/@vitest/runner/dist/index.js:909:15)
    at runSuite (file:///workspaces/passcpa/node_modules/@vitest/runner/dist/index.js:909:15)
    at runFiles (file:///workspaces/passcpa/node_modules/@vitest/runner/dist/index.js:958:5)
    at startTests (file:///workspaces/passcpa/node_modules/@vitest/runner/dist/index.js:967:3)
    at file:///workspaces/passcpa/node_modules/vitest/dist/chunks/runtime-runBaseTests.oAvMKtQC.js:116:7

 ✓ src/test/components/auth/Register.test.jsx > Register Component > Google Sign Up > should display error on failed Google sign up
 ✓ src/test/components/pages/AITutor.test.jsx > AITutor Page > Rendering > displays message input area
 ✓ src/test/components/pages/AITutor.test.jsx > AITutor Page > Rendering > shows send button
 ✓ src/test/components/pages/AITutor.test.jsx > AITutor Page > Tutor Modes > displays explain mode
 ✓ src/test/components/pages/AITutor.test.jsx > AITutor Page > Tutor Modes > allows switching tutor modes
 ✓ src/test/components/pages/AITutor.test.jsx > AITutor Page > Smart Prompts > shows suggested prompts
 ✓ src/test/components/pages/AITutor.test.jsx > AITutor Page > Chat Interaction > allows typing a message
stderr | src/test/components/pages/AITutor.test.jsx > AITutor Page > Chat Interaction > handles message submission
Error saving conversation: TypeError: Cannot read properties of undefined (reading 'id')
    at /workspaces/passcpa/src/components/pages/AITutor.tsx:472:40

 ✓ src/test/components/pages/AITutor.test.jsx > AITutor Page > Chat Interaction > handles message submission
 ✓ src/test/components/pages/AITutor.test.jsx > AITutor Page > Chat Interaction > supports keyboard interaction in input
 ✓ src/test/components/pages/AITutor.test.jsx > AITutor Page > Chat History > displays chat messages area
 ✓ src/test/components/pages/AITutor.test.jsx > AITutor Page > Chat History > shows clear history option
 ✓ src/test/services/cisaExamSimulator.test.ts > cisaExamSimulator.ts > CISA_EXAM_CONFIG > should match ISACA CISA exam specifications
 ✓ src/test/services/cisaExamSimulator.test.ts > cisaExamSimulator.ts > CISA_EXAM_CONFIG > should have correct domain distribution (question counts)
 ✓ src/test/services/cisaExamSimulator.test.ts > cisaExamSimulator.ts > CISA_EXAM_CONFIG > should have domain question counts summing to 150
 ✓ src/test/services/cisaExamSimulator.test.ts > cisaExamSimulator.ts > startExam > should create a new exam session
 ✓ src/test/services/cisaExamSimulator.test.ts > cisaExamSimulator.ts > startExam > should save session to localStorage
 ✓ src/test/services/cisaExamSimulator.test.ts > cisaExamSimulator.ts > startExam > should initialize answers as empty
 ✓ src/test/services/cisaExamSimulator.test.ts > cisaExamSimulator.ts > submitExam > should calculate results after submission
 ✓ src/test/services/cisaExamSimulator.test.ts > cisaExamSimulator.ts > submitExam > should mark exam as complete
 ✓ src/test/services/cisaExamSimulator.test.ts > cisaExamSimulator.ts > pauseExam / resumeExam > should pause an active exam
 ✓ src/test/services/cisaExamSimulator.test.ts > cisaExamSimulator.ts > pauseExam / resumeExam > should resume a paused exam
 ✓ src/test/services/cisaExamSimulator.test.ts > cisaExamSimulator.ts > getExamStatistics > should return exam history statistics
 ✓ src/test/services/cisaExamSimulator.test.ts > cisaExamSimulator.ts > getDomainAnalytics > should return domain-level performance data
 ✓ src/test/services/cisaExamSimulator.test.ts > cisaExamSimulator.ts > abandonExam > should clear current exam session
 ✓ src/test/utils/courseDetection.test.ts > courseDetection > detectCourse > should return CourseDetectionResult object
 ✓ src/test/utils/courseDetection.test.ts > courseDetection > detectCourse > should return default course ID from default source
 ✓ src/test/utils/courseDetection.test.ts > courseDetection > detectCourse > should detect CPA course from cpa subdomain
 ✓ src/test/utils/courseDetection.test.ts > courseDetection > detectCourse > should detect CMA course from cma subdomain
 ✓ src/test/utils/courseDetection.test.ts > courseDetection > detectCourse > should detect course from path prefix
 ✓ src/test/utils/courseDetection.test.ts > courseDetection > detectCourse > should detect course from query parameter
 ✓ src/test/utils/courseDetection.test.ts > courseDetection > detectCourse > should prioritize subdomain over path
 ✓ src/test/utils/courseDetection.test.ts > courseDetection > detectCourse > should detect course from dedicated domain
 ✓ src/test/utils/courseDetection.test.ts > courseDetection > saveCoursePreference > should not throw when called
 ✓ src/test/utils/courseDetection.test.ts > courseDetection > getCoursePreference > should return CourseId or null
 ✓ src/test/utils/courseDetection.test.ts > courseDetection > clearCoursePreference > should not throw when called
stderr | src/test/components/common/GlobalSearch.test.jsx > GlobalSearch Component > Rendering > renders when open
⚠️ React Router Future Flag Warning: React Router will begin wrapping state updates in `React.startTransition` in v7. You can use the `v7_startTransition` future flag to opt-in early. For more information, see https://reactrouter.com/v6/upgrading/future#v7_starttransition.
⚠️ React Router Future Flag Warning: Relative route resolution within Splat routes is changing in v7. You can use the `v7_relativeSplatPath` future flag to opt-in early. For more information, see https://reactrouter.com/v6/upgrading/future#v7_relativesplatpath.

 ✓ src/test/components/common/GlobalSearch.test.jsx > GlobalSearch Component > Rendering > renders when open
 ✓ src/test/components/common/GlobalSearch.test.jsx > GlobalSearch Component > Rendering > shows search input with placeholder
 ✓ src/test/components/common/GlobalSearch.test.jsx > GlobalSearch Component > Rendering > displays close button
 ✓ src/test/components/common/GlobalSearch.test.jsx > GlobalSearch Component > Search Input > allows typing in search input
 ✓ src/test/components/common/GlobalSearch.test.jsx > GlobalSearch Component > Search Input > focuses input when opened
 ✓ src/test/components/common/GlobalSearch.test.jsx > GlobalSearch Component > Search Input > clears input when closed
 ✓ src/test/components/common/GlobalSearch.test.jsx > GlobalSearch Component > Search Results > shows results after typing
stdout | src/test/services/performance.quality.test.ts > Performance Monitoring Service - REAL Tests > initWebVitals > should import and initialize web-vitals observers
[Performance] Web Vitals monitoring initialized

stdout | src/test/services/performance.quality.test.ts > Performance Monitoring Service - REAL Tests > initWebVitals > should not throw when called multiple times
[Performance] Web Vitals monitoring initialized
[Performance] Web Vitals monitoring initialized

stdout | src/test/services/performance.quality.test.ts > Performance Monitoring Service - REAL Tests > Web Vitals Callback > should pass callback functions to web-vitals observers
[Performance] Web Vitals monitoring initialized

 ✓ src/test/services/performance.quality.test.ts > Performance Monitoring Service - REAL Tests > initWebVitals > should import and initialize web-vitals observers
 ✓ src/test/services/performance.quality.test.ts > Performance Monitoring Service - REAL Tests > initWebVitals > should not throw when called multiple times
 ✓ src/test/services/performance.quality.test.ts > Performance Monitoring Service - REAL Tests > trackDuration > should call performance.measure with correct arguments
 ✓ src/test/services/performance.quality.test.ts > Performance Monitoring Service - REAL Tests > trackDuration > should use default end mark name when not provided
 ✓ src/test/services/performance.quality.test.ts > Performance Monitoring Service - REAL Tests > trackDuration > should not throw if marks do not exist
 ✓ src/test/services/performance.quality.test.ts > Performance Monitoring Service - REAL Tests > trackDuration > should handle performance API errors gracefully
 ✓ src/test/services/performance.quality.test.ts > Performance Monitoring Service - REAL Tests > Default Export > should export both functions via default export
 ✓ src/test/services/performance.quality.test.ts > Performance Monitoring Service - REAL Tests > Web Vitals Callback > should pass callback functions to web-vitals observers
 ✓ src/test/services/performance.quality.test.ts > Performance API Integration > User Timing API > should support performance.mark
 ✓ src/test/services/performance.quality.test.ts > Performance API Integration > User Timing API > should support performance.measure
 ✓ src/test/services/performance.quality.test.ts > Performance API Integration > User Timing API > should support performance.getEntriesByName
 ✓ src/test/services/performance.quality.test.ts > Performance API Integration > Real Performance Measurement > should create actual performance marks
 ✓ src/test/services/notifications.test.js > Notification Service > notificationsSupported > should return true when Notification and serviceWorker are available
 ✓ src/test/services/notifications.test.js > Notification Service > notificationsSupported > should return false when Notification is not available
 ✓ src/test/services/notifications.test.js > Notification Service > notificationsSupported > should return false when serviceWorker is not available
 ✓ src/test/services/notifications.test.js > Notification Service > requestNotificationPermission > should return not-supported when notifications not available
 ✓ src/test/services/notifications.test.js > Notification Service > requestNotificationPermission > should request permission and return granted status
 ✓ src/test/services/notifications.test.js > Notification Service > requestNotificationPermission > should handle denied permission
 ✓ src/test/services/notifications.test.js > Notification Service > getNotificationPermission > should return not-supported when notifications unavailable
 ✓ src/test/services/notifications.test.js > Notification Service > getNotificationPermission > should return current permission status
 ✓ src/test/services/notifications.test.js > Notification Service > scheduleNotification > should return error when notifications not supported
 ✓ src/test/services/notifications.test.js > Notification Service > scheduleNotification > should return error when permission not granted
 ✓ src/test/services/notifications.test.js > Notification Service > getContextualReminder > should return a reminder message object
 ✓ src/test/services/notifications.test.js > Notification Service > getContextualReminder > should return different messages for different times
 ✓ src/test/services/notifications.test.js > Notification Service > getDailyReminderSettings > should return settings object
 ✓ src/test/services/notifications.test.js > Notification Service > getDailyReminderSettings > should return enabled true when stored as true
 ✓ src/test/services/notifications.test.js > Notification Service > getDailyReminderSettings > should return default time when not set
 ✓ src/test/services/feedback.test.js > feedback Service > initFeedback > should be callable
 ✓ src/test/services/feedback.test.js > feedback Service > setSoundEnabled > enables sound
 ✓ src/test/services/feedback.test.js > feedback Service > setSoundEnabled > disables sound
 ✓ src/test/services/feedback.test.js > feedback Service > setHapticEnabled > enables haptic
 ✓ src/test/services/feedback.test.js > feedback Service > setHapticEnabled > disables haptic
 ✓ src/test/services/feedback.test.js > feedback Service > isSoundEnabled > returns boolean
 ✓ src/test/services/feedback.test.js > feedback Service > isHapticEnabled > returns boolean
 ✓ src/test/services/feedback.test.js > feedback Service > playSound > plays correct sound
 ✓ src/test/services/feedback.test.js > feedback Service > playSound > plays incorrect sound
 ✓ src/test/services/feedback.test.js > feedback Service > playSound > plays complete sound
 ✓ src/test/services/feedback.test.js > feedback Service > playSound > plays streak sound
 ✓ src/test/services/feedback.test.js > feedback Service > playSound > plays click sound
 ✓ src/test/services/feedback.test.js > feedback Service > playSound > plays levelUp sound
 ✓ src/test/services/feedback.test.js > feedback Service > haptic > triggers success haptic
 ✓ src/test/services/feedback.test.js > feedback Service > haptic > triggers warning haptic
 ✓ src/test/services/feedback.test.js > feedback Service > haptic > triggers error haptic
 ✓ src/test/services/feedback.test.js > feedback Service > haptic > triggers light haptic
 ✓ src/test/services/feedback.test.js > feedback Service > haptic > triggers medium haptic
 ✓ src/test/services/feedback.test.js > feedback Service > haptic > triggers heavy haptic
 ✓ src/test/services/feedback.test.js > feedback Service > haptic > triggers selection haptic
 ✓ src/test/services/feedback.test.js > feedback Service > convenience methods > correct() is callable
 ✓ src/test/services/feedback.test.js > feedback Service > convenience methods > incorrect() is callable
 ✓ src/test/services/feedback.test.js > feedback Service > convenience methods > complete() is callable
 ✓ src/test/services/feedback.test.js > feedback Service > convenience methods > streak() is callable
 ✓ src/test/services/feedback.test.js > feedback Service > convenience methods > levelUp() is callable
 ✓ src/test/services/feedback.test.js > feedback Service > convenience methods > click() is callable
 ✓ src/test/services/feedback.test.js > feedback Service > convenience methods > tap() is callable
 ✓ src/test/services/feedback.test.js > feedback Service > default export > exports all functions
 ✓ src/test/components/common/GlobalSearch.test.jsx > GlobalSearch Component > Search Results > displays result categories 2273ms
 ✓ src/test/components/common/GlobalSearch.test.jsx > GlobalSearch Component > Keyboard Navigation > closes on Escape key
 ✓ src/test/components/common/GlobalSearch.test.jsx > GlobalSearch Component > Recent Searches > loads recent searches from localStorage
 ✓ src/test/components/common/GlobalSearch.test.jsx > GlobalSearch Component > Recent Searches > shows recent searches when input is empty
 ✓ src/test/components/common/GlobalSearch.test.jsx > GlobalSearch Component > Result Navigation > navigates when result is clicked
stdout | Object.log (/workspaces/passcpa/src/utils/logger.ts:8:24)
Blueprint Configuration loaded.
Current Blueprint: 2025
Days until 2026 Blueprint: 114

 ✓ src/test/config/blueprintConfig.test.js > blueprintConfig > BLUEPRINT_WINDOWS > has two blueprint windows defined
 ✓ src/test/config/blueprintConfig.test.js > blueprintConfig > BLUEPRINT_WINDOWS > has 2025 blueprint window first
 ✓ src/test/config/blueprintConfig.test.js > blueprintConfig > BLUEPRINT_WINDOWS > has 2026 blueprint window second
 ✓ src/test/config/blueprintConfig.test.js > blueprintConfig > BLUEPRINT_WINDOWS > has descriptions for all windows
 ✓ src/test/config/blueprintConfig.test.js > blueprintConfig > BLUEPRINT_CHANGES > has topic changes defined
 ✓ src/test/config/blueprintConfig.test.js > blueprintConfig > BLUEPRINT_CHANGES > all changes have required fields
 ✓ src/test/config/blueprintConfig.test.js > blueprintConfig > BLUEPRINT_CHANGES > has valid change types
 ✓ src/test/config/blueprintConfig.test.js > blueprintConfig > BLUEPRINT_CHANGES > includes REG section changes for tax law updates
 ✓ src/test/config/blueprintConfig.test.js > blueprintConfig > BLUEPRINT_CHANGES > includes SALT deduction change
 ✓ src/test/config/blueprintConfig.test.js > blueprintConfig > BLUEPRINT_CHANGES > includes QBI deduction change
 ✓ src/test/config/blueprintConfig.test.js > blueprintConfig > BLUEPRINT_CHANGES > includes bonus depreciation change
 ✓ src/test/config/blueprintConfig.test.js > blueprintConfig > getCurrentBlueprintVersion > returns 2025 for dates before July 1, 2026
 ✓ src/test/config/blueprintConfig.test.js > blueprintConfig > getCurrentBlueprintVersion > returns 2026 for dates on or after July 1, 2026
 ✓ src/test/config/blueprintConfig.test.js > blueprintConfig > getCurrentBlueprintVersion > returns 2026 for dates well after July 1, 2026
 ✓ src/test/config/blueprintConfig.test.js > blueprintConfig > getBlueprintForExamDate > returns 2025 for exam dates before July 1, 2026
 ✓ src/test/config/blueprintConfig.test.js > blueprintConfig > getBlueprintForExamDate > returns 2026 for exam dates on July 1, 2026
 ✓ src/test/config/blueprintConfig.test.js > blueprintConfig > getBlueprintForExamDate > returns 2026 for exam dates after July 1, 2026
 ✓ src/test/config/blueprintConfig.test.js > blueprintConfig > getBlueprintForExamDate > returns 2025 for early 2026 exam dates
 ✓ src/test/config/blueprintConfig.test.js > blueprintConfig > getDaysUntilBlueprintChange > returns positive days when before transition
 ✓ src/test/config/blueprintConfig.test.js > blueprintConfig > getDaysUntilBlueprintChange > returns negative/zero days when after transition
 ✓ src/test/config/blueprintConfig.test.js > blueprintConfig > getDaysUntilBlueprintChange > calculates correct days until July 1
 ✓ src/test/utils/studyPlanner.test.ts > studyPlanner > generateStudyPlan > should generate a study plan with correct structure
 ✓ src/test/utils/studyPlanner.test.ts > studyPlanner > generateStudyPlan > should calculate correct days until exam
 ✓ src/test/utils/studyPlanner.test.ts > studyPlanner > generateStudyPlan > should reserve last 14 days for review
 ✓ src/test/utils/studyPlanner.test.ts > studyPlanner > generateStudyPlan > should handle minimum 1 study day
 ✓ src/test/utils/studyPlanner.test.ts > studyPlanner > generateStudyPlan > should include 4 milestones
 ✓ src/test/utils/studyPlanner.test.ts > studyPlanner > generateStudyPlan > should have Start milestone
 ✓ src/test/utils/studyPlanner.test.ts > studyPlanner > generateStudyPlan > should have Halfway Point milestone
 ✓ src/test/utils/studyPlanner.test.ts > studyPlanner > generateStudyPlan > should have Review Starts milestone
 ✓ src/test/utils/studyPlanner.test.ts > studyPlanner > generateStudyPlan > should have Exam Day milestone
 ✓ src/test/utils/studyPlanner.test.ts > studyPlanner > generateStudyPlan > should return the original exam date
 ✓ src/test/utils/studyPlanner.test.ts > studyPlanner > generateStudyPlan > should use 40 total modules as estimate
 ✓ src/test/utils/studyPlanner.test.ts > studyPlanner > generateStudyPlan > should handle very long study period
 ✓ src/test/utils/studyPlanner.test.ts > studyPlanner > generateStudyPlan > should format milestone dates correctly
 ✓ src/test/utils/studyPlanner.test.ts > studyPlanner > generateStudyPlan > should work for all exam sections
 ✓ src/test/providers/ThemeProvider.test.jsx > ThemeProvider > Initial State > should default to light mode
 ✓ src/test/providers/ThemeProvider.test.jsx > ThemeProvider > Initial State > should read dark mode preference from localStorage
 × src/test/providers/ThemeProvider.test.jsx > ThemeProvider > Initial State > should respect system preference when no localStorage value
   → expected false to be true // Object.is equality
 ✓ src/test/providers/ThemeProvider.test.jsx > ThemeProvider > toggleDarkMode > should toggle from light to dark
 ✓ src/test/providers/ThemeProvider.test.jsx > ThemeProvider > toggleDarkMode > should toggle from dark to light
 ✓ src/test/providers/ThemeProvider.test.jsx > ThemeProvider > toggleDarkMode > should persist preference to localStorage
 ✓ src/test/providers/ThemeProvider.test.jsx > ThemeProvider > toggleDarkMode > should update document class
 ✓ src/test/providers/ThemeProvider.test.jsx > ThemeProvider > setTheme > should explicitly set dark mode
 ✓ src/test/providers/ThemeProvider.test.jsx > ThemeProvider > setTheme > should explicitly set light mode
 ✓ src/test/providers/ThemeProvider.test.jsx > ThemeProvider > useTheme outside provider > should throw error when used outside ThemeProvider
 ✓ src/test/components/Flashcards.test.jsx > Flashcards Component > Initial Render > should render the flashcards page
 ✓ src/test/components/Flashcards.test.jsx > Flashcards Component > Initial Render > should show loading state initially
 ✓ src/test/components/Flashcards.test.jsx > Flashcards Component > Study Stats Display > should display study statistics when available
 ✓ src/test/components/Flashcards.test.jsx > Flashcards Component > Rating Buttons > should have four rating options
 ✓ src/test/components/Flashcards.test.jsx > Flashcards Component > Rating Buttons > should have keyboard shortcuts for ratings
 ✓ src/test/components/Flashcards.test.jsx > Flashcards Component > Card Flipping > should support flipping between front and back
 ✓ src/test/components/Flashcards.test.jsx > Flashcards Component > Navigation > should support going to previous card
 ✓ src/test/components/Flashcards.test.jsx > Flashcards Component > Navigation > should support going to next card
 ✓ src/test/components/Flashcards.test.jsx > Flashcards Component > Session Stats Tracking > should track session statistics
 ✓ src/test/components/Flashcards.test.jsx > Flashcard Study Modes > should support review mode
 ✓ src/test/components/Flashcards.test.jsx > Flashcard Study Modes > should support new cards mode
 ✓ src/test/components/Flashcards.test.jsx > Flashcard Study Modes > should support all cards mode
 ✓ src/test/components/Flashcards.test.jsx > Spaced Repetition Integration > should use calculateNextReview for scheduling
 ✓ src/test/components/Flashcards.test.jsx > Spaced Repetition Integration > should call getStudyStats for overview
 ✓ src/test/services/cfpAdaptiveEngine.test.ts > cfpAdaptiveEngine (functional) > state management > initializes with default state
 ✓ src/test/services/cfpAdaptiveEngine.test.ts > cfpAdaptiveEngine (functional) > state management > saves and loads state
 ✓ src/test/services/cfpAdaptiveEngine.test.ts > cfpAdaptiveEngine (functional) > recordResult > returns new state (immutable)
 ✓ src/test/services/cfpAdaptiveEngine.test.ts > cfpAdaptiveEngine (functional) > recordResult > tracks domain performance
 ✓ src/test/services/cfpAdaptiveEngine.test.ts > cfpAdaptiveEngine (functional) > recordResult > adds to question history
 ✓ src/test/services/cfpAdaptiveEngine.test.ts > cfpAdaptiveEngine (functional) > recordResult > auto-saves to localStorage
 ✓ src/test/services/cfpAdaptiveEngine.test.ts > cfpAdaptiveEngine (functional) > getStudyRecommendation > returns CFP-specific recommendation
 ✓ src/test/services/cfpAdaptiveEngine.test.ts > cfpAdaptiveEngine (functional) > getRecommendedAction (normalized) > returns standardized action set
 ✓ src/test/services/cfpAdaptiveEngine.test.ts > cfpAdaptiveEngine (functional) > getRecommendedAction (normalized) > maps weak-areas to practice
 ✓ src/test/services/cfpAdaptiveEngine.test.ts > cfpAdaptiveEngine (functional) > getDueForReview > returns empty array initially
 ✓ src/test/services/cfpAdaptiveEngine.test.ts > cfpAdaptiveEngine (functional) > getWeakDomains > returns array
 ✓ src/test/services/cfpAdaptiveEngine.test.ts > cfpAdaptiveEngine (functional) > getPerformanceSummary > returns summary with expected fields
 ✓ src/test/services/cfpAdaptiveEngine.test.ts > cfpAdaptiveEngine (functional) > getPerformanceSummary > reflects recorded answers
 ✓ src/test/services/cfpAdaptiveEngine.test.ts > cfpAdaptiveEngine (functional) > session management > startSession returns new state with session start
 ✓ src/test/services/cfpAdaptiveEngine.test.ts > cfpAdaptiveEngine (functional) > session management > endSession returns summary
 ✓ src/test/services/cmaAdaptiveEngine.test.ts > cmaAdaptiveEngine > state management > initializes with user ID
 ✓ src/test/services/cmaAdaptiveEngine.test.ts > cmaAdaptiveEngine > state management > resets state for a user
 ✓ src/test/services/cmaAdaptiveEngine.test.ts > cmaAdaptiveEngine > recordAnswer > increments question count
 ✓ src/test/services/cmaAdaptiveEngine.test.ts > cmaAdaptiveEngine > recordAnswer > tracks part performance
 ✓ src/test/services/cmaAdaptiveEngine.test.ts > cmaAdaptiveEngine > recordAnswer > tracks domain sub-performance
 ✓ src/test/services/cmaAdaptiveEngine.test.ts > cmaAdaptiveEngine > recordAnswer > saves to localStorage
 ✓ src/test/services/cmaAdaptiveEngine.test.ts > cmaAdaptiveEngine > getDueForReview > returns empty initially
 ✓ src/test/services/cmaAdaptiveEngine.test.ts > cmaAdaptiveEngine > getWeakParts / getWeakDomains > returns weak parts as array
 ✓ src/test/services/cmaAdaptiveEngine.test.ts > cmaAdaptiveEngine > getWeakParts / getWeakDomains > returns weak domains as array
 ✓ src/test/services/cmaAdaptiveEngine.test.ts > cmaAdaptiveEngine > getWeakParts / getWeakDomains > identifies weak parts after wrong answers
 ✓ src/test/services/cmaAdaptiveEngine.test.ts > cmaAdaptiveEngine > getWeakParts / getWeakDomains > identifies weak domains after wrong answers
 ✓ src/test/services/cmaAdaptiveEngine.test.ts > cmaAdaptiveEngine > getRecommendedAction > returns valid recommendation
 ✓ src/test/services/cmaAdaptiveEngine.test.ts > cmaAdaptiveEngine > getRecommendedAction > recommends practice for new users
 ✓ src/test/services/cmaAdaptiveEngine.test.ts > cmaAdaptiveEngine > getPerformanceSummary > returns complete summary
 ✓ src/test/services/cmaAdaptiveEngine.test.ts > cmaAdaptiveEngine > getDomainPerformance > returns domain data for a part
 ✓ src/test/services/cmaAdaptiveEngine.test.ts > cmaAdaptiveEngine > getDomainPerformance > updates after recording answers
 ✓ src/test/services/cmaAdaptiveEngine.test.ts > cmaAdaptiveEngine > session management > tracks session questions answered
stderr | src/test/services/wcService.test.ts > wcService > fetchAllWCTasks > should return an array of WC tasks
fetchAllWCTasks called - WC was retired with BEC on December 15, 2023

stderr | src/test/services/wcService.test.ts > wcService > fetchAllWCTasks > should return tasks with required fields
fetchAllWCTasks called - WC was retired with BEC on December 15, 2023

stderr | src/test/services/wcService.test.ts > wcService > fetchAllWCTasks > should cache results for subsequent calls
fetchAllWCTasks called - WC was retired with BEC on December 15, 2023
fetchAllWCTasks called - WC was retired with BEC on December 15, 2023

stderr | src/test/services/wcService.test.ts > wcService > fetchWCTasksBySection > should return tasks filtered by section
fetchWCTasksBySection called - WC was retired with BEC on December 15, 2023

stderr | src/test/services/wcService.test.ts > wcService > fetchWCTasksBySection > should return empty array for section with no tasks
fetchWCTasksBySection called - WC was retired with BEC on December 15, 2023

stderr | src/test/services/wcService.test.ts > wcService > fetchWCTaskById > should return a task when ID exists
fetchAllWCTasks called - WC was retired with BEC on December 15, 2023

stderr | src/test/services/wcService.test.ts > wcService > fetchWCTaskById > should return null for non-existent ID
fetchWCTaskById called - WC was retired with BEC on December 15, 2023

stderr | src/test/services/wcService.test.ts > wcService > getRandomWCTask > should return a random task
getRandomWCTask called - WC was retired with BEC on December 15, 2023

stderr | src/test/services/wcService.test.ts > wcService > getRandomWCTask > should return task from specified section when provided
getRandomWCTask called - WC was retired with BEC on December 15, 2023

stderr | src/test/services/wcService.test.ts > wcService > searchWCTasks > should return tasks matching search term
searchWCTasks called - WC was retired with BEC on December 15, 2023

stderr | src/test/services/wcService.test.ts > wcService > searchWCTasks > should be case insensitive
searchWCTasks called - WC was retired with BEC on December 15, 2023
searchWCTasks called - WC was retired with BEC on December 15, 2023

stderr | src/test/services/wcService.test.ts > wcService > searchWCTasks > should return empty array for no matches
searchWCTasks called - WC was retired with BEC on December 15, 2023

stderr | src/test/services/wcService.test.ts > wcService > clearWCCache > should clear the cache
fetchAllWCTasks called - WC was retired with BEC on December 15, 2023
fetchAllWCTasks called - WC was retired with BEC on December 15, 2023

stderr | src/test/services/wcService.test.ts > wcService > getWCStats > should return stats by section
getWCStats called - WC was retired with BEC on December 15, 2023

stderr | src/test/services/wcService.test.ts > wcService > getWCTotalCount > should match length of fetchAllWCTasks
fetchAllWCTasks called - WC was retired with BEC on December 15, 2023

 ✓ src/test/services/wcService.test.ts > wcService > WC_RUBRIC > should have all required rubric categories
 ✓ src/test/services/wcService.test.ts > wcService > WC_RUBRIC > should have valid weights that sum to 1
 ✓ src/test/services/wcService.test.ts > wcService > fetchAllWCTasks > should return an array of WC tasks
 ✓ src/test/services/wcService.test.ts > wcService > fetchAllWCTasks > should return tasks with required fields
 ✓ src/test/services/wcService.test.ts > wcService > fetchAllWCTasks > should cache results for subsequent calls
 ✓ src/test/services/wcService.test.ts > wcService > fetchWCTasksBySection > should return tasks filtered by section
 ✓ src/test/services/wcService.test.ts > wcService > fetchWCTasksBySection > should return empty array for section with no tasks
 ✓ src/test/services/wcService.test.ts > wcService > fetchWCTaskById > should return a task when ID exists
 ✓ src/test/services/wcService.test.ts > wcService > fetchWCTaskById > should return null for non-existent ID
 ✓ src/test/services/wcService.test.ts > wcService > getRandomWCTask > should return a random task
 ✓ src/test/services/wcService.test.ts > wcService > getRandomWCTask > should return task from specified section when provided
 ✓ src/test/services/wcService.test.ts > wcService > searchWCTasks > should return tasks matching search term
 ✓ src/test/services/wcService.test.ts > wcService > searchWCTasks > should be case insensitive
 ✓ src/test/services/wcService.test.ts > wcService > searchWCTasks > should return empty array for no matches
 ✓ src/test/services/wcService.test.ts > wcService > clearWCCache > should clear the cache
 ✓ src/test/services/wcService.test.ts > wcService > getWCStats > should return stats by section
 ✓ src/test/services/wcService.test.ts > wcService > getWCTotalCount > should return total count of WC tasks
 ✓ src/test/services/wcService.test.ts > wcService > getWCTotalCount > should match length of fetchAllWCTasks
stderr | src/test/components/common/InstallPrompt.test.jsx > InstallPrompt Component > Install Prompt Display > shows prompt when beforeinstallprompt fires
Warning: An update to InstallPrompt inside a test was not wrapped in act(...).

When testing, code that causes React state updates should be wrapped into act(...):

act(() => {
  /* fire events that update state */
});
/* assert on the output */

This ensures that you're testing the behavior the user would see in the browser. Learn more at https://reactjs.org/link/wrap-tests-with-act
    at InstallPrompt (/workspaces/passcpa/src/components/common/InstallPrompt.tsx:10:69)
Warning: An update to InstallPrompt inside a test was not wrapped in act(...).

When testing, code that causes React state updates should be wrapped into act(...):

act(() => {
  /* fire events that update state */
});
/* assert on the output */

This ensures that you're testing the behavior the user would see in the browser. Learn more at https://reactjs.org/link/wrap-tests-with-act
    at InstallPrompt (/workspaces/passcpa/src/components/common/InstallPrompt.tsx:10:69)

 ✓ src/test/components/common/InstallPrompt.test.jsx > InstallPrompt Component > Initial State > does not show prompt by default
 ✓ src/test/components/common/InstallPrompt.test.jsx > InstallPrompt Component > Initial State > does not show when already in standalone mode
 ✓ src/test/components/common/InstallPrompt.test.jsx > InstallPrompt Component > Initial State > does not show when recently dismissed
 ✓ src/test/components/common/InstallPrompt.test.jsx > InstallPrompt Component > Initial State > shows after 7 days since dismissal
 ✓ src/test/components/common/InstallPrompt.test.jsx > InstallPrompt Component > Event Handling > listens for beforeinstallprompt event
 ✓ src/test/components/common/InstallPrompt.test.jsx > InstallPrompt Component > Event Handling > removes event listener on unmount
stderr | src/test/components/common/InstallPrompt.test.jsx > InstallPrompt Component > User Actions > handles dismiss action
Warning: An update to InstallPrompt inside a test was not wrapped in act(...).

When testing, code that causes React state updates should be wrapped into act(...):

act(() => {
  /* fire events that update state */
});
/* assert on the output */

This ensures that you're testing the behavior the user would see in the browser. Learn more at https://reactjs.org/link/wrap-tests-with-act
    at InstallPrompt (/workspaces/passcpa/src/components/common/InstallPrompt.tsx:10:69)
Warning: An update to InstallPrompt inside a test was not wrapped in act(...).

When testing, code that causes React state updates should be wrapped into act(...):

act(() => {
  /* fire events that update state */
});
/* assert on the output */

This ensures that you're testing the behavior the user would see in the browser. Learn more at https://reactjs.org/link/wrap-tests-with-act
    at InstallPrompt (/workspaces/passcpa/src/components/common/InstallPrompt.tsx:10:69)

stderr | src/test/components/common/InstallPrompt.test.jsx > InstallPrompt Component > Installation Flow > calls prompt on install button click
Warning: An update to InstallPrompt inside a test was not wrapped in act(...).

When testing, code that causes React state updates should be wrapped into act(...):

act(() => {
  /* fire events that update state */
});
/* assert on the output */

This ensures that you're testing the behavior the user would see in the browser. Learn more at https://reactjs.org/link/wrap-tests-with-act
    at InstallPrompt (/workspaces/passcpa/src/components/common/InstallPrompt.tsx:10:69)
Warning: An update to InstallPrompt inside a test was not wrapped in act(...).

When testing, code that causes React state updates should be wrapped into act(...):

act(() => {
  /* fire events that update state */
});
/* assert on the output */

This ensures that you're testing the behavior the user would see in the browser. Learn more at https://reactjs.org/link/wrap-tests-with-act
    at InstallPrompt (/workspaces/passcpa/src/components/common/InstallPrompt.tsx:10:69)

 ✓ src/test/components/common/InstallPrompt.test.jsx > InstallPrompt Component > Install Prompt Display > shows prompt when beforeinstallprompt fires
 ✓ src/test/components/common/InstallPrompt.test.jsx > InstallPrompt Component > User Actions > handles dismiss action
 ✓ src/test/components/common/InstallPrompt.test.jsx > InstallPrompt Component > Installation Flow > calls prompt on install button click
stderr | src/test/components/pages/Lessons.test.jsx > Lessons Component > Rendering > renders the lessons page
⚠️ React Router Future Flag Warning: React Router will begin wrapping state updates in `React.startTransition` in v7. You can use the `v7_startTransition` future flag to opt-in early. For more information, see https://reactrouter.com/v6/upgrading/future#v7_starttransition.
⚠️ React Router Future Flag Warning: Relative route resolution within Splat routes is changing in v7. You can use the `v7_relativeSplatPath` future flag to opt-in early. For more information, see https://reactrouter.com/v6/upgrading/future#v7_relativesplatpath.

 ✓ src/test/components/pages/Lessons.test.jsx > Lessons Component > Rendering > renders the lessons page
 ✓ src/test/components/pages/Lessons.test.jsx > Lessons Component > Rendering > shows search functionality
 ✓ src/test/utils/scroll.quality.test.ts > Scroll Utilities - Quality Tests > scrollToTop > calls window.scrollTo with instant behavior
 ✓ src/test/utils/scroll.quality.test.ts > Scroll Utilities - Quality Tests > scrollToTop > sets documentElement scrollTop to 0
 ✓ src/test/utils/scroll.quality.test.ts > Scroll Utilities - Quality Tests > scrollToTop > sets body scrollTop to 0
 ✓ src/test/utils/scroll.quality.test.ts > Scroll Utilities - Quality Tests > scrollToTop > handles missing main-content element
 ✓ src/test/utils/scroll.quality.test.ts > Scroll Utilities - Quality Tests > scrollToTop > scrolls main-content element if present
 ✓ src/test/utils/scroll.quality.test.ts > Scroll Utilities - Quality Tests > scrollToTop > multiple calls are idempotent
 ✓ src/test/utils/scroll.quality.test.ts > Scroll Utilities - Quality Tests > scrollToTopSmooth > calls window.scrollTo with smooth behavior
 ✓ src/test/utils/scroll.quality.test.ts > Scroll Utilities - Quality Tests > scrollToTopSmooth > does not throw when called
 ✓ src/test/utils/scroll.quality.test.ts > Scroll Utilities - Quality Tests > scrollToTopSmooth > multiple smooth scrolls are safe
 ✓ src/test/utils/scroll.quality.test.ts > Scroll Utilities - Quality Tests > scrollToElement > scrolls to element with smooth behavior by default
 ✓ src/test/utils/scroll.quality.test.ts > Scroll Utilities - Quality Tests > scrollToElement > respects instant behavior option
 ✓ src/test/utils/scroll.quality.test.ts > Scroll Utilities - Quality Tests > scrollToElement > handles non-existent element gracefully
 ✓ src/test/utils/scroll.quality.test.ts > Scroll Utilities - Quality Tests > scrollToElement > handles empty string element ID
 ✓ src/test/utils/scroll.quality.test.ts > Scroll Utilities - Quality Tests > scrollToElement > handles element ID with special characters
 ✓ src/test/utils/scroll.quality.test.ts > Scroll Utilities - Quality Tests > scrollToElement > handles unicode element ID
 ✓ src/test/utils/scroll.quality.test.ts > Scroll Utilities - Quality Tests > Edge Cases > handles rapid succession of scroll calls
 ✓ src/test/utils/scroll.quality.test.ts > Scroll Utilities - Quality Tests > Edge Cases > handles scroll when already at top
 × src/test/components/pages/Lessons.test.jsx > Lessons Component > Rendering > displays lessons from the data 1014ms
   → Unable to find an element with the text: Test Lesson 1. This could be because the text is broken up by multiple elements. In this case, you can provide a function for your text matcher to make your matcher more flexible.

Ignored nodes: comments, script, style
[36m<body>[39m
  [36m<div>[39m
    [36m<div[39m
      [33mclass[39m=[32m"px-2 py-1 sm:p-6 lg:p-8 max-w-4xl mx-auto"[39m
    [36m>[39m
      [36m<div[39m
        [33mclass[39m=[32m"mb-6"[39m
      [36m>[39m
        [36m<div[39m
          [33mclass[39m=[32m"flex items-center gap-3 mb-4"[39m
        [36m>[39m
          [36m<div[39m
            [33mclass[39m=[32m"w-12 h-12 rounded-xl flex items-center justify-center text-white font-bold"[39m
            [33mstyle[39m=[32m"background-color: rgb(220, 38, 38);"[39m
          [36m>[39m
            [0mREG[0m
          [36m</div>[39m
          [36m<div>[39m
            [36m<h1[39m
              [33mclass[39m=[32m"text-2xl font-bold text-slate-900 dark:text-slate-100"[39m
            [36m>[39m
              [0mLessons[0m
            [36m</h1>[39m
            [36m<p[39m
              [33mclass[39m=[32m"text-slate-600 dark:text-slate-300"[39m
            [36m>[39m
              [0mRegulation[0m
            [36m</p>[39m
          [36m</div>[39m
        [36m</div>[39m
        [36m<div[39m
          [33mclass[39m=[32m"mb-6"[39m
        [36m>[39m
          [36m<div[39m
            [33mclass[39m=[32m"flex justify-between text-sm text-slate-600 dark:text-slate-300 mb-2"[39m
          [36m>[39m
            [36m<span>[39m
              [0m0[0m
              [0m of [0m
              [0m3[0m
              [0m lessons completed[0m
            [36m</span>[39m
            [36m<span>[39m
              [0m2[0m
              [0mh total study time[0m
            [36m</span>[39m
          [36m</div>[39m
          [36m<div[39m
            [33mclass[39m=[32m"h-3 bg-slate-200 dark:bg-slate-700 rounded-full overflow-hidden"[39m
          [36m>[39m
            [36m<div[39m
              [33mclass[39m=[32m"h-full bg-gradient-to-r from-primary-500 to-success-500 rounded-full transition-all duration-500"[39m
              [33mstyle[39m=[32m"width: 0%;"[39m
            [36m/>[39m
          [36m</div>[39m
        [36m</div>[39m
        [36m<div[39m
          [33mclass[39m=[32m"flex flex-col sm:flex-row gap-3"[39m
        [36m>[39m
          [36m<div[39m
            [33mclass[39m=[32m"relative flex-1"[39m
          [36m>[39m
            [36m<svg[39m
              [33mclass[39m=[32m"lucide lucide-search absolute left-3 top-1/2 -translate-y-1/2 w-5 h-5 text-slate-600"[39m
              [33mfill[39m=[32m"none"[39m
              [33mheight[39m=[32m"24"[39m
              [33mstroke[39m=[32m"currentColor"[39m
              [33mstroke-linecap[39m=[32m"round"[39m
              [33mstroke-linejoin[39m=[32m"round"[39m
              [33mstroke-width[39m=[32m"2"[39m
              [33mviewBox[39m=[32m"0 0 24 24"[39m
              [33mwidth[39m=[32m"24"[39m
              [33mxmlns[39m=[32m"http://www.w3.org/2000/svg"[39m
            [36m>[39m
              [36m<circle[39m
                [33mcx[39m=[32m"11"[39m
                [33mcy[39m=[32m"11"[39m
                [33mr[39m=[32m"8"[39m
              [36m/>[39m
              [36m<path[39m
                [33md[39m=[32m"m21 21-4.3-4.3"[39m
              [36m/>[39m
            [36m</svg>[39m
            [36m<input[39m
              [33mclass[39m=[32m"w-full pl-10 pr-4 py-2 border border-slate-300 dark:border-slate-600 rounded-xl focus:ring-2 focus:ring-primary-500 focus:border-primary-500 bg-white dark:bg-slate-800 text-slate-900 dark:text-slate-100"[39m
              [33mplaceholder[39m=[32m"Search lessons..."[39m
              [33mtype[39m=[32m"text"[39m
              [33mvalue[39m=[32m""[39m
            [36m/>[39m
          [36m</div>[39m
          [36m<button[39m
            [33mclass[39m=[32m"flex items-center gap-2 px-4 py-2 rounded-xl text-sm font-medium transition-colors border bg-white text-slate-600 border-slate-300 hover:bg-slate-50 dark:bg-slate-800 dark:text-slate-300 dark:border-slate-600 dark:hover:bg-slate-700"[39m
          [36m>[39m
            [36m<svg[39m
              [33mclass[39m=[32m"lucide lucide-bookmark w-4 h-4"[39m
              [33mfill[39m=[32m"none"[39m
              [33mheight[39m=[32m"24"[39m
              [33mstroke[39m=[32m"currentColor"[39m
              [33mstroke-linecap[39m=[32m"round"[39m
              [33mstroke-linejoin[39m=[32m"round"[39m
              [33mstroke-width[39m=[32m"2"[39m
              [33mviewBox[39m=[32m"0 0 24 24"[39m
              [33mwidth[39m=[32m"24"[39m
              [33mxmlns[39m=[32m"http://www.w3.org/2000/svg"[39m
            [36m>[39m
              [36m<path[39m
                [33md[39m=[32m"m19 21-7-4-7 4V5a2 2 0 0 1 2-2h10a2 2 0 0 1 2 2v16z"[39m
              [36m/>[39m
            [36m</svg>[39m
            [36m<span[39m
              [33mclass[39m=[32m"hidden sm:inline"[39m
            [36m>[39m
              [0mSaved[0m
            [36m</span>[39m
          [36m</button>[39m
          [36m<select[39m
            [33mclass[39m=[32m"px-4 py-2 border border-slate-300 dark:border-slate-600 rounded-xl focus:ring-2 focus:ring-primary-500 focus:border-primary-500 bg-white dark:bg-slate-800 text-slate-900 dark:text-slate-100"[39m
          [36m>[39m
            [36m<option[39m
              [33mvalue[39m=[32m""[39m
            [36m>[39m
              [0mAll Areas[0m
            [36m</option>[39m
            [36m<option[39m
              [33mvalue[39m=[32m"area-1"[39m
            [36m>[39m
              [0mCore[0m
            [36m</option>[39m
            [36m<option[39m
              [33mvalue[39m=[32m"area-2"[39m
            [36m>[39m
              [0mAdvanced[0m
            [36m</option>[39m
          [36m</select>[39m
        [36m</div>[39m
      [36m</div>[39m
      [36m<div[39m
        [33mclass[39m=[32m"space-y-6"[39m
      [36m>[39m
        [36m<div[39m
          [33mclass[39m=[32m"card overflow-hidden"[39m
        [36m>[39m
          [36m<div[39m
            [33mclass[39m=[32m"card-header cursor-pointer hover:bg-slate-50 dark:hover:bg-slate-800/50 transition-colors"[39m
          [36m>[39m
            [36m<div[39m
              [33mclass[39m=[32m"flex items-start justify-between gap-4"[39m
            [36m>[39m
              [36m<div[39m
                [33mclass[39m=[32m"flex-1"[39m
              [36m>[39m
                [36m<div[39m
                  [33mclass[39m=[32m"flex items-center gap-2"[39m
                [36m>[39m
                  [36m<span[39m
                    [33mclass[39m=[32m"inline-flex items-center justify-center w-8 h-8 rounded-lg text-sm font-bold transition-colors"[39m
                    [33mstyle[39m=[32m"background-color: rgba(220, 38, 38, 0.125); color: rgb(220, 38, 38);"[39m
                  [36m>[39m
                    [0mF1[0m
                  [36m</span>[39m
                  [36m<div>[39m
                    [36m<div[39m
                      [33mclass[39m=[32m"flex items-center gap-2"[39m
                    [36m>[39m
                      [36m<h2[39m
                        [33mclass[39m=[32m"font-semibold text-slate-900 dark:text-slate-100"[39m
                      [36m>[39m
                        [0mCore Concepts[0m
                      [36m</h2>[39m
                      [36m<svg[39m
                        [33mclass[39m=[32m"lucide lucide-chevron-right w-4 h-4 text-slate-400"[39m
                        [33mfill[39m=[32m"none"[39m
                        [33mheight[39m=[32m"24"[39m
                        [33mstroke[39m=[32m"currentColor"[39m
                        [33mstroke-linecap[39m=[32m"round"[39m
                        [33mstroke-linejoin[39m=[32m"round"[39m
                        [33mstroke-width[39m=[32m"2"[39m
                        [33mviewBox[39m=[32m"0 0 24 24"[39m
                        [33mwidth[39m=[32m"24"[39m
                        [33mxmlns[39m=[32m"http://www.w3.org/2000/svg"[39m
                      [36m>[39m
                        [36m<path[39m
                          [33md[39m=[32m"m9 18 6-6-6-6"[39m
                        [36m/>[39m
                      [36m</svg>[39m
                    [36m</div>[39m
                    [36m<div[39m
                      [33mclass[39m=[32m"flex items-center gap-3 text-xs text-slate-600 dark:text-slate-300 mt-0.5"[39m
                    [36m>[39m
                      [36m<span>[39m
                        [0m2[0m
                        [0m Lessons[0m
                      [36m</span>[39m
                    [36m</div>[39m
                  [36m</div>[39m
                [36m</div>[39m
              [36m</div>[39m
              [36m<div[39m
                [33mclass[39m=[32m"text-right flex items-center gap-3"[39m
              [36m>[39m
                [36m<div[39m
                  [33mclass[39m=[32m"text-right"[39m
                [36m>[39m
                  [36m<div[39m
                    [33mclass[39m=[32m"text-lg font-bold text-slate-900 dark:text-slate-100"[39m
                  [36m>[39m
                    [0m0[0m
                    [0m%[0m
                  [36m</div>[39m
                  [36m<div[39m
                    [33mclass[39m=[32m"text-xs text-slate-600 dark:text-slate-300"[39m
                  [36m>[39m
                    [0m0[0m
                    [0m/[0m
                    [0m2[0m
                  [36m</div>[39m
                [36m</div>[39m
              [36m</div>[39m
            [36m</div>[39m
            [36m<div[39m
              [33mclass[39m=[32m"mt-3 h-2 bg-slate-100 dark:bg-slate-700 rounded-full overflow-hidden"[39m
            [36m>[39m
              [36m<div[39m
                [33mclass[39m=[32m"h-full rounded-full transition-all duration-500"[39m
                [33mstyle[39m=[32m"width: 0%; background-color: rgb(220, 38, 38);"[39m
              [36m/>[39m
            [36m</div>[39m
          [36m</div>[39m
        [36m</div>[39m
        [36m<div[39m
          [33mclass[39m=[32m"card overflow-hidden"[39m
        [36m>[39m
          [36m<div[39m
            [33mclass[39m=[32m"card-header cursor-pointer hover:bg-slate-50 dark:hover:bg-slate-800/50 transition-colors"[39m
          [36m>[39m
            [36m<div[39m
              [33mclass[39m=[32m"flex items-start justify-between gap-4"[39m
            [36m>[39m
              [36m<div[39m
                [33mclass[39m=[32m"flex-1"[39m
              [36m>[39m
                [36m<div[39m
                  [33mclass[39m=[32m"flex items-center gap-2"[39m
                [36m>[39m
                  [36m<span[39m
                    [33mclass[39m=[32m"inline-flex items-center justify-center w-8 h-8 rounded-lg text-sm font-bold transition-colors"[39m
                    [33mstyle[39m=[32m"background-color: rgba(220, 38, 38, 0.125); color: rgb(220, 38, 38);"[39m
                  [36m>[39m
                    [0mF2[0m
                  [36m</span>[39m
                  [36m<div>[39m
                    [36m<div[39m
                      [33mclass[39m=[32m"flex items-center gap-2"[39m
                    [36m>[39m
                      [36m<h2[39m
                        [33mclass[39m=[32m"font-semibold text-slate-900 dark:text-slate-100"[39m
                      [36m>[39m
                        [0mAdvanced Topics[0m
                      [36m</h2>[39m
                      [36m<svg[39m
                        [33mclass[39m=[32m"lucide lucide-chevron-right w-4 h-4 text-slate-400"[39m
                        [33mfill[39m=[32m"none"[39m
                        [33mheight[39m=[32m"24"[39m
                        [33mstroke[39m=[32m"currentColor"[39m
                        [33mstroke-linecap[39m=[32m"round"[39m
                        [33mstroke-linejoin[39m=[32m"round"[39m
                        [33mstroke-width[39m=[32m"2"[39m
                        [33mviewBox[39m=[32m"0 0 24 24"[39m
                        [33mwidth[39m=[32m"24"[39m
                        [33mxmlns[39m=[32m"http://www.w3.org/2000/svg"[39m
                      [36m>[39m
                        [36m<path[39m
                          [33md[39m=[32m"m9 18 6-6-6-6"[39m
                        [36m/>[39m
                      [36m</svg>[39m
                    [36m</div>[39m
                    [36m<div[39m
                      [33mclass[39m=[32m"flex items-center gap-3 text-xs text-slate-600 dark:text-slate-300 mt-0.5"[39m
                    [36m>[39m
                      [36m<span>[39m
                        [0m1[0m
                        [0m Lessons[0m
                      [36m</span>[39m
                    [36m</div>[39m
                  [36m</div>[39m
                [36m</div>[39m
              [36m</div>[39m
              [36m<div[39m
                [33mclass[39m=[32m"text-right flex items-center gap-3"[39m
              [36m>[39m
                [36m<div[39m
                  [33mclass[39m=[32m"text-right"[39m
                [36m>[39m
                  [36m<div[39m
                    [33mclass[39m=[32m"text-lg font-bold text-slate-900 dark:text-slate-100"[39m
                  [36m>[39m
                    [0m0[0m
                    [0m%[0m
                  [36m</div>[39m
                  [36m<div[39m
                    [33mclass[39m=[32m"text-xs text-slate-600 dark:text-slate-300"[39m
                  [36m>[39m
                    [0m0[0m
                    [0m/[0m
                    [0m1[0m
                  [36m</div>[39m
                [36m</div>[39m
              [36m</div>[39m
            [36m</div>[39m
            [36m<div[39m
              [33mclass[39m=[32m"mt-3 h-2 bg-slate-100 dark:bg-slate-700 rounded-full overflow-hidden"[39m
            [36m>[39m
              [36m<div[39m
                [33mclass[39m=[32m"h-full rounded-full transition-all duration-500"[39m
                [33mstyle[39m=[32m"width: 0%; background-color: rgb(220, 38, 38);"[39m
              [36m/>[39m
            [36m</div>[39m
          [36m</div>[39m
        [36m</div>[39m
      [36m</div>[39m
    [36m</div>[39m
  [36m</div>[39m
[36m</body>[39m

Ignored nodes: comments, script, style
[36m<html>[39m
  [36m<head />[39m
  [36m<body>[39m
    [36m<div>[39m
      [36m<div[39m
        [33mclass[39m=[32m"px-2 py-1 sm:p-6 lg:p-8 max-w-4xl mx-auto"[39m
      [36m>[39m
        [36m<div[39m
          [33mclass[39m=[32m"mb-6"[39m
        [36m>[39m
          [36m<div[39m
            [33mclass[39m=[32m"flex items-center gap-3 mb-4"[39m
          [36m>[39m
            [36m<div[39m
              [33mclass[39m=[32m"w-12 h-12 rounded-xl flex items-center justify-center text-white font-bold"[39m
              [33mstyle[39m=[32m"background-color: rgb(220, 38, 38);"[39m
            [36m>[39m
              [0mREG[0m
            [36m</div>[39m
            [36m<div>[39m
              [36m<h1[39m
                [33mclass[39m=[32m"text-2xl font-bold text-slate-900 dark:text-slate-100"[39m
              [36m>[39m
                [0mLessons[0m
              [36m</h1>[39m
              [36m<p[39m
                [33mclass[39m=[32m"text-slate-600 dark:text-slate-300"[39m
              [36m>[39m
                [0mRegulation[0m
              [36m</p>[39m
            [36m</div>[39m
          [36m</div>[39m
          [36m<div[39m
            [33mclass[39m=[32m"mb-6"[39m
          [36m>[39m
            [36m<div[39m
              [33mclass[39m=[32m"flex justify-between text-sm text-slate-600 dark:text-slate-300 mb-2"[39m
            [36m>[39m
              [36m<span>[39m
                [0m0[0m
                [0m of [0m
                [0m3[0m
                [0m lessons completed[0m
              [36m</span>[39m
              [36m<span>[39m
                [0m2[0m
                [0mh total study time[0m
              [36m</span>[39m
            [36m</div>[39m
            [36m<div[39m
              [33mclass[39m=[32m"h-3 bg-slate-200 dark:bg-slate-700 rounded-full overflow-hidden"[39m
            [36m>[39m
              [36m<div[39m
                [33mclass[39m=[32m"h-full bg-gradient-to-r from-primary-500 to-success-500 rounded-full transition-all duration-500"[39m
                [33mstyle[39m=[32m"width: 0%;"[39m
              [36m/>[39m
            [36m</div>[39m
          [36m</div>[39m
          [36m<div[39m
            [33mclass[39m=[32m"flex flex-col sm:flex-row gap-3"[39m
          [36m>[39m
            [36m<div[39m
              [33mclass[39m=[32m"relative flex-1"[39m
            [36m>[39m
              [36m<svg[39m
                [33mclass[39m=[32m"lucide lucide-search absolute left-3 top-1/2 -translate-y-1/2 w-5 h-5 text-slate-600"[39m
                [33mfill[39m=[32m"none"[39m
                [33mheight[39m=[32m"24"[39m
                [33mstroke[39m=[32m"currentColor"[39m
                [33mstroke-linecap[39m=[32m"round"[39m
                [33mstroke-linejoin[39m=[32m"round"[39m
                [33mstroke-width[39m=[32m"2"[39m
                [33mviewBox[39m=[32m"0 0 24 24"[39m
                [33mwidth[39m=[32m"24"[39m
                [33mxmlns[39m=[32m"http://www.w3.org/2000/svg"[39m
              [36m>[39m
                [36m<circle[39m
                  [33mcx[39m=[32m"11"[39m
                  [33mcy[39m=[32m"11"[39m
                  [33mr[39m=[32m"8"[39m
                [36m/>[39m
                [36m<path[39m
                  [33md[39m=[32m"m21 21-4.3-4.3"[39m
                [36m/>[39m
              [36m</svg>[39m
              [36m<input[39m
                [33mclass[39m=[32m"w-full pl-10 pr-4 py-2 border border-slate-300 dark:border-slate-600 rounded-xl focus:ring-2 focus:ring-primary-500 focus:border-primary-500 bg-white dark:bg-slate-800 text-slate-900 dark:text-slate-100"[39m
                [33mplaceholder[39m=[32m"Search lessons..."[39m
                [33mtype[39m=[32m"text"[39m
                [33mvalue[39m=[32m""[39m
              [36m/>[39m
            [36m</div>[39m
            [36m<button[39m
              [33mclass[39m=[32m"flex items-center gap-2 px-4 py-2 rounded-xl text-sm font-medium transition-colors border bg-white text-slate-600 border-slate-300 hover:bg-slate-50 dark:bg-slate-800 dark:text-slate-300 dark:border-slate-600 dark:hover:bg-slate-700"[39m
            [36m>[39m
              [36m<svg[39m
                [33mclass[39m=[32m"lucide lucide-bookmark w-4 h-4"[39m
                [33mfill[39m=[32m"none"[39m
                [33mheight[39m=[32m"24"[39m
                [33mstroke[39m=[32m"currentColor"[39m
                [33mstroke-linecap[39m=[32m"round"[39m
                [33mstroke-linejoin[39m=[32m"round"[39m
                [33mstroke-width[39m=[32m"2"[39m
                [33mviewBox[39m=[32m"0 0 24 24"[39m
                [33mwidth[39m=[32m"24"[39m
                [33mxmlns[39m=[32m"http://www.w3.org/2000/svg"[39m
              [36m>[39m
                [36m<path[39m
                  [33md[39m=[32m"m19 21-7-4-7 4V5a2 2 0 0 1 2-2h10a2 2 0 0 1 2 2v16z"[39m
                [36m/>[39m
              [36m</svg>[39m
              [36m<span[39m
                [33mclass[39m=[32m"hidden sm:inline"[39m
              [36m>[39m
                [0mSaved[0m
              [36m</span>[39m
            [36m</button>[39m
            [36m<select[39m
              [33mclass[39m=[32m"px-4 py-2 border border-slate-300 dark:border-slate-600 rounded-xl focus:ring-2 focus:ring-primary-500 focus:border-primary-500 bg-white dark:bg-slate-800 text-slate-900 dark:text-slate-100"[39m
            [36m>[39m
              [36m<option[39m
                [33mvalue[39m=[32m""[39m
              [36m>[39m
                [0mAll Areas[0m
              [36m</option>[39m
              [36m<option[39m
                [33mvalue[39m=[32m"area-1"[39m
              [36m>[39m
                [0mCore[0m
              [36m</option>[39m
              [36m<option[39m
                [33mvalue[39m=[32m"area-2"[39m
              [36m>[39m
                [0mAdvanced[0m
              [36m</option>[39m
            [36m</select>[39m
          [36m</div>[39m
        [36m</div>[39m
        [36m<div[39m
          [33mclass[39m=[32m"space-y-6"[39m
        [36m>[39m
          [36m<div[39m
            [33mclass[39m=[32m"card overflow-hidden"[39m
          [36m>[39m
            [36m<div[39m
              [33mclass[39m=[32m"card-header cursor-pointer hover:bg-slate-50 dark:hover:bg-slate-800/50 transition-colors"[39m
            [36m>[39m
              [36m<div[39m
                [33mclass[39m=[32m"flex items-start justify-between gap-4"[39m
              [36m>[39m
                [36m<div[39m
                  [33mclass[39m=[32m"flex-1"[39m
                [36m>[39m
                  [36m<div[39m
                    [33mclass[39m=[32m"flex items-center gap-2"[39m
                  [36m>[39m
                    [36m<span[39m
                      [33mclass[39m=[32m"inline-flex items-center justify-center w-8 h-8 rounded-lg text-sm font-bold transition-colors"[39m
                      [33mstyle[39m=[32m"background-color: rgba(220, 38, 38, 0.125); color: rgb(220, 38, 38);"[39m
                    [36m>[39m
                      [0mF1[0m
                    [36m</span>[39m
                    [36m<div>[39m
                      [36m<div[39m
                        [33mclass[39m=[32m"flex items-center gap-2"[39m
                      [36m>[39m
                        [36m<h2[39m
                          [33mclass[39m=[32m"font-semibold text-slate-900 dark:text-slate-100"[39m
                        [36m>[39m
                          [0mCore Concepts[0m
                        [36m</h2>[39m
                        [36m<svg[39m
                          [33mclass[39m=[32m"lucide lucide-chevron-right w-4 h-4 text-slate-400"[39m
                          [33mfill[39m=[32m"none"[39m
                          [33mheight[39m=[32m"24"[39m
                          [33mstroke[39m=[32m"currentColor"[39m
                          [33mstroke-linecap[39m=[32m"round"[39m
                          [33mstroke-linejoin[39m=[32m"round"[39m
                          [33mstroke-width[39m=[32m"2"[39m
                          [33mviewBox[39m=[32m"0 0 24 24"[39m
                          [33mwidth[39m=[32m"24"[39m
                          [33mxmlns[39m=[32m"http://www.w3.org/2000/svg"[39m
                        [36m>[39m
                          [36m<path[39m
                            [33md[39m=[32m"m9 18 6-6-6-6"[39m
                          [36m/>[39m
                        [36m</svg>[39m
                      [36m</div>[39m
                      [36m<div[39m
                        [33mclass[39m=[32m"flex items-center gap-3 text-xs text-slate-600 dark:text-slate-300 mt-0.5"[39m
                      [36m>[39m
                        [36m<span>[39m
                          [0m2[0m
                          [0m Lessons[0m
                        [36m</span>[39m
                      [36m</div>[39m
                    [36m</div>[39m
                  [36m</div>[39m
                [36m</div>[39m
                [36m<div[39m
                  [33mclass[39m=[32m"text-right flex items-center gap-3"[39m
                [36m>[39m
                  [36m<div[39m
                    [33mclass[39m=[32m"text-right"[39m
                  [36m>[39m
                    [36m<div[39m
                      [33mclass[39m=[32m"text-lg font-bold text-slate-900 dark:text-slate-100"[39m
                    [36m>[39m
                      [0m0[0m
                      [0m%[0m
                    [36m</div>[39m
                    [36m<div[39m
                      [33mclass[39m=[32m"text-xs text-slate-600 dark:text-slate-300"[39m
                    [36m>[39m
                      [0m0[0m
                      [0m/[0m
                      [0m2[0m
                    [36m</div>[39m
                  [36m</div>[39m
                [36m</div>[39m
              [36m</div>[39m
              [36m<div[39m
                [33mclass[39m=[32m"mt-3 h-2 bg-slate-100 dark:bg-slate-700 rounded-full overflow-hidden"[39m
              [36m>[39m
                [36m<div[39m
                  [33mclass[39m=[32m"h-full rounded-full transition-all duration-500"[39m
                  [33mstyle[39m=[32m"width: 0%; background-color: rgb(220, 38, 38);"[39m
                [36m/>[39m
              [36m</div>[39m
            [36m</div>[39m
          [36m</div>[39m
          [36m<div[39m
            [33mclass[39m=[32m"card overflow-hidden"[39m
          [36m>[39m
            [36m<div[39m
              [33mclass[39m=[32m"card-header cursor-pointer hover:bg-slate-50 dark:hover:bg-slate-800/50 transition-colors"[39m
            [36m>[39m
              [36m<div[39m
                [33mclass[39m=[32m"flex items-start justify-between gap-4"[39m
              [36m>[39m
                [36m<div[39m
                  [33mclass[39m=[32m"flex-1"[39m
                [36m>[39m
                  [36m<div[39m
                    [33mclass[39m=[32m"flex items-center gap-2"[39m
                  [36m>[39m
                    [36m<span[39m
                      [33mclass[39m=[32m"inline-flex items-center justify-center w-8 h-8 rounded-lg text-sm font-bold transition-colors"[39m
                      [33mstyle[39m=[32m"background-color: rgba(220, 38, 38, 0.125); color: rgb(220, 38, 38);"[39m
                    [36m>[39m
                      [0mF2[0m
                    [36m</span>[39m
                    [36m<div>[39m
                      [36m<div[39m
                        [33mclass[39m=[32m"flex items-center gap-2"[39m
                      [36m>[39m
                        [36m<h2[39m
                          [33mclass[39m=[32m"font-semibold text-slate-900 dark:text-slate-100"[39m
                        [36m>[39m
                          [0mAdvanced Topics[0m
                        [36m</h2>[39m
                        [36m<svg[39m
                          [33mclass[39m=[32m"lucide lucide-chevron-right w-4 h-4 text-slate-400"[39m
                          [33mfill[39m=[32m"none"[39m
                          [33mheight[39m=[32m"24"[39m
                          [33mstroke[39m=[32m"currentColor"[39m
                          [33mstroke-linecap[39m=[32m"round"[39m
                          [33mstroke-linejoin[39m=[32m"round"[39m
                          [33mstroke-width[39m=[32m"2"[39m
                          [33mviewBox[39m=[32m"0 0 24 24"[39m
                          [33mwidth[39m=[32m"24"[39m
                          [33mxmlns[39m=[32m"http://www.w3.org/2000/svg"[39m
                        [36m>[39m
                          [36m<path[39m
                            [33md[39m=[32m"m9 18 6-6-6-6"[39m
                          [36m/>[39m
                        [36m</svg>[39m
                      [36m</div>[39m
                      [36m<div[39m
                        [33mclass[39m=[32m"flex items-center gap-3 text-xs text-slate-600 dark:text-slate-300 mt-0.5"[39m
                      [36m>[39m
                        [36m<span>[39m
                          [0m1[0m
                          [0m Lessons[0m
                        [36m</span>[39m
                      [36m</div>[39m
                    [36m</div>[39m
                  [36m</div>[39m
                [36m</div>[39m
                [36m<div[39m
                  [33mclass[39m=[32m"text-right flex items-center gap-3"[39m
                [36m>[39m
                  [36m<div[39m
                    [33mclass[39m=[32m"text-right"[39m
                  [36m>[39m
                    [36m<div[39m
                      [33mclass[39m=[32m"text-lg font-bold text-slate-900 dark:text-slate-100"[39m
                    [36m>[39m
                      [0m0[0m
                      [0m%[0m
                    [36m</div>[39m
                    [36m<div[39m
                      [33mclass[39m=[32m"text-xs text-slate-600 dark:text-slate-300"[39m
                    [36m>[39m
                      [0m0[0m
                      [0m/[0m
                      [0m1[0m
                    [36m</div>[39m
                  [36m</div>[39m
                [36m</div>[39m
              [36m</div>[39m
              [36m<div[39m
                [33mclass[39m=[32m"mt-3 h-2 bg-slate-100 dark:bg-slate-700 rounded-full overflow-hidden"[39m
              [36m>[39m
                [36m<div[39m
                  [33mclass[39m=[32m"h-full rounded-full transition-all duration-500"[39m
                  [33mstyle[39m=[32m"width: 0%; background-color: rgb(220, 38, 38);"[39m
                [36m/>[39m
              [36m</div>[39m
            [36m</div>[39m
          [36m</div>[39m
        [36m</div>[39m
      [36m</div>[39m
    [36m</div>[39m
  [36m</body>[39m
[36m</html>[39m
 ✓ src/test/components/pages/Lessons.test.jsx > Lessons Component > Interactions > allows searching lessons
 ✓ src/test/components/pages/Lessons.test.jsx > Lessons Component > Interactions > filters lessons based on search
 ✓ src/test/utils/logger.quality.test.ts > Logger Utilities - Quality Tests > Logger Interface > exports log method
 ✓ src/test/utils/logger.quality.test.ts > Logger Utilities - Quality Tests > Logger Interface > exports warn method
 ✓ src/test/utils/logger.quality.test.ts > Logger Utilities - Quality Tests > Logger Interface > exports error method
 ✓ src/test/utils/logger.quality.test.ts > Logger Utilities - Quality Tests > Logger Interface > exports info method
 ✓ src/test/utils/logger.quality.test.ts > Logger Utilities - Quality Tests > Logger Interface > exports debug method
 ✓ src/test/utils/logger.quality.test.ts > Logger Utilities - Quality Tests > logger.log > does not throw on simple message
 ✓ src/test/utils/logger.quality.test.ts > Logger Utilities - Quality Tests > logger.log > handles multiple arguments
 ✓ src/test/utils/logger.quality.test.ts > Logger Utilities - Quality Tests > logger.log > handles no arguments
 ✓ src/test/utils/logger.quality.test.ts > Logger Utilities - Quality Tests > logger.log > handles null argument
 ✓ src/test/utils/logger.quality.test.ts > Logger Utilities - Quality Tests > logger.log > handles undefined argument
 ✓ src/test/utils/logger.quality.test.ts > Logger Utilities - Quality Tests > logger.log > handles object argument
 ✓ src/test/utils/logger.quality.test.ts > Logger Utilities - Quality Tests > logger.log > handles array argument
 ✓ src/test/utils/logger.quality.test.ts > Logger Utilities - Quality Tests > logger.warn > does not throw on warning message
 ✓ src/test/utils/logger.quality.test.ts > Logger Utilities - Quality Tests > logger.warn > handles Error objects
 ✓ src/test/utils/logger.quality.test.ts > Logger Utilities - Quality Tests > logger.error > does not throw on error message
 ✓ src/test/utils/logger.quality.test.ts > Logger Utilities - Quality Tests > logger.error > handles Error objects
 ✓ src/test/utils/logger.quality.test.ts > Logger Utilities - Quality Tests > logger.error > handles error with stack trace
 ✓ src/test/utils/logger.quality.test.ts > Logger Utilities - Quality Tests > logger.info > does not throw on info message
 ✓ src/test/utils/logger.quality.test.ts > Logger Utilities - Quality Tests > logger.info > handles formatted strings
 ✓ src/test/utils/logger.quality.test.ts > Logger Utilities - Quality Tests > logger.debug > does not throw on debug message
 ✓ src/test/utils/logger.quality.test.ts > Logger Utilities - Quality Tests > logger.debug > handles complex objects
 ✓ src/test/utils/logger.quality.test.ts > Logger Utilities - Quality Tests > Edge Cases > handles circular references gracefully
 ✓ src/test/utils/logger.quality.test.ts > Logger Utilities - Quality Tests > Edge Cases > handles very long strings
 ✓ src/test/utils/logger.quality.test.ts > Logger Utilities - Quality Tests > Edge Cases > handles Symbol values
 ✓ src/test/utils/logger.quality.test.ts > Logger Utilities - Quality Tests > Edge Cases > handles BigInt values
 ✓ src/test/utils/logger.quality.test.ts > Logger Utilities - Quality Tests > Edge Cases > handles function references
 ✓ src/test/utils/logger.quality.test.ts > Logger Utilities - Quality Tests > Edge Cases > handles mixed types in same call
 ✓ src/test/services/eaAdaptiveEngine.test.ts > eaAdaptiveEngine > state management > initializes with default state
 ✓ src/test/services/eaAdaptiveEngine.test.ts > eaAdaptiveEngine > state management > loads state from storage
 ✓ src/test/services/eaAdaptiveEngine.test.ts > eaAdaptiveEngine > state management > getAdaptiveState returns module state
 ✓ src/test/services/eaAdaptiveEngine.test.ts > eaAdaptiveEngine > state management > resetAdaptiveState clears progress
 ✓ src/test/services/eaAdaptiveEngine.test.ts > eaAdaptiveEngine > recordAnswer > increments questions answered
 ✓ src/test/services/eaAdaptiveEngine.test.ts > eaAdaptiveEngine > recordAnswer > tracks part performance
 ✓ src/test/services/eaAdaptiveEngine.test.ts > eaAdaptiveEngine > recordAnswer > saves to localStorage
 ✓ src/test/services/eaAdaptiveEngine.test.ts > eaAdaptiveEngine > recordAnswer > tracks domain subsection performance
 ✓ src/test/services/eaAdaptiveEngine.test.ts > eaAdaptiveEngine > getQuestionsDueForReview > returns empty array initially
 ✓ src/test/services/eaAdaptiveEngine.test.ts > eaAdaptiveEngine > getWeakParts / getWeakDomains > returns weak parts as array
 ✓ src/test/services/eaAdaptiveEngine.test.ts > eaAdaptiveEngine > getWeakParts / getWeakDomains > returns weak domains as array
 ✓ src/test/services/eaAdaptiveEngine.test.ts > eaAdaptiveEngine > getWeakParts / getWeakDomains > identifies weak parts after wrong answers
 ✓ src/test/services/eaAdaptiveEngine.test.ts > eaAdaptiveEngine > getRecommendedAction > returns valid recommendation
 ✓ src/test/services/eaAdaptiveEngine.test.ts > eaAdaptiveEngine > getRecommendedAction > recommends practice for new users
 ✓ src/test/services/eaAdaptiveEngine.test.ts > eaAdaptiveEngine > getPerformanceSummary > returns complete summary
 ✓ src/test/services/eaAdaptiveEngine.test.ts > eaAdaptiveEngine > getPerformanceSummary > reflects recorded answers
 ✓ src/test/services/eaAdaptiveEngine.test.ts > eaAdaptiveEngine > session management > startSession and endSession lifecycle
 × src/test/components/pages/Lessons.test.jsx > Lessons Component > Lesson Display > shows lesson duration 1007ms
   → Unable to find an element with the text: /30 min/i. This could be because the text is broken up by multiple elements. In this case, you can provide a function for your text matcher to make your matcher more flexible.

Ignored nodes: comments, script, style
[36m<body>[39m
  [36m<div>[39m
    [36m<div[39m
      [33mclass[39m=[32m"px-2 py-1 sm:p-6 lg:p-8 max-w-4xl mx-auto"[39m
    [36m>[39m
      [36m<div[39m
        [33mclass[39m=[32m"mb-6"[39m
      [36m>[39m
        [36m<div[39m
          [33mclass[39m=[32m"flex items-center gap-3 mb-4"[39m
        [36m>[39m
          [36m<div[39m
            [33mclass[39m=[32m"w-12 h-12 rounded-xl flex items-center justify-center text-white font-bold"[39m
            [33mstyle[39m=[32m"background-color: rgb(220, 38, 38);"[39m
          [36m>[39m
            [0mREG[0m
          [36m</div>[39m
          [36m<div>[39m
            [36m<h1[39m
              [33mclass[39m=[32m"text-2xl font-bold text-slate-900 dark:text-slate-100"[39m
            [36m>[39m
              [0mLessons[0m
            [36m</h1>[39m
            [36m<p[39m
              [33mclass[39m=[32m"text-slate-600 dark:text-slate-300"[39m
            [36m>[39m
              [0mRegulation[0m
            [36m</p>[39m
          [36m</div>[39m
        [36m</div>[39m
        [36m<div[39m
          [33mclass[39m=[32m"mb-6"[39m
        [36m>[39m
          [36m<div[39m
            [33mclass[39m=[32m"flex justify-between text-sm text-slate-600 dark:text-slate-300 mb-2"[39m
          [36m>[39m
            [36m<span>[39m
              [0m0[0m
              [0m of [0m
              [0m3[0m
              [0m lessons completed[0m
            [36m</span>[39m
            [36m<span>[39m
              [0m2[0m
              [0mh total study time[0m
            [36m</span>[39m
          [36m</div>[39m
          [36m<div[39m
            [33mclass[39m=[32m"h-3 bg-slate-200 dark:bg-slate-700 rounded-full overflow-hidden"[39m
          [36m>[39m
            [36m<div[39m
              [33mclass[39m=[32m"h-full bg-gradient-to-r from-primary-500 to-success-500 rounded-full transition-all duration-500"[39m
              [33mstyle[39m=[32m"width: 0%;"[39m
            [36m/>[39m
          [36m</div>[39m
        [36m</div>[39m
        [36m<div[39m
          [33mclass[39m=[32m"flex flex-col sm:flex-row gap-3"[39m
        [36m>[39m
          [36m<div[39m
            [33mclass[39m=[32m"relative flex-1"[39m
          [36m>[39m
            [36m<svg[39m
              [33mclass[39m=[32m"lucide lucide-search absolute left-3 top-1/2 -translate-y-1/2 w-5 h-5 text-slate-600"[39m
              [33mfill[39m=[32m"none"[39m
              [33mheight[39m=[32m"24"[39m
              [33mstroke[39m=[32m"currentColor"[39m
              [33mstroke-linecap[39m=[32m"round"[39m
              [33mstroke-linejoin[39m=[32m"round"[39m
              [33mstroke-width[39m=[32m"2"[39m
              [33mviewBox[39m=[32m"0 0 24 24"[39m
              [33mwidth[39m=[32m"24"[39m
              [33mxmlns[39m=[32m"http://www.w3.org/2000/svg"[39m
            [36m>[39m
              [36m<circle[39m
                [33mcx[39m=[32m"11"[39m
                [33mcy[39m=[32m"11"[39m
                [33mr[39m=[32m"8"[39m
              [36m/>[39m
              [36m<path[39m
                [33md[39m=[32m"m21 21-4.3-4.3"[39m
              [36m/>[39m
            [36m</svg>[39m
            [36m<input[39m
              [33mclass[39m=[32m"w-full pl-10 pr-4 py-2 border border-slate-300 dark:border-slate-600 rounded-xl focus:ring-2 focus:ring-primary-500 focus:border-primary-500 bg-white dark:bg-slate-800 text-slate-900 dark:text-slate-100"[39m
              [33mplaceholder[39m=[32m"Search lessons..."[39m
              [33mtype[39m=[32m"text"[39m
              [33mvalue[39m=[32m""[39m
            [36m/>[39m
          [36m</div>[39m
          [36m<button[39m
            [33mclass[39m=[32m"flex items-center gap-2 px-4 py-2 rounded-xl text-sm font-medium transition-colors border bg-white text-slate-600 border-slate-300 hover:bg-slate-50 dark:bg-slate-800 dark:text-slate-300 dark:border-slate-600 dark:hover:bg-slate-700"[39m
          [36m>[39m
            [36m<svg[39m
              [33mclass[39m=[32m"lucide lucide-bookmark w-4 h-4"[39m
              [33mfill[39m=[32m"none"[39m
              [33mheight[39m=[32m"24"[39m
              [33mstroke[39m=[32m"currentColor"[39m
              [33mstroke-linecap[39m=[32m"round"[39m
              [33mstroke-linejoin[39m=[32m"round"[39m
              [33mstroke-width[39m=[32m"2"[39m
              [33mviewBox[39m=[32m"0 0 24 24"[39m
              [33mwidth[39m=[32m"24"[39m
              [33mxmlns[39m=[32m"http://www.w3.org/2000/svg"[39m
            [36m>[39m
              [36m<path[39m
                [33md[39m=[32m"m19 21-7-4-7 4V5a2 2 0 0 1 2-2h10a2 2 0 0 1 2 2v16z"[39m
              [36m/>[39m
            [36m</svg>[39m
            [36m<span[39m
              [33mclass[39m=[32m"hidden sm:inline"[39m
            [36m>[39m
              [0mSaved[0m
            [36m</span>[39m
          [36m</button>[39m
          [36m<select[39m
            [33mclass[39m=[32m"px-4 py-2 border border-slate-300 dark:border-slate-600 rounded-xl focus:ring-2 focus:ring-primary-500 focus:border-primary-500 bg-white dark:bg-slate-800 text-slate-900 dark:text-slate-100"[39m
          [36m>[39m
            [36m<option[39m
              [33mvalue[39m=[32m""[39m
            [36m>[39m
              [0mAll Areas[0m
            [36m</option>[39m
            [36m<option[39m
              [33mvalue[39m=[32m"area-1"[39m
            [36m>[39m
              [0mCore[0m
            [36m</option>[39m
            [36m<option[39m
              [33mvalue[39m=[32m"area-2"[39m
            [36m>[39m
              [0mAdvanced[0m
            [36m</option>[39m
          [36m</select>[39m
        [36m</div>[39m
      [36m</div>[39m
      [36m<div[39m
        [33mclass[39m=[32m"space-y-6"[39m
      [36m>[39m
        [36m<div[39m
          [33mclass[39m=[32m"card overflow-hidden"[39m
        [36m>[39m
          [36m<div[39m
            [33mclass[39m=[32m"card-header cursor-pointer hover:bg-slate-50 dark:hover:bg-slate-800/50 transition-colors"[39m
          [36m>[39m
            [36m<div[39m
              [33mclass[39m=[32m"flex items-start justify-between gap-4"[39m
            [36m>[39m
              [36m<div[39m
                [33mclass[39m=[32m"flex-1"[39m
              [36m>[39m
                [36m<div[39m
                  [33mclass[39m=[32m"flex items-center gap-2"[39m
                [36m>[39m
                  [36m<span[39m
                    [33mclass[39m=[32m"inline-flex items-center justify-center w-8 h-8 rounded-lg text-sm font-bold transition-colors"[39m
                    [33mstyle[39m=[32m"background-color: rgba(220, 38, 38, 0.125); color: rgb(220, 38, 38);"[39m
                  [36m>[39m
                    [0mF1[0m
                  [36m</span>[39m
                  [36m<div>[39m
                    [36m<div[39m
                      [33mclass[39m=[32m"flex items-center gap-2"[39m
                    [36m>[39m
                      [36m<h2[39m
                        [33mclass[39m=[32m"font-semibold text-slate-900 dark:text-slate-100"[39m
                      [36m>[39m
                        [0mCore Concepts[0m
                      [36m</h2>[39m
                      [36m<svg[39m
                        [33mclass[39m=[32m"lucide lucide-chevron-right w-4 h-4 text-slate-400"[39m
                        [33mfill[39m=[32m"none"[39m
                        [33mheight[39m=[32m"24"[39m
                        [33mstroke[39m=[32m"currentColor"[39m
                        [33mstroke-linecap[39m=[32m"round"[39m
                        [33mstroke-linejoin[39m=[32m"round"[39m
                        [33mstroke-width[39m=[32m"2"[39m
                        [33mviewBox[39m=[32m"0 0 24 24"[39m
                        [33mwidth[39m=[32m"24"[39m
                        [33mxmlns[39m=[32m"http://www.w3.org/2000/svg"[39m
                      [36m>[39m
                        [36m<path[39m
                          [33md[39m=[32m"m9 18 6-6-6-6"[39m
                        [36m/>[39m
                      [36m</svg>[39m
                    [36m</div>[39m
                    [36m<div[39m
                      [33mclass[39m=[32m"flex items-center gap-3 text-xs text-slate-600 dark:text-slate-300 mt-0.5"[39m
                    [36m>[39m
                      [36m<span>[39m
                        [0m2[0m
                        [0m Lessons[0m
                      [36m</span>[39m
                    [36m</div>[39m
                  [36m</div>[39m
                [36m</div>[39m
              [36m</div>[39m
              [36m<div[39m
                [33mclass[39m=[32m"text-right flex items-center gap-3"[39m
              [36m>[39m
                [36m<div[39m
                  [33mclass[39m=[32m"text-right"[39m
                [36m>[39m
                  [36m<div[39m
                    [33mclass[39m=[32m"text-lg font-bold text-slate-900 dark:text-slate-100"[39m
                  [36m>[39m
                    [0m0[0m
                    [0m%[0m
                  [36m</div>[39m
                  [36m<div[39m
                    [33mclass[39m=[32m"text-xs text-slate-600 dark:text-slate-300"[39m
                  [36m>[39m
                    [0m0[0m
                    [0m/[0m
                    [0m2[0m
                  [36m</div>[39m
                [36m</div>[39m
              [36m</div>[39m
            [36m</div>[39m
            [36m<div[39m
              [33mclass[39m=[32m"mt-3 h-2 bg-slate-100 dark:bg-slate-700 rounded-full overflow-hidden"[39m
            [36m>[39m
              [36m<div[39m
                [33mclass[39m=[32m"h-full rounded-full transition-all duration-500"[39m
                [33mstyle[39m=[32m"width: 0%; background-color: rgb(220, 38, 38);"[39m
              [36m/>[39m
            [36m</div>[39m
          [36m</div>[39m
        [36m</div>[39m
        [36m<div[39m
          [33mclass[39m=[32m"card overflow-hidden"[39m
        [36m>[39m
          [36m<div[39m
            [33mclass[39m=[32m"card-header cursor-pointer hover:bg-slate-50 dark:hover:bg-slate-800/50 transition-colors"[39m
          [36m>[39m
            [36m<div[39m
              [33mclass[39m=[32m"flex items-start justify-between gap-4"[39m
            [36m>[39m
              [36m<div[39m
                [33mclass[39m=[32m"flex-1"[39m
              [36m>[39m
                [36m<div[39m
                  [33mclass[39m=[32m"flex items-center gap-2"[39m
                [36m>[39m
                  [36m<span[39m
                    [33mclass[39m=[32m"inline-flex items-center justify-center w-8 h-8 rounded-lg text-sm font-bold transition-colors"[39m
                    [33mstyle[39m=[32m"background-color: rgba(220, 38, 38, 0.125); color: rgb(220, 38, 38);"[39m
                  [36m>[39m
                    [0mF2[0m
                  [36m</span>[39m
                  [36m<div>[39m
                    [36m<div[39m
                      [33mclass[39m=[32m"flex items-center gap-2"[39m
                    [36m>[39m
                      [36m<h2[39m
                        [33mclass[39m=[32m"font-semibold text-slate-900 dark:text-slate-100"[39m
                      [36m>[39m
                        [0mAdvanced Topics[0m
                      [36m</h2>[39m
                      [36m<svg[39m
                        [33mclass[39m=[32m"lucide lucide-chevron-right w-4 h-4 text-slate-400"[39m
                        [33mfill[39m=[32m"none"[39m
                        [33mheight[39m=[32m"24"[39m
                        [33mstroke[39m=[32m"currentColor"[39m
                        [33mstroke-linecap[39m=[32m"round"[39m
                        [33mstroke-linejoin[39m=[32m"round"[39m
                        [33mstroke-width[39m=[32m"2"[39m
                        [33mviewBox[39m=[32m"0 0 24 24"[39m
                        [33mwidth[39m=[32m"24"[39m
                        [33mxmlns[39m=[32m"http://www.w3.org/2000/svg"[39m
                      [36m>[39m
                        [36m<path[39m
                          [33md[39m=[32m"m9 18 6-6-6-6"[39m
                        [36m/>[39m
                      [36m</svg>[39m
                    [36m</div>[39m
                    [36m<div[39m
                      [33mclass[39m=[32m"flex items-center gap-3 text-xs text-slate-600 dark:text-slate-300 mt-0.5"[39m
                    [36m>[39m
                      [36m<span>[39m
                        [0m1[0m
                        [0m Lessons[0m
                      [36m</span>[39m
                    [36m</div>[39m
                  [36m</div>[39m
                [36m</div>[39m
              [36m</div>[39m
              [36m<div[39m
                [33mclass[39m=[32m"text-right flex items-center gap-3"[39m
              [36m>[39m
                [36m<div[39m
                  [33mclass[39m=[32m"text-right"[39m
                [36m>[39m
                  [36m<div[39m
                    [33mclass[39m=[32m"text-lg font-bold text-slate-900 dark:text-slate-100"[39m
                  [36m>[39m
                    [0m0[0m
                    [0m%[0m
                  [36m</div>[39m
                  [36m<div[39m
                    [33mclass[39m=[32m"text-xs text-slate-600 dark:text-slate-300"[39m
                  [36m>[39m
                    [0m0[0m
                    [0m/[0m
                    [0m1[0m
                  [36m</div>[39m
                [36m</div>[39m
              [36m</div>[39m
            [36m</div>[39m
            [36m<div[39m
              [33mclass[39m=[32m"mt-3 h-2 bg-slate-100 dark:bg-slate-700 rounded-full overflow-hidden"[39m
            [36m>[39m
              [36m<div[39m
                [33mclass[39m=[32m"h-full rounded-full transition-all duration-500"[39m
                [33mstyle[39m=[32m"width: 0%; background-color: rgb(220, 38, 38);"[39m
              [36m/>[39m
            [36m</div>[39m
          [36m</div>[39m
        [36m</div>[39m
      [36m</div>[39m
    [36m</div>[39m
  [36m</div>[39m
[36m</body>[39m

Ignored nodes: comments, script, style
[36m<html>[39m
  [36m<head />[39m
  [36m<body>[39m
    [36m<div>[39m
      [36m<div[39m
        [33mclass[39m=[32m"px-2 py-1 sm:p-6 lg:p-8 max-w-4xl mx-auto"[39m
      [36m>[39m
        [36m<div[39m
          [33mclass[39m=[32m"mb-6"[39m
        [36m>[39m
          [36m<div[39m
            [33mclass[39m=[32m"flex items-center gap-3 mb-4"[39m
          [36m>[39m
            [36m<div[39m
              [33mclass[39m=[32m"w-12 h-12 rounded-xl flex items-center justify-center text-white font-bold"[39m
              [33mstyle[39m=[32m"background-color: rgb(220, 38, 38);"[39m
            [36m>[39m
              [0mREG[0m
            [36m</div>[39m
            [36m<div>[39m
              [36m<h1[39m
                [33mclass[39m=[32m"text-2xl font-bold text-slate-900 dark:text-slate-100"[39m
              [36m>[39m
                [0mLessons[0m
              [36m</h1>[39m
              [36m<p[39m
                [33mclass[39m=[32m"text-slate-600 dark:text-slate-300"[39m
              [36m>[39m
                [0mRegulation[0m
              [36m</p>[39m
            [36m</div>[39m
          [36m</div>[39m
          [36m<div[39m
            [33mclass[39m=[32m"mb-6"[39m
          [36m>[39m
            [36m<div[39m
              [33mclass[39m=[32m"flex justify-between text-sm text-slate-600 dark:text-slate-300 mb-2"[39m
            [36m>[39m
              [36m<span>[39m
                [0m0[0m
                [0m of [0m
                [0m3[0m
                [0m lessons completed[0m
              [36m</span>[39m
              [36m<span>[39m
                [0m2[0m
                [0mh total study time[0m
              [36m</span>[39m
            [36m</div>[39m
            [36m<div[39m
              [33mclass[39m=[32m"h-3 bg-slate-200 dark:bg-slate-700 rounded-full overflow-hidden"[39m
            [36m>[39m
              [36m<div[39m
                [33mclass[39m=[32m"h-full bg-gradient-to-r from-primary-500 to-success-500 rounded-full transition-all duration-500"[39m
                [33mstyle[39m=[32m"width: 0%;"[39m
              [36m/>[39m
            [36m</div>[39m
          [36m</div>[39m
          [36m<div[39m
            [33mclass[39m=[32m"flex flex-col sm:flex-row gap-3"[39m
          [36m>[39m
            [36m<div[39m
              [33mclass[39m=[32m"relative flex-1"[39m
            [36m>[39m
              [36m<svg[39m
                [33mclass[39m=[32m"lucide lucide-search absolute left-3 top-1/2 -translate-y-1/2 w-5 h-5 text-slate-600"[39m
                [33mfill[39m=[32m"none"[39m
                [33mheight[39m=[32m"24"[39m
                [33mstroke[39m=[32m"currentColor"[39m
                [33mstroke-linecap[39m=[32m"round"[39m
                [33mstroke-linejoin[39m=[32m"round"[39m
                [33mstroke-width[39m=[32m"2"[39m
                [33mviewBox[39m=[32m"0 0 24 24"[39m
                [33mwidth[39m=[32m"24"[39m
                [33mxmlns[39m=[32m"http://www.w3.org/2000/svg"[39m
              [36m>[39m
                [36m<circle[39m
                  [33mcx[39m=[32m"11"[39m
                  [33mcy[39m=[32m"11"[39m
                  [33mr[39m=[32m"8"[39m
                [36m/>[39m
                [36m<path[39m
                  [33md[39m=[32m"m21 21-4.3-4.3"[39m
                [36m/>[39m
              [36m</svg>[39m
              [36m<input[39m
                [33mclass[39m=[32m"w-full pl-10 pr-4 py-2 border border-slate-300 dark:border-slate-600 rounded-xl focus:ring-2 focus:ring-primary-500 focus:border-primary-500 bg-white dark:bg-slate-800 text-slate-900 dark:text-slate-100"[39m
                [33mplaceholder[39m=[32m"Search lessons..."[39m
                [33mtype[39m=[32m"text"[39m
                [33mvalue[39m=[32m""[39m
              [36m/>[39m
            [36m</div>[39m
            [36m<button[39m
              [33mclass[39m=[32m"flex items-center gap-2 px-4 py-2 rounded-xl text-sm font-medium transition-colors border bg-white text-slate-600 border-slate-300 hover:bg-slate-50 dark:bg-slate-800 dark:text-slate-300 dark:border-slate-600 dark:hover:bg-slate-700"[39m
            [36m>[39m
              [36m<svg[39m
                [33mclass[39m=[32m"lucide lucide-bookmark w-4 h-4"[39m
                [33mfill[39m=[32m"none"[39m
                [33mheight[39m=[32m"24"[39m
                [33mstroke[39m=[32m"currentColor"[39m
                [33mstroke-linecap[39m=[32m"round"[39m
                [33mstroke-linejoin[39m=[32m"round"[39m
                [33mstroke-width[39m=[32m"2"[39m
                [33mviewBox[39m=[32m"0 0 24 24"[39m
                [33mwidth[39m=[32m"24"[39m
                [33mxmlns[39m=[32m"http://www.w3.org/2000/svg"[39m
              [36m>[39m
                [36m<path[39m
                  [33md[39m=[32m"m19 21-7-4-7 4V5a2 2 0 0 1 2-2h10a2 2 0 0 1 2 2v16z"[39m
                [36m/>[39m
              [36m</svg>[39m
              [36m<span[39m
                [33mclass[39m=[32m"hidden sm:inline"[39m
              [36m>[39m
                [0mSaved[0m
              [36m</span>[39m
            [36m</button>[39m
            [36m<select[39m
              [33mclass[39m=[32m"px-4 py-2 border border-slate-300 dark:border-slate-600 rounded-xl focus:ring-2 focus:ring-primary-500 focus:border-primary-500 bg-white dark:bg-slate-800 text-slate-900 dark:text-slate-100"[39m
            [36m>[39m
              [36m<option[39m
                [33mvalue[39m=[32m""[39m
              [36m>[39m
                [0mAll Areas[0m
              [36m</option>[39m
              [36m<option[39m
                [33mvalue[39m=[32m"area-1"[39m
              [36m>[39m
                [0mCore[0m
              [36m</option>[39m
              [36m<option[39m
                [33mvalue[39m=[32m"area-2"[39m
              [36m>[39m
                [0mAdvanced[0m
              [36m</option>[39m
            [36m</select>[39m
          [36m</div>[39m
        [36m</div>[39m
        [36m<div[39m
          [33mclass[39m=[32m"space-y-6"[39m
        [36m>[39m
          [36m<div[39m
            [33mclass[39m=[32m"card overflow-hidden"[39m
          [36m>[39m
            [36m<div[39m
              [33mclass[39m=[32m"card-header cursor-pointer hover:bg-slate-50 dark:hover:bg-slate-800/50 transition-colors"[39m
            [36m>[39m
              [36m<div[39m
                [33mclass[39m=[32m"flex items-start justify-between gap-4"[39m
              [36m>[39m
                [36m<div[39m
                  [33mclass[39m=[32m"flex-1"[39m
                [36m>[39m
                  [36m<div[39m
                    [33mclass[39m=[32m"flex items-center gap-2"[39m
                  [36m>[39m
                    [36m<span[39m
                      [33mclass[39m=[32m"inline-flex items-center justify-center w-8 h-8 rounded-lg text-sm font-bold transition-colors"[39m
                      [33mstyle[39m=[32m"background-color: rgba(220, 38, 38, 0.125); color: rgb(220, 38, 38);"[39m
                    [36m>[39m
                      [0mF1[0m
                    [36m</span>[39m
                    [36m<div>[39m
                      [36m<div[39m
                        [33mclass[39m=[32m"flex items-center gap-2"[39m
                      [36m>[39m
                        [36m<h2[39m
                          [33mclass[39m=[32m"font-semibold text-slate-900 dark:text-slate-100"[39m
                        [36m>[39m
                          [0mCore Concepts[0m
                        [36m</h2>[39m
                        [36m<svg[39m
                          [33mclass[39m=[32m"lucide lucide-chevron-right w-4 h-4 text-slate-400"[39m
                          [33mfill[39m=[32m"none"[39m
                          [33mheight[39m=[32m"24"[39m
                          [33mstroke[39m=[32m"currentColor"[39m
                          [33mstroke-linecap[39m=[32m"round"[39m
                          [33mstroke-linejoin[39m=[32m"round"[39m
                          [33mstroke-width[39m=[32m"2"[39m
                          [33mviewBox[39m=[32m"0 0 24 24"[39m
                          [33mwidth[39m=[32m"24"[39m
                          [33mxmlns[39m=[32m"http://www.w3.org/2000/svg"[39m
                        [36m>[39m
                          [36m<path[39m
                            [33md[39m=[32m"m9 18 6-6-6-6"[39m
                          [36m/>[39m
                        [36m</svg>[39m
                      [36m</div>[39m
                      [36m<div[39m
                        [33mclass[39m=[32m"flex items-center gap-3 text-xs text-slate-600 dark:text-slate-300 mt-0.5"[39m
                      [36m>[39m
                        [36m<span>[39m
                          [0m2[0m
                          [0m Lessons[0m
                        [36m</span>[39m
                      [36m</div>[39m
                    [36m</div>[39m
                  [36m</div>[39m
                [36m</div>[39m
                [36m<div[39m
                  [33mclass[39m=[32m"text-right flex items-center gap-3"[39m
                [36m>[39m
                  [36m<div[39m
                    [33mclass[39m=[32m"text-right"[39m
                  [36m>[39m
                    [36m<div[39m
                      [33mclass[39m=[32m"text-lg font-bold text-slate-900 dark:text-slate-100"[39m
                    [36m>[39m
                      [0m0[0m
                      [0m%[0m
                    [36m</div>[39m
                    [36m<div[39m
                      [33mclass[39m=[32m"text-xs text-slate-600 dark:text-slate-300"[39m
                    [36m>[39m
                      [0m0[0m
                      [0m/[0m
                      [0m2[0m
                    [36m</div>[39m
                  [36m</div>[39m
                [36m</div>[39m
              [36m</div>[39m
              [36m<div[39m
                [33mclass[39m=[32m"mt-3 h-2 bg-slate-100 dark:bg-slate-700 rounded-full overflow-hidden"[39m
              [36m>[39m
                [36m<div[39m
                  [33mclass[39m=[32m"h-full rounded-full transition-all duration-500"[39m
                  [33mstyle[39m=[32m"width: 0%; background-color: rgb(220, 38, 38);"[39m
                [36m/>[39m
              [36m</div>[39m
            [36m</div>[39m
          [36m</div>[39m
          [36m<div[39m
            [33mclass[39m=[32m"card overflow-hidden"[39m
          [36m>[39m
            [36m<div[39m
              [33mclass[39m=[32m"card-header cursor-pointer hover:bg-slate-50 dark:hover:bg-slate-800/50 transition-colors"[39m
            [36m>[39m
              [36m<div[39m
                [33mclass[39m=[32m"flex items-start justify-between gap-4"[39m
              [36m>[39m
                [36m<div[39m
                  [33mclass[39m=[32m"flex-1"[39m
                [36m>[39m
                  [36m<div[39m
                    [33mclass[39m=[32m"flex items-center gap-2"[39m
                  [36m>[39m
                    [36m<span[39m
                      [33mclass[39m=[32m"inline-flex items-center justify-center w-8 h-8 rounded-lg text-sm font-bold transition-colors"[39m
                      [33mstyle[39m=[32m"background-color: rgba(220, 38, 38, 0.125); color: rgb(220, 38, 38);"[39m
                    [36m>[39m
                      [0mF2[0m
                    [36m</span>[39m
                    [36m<div>[39m
                      [36m<div[39m
                        [33mclass[39m=[32m"flex items-center gap-2"[39m
                      [36m>[39m
                        [36m<h2[39m
                          [33mclass[39m=[32m"font-semibold text-slate-900 dark:text-slate-100"[39m
                        [36m>[39m
                          [0mAdvanced Topics[0m
                        [36m</h2>[39m
                        [36m<svg[39m
                          [33mclass[39m=[32m"lucide lucide-chevron-right w-4 h-4 text-slate-400"[39m
                          [33mfill[39m=[32m"none"[39m
                          [33mheight[39m=[32m"24"[39m
                          [33mstroke[39m=[32m"currentColor"[39m
                          [33mstroke-linecap[39m=[32m"round"[39m
                          [33mstroke-linejoin[39m=[32m"round"[39m
                          [33mstroke-width[39m=[32m"2"[39m
                          [33mviewBox[39m=[32m"0 0 24 24"[39m
                          [33mwidth[39m=[32m"24"[39m
                          [33mxmlns[39m=[32m"http://www.w3.org/2000/svg"[39m
                        [36m>[39m
                          [36m<path[39m
                            [33md[39m=[32m"m9 18 6-6-6-6"[39m
                          [36m/>[39m
                        [36m</svg>[39m
                      [36m</div>[39m
                      [36m<div[39m
                        [33mclass[39m=[32m"flex items-center gap-3 text-xs text-slate-600 dark:text-slate-300 mt-0.5"[39m
                      [36m>[39m
                        [36m<span>[39m
                          [0m1[0m
                          [0m Lessons[0m
                        [36m</span>[39m
                      [36m</div>[39m
                    [36m</div>[39m
                  [36m</div>[39m
                [36m</div>[39m
                [36m<div[39m
                  [33mclass[39m=[32m"text-right flex items-center gap-3"[39m
                [36m>[39m
                  [36m<div[39m
                    [33mclass[39m=[32m"text-right"[39m
                  [36m>[39m
                    [36m<div[39m
                      [33mclass[39m=[32m"text-lg font-bold text-slate-900 dark:text-slate-100"[39m
                    [36m>[39m
                      [0m0[0m
                      [0m%[0m
                    [36m</div>[39m
                    [36m<div[39m
                      [33mclass[39m=[32m"text-xs text-slate-600 dark:text-slate-300"[39m
                    [36m>[39m
                      [0m0[0m
                      [0m/[0m
                      [0m1[0m
                    [36m</div>[39m
                  [36m</div>[39m
                [36m</div>[39m
              [36m</div>[39m
              [36m<div[39m
                [33mclass[39m=[32m"mt-3 h-2 bg-slate-100 dark:bg-slate-700 rounded-full overflow-hidden"[39m
              [36m>[39m
                [36m<div[39m
                  [33mclass[39m=[32m"h-full rounded-full transition-all duration-500"[39m
                  [33mstyle[39m=[32m"width: 0%; background-color: rgb(220, 38, 38);"[39m
                [36m/>[39m
              [36m</div>[39m
            [36m</div>[39m
          [36m</div>[39m
        [36m</div>[39m
      [36m</div>[39m
    [36m</div>[39m
  [36m</body>[39m
[36m</html>[39m
stderr | src/test/hooks/useDocumentTitle.test.jsx > useDocumentTitle > useDocumentTitle hook > sets document title with base title
⚠️ React Router Future Flag Warning: React Router will begin wrapping state updates in `React.startTransition` in v7. You can use the `v7_startTransition` future flag to opt-in early. For more information, see https://reactrouter.com/v6/upgrading/future#v7_starttransition.
⚠️ React Router Future Flag Warning: Relative route resolution within Splat routes is changing in v7. You can use the `v7_relativeSplatPath` future flag to opt-in early. For more information, see https://reactrouter.com/v6/upgrading/future#v7_relativesplatpath.

 ✓ src/test/hooks/useDocumentTitle.test.jsx > useDocumentTitle > useDocumentTitle hook > sets document title with base title
 ✓ src/test/hooks/useDocumentTitle.test.jsx > useDocumentTitle > useDocumentTitle hook > uses base title when no title provided
 ✓ src/test/hooks/useDocumentTitle.test.jsx > useDocumentTitle > useDocumentTitle hook > announces to screen reader by default
 ✓ src/test/hooks/useDocumentTitle.test.jsx > useDocumentTitle > useDocumentTitle hook > skips announcement when announceToScreenReader is false
 ✓ src/test/hooks/useDocumentTitle.test.jsx > useDocumentTitle > useDocumentTitle hook > resets title on unmount
 ✓ src/test/hooks/useDocumentTitle.test.jsx > useDocumentTitle > ROUTE_TITLES > has title for dashboard route
 ✓ src/test/hooks/useDocumentTitle.test.jsx > useDocumentTitle > ROUTE_TITLES > has title for study route
 ✓ src/test/hooks/useDocumentTitle.test.jsx > useDocumentTitle > ROUTE_TITLES > has title for practice route
 ✓ src/test/hooks/useDocumentTitle.test.jsx > useDocumentTitle > ROUTE_TITLES > has title for flashcards route
 ✓ src/test/hooks/useDocumentTitle.test.jsx > useDocumentTitle > ROUTE_TITLES > has title for settings route
 ✓ src/test/hooks/useDocumentTitle.test.jsx > useDocumentTitle > ROUTE_TITLES > has title for login route
 ✓ src/test/hooks/useDocumentTitle.test.jsx > useDocumentTitle > ROUTE_TITLES > has title for register route
 ✓ src/test/hooks/useDocumentTitle.test.jsx > useDocumentTitle > useRouteTitle hook > sets title based on current pathname
 ✓ src/test/hooks/useDocumentTitle.test.jsx > useDocumentTitle > useRouteTitle hook > handles lessons dynamic route
 ✓ src/test/hooks/useDocumentTitle.test.jsx > useDocumentTitle > useRouteTitle hook > uses base title for unknown routes
 × src/test/components/pages/Lessons.test.jsx > Lessons Component > Lesson Display > shows completed lessons differently 1011ms
   → Unable to find an element with the text: Test Lesson 1. This could be because the text is broken up by multiple elements. In this case, you can provide a function for your text matcher to make your matcher more flexible.

Ignored nodes: comments, script, style
[36m<body>[39m
  [36m<div>[39m
    [36m<div[39m
      [33mclass[39m=[32m"px-2 py-1 sm:p-6 lg:p-8 max-w-4xl mx-auto"[39m
    [36m>[39m
      [36m<div[39m
        [33mclass[39m=[32m"mb-6"[39m
      [36m>[39m
        [36m<div[39m
          [33mclass[39m=[32m"flex items-center gap-3 mb-4"[39m
        [36m>[39m
          [36m<div[39m
            [33mclass[39m=[32m"w-12 h-12 rounded-xl flex items-center justify-center text-white font-bold"[39m
            [33mstyle[39m=[32m"background-color: rgb(220, 38, 38);"[39m
          [36m>[39m
            [0mREG[0m
          [36m</div>[39m
          [36m<div>[39m
            [36m<h1[39m
              [33mclass[39m=[32m"text-2xl font-bold text-slate-900 dark:text-slate-100"[39m
            [36m>[39m
              [0mLessons[0m
            [36m</h1>[39m
            [36m<p[39m
              [33mclass[39m=[32m"text-slate-600 dark:text-slate-300"[39m
            [36m>[39m
              [0mRegulation[0m
            [36m</p>[39m
          [36m</div>[39m
        [36m</div>[39m
        [36m<div[39m
          [33mclass[39m=[32m"mb-6"[39m
        [36m>[39m
          [36m<div[39m
            [33mclass[39m=[32m"flex justify-between text-sm text-slate-600 dark:text-slate-300 mb-2"[39m
          [36m>[39m
            [36m<span>[39m
              [0m0[0m
              [0m of [0m
              [0m3[0m
              [0m lessons completed[0m
            [36m</span>[39m
            [36m<span>[39m
              [0m2[0m
              [0mh total study time[0m
            [36m</span>[39m
          [36m</div>[39m
          [36m<div[39m
            [33mclass[39m=[32m"h-3 bg-slate-200 dark:bg-slate-700 rounded-full overflow-hidden"[39m
          [36m>[39m
            [36m<div[39m
              [33mclass[39m=[32m"h-full bg-gradient-to-r from-primary-500 to-success-500 rounded-full transition-all duration-500"[39m
              [33mstyle[39m=[32m"width: 0%;"[39m
            [36m/>[39m
          [36m</div>[39m
        [36m</div>[39m
        [36m<div[39m
          [33mclass[39m=[32m"flex flex-col sm:flex-row gap-3"[39m
        [36m>[39m
          [36m<div[39m
            [33mclass[39m=[32m"relative flex-1"[39m
          [36m>[39m
            [36m<svg[39m
              [33mclass[39m=[32m"lucide lucide-search absolute left-3 top-1/2 -translate-y-1/2 w-5 h-5 text-slate-600"[39m
              [33mfill[39m=[32m"none"[39m
              [33mheight[39m=[32m"24"[39m
              [33mstroke[39m=[32m"currentColor"[39m
              [33mstroke-linecap[39m=[32m"round"[39m
              [33mstroke-linejoin[39m=[32m"round"[39m
              [33mstroke-width[39m=[32m"2"[39m
              [33mviewBox[39m=[32m"0 0 24 24"[39m
              [33mwidth[39m=[32m"24"[39m
              [33mxmlns[39m=[32m"http://www.w3.org/2000/svg"[39m
            [36m>[39m
              [36m<circle[39m
                [33mcx[39m=[32m"11"[39m
                [33mcy[39m=[32m"11"[39m
                [33mr[39m=[32m"8"[39m
              [36m/>[39m
              [36m<path[39m
                [33md[39m=[32m"m21 21-4.3-4.3"[39m
              [36m/>[39m
            [36m</svg>[39m
            [36m<input[39m
              [33mclass[39m=[32m"w-full pl-10 pr-4 py-2 border border-slate-300 dark:border-slate-600 rounded-xl focus:ring-2 focus:ring-primary-500 focus:border-primary-500 bg-white dark:bg-slate-800 text-slate-900 dark:text-slate-100"[39m
              [33mplaceholder[39m=[32m"Search lessons..."[39m
              [33mtype[39m=[32m"text"[39m
              [33mvalue[39m=[32m""[39m
            [36m/>[39m
          [36m</div>[39m
          [36m<button[39m
            [33mclass[39m=[32m"flex items-center gap-2 px-4 py-2 rounded-xl text-sm font-medium transition-colors border bg-white text-slate-600 border-slate-300 hover:bg-slate-50 dark:bg-slate-800 dark:text-slate-300 dark:border-slate-600 dark:hover:bg-slate-700"[39m
          [36m>[39m
            [36m<svg[39m
              [33mclass[39m=[32m"lucide lucide-bookmark w-4 h-4"[39m
              [33mfill[39m=[32m"none"[39m
              [33mheight[39m=[32m"24"[39m
              [33mstroke[39m=[32m"currentColor"[39m
              [33mstroke-linecap[39m=[32m"round"[39m
              [33mstroke-linejoin[39m=[32m"round"[39m
              [33mstroke-width[39m=[32m"2"[39m
              [33mviewBox[39m=[32m"0 0 24 24"[39m
              [33mwidth[39m=[32m"24"[39m
              [33mxmlns[39m=[32m"http://www.w3.org/2000/svg"[39m
            [36m>[39m
              [36m<path[39m
                [33md[39m=[32m"m19 21-7-4-7 4V5a2 2 0 0 1 2-2h10a2 2 0 0 1 2 2v16z"[39m
              [36m/>[39m
            [36m</svg>[39m
            [36m<span[39m
              [33mclass[39m=[32m"hidden sm:inline"[39m
            [36m>[39m
              [0mSaved[0m
            [36m</span>[39m
          [36m</button>[39m
          [36m<select[39m
            [33mclass[39m=[32m"px-4 py-2 border border-slate-300 dark:border-slate-600 rounded-xl focus:ring-2 focus:ring-primary-500 focus:border-primary-500 bg-white dark:bg-slate-800 text-slate-900 dark:text-slate-100"[39m
          [36m>[39m
            [36m<option[39m
              [33mvalue[39m=[32m""[39m
            [36m>[39m
              [0mAll Areas[0m
            [36m</option>[39m
            [36m<option[39m
              [33mvalue[39m=[32m"area-1"[39m
            [36m>[39m
              [0mCore[0m
            [36m</option>[39m
            [36m<option[39m
              [33mvalue[39m=[32m"area-2"[39m
            [36m>[39m
              [0mAdvanced[0m
            [36m</option>[39m
          [36m</select>[39m
        [36m</div>[39m
      [36m</div>[39m
      [36m<div[39m
        [33mclass[39m=[32m"space-y-6"[39m
      [36m>[39m
        [36m<div[39m
          [33mclass[39m=[32m"card overflow-hidden"[39m
        [36m>[39m
          [36m<div[39m
            [33mclass[39m=[32m"card-header cursor-pointer hover:bg-slate-50 dark:hover:bg-slate-800/50 transition-colors"[39m
          [36m>[39m
            [36m<div[39m
              [33mclass[39m=[32m"flex items-start justify-between gap-4"[39m
            [36m>[39m
              [36m<div[39m
                [33mclass[39m=[32m"flex-1"[39m
              [36m>[39m
                [36m<div[39m
                  [33mclass[39m=[32m"flex items-center gap-2"[39m
                [36m>[39m
                  [36m<span[39m
                    [33mclass[39m=[32m"inline-flex items-center justify-center w-8 h-8 rounded-lg text-sm font-bold transition-colors"[39m
                    [33mstyle[39m=[32m"background-color: rgba(220, 38, 38, 0.125); color: rgb(220, 38, 38);"[39m
                  [36m>[39m
                    [0mF1[0m
                  [36m</span>[39m
                  [36m<div>[39m
                    [36m<div[39m
                      [33mclass[39m=[32m"flex items-center gap-2"[39m
                    [36m>[39m
                      [36m<h2[39m
                        [33mclass[39m=[32m"font-semibold text-slate-900 dark:text-slate-100"[39m
                      [36m>[39m
                        [0mCore Concepts[0m
                      [36m</h2>[39m
                      [36m<svg[39m
                        [33mclass[39m=[32m"lucide lucide-chevron-right w-4 h-4 text-slate-400"[39m
                        [33mfill[39m=[32m"none"[39m
                        [33mheight[39m=[32m"24"[39m
                        [33mstroke[39m=[32m"currentColor"[39m
                        [33mstroke-linecap[39m=[32m"round"[39m
                        [33mstroke-linejoin[39m=[32m"round"[39m
                        [33mstroke-width[39m=[32m"2"[39m
                        [33mviewBox[39m=[32m"0 0 24 24"[39m
                        [33mwidth[39m=[32m"24"[39m
                        [33mxmlns[39m=[32m"http://www.w3.org/2000/svg"[39m
                      [36m>[39m
                        [36m<path[39m
                          [33md[39m=[32m"m9 18 6-6-6-6"[39m
                        [36m/>[39m
                      [36m</svg>[39m
                    [36m</div>[39m
                    [36m<div[39m
                      [33mclass[39m=[32m"flex items-center gap-3 text-xs text-slate-600 dark:text-slate-300 mt-0.5"[39m
                    [36m>[39m
                      [36m<span>[39m
                        [0m2[0m
                        [0m Lessons[0m
                      [36m</span>[39m
                    [36m</div>[39m
                  [36m</div>[39m
                [36m</div>[39m
              [36m</div>[39m
              [36m<div[39m
                [33mclass[39m=[32m"text-right flex items-center gap-3"[39m
              [36m>[39m
                [36m<div[39m
                  [33mclass[39m=[32m"text-right"[39m
                [36m>[39m
                  [36m<div[39m
                    [33mclass[39m=[32m"text-lg font-bold text-slate-900 dark:text-slate-100"[39m
                  [36m>[39m
                    [0m0[0m
                    [0m%[0m
                  [36m</div>[39m
                  [36m<div[39m
                    [33mclass[39m=[32m"text-xs text-slate-600 dark:text-slate-300"[39m
                  [36m>[39m
                    [0m0[0m
                    [0m/[0m
                    [0m2[0m
                  [36m</div>[39m
                [36m</div>[39m
              [36m</div>[39m
            [36m</div>[39m
            [36m<div[39m
              [33mclass[39m=[32m"mt-3 h-2 bg-slate-100 dark:bg-slate-700 rounded-full overflow-hidden"[39m
            [36m>[39m
              [36m<div[39m
                [33mclass[39m=[32m"h-full rounded-full transition-all duration-500"[39m
                [33mstyle[39m=[32m"width: 0%; background-color: rgb(220, 38, 38);"[39m
              [36m/>[39m
            [36m</div>[39m
          [36m</div>[39m
        [36m</div>[39m
        [36m<div[39m
          [33mclass[39m=[32m"card overflow-hidden"[39m
        [36m>[39m
          [36m<div[39m
            [33mclass[39m=[32m"card-header cursor-pointer hover:bg-slate-50 dark:hover:bg-slate-800/50 transition-colors"[39m
          [36m>[39m
            [36m<div[39m
              [33mclass[39m=[32m"flex items-start justify-between gap-4"[39m
            [36m>[39m
              [36m<div[39m
                [33mclass[39m=[32m"flex-1"[39m
              [36m>[39m
                [36m<div[39m
                  [33mclass[39m=[32m"flex items-center gap-2"[39m
                [36m>[39m
                  [36m<span[39m
                    [33mclass[39m=[32m"inline-flex items-center justify-center w-8 h-8 rounded-lg text-sm font-bold transition-colors"[39m
                    [33mstyle[39m=[32m"background-color: rgba(220, 38, 38, 0.125); color: rgb(220, 38, 38);"[39m
                  [36m>[39m
                    [0mF2[0m
                  [36m</span>[39m
                  [36m<div>[39m
                    [36m<div[39m
                      [33mclass[39m=[32m"flex items-center gap-2"[39m
                    [36m>[39m
                      [36m<h2[39m
                        [33mclass[39m=[32m"font-semibold text-slate-900 dark:text-slate-100"[39m
                      [36m>[39m
                        [0mAdvanced Topics[0m
                      [36m</h2>[39m
                      [36m<svg[39m
                        [33mclass[39m=[32m"lucide lucide-chevron-right w-4 h-4 text-slate-400"[39m
                        [33mfill[39m=[32m"none"[39m
                        [33mheight[39m=[32m"24"[39m
                        [33mstroke[39m=[32m"currentColor"[39m
                        [33mstroke-linecap[39m=[32m"round"[39m
                        [33mstroke-linejoin[39m=[32m"round"[39m
                        [33mstroke-width[39m=[32m"2"[39m
                        [33mviewBox[39m=[32m"0 0 24 24"[39m
                        [33mwidth[39m=[32m"24"[39m
                        [33mxmlns[39m=[32m"http://www.w3.org/2000/svg"[39m
                      [36m>[39m
                        [36m<path[39m
                          [33md[39m=[32m"m9 18 6-6-6-6"[39m
                        [36m/>[39m
                      [36m</svg>[39m
                    [36m</div>[39m
                    [36m<div[39m
                      [33mclass[39m=[32m"flex items-center gap-3 text-xs text-slate-600 dark:text-slate-300 mt-0.5"[39m
                    [36m>[39m
                      [36m<span>[39m
                        [0m1[0m
                        [0m Lessons[0m
                      [36m</span>[39m
                    [36m</div>[39m
                  [36m</div>[39m
                [36m</div>[39m
              [36m</div>[39m
              [36m<div[39m
                [33mclass[39m=[32m"text-right flex items-center gap-3"[39m
              [36m>[39m
                [36m<div[39m
                  [33mclass[39m=[32m"text-right"[39m
                [36m>[39m
                  [36m<div[39m
                    [33mclass[39m=[32m"text-lg font-bold text-slate-900 dark:text-slate-100"[39m
                  [36m>[39m
                    [0m0[0m
                    [0m%[0m
                  [36m</div>[39m
                  [36m<div[39m
                    [33mclass[39m=[32m"text-xs text-slate-600 dark:text-slate-300"[39m
                  [36m>[39m
                    [0m0[0m
                    [0m/[0m
                    [0m1[0m
                  [36m</div>[39m
                [36m</div>[39m
              [36m</div>[39m
            [36m</div>[39m
            [36m<div[39m
              [33mclass[39m=[32m"mt-3 h-2 bg-slate-100 dark:bg-slate-700 rounded-full overflow-hidden"[39m
            [36m>[39m
              [36m<div[39m
                [33mclass[39m=[32m"h-full rounded-full transition-all duration-500"[39m
                [33mstyle[39m=[32m"width: 0%; background-color: rgb(220, 38, 38);"[39m
              [36m/>[39m
            [36m</div>[39m
          [36m</div>[39m
        [36m</div>[39m
      [36m</div>[39m
    [36m</div>[39m
  [36m</div>[39m
[36m</body>[39m

Ignored nodes: comments, script, style
[36m<html>[39m
  [36m<head />[39m
  [36m<body>[39m
    [36m<div>[39m
      [36m<div[39m
        [33mclass[39m=[32m"px-2 py-1 sm:p-6 lg:p-8 max-w-4xl mx-auto"[39m
      [36m>[39m
        [36m<div[39m
          [33mclass[39m=[32m"mb-6"[39m
        [36m>[39m
          [36m<div[39m
            [33mclass[39m=[32m"flex items-center gap-3 mb-4"[39m
          [36m>[39m
            [36m<div[39m
              [33mclass[39m=[32m"w-12 h-12 rounded-xl flex items-center justify-center text-white font-bold"[39m
              [33mstyle[39m=[32m"background-color: rgb(220, 38, 38);"[39m
            [36m>[39m
              [0mREG[0m
            [36m</div>[39m
            [36m<div>[39m
              [36m<h1[39m
                [33mclass[39m=[32m"text-2xl font-bold text-slate-900 dark:text-slate-100"[39m
              [36m>[39m
                [0mLessons[0m
              [36m</h1>[39m
              [36m<p[39m
                [33mclass[39m=[32m"text-slate-600 dark:text-slate-300"[39m
              [36m>[39m
                [0mRegulation[0m
              [36m</p>[39m
            [36m</div>[39m
          [36m</div>[39m
          [36m<div[39m
            [33mclass[39m=[32m"mb-6"[39m
          [36m>[39m
            [36m<div[39m
              [33mclass[39m=[32m"flex justify-between text-sm text-slate-600 dark:text-slate-300 mb-2"[39m
            [36m>[39m
              [36m<span>[39m
                [0m0[0m
                [0m of [0m
                [0m3[0m
                [0m lessons completed[0m
              [36m</span>[39m
              [36m<span>[39m
                [0m2[0m
                [0mh total study time[0m
              [36m</span>[39m
            [36m</div>[39m
            [36m<div[39m
              [33mclass[39m=[32m"h-3 bg-slate-200 dark:bg-slate-700 rounded-full overflow-hidden"[39m
            [36m>[39m
              [36m<div[39m
                [33mclass[39m=[32m"h-full bg-gradient-to-r from-primary-500 to-success-500 rounded-full transition-all duration-500"[39m
                [33mstyle[39m=[32m"width: 0%;"[39m
              [36m/>[39m
            [36m</div>[39m
          [36m</div>[39m
          [36m<div[39m
            [33mclass[39m=[32m"flex flex-col sm:flex-row gap-3"[39m
          [36m>[39m
            [36m<div[39m
              [33mclass[39m=[32m"relative flex-1"[39m
            [36m>[39m
              [36m<svg[39m
                [33mclass[39m=[32m"lucide lucide-search absolute left-3 top-1/2 -translate-y-1/2 w-5 h-5 text-slate-600"[39m
                [33mfill[39m=[32m"none"[39m
                [33mheight[39m=[32m"24"[39m
                [33mstroke[39m=[32m"currentColor"[39m
                [33mstroke-linecap[39m=[32m"round"[39m
                [33mstroke-linejoin[39m=[32m"round"[39m
                [33mstroke-width[39m=[32m"2"[39m
                [33mviewBox[39m=[32m"0 0 24 24"[39m
                [33mwidth[39m=[32m"24"[39m
                [33mxmlns[39m=[32m"http://www.w3.org/2000/svg"[39m
              [36m>[39m
                [36m<circle[39m
                  [33mcx[39m=[32m"11"[39m
                  [33mcy[39m=[32m"11"[39m
                  [33mr[39m=[32m"8"[39m
                [36m/>[39m
                [36m<path[39m
                  [33md[39m=[32m"m21 21-4.3-4.3"[39m
                [36m/>[39m
              [36m</svg>[39m
              [36m<input[39m
                [33mclass[39m=[32m"w-full pl-10 pr-4 py-2 border border-slate-300 dark:border-slate-600 rounded-xl focus:ring-2 focus:ring-primary-500 focus:border-primary-500 bg-white dark:bg-slate-800 text-slate-900 dark:text-slate-100"[39m
                [33mplaceholder[39m=[32m"Search lessons..."[39m
                [33mtype[39m=[32m"text"[39m
                [33mvalue[39m=[32m""[39m
              [36m/>[39m
            [36m</div>[39m
            [36m<button[39m
              [33mclass[39m=[32m"flex items-center gap-2 px-4 py-2 rounded-xl text-sm font-medium transition-colors border bg-white text-slate-600 border-slate-300 hover:bg-slate-50 dark:bg-slate-800 dark:text-slate-300 dark:border-slate-600 dark:hover:bg-slate-700"[39m
            [36m>[39m
              [36m<svg[39m
                [33mclass[39m=[32m"lucide lucide-bookmark w-4 h-4"[39m
                [33mfill[39m=[32m"none"[39m
                [33mheight[39m=[32m"24"[39m
                [33mstroke[39m=[32m"currentColor"[39m
                [33mstroke-linecap[39m=[32m"round"[39m
                [33mstroke-linejoin[39m=[32m"round"[39m
                [33mstroke-width[39m=[32m"2"[39m
                [33mviewBox[39m=[32m"0 0 24 24"[39m
                [33mwidth[39m=[32m"24"[39m
                [33mxmlns[39m=[32m"http://www.w3.org/2000/svg"[39m
              [36m>[39m
                [36m<path[39m
                  [33md[39m=[32m"m19 21-7-4-7 4V5a2 2 0 0 1 2-2h10a2 2 0 0 1 2 2v16z"[39m
                [36m/>[39m
              [36m</svg>[39m
              [36m<span[39m
                [33mclass[39m=[32m"hidden sm:inline"[39m
              [36m>[39m
                [0mSaved[0m
              [36m</span>[39m
            [36m</button>[39m
            [36m<select[39m
              [33mclass[39m=[32m"px-4 py-2 border border-slate-300 dark:border-slate-600 rounded-xl focus:ring-2 focus:ring-primary-500 focus:border-primary-500 bg-white dark:bg-slate-800 text-slate-900 dark:text-slate-100"[39m
            [36m>[39m
              [36m<option[39m
                [33mvalue[39m=[32m""[39m
              [36m>[39m
                [0mAll Areas[0m
              [36m</option>[39m
              [36m<option[39m
                [33mvalue[39m=[32m"area-1"[39m
              [36m>[39m
                [0mCore[0m
              [36m</option>[39m
              [36m<option[39m
                [33mvalue[39m=[32m"area-2"[39m
              [36m>[39m
                [0mAdvanced[0m
              [36m</option>[39m
            [36m</select>[39m
          [36m</div>[39m
        [36m</div>[39m
        [36m<div[39m
          [33mclass[39m=[32m"space-y-6"[39m
        [36m>[39m
          [36m<div[39m
            [33mclass[39m=[32m"card overflow-hidden"[39m
          [36m>[39m
            [36m<div[39m
              [33mclass[39m=[32m"card-header cursor-pointer hover:bg-slate-50 dark:hover:bg-slate-800/50 transition-colors"[39m
            [36m>[39m
              [36m<div[39m
                [33mclass[39m=[32m"flex items-start justify-between gap-4"[39m
              [36m>[39m
                [36m<div[39m
                  [33mclass[39m=[32m"flex-1"[39m
                [36m>[39m
                  [36m<div[39m
                    [33mclass[39m=[32m"flex items-center gap-2"[39m
                  [36m>[39m
                    [36m<span[39m
                      [33mclass[39m=[32m"inline-flex items-center justify-center w-8 h-8 rounded-lg text-sm font-bold transition-colors"[39m
                      [33mstyle[39m=[32m"background-color: rgba(220, 38, 38, 0.125); color: rgb(220, 38, 38);"[39m
                    [36m>[39m
                      [0mF1[0m
                    [36m</span>[39m
                    [36m<div>[39m
                      [36m<div[39m
                        [33mclass[39m=[32m"flex items-center gap-2"[39m
                      [36m>[39m
                        [36m<h2[39m
                          [33mclass[39m=[32m"font-semibold text-slate-900 dark:text-slate-100"[39m
                        [36m>[39m
                          [0mCore Concepts[0m
                        [36m</h2>[39m
                        [36m<svg[39m
                          [33mclass[39m=[32m"lucide lucide-chevron-right w-4 h-4 text-slate-400"[39m
                          [33mfill[39m=[32m"none"[39m
                          [33mheight[39m=[32m"24"[39m
                          [33mstroke[39m=[32m"currentColor"[39m
                          [33mstroke-linecap[39m=[32m"round"[39m
                          [33mstroke-linejoin[39m=[32m"round"[39m
                          [33mstroke-width[39m=[32m"2"[39m
                          [33mviewBox[39m=[32m"0 0 24 24"[39m
                          [33mwidth[39m=[32m"24"[39m
                          [33mxmlns[39m=[32m"http://www.w3.org/2000/svg"[39m
                        [36m>[39m
                          [36m<path[39m
                            [33md[39m=[32m"m9 18 6-6-6-6"[39m
                          [36m/>[39m
                        [36m</svg>[39m
                      [36m</div>[39m
                      [36m<div[39m
                        [33mclass[39m=[32m"flex items-center gap-3 text-xs text-slate-600 dark:text-slate-300 mt-0.5"[39m
                      [36m>[39m
                        [36m<span>[39m
                          [0m2[0m
                          [0m Lessons[0m
                        [36m</span>[39m
                      [36m</div>[39m
                    [36m</div>[39m
                  [36m</div>[39m
                [36m</div>[39m
                [36m<div[39m
                  [33mclass[39m=[32m"text-right flex items-center gap-3"[39m
                [36m>[39m
                  [36m<div[39m
                    [33mclass[39m=[32m"text-right"[39m
                  [36m>[39m
                    [36m<div[39m
                      [33mclass[39m=[32m"text-lg font-bold text-slate-900 dark:text-slate-100"[39m
                    [36m>[39m
                      [0m0[0m
                      [0m%[0m
                    [36m</div>[39m
                    [36m<div[39m
                      [33mclass[39m=[32m"text-xs text-slate-600 dark:text-slate-300"[39m
                    [36m>[39m
                      [0m0[0m
                      [0m/[0m
                      [0m2[0m
                    [36m</div>[39m
                  [36m</div>[39m
                [36m</div>[39m
              [36m</div>[39m
              [36m<div[39m
                [33mclass[39m=[32m"mt-3 h-2 bg-slate-100 dark:bg-slate-700 rounded-full overflow-hidden"[39m
              [36m>[39m
                [36m<div[39m
                  [33mclass[39m=[32m"h-full rounded-full transition-all duration-500"[39m
                  [33mstyle[39m=[32m"width: 0%; background-color: rgb(220, 38, 38);"[39m
                [36m/>[39m
              [36m</div>[39m
            [36m</div>[39m
          [36m</div>[39m
          [36m<div[39m
            [33mclass[39m=[32m"card overflow-hidden"[39m
          [36m>[39m
            [36m<div[39m
              [33mclass[39m=[32m"card-header cursor-pointer hover:bg-slate-50 dark:hover:bg-slate-800/50 transition-colors"[39m
            [36m>[39m
              [36m<div[39m
                [33mclass[39m=[32m"flex items-start justify-between gap-4"[39m
              [36m>[39m
                [36m<div[39m
                  [33mclass[39m=[32m"flex-1"[39m
                [36m>[39m
                  [36m<div[39m
                    [33mclass[39m=[32m"flex items-center gap-2"[39m
                  [36m>[39m
                    [36m<span[39m
                      [33mclass[39m=[32m"inline-flex items-center justify-center w-8 h-8 rounded-lg text-sm font-bold transition-colors"[39m
                      [33mstyle[39m=[32m"background-color: rgba(220, 38, 38, 0.125); color: rgb(220, 38, 38);"[39m
                    [36m>[39m
                      [0mF2[0m
                    [36m</span>[39m
                    [36m<div>[39m
                      [36m<div[39m
                        [33mclass[39m=[32m"flex items-center gap-2"[39m
                      [36m>[39m
                        [36m<h2[39m
                          [33mclass[39m=[32m"font-semibold text-slate-900 dark:text-slate-100"[39m
                        [36m>[39m
                          [0mAdvanced Topics[0m
                        [36m</h2>[39m
                        [36m<svg[39m
                          [33mclass[39m=[32m"lucide lucide-chevron-right w-4 h-4 text-slate-400"[39m
                          [33mfill[39m=[32m"none"[39m
                          [33mheight[39m=[32m"24"[39m
                          [33mstroke[39m=[32m"currentColor"[39m
                          [33mstroke-linecap[39m=[32m"round"[39m
                          [33mstroke-linejoin[39m=[32m"round"[39m
                          [33mstroke-width[39m=[32m"2"[39m
                          [33mviewBox[39m=[32m"0 0 24 24"[39m
                          [33mwidth[39m=[32m"24"[39m
                          [33mxmlns[39m=[32m"http://www.w3.org/2000/svg"[39m
                        [36m>[39m
                          [36m<path[39m
                            [33md[39m=[32m"m9 18 6-6-6-6"[39m
                          [36m/>[39m
                        [36m</svg>[39m
                      [36m</div>[39m
                      [36m<div[39m
                        [33mclass[39m=[32m"flex items-center gap-3 text-xs text-slate-600 dark:text-slate-300 mt-0.5"[39m
                      [36m>[39m
                        [36m<span>[39m
                          [0m1[0m
                          [0m Lessons[0m
                        [36m</span>[39m
                      [36m</div>[39m
                    [36m</div>[39m
                  [36m</div>[39m
                [36m</div>[39m
                [36m<div[39m
                  [33mclass[39m=[32m"text-right flex items-center gap-3"[39m
                [36m>[39m
                  [36m<div[39m
                    [33mclass[39m=[32m"text-right"[39m
                  [36m>[39m
                    [36m<div[39m
                      [33mclass[39m=[32m"text-lg font-bold text-slate-900 dark:text-slate-100"[39m
                    [36m>[39m
                      [0m0[0m
                      [0m%[0m
                    [36m</div>[39m
                    [36m<div[39m
                      [33mclass[39m=[32m"text-xs text-slate-600 dark:text-slate-300"[39m
                    [36m>[39m
                      [0m0[0m
                      [0m/[0m
                      [0m1[0m
                    [36m</div>[39m
                  [36m</div>[39m
                [36m</div>[39m
              [36m</div>[39m
              [36m<div[39m
                [33mclass[39m=[32m"mt-3 h-2 bg-slate-100 dark:bg-slate-700 rounded-full overflow-hidden"[39m
              [36m>[39m
                [36m<div[39m
                  [33mclass[39m=[32m"h-full rounded-full transition-all duration-500"[39m
                  [33mstyle[39m=[32m"width: 0%; background-color: rgb(220, 38, 38);"[39m
                [36m/>[39m
              [36m</div>[39m
            [36m</div>[39m
          [36m</div>[39m
        [36m</div>[39m
      [36m</div>[39m
    [36m</div>[39m
  [36m</body>[39m
[36m</html>[39m
stderr | src/test/components/auth/ForgotPassword.test.jsx > ForgotPassword Component > Rendering > should render the reset password form
⚠️ React Router Future Flag Warning: React Router will begin wrapping state updates in `React.startTransition` in v7. You can use the `v7_startTransition` future flag to opt-in early. For more information, see https://reactrouter.com/v6/upgrading/future#v7_starttransition.
⚠️ React Router Future Flag Warning: Relative route resolution within Splat routes is changing in v7. You can use the `v7_relativeSplatPath` future flag to opt-in early. For more information, see https://reactrouter.com/v6/upgrading/future#v7_relativesplatpath.

stderr | src/test/components/auth/ForgotPassword.test.jsx > ForgotPassword Component > Form Submission > should call resetPassword even for non-existent email
Password reset error: { code: 'auth/user-not-found' }

stderr | src/test/components/auth/ForgotPassword.test.jsx > ForgotPassword Component > Form Submission > should handle invalid email error
Password reset error: { code: 'auth/invalid-email' }

stderr | src/test/components/pages/Lessons.test.jsx > Lessons Component > Navigation > renders lesson links
Warning: An update to Lessons inside a test was not wrapped in act(...).

When testing, code that causes React state updates should be wrapped into act(...):

act(() => {
  /* fire events that update state */
});
/* assert on the output */

This ensures that you're testing the behavior the user would see in the browser. Learn more at https://reactjs.org/link/wrap-tests-with-act
    at Lessons (/workspaces/passcpa/src/components/pages/Lessons.tsx:60:77)
    at Router (/workspaces/passcpa/node_modules/react-router/dist/umd/react-router.development.js:1207:17)
    at BrowserRouter (/workspaces/passcpa/node_modules/react-router-dom/dist/umd/react-router-dom.development.js:695:7)

 × src/test/components/pages/Lessons.test.jsx > Lessons Component > Lesson Display > shows difficulty indicators 1010ms
   → Unable to find an element with the text: Test Lesson 1. This could be because the text is broken up by multiple elements. In this case, you can provide a function for your text matcher to make your matcher more flexible.

Ignored nodes: comments, script, style
[36m<body>[39m
  [36m<div>[39m
    [36m<div[39m
      [33mclass[39m=[32m"px-2 py-1 sm:p-6 lg:p-8 max-w-4xl mx-auto"[39m
    [36m>[39m
      [36m<div[39m
        [33mclass[39m=[32m"mb-6"[39m
      [36m>[39m
        [36m<div[39m
          [33mclass[39m=[32m"flex items-center gap-3 mb-4"[39m
        [36m>[39m
          [36m<div[39m
            [33mclass[39m=[32m"w-12 h-12 rounded-xl flex items-center justify-center text-white font-bold"[39m
            [33mstyle[39m=[32m"background-color: rgb(220, 38, 38);"[39m
          [36m>[39m
            [0mREG[0m
          [36m</div>[39m
          [36m<div>[39m
            [36m<h1[39m
              [33mclass[39m=[32m"text-2xl font-bold text-slate-900 dark:text-slate-100"[39m
            [36m>[39m
              [0mLessons[0m
            [36m</h1>[39m
            [36m<p[39m
              [33mclass[39m=[32m"text-slate-600 dark:text-slate-300"[39m
            [36m>[39m
              [0mRegulation[0m
            [36m</p>[39m
          [36m</div>[39m
        [36m</div>[39m
        [36m<div[39m
          [33mclass[39m=[32m"mb-6"[39m
        [36m>[39m
          [36m<div[39m
            [33mclass[39m=[32m"flex justify-between text-sm text-slate-600 dark:text-slate-300 mb-2"[39m
          [36m>[39m
            [36m<span>[39m
              [0m0[0m
              [0m of [0m
              [0m3[0m
              [0m lessons completed[0m
            [36m</span>[39m
            [36m<span>[39m
              [0m2[0m
              [0mh total study time[0m
            [36m</span>[39m
          [36m</div>[39m
          [36m<div[39m
            [33mclass[39m=[32m"h-3 bg-slate-200 dark:bg-slate-700 rounded-full overflow-hidden"[39m
          [36m>[39m
            [36m<div[39m
              [33mclass[39m=[32m"h-full bg-gradient-to-r from-primary-500 to-success-500 rounded-full transition-all duration-500"[39m
              [33mstyle[39m=[32m"width: 0%;"[39m
            [36m/>[39m
          [36m</div>[39m
        [36m</div>[39m
        [36m<div[39m
          [33mclass[39m=[32m"flex flex-col sm:flex-row gap-3"[39m
        [36m>[39m
          [36m<div[39m
            [33mclass[39m=[32m"relative flex-1"[39m
          [36m>[39m
            [36m<svg[39m
              [33mclass[39m=[32m"lucide lucide-search absolute left-3 top-1/2 -translate-y-1/2 w-5 h-5 text-slate-600"[39m
              [33mfill[39m=[32m"none"[39m
              [33mheight[39m=[32m"24"[39m
              [33mstroke[39m=[32m"currentColor"[39m
              [33mstroke-linecap[39m=[32m"round"[39m
              [33mstroke-linejoin[39m=[32m"round"[39m
              [33mstroke-width[39m=[32m"2"[39m
              [33mviewBox[39m=[32m"0 0 24 24"[39m
              [33mwidth[39m=[32m"24"[39m
              [33mxmlns[39m=[32m"http://www.w3.org/2000/svg"[39m
            [36m>[39m
              [36m<circle[39m
                [33mcx[39m=[32m"11"[39m
                [33mcy[39m=[32m"11"[39m
                [33mr[39m=[32m"8"[39m
              [36m/>[39m
              [36m<path[39m
                [33md[39m=[32m"m21 21-4.3-4.3"[39m
              [36m/>[39m
            [36m</svg>[39m
            [36m<input[39m
              [33mclass[39m=[32m"w-full pl-10 pr-4 py-2 border border-slate-300 dark:border-slate-600 rounded-xl focus:ring-2 focus:ring-primary-500 focus:border-primary-500 bg-white dark:bg-slate-800 text-slate-900 dark:text-slate-100"[39m
              [33mplaceholder[39m=[32m"Search lessons..."[39m
              [33mtype[39m=[32m"text"[39m
              [33mvalue[39m=[32m""[39m
            [36m/>[39m
          [36m</div>[39m
          [36m<button[39m
            [33mclass[39m=[32m"flex items-center gap-2 px-4 py-2 rounded-xl text-sm font-medium transition-colors border bg-white text-slate-600 border-slate-300 hover:bg-slate-50 dark:bg-slate-800 dark:text-slate-300 dark:border-slate-600 dark:hover:bg-slate-700"[39m
          [36m>[39m
            [36m<svg[39m
              [33mclass[39m=[32m"lucide lucide-bookmark w-4 h-4"[39m
              [33mfill[39m=[32m"none"[39m
              [33mheight[39m=[32m"24"[39m
              [33mstroke[39m=[32m"currentColor"[39m
              [33mstroke-linecap[39m=[32m"round"[39m
              [33mstroke-linejoin[39m=[32m"round"[39m
              [33mstroke-width[39m=[32m"2"[39m
              [33mviewBox[39m=[32m"0 0 24 24"[39m
              [33mwidth[39m=[32m"24"[39m
              [33mxmlns[39m=[32m"http://www.w3.org/2000/svg"[39m
            [36m>[39m
              [36m<path[39m
                [33md[39m=[32m"m19 21-7-4-7 4V5a2 2 0 0 1 2-2h10a2 2 0 0 1 2 2v16z"[39m
              [36m/>[39m
            [36m</svg>[39m
            [36m<span[39m
              [33mclass[39m=[32m"hidden sm:inline"[39m
            [36m>[39m
              [0mSaved[0m
            [36m</span>[39m
          [36m</button>[39m
          [36m<select[39m
            [33mclass[39m=[32m"px-4 py-2 border border-slate-300 dark:border-slate-600 rounded-xl focus:ring-2 focus:ring-primary-500 focus:border-primary-500 bg-white dark:bg-slate-800 text-slate-900 dark:text-slate-100"[39m
          [36m>[39m
            [36m<option[39m
              [33mvalue[39m=[32m""[39m
            [36m>[39m
              [0mAll Areas[0m
            [36m</option>[39m
            [36m<option[39m
              [33mvalue[39m=[32m"area-1"[39m
            [36m>[39m
              [0mCore[0m
            [36m</option>[39m
            [36m<option[39m
              [33mvalue[39m=[32m"area-2"[39m
            [36m>[39m
              [0mAdvanced[0m
            [36m</option>[39m
          [36m</select>[39m
        [36m</div>[39m
      [36m</div>[39m
      [36m<div[39m
        [33mclass[39m=[32m"space-y-6"[39m
      [36m>[39m
        [36m<div[39m
          [33mclass[39m=[32m"card overflow-hidden"[39m
        [36m>[39m
          [36m<div[39m
            [33mclass[39m=[32m"card-header cursor-pointer hover:bg-slate-50 dark:hover:bg-slate-800/50 transition-colors"[39m
          [36m>[39m
            [36m<div[39m
              [33mclass[39m=[32m"flex items-start justify-between gap-4"[39m
            [36m>[39m
              [36m<div[39m
                [33mclass[39m=[32m"flex-1"[39m
              [36m>[39m
                [36m<div[39m
                  [33mclass[39m=[32m"flex items-center gap-2"[39m
                [36m>[39m
                  [36m<span[39m
                    [33mclass[39m=[32m"inline-flex items-center justify-center w-8 h-8 rounded-lg text-sm font-bold transition-colors"[39m
                    [33mstyle[39m=[32m"background-color: rgba(220, 38, 38, 0.125); color: rgb(220, 38, 38);"[39m
                  [36m>[39m
                    [0mF1[0m
                  [36m</span>[39m
                  [36m<div>[39m
                    [36m<div[39m
                      [33mclass[39m=[32m"flex items-center gap-2"[39m
                    [36m>[39m
                      [36m<h2[39m
                        [33mclass[39m=[32m"font-semibold text-slate-900 dark:text-slate-100"[39m
                      [36m>[39m
                        [0mCore Concepts[0m
                      [36m</h2>[39m
                      [36m<svg[39m
                        [33mclass[39m=[32m"lucide lucide-chevron-right w-4 h-4 text-slate-400"[39m
                        [33mfill[39m=[32m"none"[39m
                        [33mheight[39m=[32m"24"[39m
                        [33mstroke[39m=[32m"currentColor"[39m
                        [33mstroke-linecap[39m=[32m"round"[39m
                        [33mstroke-linejoin[39m=[32m"round"[39m
                        [33mstroke-width[39m=[32m"2"[39m
                        [33mviewBox[39m=[32m"0 0 24 24"[39m
                        [33mwidth[39m=[32m"24"[39m
                        [33mxmlns[39m=[32m"http://www.w3.org/2000/svg"[39m
                      [36m>[39m
                        [36m<path[39m
                          [33md[39m=[32m"m9 18 6-6-6-6"[39m
                        [36m/>[39m
                      [36m</svg>[39m
                    [36m</div>[39m
                    [36m<div[39m
                      [33mclass[39m=[32m"flex items-center gap-3 text-xs text-slate-600 dark:text-slate-300 mt-0.5"[39m
                    [36m>[39m
                      [36m<span>[39m
                        [0m2[0m
                        [0m Lessons[0m
                      [36m</span>[39m
                    [36m</div>[39m
                  [36m</div>[39m
                [36m</div>[39m
              [36m</div>[39m
              [36m<div[39m
                [33mclass[39m=[32m"text-right flex items-center gap-3"[39m
              [36m>[39m
                [36m<div[39m
                  [33mclass[39m=[32m"text-right"[39m
                [36m>[39m
                  [36m<div[39m
                    [33mclass[39m=[32m"text-lg font-bold text-slate-900 dark:text-slate-100"[39m
                  [36m>[39m
                    [0m0[0m
                    [0m%[0m
                  [36m</div>[39m
                  [36m<div[39m
                    [33mclass[39m=[32m"text-xs text-slate-600 dark:text-slate-300"[39m
                  [36m>[39m
                    [0m0[0m
                    [0m/[0m
                    [0m2[0m
                  [36m</div>[39m
                [36m</div>[39m
              [36m</div>[39m
            [36m</div>[39m
            [36m<div[39m
              [33mclass[39m=[32m"mt-3 h-2 bg-slate-100 dark:bg-slate-700 rounded-full overflow-hidden"[39m
            [36m>[39m
              [36m<div[39m
                [33mclass[39m=[32m"h-full rounded-full transition-all duration-500"[39m
                [33mstyle[39m=[32m"width: 0%; background-color: rgb(220, 38, 38);"[39m
              [36m/>[39m
            [36m</div>[39m
          [36m</div>[39m
        [36m</div>[39m
        [36m<div[39m
          [33mclass[39m=[32m"card overflow-hidden"[39m
        [36m>[39m
          [36m<div[39m
            [33mclass[39m=[32m"card-header cursor-pointer hover:bg-slate-50 dark:hover:bg-slate-800/50 transition-colors"[39m
          [36m>[39m
            [36m<div[39m
              [33mclass[39m=[32m"flex items-start justify-between gap-4"[39m
            [36m>[39m
              [36m<div[39m
                [33mclass[39m=[32m"flex-1"[39m
              [36m>[39m
                [36m<div[39m
                  [33mclass[39m=[32m"flex items-center gap-2"[39m
                [36m>[39m
                  [36m<span[39m
                    [33mclass[39m=[32m"inline-flex items-center justify-center w-8 h-8 rounded-lg text-sm font-bold transition-colors"[39m
                    [33mstyle[39m=[32m"background-color: rgba(220, 38, 38, 0.125); color: rgb(220, 38, 38);"[39m
                  [36m>[39m
                    [0mF2[0m
                  [36m</span>[39m
                  [36m<div>[39m
                    [36m<div[39m
                      [33mclass[39m=[32m"flex items-center gap-2"[39m
                    [36m>[39m
                      [36m<h2[39m
                        [33mclass[39m=[32m"font-semibold text-slate-900 dark:text-slate-100"[39m
                      [36m>[39m
                        [0mAdvanced Topics[0m
                      [36m</h2>[39m
                      [36m<svg[39m
                        [33mclass[39m=[32m"lucide lucide-chevron-right w-4 h-4 text-slate-400"[39m
                        [33mfill[39m=[32m"none"[39m
                        [33mheight[39m=[32m"24"[39m
                        [33mstroke[39m=[32m"currentColor"[39m
                        [33mstroke-linecap[39m=[32m"round"[39m
                        [33mstroke-linejoin[39m=[32m"round"[39m
                        [33mstroke-width[39m=[32m"2"[39m
                        [33mviewBox[39m=[32m"0 0 24 24"[39m
                        [33mwidth[39m=[32m"24"[39m
                        [33mxmlns[39m=[32m"http://www.w3.org/2000/svg"[39m
                      [36m>[39m
                        [36m<path[39m
                          [33md[39m=[32m"m9 18 6-6-6-6"[39m
                        [36m/>[39m
                      [36m</svg>[39m
                    [36m</div>[39m
                    [36m<div[39m
                      [33mclass[39m=[32m"flex items-center gap-3 text-xs text-slate-600 dark:text-slate-300 mt-0.5"[39m
                    [36m>[39m
                      [36m<span>[39m
                        [0m1[0m
                        [0m Lessons[0m
                      [36m</span>[39m
                    [36m</div>[39m
                  [36m</div>[39m
                [36m</div>[39m
              [36m</div>[39m
              [36m<div[39m
                [33mclass[39m=[32m"text-right flex items-center gap-3"[39m
              [36m>[39m
                [36m<div[39m
                  [33mclass[39m=[32m"text-right"[39m
                [36m>[39m
                  [36m<div[39m
                    [33mclass[39m=[32m"text-lg font-bold text-slate-900 dark:text-slate-100"[39m
                  [36m>[39m
                    [0m0[0m
                    [0m%[0m
                  [36m</div>[39m
                  [36m<div[39m
                    [33mclass[39m=[32m"text-xs text-slate-600 dark:text-slate-300"[39m
                  [36m>[39m
                    [0m0[0m
                    [0m/[0m
                    [0m1[0m
                  [36m</div>[39m
                [36m</div>[39m
              [36m</div>[39m
            [36m</div>[39m
            [36m<div[39m
              [33mclass[39m=[32m"mt-3 h-2 bg-slate-100 dark:bg-slate-700 rounded-full overflow-hidden"[39m
            [36m>[39m
              [36m<div[39m
                [33mclass[39m=[32m"h-full rounded-full transition-all duration-500"[39m
                [33mstyle[39m=[32m"width: 0%; background-color: rgb(220, 38, 38);"[39m
              [36m/>[39m
            [36m</div>[39m
          [36m</div>[39m
        [36m</div>[39m
      [36m</div>[39m
    [36m</div>[39m
  [36m</div>[39m
[36m</body>[39m

Ignored nodes: comments, script, style
[36m<html>[39m
  [36m<head />[39m
  [36m<body>[39m
    [36m<div>[39m
      [36m<div[39m
        [33mclass[39m=[32m"px-2 py-1 sm:p-6 lg:p-8 max-w-4xl mx-auto"[39m
      [36m>[39m
        [36m<div[39m
          [33mclass[39m=[32m"mb-6"[39m
        [36m>[39m
          [36m<div[39m
            [33mclass[39m=[32m"flex items-center gap-3 mb-4"[39m
          [36m>[39m
            [36m<div[39m
              [33mclass[39m=[32m"w-12 h-12 rounded-xl flex items-center justify-center text-white font-bold"[39m
              [33mstyle[39m=[32m"background-color: rgb(220, 38, 38);"[39m
            [36m>[39m
              [0mREG[0m
            [36m</div>[39m
            [36m<div>[39m
              [36m<h1[39m
                [33mclass[39m=[32m"text-2xl font-bold text-slate-900 dark:text-slate-100"[39m
              [36m>[39m
                [0mLessons[0m
              [36m</h1>[39m
              [36m<p[39m
                [33mclass[39m=[32m"text-slate-600 dark:text-slate-300"[39m
              [36m>[39m
                [0mRegulation[0m
              [36m</p>[39m
            [36m</div>[39m
          [36m</div>[39m
          [36m<div[39m
            [33mclass[39m=[32m"mb-6"[39m
          [36m>[39m
            [36m<div[39m
              [33mclass[39m=[32m"flex justify-between text-sm text-slate-600 dark:text-slate-300 mb-2"[39m
            [36m>[39m
              [36m<span>[39m
                [0m0[0m
                [0m of [0m
                [0m3[0m
                [0m lessons completed[0m
              [36m</span>[39m
              [36m<span>[39m
                [0m2[0m
                [0mh total study time[0m
              [36m</span>[39m
            [36m</div>[39m
            [36m<div[39m
              [33mclass[39m=[32m"h-3 bg-slate-200 dark:bg-slate-700 rounded-full overflow-hidden"[39m
            [36m>[39m
              [36m<div[39m
                [33mclass[39m=[32m"h-full bg-gradient-to-r from-primary-500 to-success-500 rounded-full transition-all duration-500"[39m
                [33mstyle[39m=[32m"width: 0%;"[39m
              [36m/>[39m
            [36m</div>[39m
          [36m</div>[39m
          [36m<div[39m
            [33mclass[39m=[32m"flex flex-col sm:flex-row gap-3"[39m
          [36m>[39m
            [36m<div[39m
              [33mclass[39m=[32m"relative flex-1"[39m
            [36m>[39m
              [36m<svg[39m
                [33mclass[39m=[32m"lucide lucide-search absolute left-3 top-1/2 -translate-y-1/2 w-5 h-5 text-slate-600"[39m
                [33mfill[39m=[32m"none"[39m
                [33mheight[39m=[32m"24"[39m
                [33mstroke[39m=[32m"currentColor"[39m
                [33mstroke-linecap[39m=[32m"round"[39m
                [33mstroke-linejoin[39m=[32m"round"[39m
                [33mstroke-width[39m=[32m"2"[39m
                [33mviewBox[39m=[32m"0 0 24 24"[39m
                [33mwidth[39m=[32m"24"[39m
                [33mxmlns[39m=[32m"http://www.w3.org/2000/svg"[39m
              [36m>[39m
                [36m<circle[39m
                  [33mcx[39m=[32m"11"[39m
                  [33mcy[39m=[32m"11"[39m
                  [33mr[39m=[32m"8"[39m
                [36m/>[39m
                [36m<path[39m
                  [33md[39m=[32m"m21 21-4.3-4.3"[39m
                [36m/>[39m
              [36m</svg>[39m
              [36m<input[39m
                [33mclass[39m=[32m"w-full pl-10 pr-4 py-2 border border-slate-300 dark:border-slate-600 rounded-xl focus:ring-2 focus:ring-primary-500 focus:border-primary-500 bg-white dark:bg-slate-800 text-slate-900 dark:text-slate-100"[39m
                [33mplaceholder[39m=[32m"Search lessons..."[39m
                [33mtype[39m=[32m"text"[39m
                [33mvalue[39m=[32m""[39m
              [36m/>[39m
            [36m</div>[39m
            [36m<button[39m
              [33mclass[39m=[32m"flex items-center gap-2 px-4 py-2 rounded-xl text-sm font-medium transition-colors border bg-white text-slate-600 border-slate-300 hover:bg-slate-50 dark:bg-slate-800 dark:text-slate-300 dark:border-slate-600 dark:hover:bg-slate-700"[39m
            [36m>[39m
              [36m<svg[39m
                [33mclass[39m=[32m"lucide lucide-bookmark w-4 h-4"[39m
                [33mfill[39m=[32m"none"[39m
                [33mheight[39m=[32m"24"[39m
                [33mstroke[39m=[32m"currentColor"[39m
                [33mstroke-linecap[39m=[32m"round"[39m
                [33mstroke-linejoin[39m=[32m"round"[39m
                [33mstroke-width[39m=[32m"2"[39m
                [33mviewBox[39m=[32m"0 0 24 24"[39m
                [33mwidth[39m=[32m"24"[39m
                [33mxmlns[39m=[32m"http://www.w3.org/2000/svg"[39m
              [36m>[39m
                [36m<path[39m
                  [33md[39m=[32m"m19 21-7-4-7 4V5a2 2 0 0 1 2-2h10a2 2 0 0 1 2 2v16z"[39m
                [36m/>[39m
              [36m</svg>[39m
              [36m<span[39m
                [33mclass[39m=[32m"hidden sm:inline"[39m
              [36m>[39m
                [0mSaved[0m
              [36m</span>[39m
            [36m</button>[39m
            [36m<select[39m
              [33mclass[39m=[32m"px-4 py-2 border border-slate-300 dark:border-slate-600 rounded-xl focus:ring-2 focus:ring-primary-500 focus:border-primary-500 bg-white dark:bg-slate-800 text-slate-900 dark:text-slate-100"[39m
            [36m>[39m
              [36m<option[39m
                [33mvalue[39m=[32m""[39m
              [36m>[39m
                [0mAll Areas[0m
              [36m</option>[39m
              [36m<option[39m
                [33mvalue[39m=[32m"area-1"[39m
              [36m>[39m
                [0mCore[0m
              [36m</option>[39m
              [36m<option[39m
                [33mvalue[39m=[32m"area-2"[39m
              [36m>[39m
                [0mAdvanced[0m
              [36m</option>[39m
            [36m</select>[39m
          [36m</div>[39m
        [36m</div>[39m
        [36m<div[39m
          [33mclass[39m=[32m"space-y-6"[39m
        [36m>[39m
          [36m<div[39m
            [33mclass[39m=[32m"card overflow-hidden"[39m
          [36m>[39m
            [36m<div[39m
              [33mclass[39m=[32m"card-header cursor-pointer hover:bg-slate-50 dark:hover:bg-slate-800/50 transition-colors"[39m
            [36m>[39m
              [36m<div[39m
                [33mclass[39m=[32m"flex items-start justify-between gap-4"[39m
              [36m>[39m
                [36m<div[39m
                  [33mclass[39m=[32m"flex-1"[39m
                [36m>[39m
                  [36m<div[39m
                    [33mclass[39m=[32m"flex items-center gap-2"[39m
                  [36m>[39m
                    [36m<span[39m
                      [33mclass[39m=[32m"inline-flex items-center justify-center w-8 h-8 rounded-lg text-sm font-bold transition-colors"[39m
                      [33mstyle[39m=[32m"background-color: rgba(220, 38, 38, 0.125); color: rgb(220, 38, 38);"[39m
                    [36m>[39m
                      [0mF1[0m
                    [36m</span>[39m
                    [36m<div>[39m
                      [36m<div[39m
                        [33mclass[39m=[32m"flex items-center gap-2"[39m
                      [36m>[39m
                        [36m<h2[39m
                          [33mclass[39m=[32m"font-semibold text-slate-900 dark:text-slate-100"[39m
                        [36m>[39m
                          [0mCore Concepts[0m
                        [36m</h2>[39m
                        [36m<svg[39m
                          [33mclass[39m=[32m"lucide lucide-chevron-right w-4 h-4 text-slate-400"[39m
                          [33mfill[39m=[32m"none"[39m
                          [33mheight[39m=[32m"24"[39m
                          [33mstroke[39m=[32m"currentColor"[39m
                          [33mstroke-linecap[39m=[32m"round"[39m
                          [33mstroke-linejoin[39m=[32m"round"[39m
                          [33mstroke-width[39m=[32m"2"[39m
                          [33mviewBox[39m=[32m"0 0 24 24"[39m
                          [33mwidth[39m=[32m"24"[39m
                          [33mxmlns[39m=[32m"http://www.w3.org/2000/svg"[39m
                        [36m>[39m
                          [36m<path[39m
                            [33md[39m=[32m"m9 18 6-6-6-6"[39m
                          [36m/>[39m
                        [36m</svg>[39m
                      [36m</div>[39m
                      [36m<div[39m
                        [33mclass[39m=[32m"flex items-center gap-3 text-xs text-slate-600 dark:text-slate-300 mt-0.5"[39m
                      [36m>[39m
                        [36m<span>[39m
                          [0m2[0m
                          [0m Lessons[0m
                        [36m</span>[39m
                      [36m</div>[39m
                    [36m</div>[39m
                  [36m</div>[39m
                [36m</div>[39m
                [36m<div[39m
                  [33mclass[39m=[32m"text-right flex items-center gap-3"[39m
                [36m>[39m
                  [36m<div[39m
                    [33mclass[39m=[32m"text-right"[39m
                  [36m>[39m
                    [36m<div[39m
                      [33mclass[39m=[32m"text-lg font-bold text-slate-900 dark:text-slate-100"[39m
                    [36m>[39m
                      [0m0[0m
                      [0m%[0m
                    [36m</div>[39m
                    [36m<div[39m
                      [33mclass[39m=[32m"text-xs text-slate-600 dark:text-slate-300"[39m
                    [36m>[39m
                      [0m0[0m
                      [0m/[0m
                      [0m2[0m
                    [36m</div>[39m
                  [36m</div>[39m
                [36m</div>[39m
              [36m</div>[39m
              [36m<div[39m
                [33mclass[39m=[32m"mt-3 h-2 bg-slate-100 dark:bg-slate-700 rounded-full overflow-hidden"[39m
              [36m>[39m
                [36m<div[39m
                  [33mclass[39m=[32m"h-full rounded-full transition-all duration-500"[39m
                  [33mstyle[39m=[32m"width: 0%; background-color: rgb(220, 38, 38);"[39m
                [36m/>[39m
              [36m</div>[39m
            [36m</div>[39m
          [36m</div>[39m
          [36m<div[39m
            [33mclass[39m=[32m"card overflow-hidden"[39m
          [36m>[39m
            [36m<div[39m
              [33mclass[39m=[32m"card-header cursor-pointer hover:bg-slate-50 dark:hover:bg-slate-800/50 transition-colors"[39m
            [36m>[39m
              [36m<div[39m
                [33mclass[39m=[32m"flex items-start justify-between gap-4"[39m
              [36m>[39m
                [36m<div[39m
                  [33mclass[39m=[32m"flex-1"[39m
                [36m>[39m
                  [36m<div[39m
                    [33mclass[39m=[32m"flex items-center gap-2"[39m
                  [36m>[39m
                    [36m<span[39m
                      [33mclass[39m=[32m"inline-flex items-center justify-center w-8 h-8 rounded-lg text-sm font-bold transition-colors"[39m
                      [33mstyle[39m=[32m"background-color: rgba(220, 38, 38, 0.125); color: rgb(220, 38, 38);"[39m
                    [36m>[39m
                      [0mF2[0m
                    [36m</span>[39m
                    [36m<div>[39m
                      [36m<div[39m
                        [33mclass[39m=[32m"flex items-center gap-2"[39m
                      [36m>[39m
                        [36m<h2[39m
                          [33mclass[39m=[32m"font-semibold text-slate-900 dark:text-slate-100"[39m
                        [36m>[39m
                          [0mAdvanced Topics[0m
                        [36m</h2>[39m
                        [36m<svg[39m
                          [33mclass[39m=[32m"lucide lucide-chevron-right w-4 h-4 text-slate-400"[39m
                          [33mfill[39m=[32m"none"[39m
                          [33mheight[39m=[32m"24"[39m
                          [33mstroke[39m=[32m"currentColor"[39m
                          [33mstroke-linecap[39m=[32m"round"[39m
                          [33mstroke-linejoin[39m=[32m"round"[39m
                          [33mstroke-width[39m=[32m"2"[39m
                          [33mviewBox[39m=[32m"0 0 24 24"[39m
                          [33mwidth[39m=[32m"24"[39m
                          [33mxmlns[39m=[32m"http://www.w3.org/2000/svg"[39m
                        [36m>[39m
                          [36m<path[39m
                            [33md[39m=[32m"m9 18 6-6-6-6"[39m
                          [36m/>[39m
                        [36m</svg>[39m
                      [36m</div>[39m
                      [36m<div[39m
                        [33mclass[39m=[32m"flex items-center gap-3 text-xs text-slate-600 dark:text-slate-300 mt-0.5"[39m
                      [36m>[39m
                        [36m<span>[39m
                          [0m1[0m
                          [0m Lessons[0m
                        [36m</span>[39m
                      [36m</div>[39m
                    [36m</div>[39m
                  [36m</div>[39m
                [36m</div>[39m
                [36m<div[39m
                  [33mclass[39m=[32m"text-right flex items-center gap-3"[39m
                [36m>[39m
                  [36m<div[39m
                    [33mclass[39m=[32m"text-right"[39m
                  [36m>[39m
                    [36m<div[39m
                      [33mclass[39m=[32m"text-lg font-bold text-slate-900 dark:text-slate-100"[39m
                    [36m>[39m
                      [0m0[0m
                      [0m%[0m
                    [36m</div>[39m
                    [36m<div[39m
                      [33mclass[39m=[32m"text-xs text-slate-600 dark:text-slate-300"[39m
                    [36m>[39m
                      [0m0[0m
                      [0m/[0m
                      [0m1[0m
                    [36m</div>[39m
                  [36m</div>[39m
                [36m</div>[39m
              [36m</div>[39m
              [36m<div[39m
                [33mclass[39m=[32m"mt-3 h-2 bg-slate-100 dark:bg-slate-700 rounded-full overflow-hidden"[39m
              [36m>[39m
                [36m<div[39m
                  [33mclass[39m=[32m"h-full rounded-full transition-all duration-500"[39m
                  [33mstyle[39m=[32m"width: 0%; background-color: rgb(220, 38, 38);"[39m
                [36m/>[39m
              [36m</div>[39m
            [36m</div>[39m
          [36m</div>[39m
        [36m</div>[39m
      [36m</div>[39m
    [36m</div>[39m
  [36m</body>[39m
[36m</html>[39m
 ✓ src/test/components/pages/Lessons.test.jsx > Lessons Component > Navigation > renders lesson links
stderr | src/test/components/auth/ForgotPassword.test.jsx > ForgotPassword Component > Form Submission > should handle rate limiting error
Password reset error: { code: 'auth/too-many-requests' }

stderr | src/test/components/auth/ForgotPassword.test.jsx > ForgotPassword Component > Success State > should disable button while submitting
Warning: An update to ForgotPassword inside a test was not wrapped in act(...).

When testing, code that causes React state updates should be wrapped into act(...):

act(() => {
  /* fire events that update state */
});
/* assert on the output */

This ensures that you're testing the behavior the user would see in the browser. Learn more at https://reactjs.org/link/wrap-tests-with-act
    at ForgotPassword (/workspaces/passcpa/src/components/pages/auth/ForgotPassword.tsx:19:51)
    at Router (/workspaces/passcpa/node_modules/react-router/dist/umd/react-router.development.js:1207:17)
    at BrowserRouter (/workspaces/passcpa/node_modules/react-router-dom/dist/umd/react-router-dom.development.js:695:7)
Warning: An update to ForgotPassword inside a test was not wrapped in act(...).

When testing, code that causes React state updates should be wrapped into act(...):

act(() => {
  /* fire events that update state */
});
/* assert on the output */

This ensures that you're testing the behavior the user would see in the browser. Learn more at https://reactjs.org/link/wrap-tests-with-act
    at ForgotPassword (/workspaces/passcpa/src/components/pages/auth/ForgotPassword.tsx:19:51)
    at Router (/workspaces/passcpa/node_modules/react-router/dist/umd/react-router.development.js:1207:17)
    at BrowserRouter (/workspaces/passcpa/node_modules/react-router-dom/dist/umd/react-router-dom.development.js:695:7)

 ✓ src/test/components/auth/ForgotPassword.test.jsx > ForgotPassword Component > Rendering > should render the reset password form
 ✓ src/test/components/auth/ForgotPassword.test.jsx > ForgotPassword Component > Rendering > should render submit button
 ✓ src/test/components/auth/ForgotPassword.test.jsx > ForgotPassword Component > Rendering > should render back to sign in link
 ✓ src/test/components/auth/ForgotPassword.test.jsx > ForgotPassword Component > Form Interaction > should update email input on change
 ✓ src/test/components/auth/ForgotPassword.test.jsx > ForgotPassword Component > Form Submission > should call resetPassword with email on submit
 ✓ src/test/components/auth/ForgotPassword.test.jsx > ForgotPassword Component > Form Submission > should call resetPassword even for non-existent email
 ✓ src/test/components/auth/ForgotPassword.test.jsx > ForgotPassword Component > Form Submission > should handle invalid email error
 ✓ src/test/components/auth/ForgotPassword.test.jsx > ForgotPassword Component > Form Submission > should handle rate limiting error
 ✓ src/test/components/auth/ForgotPassword.test.jsx > ForgotPassword Component > Success State > should call resetPassword on form submission
 ✓ src/test/components/auth/ForgotPassword.test.jsx > ForgotPassword Component > Success State > should disable button while submitting
 ✓ src/test/components/Settings.test.jsx > Settings > Module Import > can import Settings component
 ✓ src/test/components/Settings.test.jsx > Settings > Settings Configuration > has correct exam section options
 ✓ src/test/components/Settings.test.jsx > Settings > Settings Configuration > has daily goal presets
 ✓ src/test/components/Settings.test.jsx > Settings > Settings Services > offlineCache mock returns expected values
 ✓ src/test/components/Settings.test.jsx > Settings > Settings Services > pushNotifications mock returns expected values
stderr | src/test/components/common/Toast.test.jsx > Toast Components > useToast > can show multiple toasts
Warning: Encountered two children with the same key, `1773075239369`. Keys should be unique so that components maintain their identity across updates. Non-unique keys may cause children to be duplicated and/or omitted — the behavior is unsupported and could change in a future version.
    at div
    at ToastProvider (/workspaces/passcpa/src/components/common/Toast.tsx:89:26)
Warning: Encountered two children with the same key, `1773075239369`. Keys should be unique so that components maintain their identity across updates. Non-unique keys may cause children to be duplicated and/or omitted — the behavior is unsupported and could change in a future version.
    at div
    at ToastProvider (/workspaces/passcpa/src/components/common/Toast.tsx:89:26)

 ✓ src/test/components/common/Toast.test.jsx > Toast Components > ToastProvider > renders children
 ✓ src/test/components/common/Toast.test.jsx > Toast Components > useToast > throws error when used outside provider
 ✓ src/test/components/common/Toast.test.jsx > Toast Components > useToast > shows success toast
 ✓ src/test/components/common/Toast.test.jsx > Toast Components > useToast > shows error toast
 ✓ src/test/components/common/Toast.test.jsx > Toast Components > useToast > shows warning toast
 ✓ src/test/components/common/Toast.test.jsx > Toast Components > useToast > shows info toast
 ✓ src/test/components/common/Toast.test.jsx > Toast Components > useToast > shows toast with show method
 ✓ src/test/components/common/Toast.test.jsx > Toast Components > useToast > removes toast after duration
 ✓ src/test/components/common/Toast.test.jsx > Toast Components > useToast > can dismiss toast by clicking X
 ✓ src/test/components/common/Toast.test.jsx > Toast Components > useToast > can show multiple toasts
 ✓ src/test/components/common/Toast.test.jsx > Toast Components > useToast > returns toast id from show methods
 ✓ src/test/utils/confetti.quality.test.ts > Confetti Utilities - Quality Tests > celebrateAchievement > fires initial center burst
 ✓ src/test/utils/confetti.quality.test.ts > Confetti Utilities - Quality Tests > celebrateAchievement > fires left burst after 150ms
 ✓ src/test/utils/confetti.quality.test.ts > Confetti Utilities - Quality Tests > celebrateAchievement > fires right burst after 300ms
 ✓ src/test/utils/confetti.quality.test.ts > Confetti Utilities - Quality Tests > celebrateAchievement > fires all three bursts in sequence
 ✓ src/test/utils/confetti.quality.test.ts > Confetti Utilities - Quality Tests > celebrateAchievement > uses correct brand colors
 ✓ src/test/utils/confetti.quality.test.ts > Confetti Utilities - Quality Tests > celebrateAchievement > does not throw when called multiple times
 ✓ src/test/utils/confetti.quality.test.ts > Confetti Utilities - Quality Tests > celebrateStreak > scales intensity with streak count
 ✓ src/test/utils/confetti.quality.test.ts > Confetti Utilities - Quality Tests > celebrateStreak > caps intensity at 80 particles
 ✓ src/test/utils/confetti.quality.test.ts > Confetti Utilities - Quality Tests > celebrateStreak > handles zero streak
 ✓ src/test/utils/confetti.quality.test.ts > Confetti Utilities - Quality Tests > celebrateStreak > handles negative streak gracefully
 ✓ src/test/utils/confetti.quality.test.ts > Confetti Utilities - Quality Tests > celebrateStreak > uses success colors (green and purple)
 ✓ src/test/utils/confetti.quality.test.ts > Confetti Utilities - Quality Tests > celebrateStreak > uses smaller scalar than achievement
 ✓ src/test/utils/confetti.quality.test.ts > Confetti Utilities - Quality Tests > celebrateCompletion > starts animation frame loop
 ✓ src/test/utils/confetti.quality.test.ts > Confetti Utilities - Quality Tests > celebrateCompletion > fires confetti from both sides
stderr | src/test/components/pages/Achievements.test.jsx > Achievements Component > Rendering > renders the achievements page
⚠️ React Router Future Flag Warning: React Router will begin wrapping state updates in `React.startTransition` in v7. You can use the `v7_startTransition` future flag to opt-in early. For more information, see https://reactrouter.com/v6/upgrading/future#v7_starttransition.
⚠️ React Router Future Flag Warning: Relative route resolution within Splat routes is changing in v7. You can use the `v7_relativeSplatPath` future flag to opt-in early. For more information, see https://reactrouter.com/v6/upgrading/future#v7_relativesplatpath.

 ✓ src/test/components/pages/Achievements.test.jsx > Achievements Component > Rendering > renders the achievements page
 ✓ src/test/components/pages/Achievements.test.jsx > Achievements Component > Rendering > displays category filters
 ✓ src/test/components/pages/Achievements.test.jsx > Achievements Component > Rendering > shows achievement cards
 ✓ src/test/components/pages/Achievements.test.jsx > Achievements Component > Rendering > shows streak achievements
 ✓ src/test/components/pages/Achievements.test.jsx > Achievements Component > Interactions > filters achievements by category
 ✓ src/test/components/pages/Achievements.test.jsx > Achievements Component > Achievement Progress > shows progress for achievements
 ✓ src/test/components/pages/Achievements.test.jsx > Achievements Component > Achievement Progress > marks unlocked achievements
stderr | src/test/components/pages/Flashcards.test.jsx > Flashcards Page > Loading State > shows loading indicator initially
⚠️ React Router Future Flag Warning: React Router will begin wrapping state updates in `React.startTransition` in v7. You can use the `v7_startTransition` future flag to opt-in early. For more information, see https://reactrouter.com/v6/upgrading/future#v7_starttransition.
⚠️ React Router Future Flag Warning: Relative route resolution within Splat routes is changing in v7. You can use the `v7_relativeSplatPath` future flag to opt-in early. For more information, see https://reactrouter.com/v6/upgrading/future#v7_relativesplatpath.

 ✓ src/test/components/pages/Flashcards.test.jsx > Flashcards Page > Loading State > shows loading indicator initially
 ✓ src/test/components/pages/Flashcards.test.jsx > Flashcards Page > Flashcard Display > renders flashcard interface
 ✓ src/test/components/pages/Flashcards.test.jsx > Flashcards Page > Flashcard Display > shows card navigation controls
 ✓ src/test/components/pages/Flashcards.test.jsx > Flashcards Page > Flashcard Display > displays loading or cards
 ✓ src/test/components/pages/Flashcards.test.jsx > Flashcards Page > Navigation > has navigation structure
 ✓ src/test/components/pages/Flashcards.test.jsx > Flashcards Page > Interface > renders component
 ✓ src/test/components/common/ErrorBoundary.test.jsx > ErrorBoundary Component > Normal Rendering > renders children when no error
 ✓ src/test/components/common/ErrorBoundary.test.jsx > ErrorBoundary Component > Normal Rendering > does not show error UI when children render successfully
 ✓ src/test/components/common/ErrorBoundary.test.jsx > ErrorBoundary Component > Error Handling > catches errors and shows fallback UI
 ✓ src/test/components/common/ErrorBoundary.test.jsx > ErrorBoundary Component > Error Handling > logs error to console
 ✓ src/test/components/common/ErrorBoundary.test.jsx > ErrorBoundary Component > Error Handling > shows reload button
 ✓ src/test/components/common/ErrorBoundary.test.jsx > ErrorBoundary Component > Error Handling > shows home button
 ✓ src/test/components/common/ErrorBoundary.test.jsx > ErrorBoundary Component > Variants > renders page variant by default
 ✓ src/test/components/common/ErrorBoundary.test.jsx > ErrorBoundary Component > Variants > renders inline variant with compact styling
 ✓ src/test/components/common/ErrorBoundary.test.jsx > ErrorBoundary Component > Recovery Actions > has clickable reload button
 ✓ src/test/components/common/ErrorBoundary.test.jsx > ErrorBoundary Component > Analytics Integration > reports error to gtag when available
 ✓ src/test/data/lessons.test.js > Lessons Data > LESSONS object > should have prep lessons
 ✓ src/test/data/lessons.test.js > Lessons Data > LESSONS object > should have FAR lessons
 ✓ src/test/data/lessons.test.js > Lessons Data > LESSONS object > should have AUD lessons
 ✓ src/test/data/lessons.test.js > Lessons Data > LESSONS object > should have REG lessons
 ✓ src/test/data/lessons.test.js > Lessons Data > LESSONS object > should have BAR lessons
 ✓ src/test/data/lessons.test.js > Lessons Data > LESSONS object > should have ISC lessons
 ✓ src/test/data/lessons.test.js > Lessons Data > LESSONS object > should have TCP lessons
 ✓ src/test/data/lessons.test.js > Lessons Data > getAllLessons > should return an array
 ✓ src/test/data/lessons.test.js > Lessons Data > getAllLessons > should return non-empty array
 ✓ src/test/data/lessons.test.js > Lessons Data > getAllLessons > should contain lessons from multiple sections
 ✓ src/test/data/lessons.test.js > Lessons Data > Lesson structure > each lesson should have required fields
 ✓ src/test/data/lessons.test.js > Lessons Data > Lesson structure > each lesson should have content or sections
 ✓ src/test/data/lessons.test.js > Lessons Data > Section-specific lessons > FAR lessons should relate to financial accounting
 ✓ src/test/data/lessons.test.js > Lessons Data > Section-specific lessons > AUD lessons should relate to auditing
 ✓ src/test/data/lessons.test.js > Lessons Data > Section-specific lessons > REG lessons should relate to regulation/tax
stdout | Object.log (/workspaces/passcpa/src/utils/logger.ts:8:24)
Blueprint Configuration loaded.
Current Blueprint: 2025
Days until 2026 Blueprint: 114

 ✓ src/test/components/pages/BlueprintSelector.test.tsx > BlueprintSelector > ExamDateSelector > renders the date selector
 ✓ src/test/components/pages/BlueprintSelector.test.tsx > BlueprintSelector > ExamDateSelector > renders exam date input label
 ✓ src/test/components/pages/BlueprintSelector.test.tsx > BlueprintSelector > ExamDateSelector > renders date input field
 ✓ src/test/components/pages/BlueprintSelector.test.tsx > BlueprintSelector > ExamDateSelector > renders description text
 ✓ src/test/components/pages/BlueprintSelector.test.tsx > BlueprintSelector > ExamDateSelector > calls onDateSelected when date changes
 ✓ src/test/components/pages/BlueprintSelector.test.tsx > BlueprintSelector > ExamDateSelector > determines 2025 blueprint for date before July 2026
 ✓ src/test/components/pages/BlueprintSelector.test.tsx > BlueprintSelector > ExamDateSelector > determines 2026 blueprint for date on or after July 2026
 ✓ src/test/components/pages/BlueprintSelector.test.tsx > BlueprintSelector > ExamDateSelector > accepts initial date prop
 ✓ src/test/components/pages/BlueprintSelector.test.tsx > BlueprintSelector > ExamDateSelector > renders with proper container styling
 ✓ src/test/components/pages/BlueprintSelector.test.tsx > BlueprintSelector > ExamDateSelector > shows blueprint indicator after date selection
 ✓ src/test/components/pages/BlueprintSelector.test.tsx > BlueprintSelector > BlueprintSelector module exports > exports ExamDateSelector component
stdout | Object.log (/workspaces/passcpa/src/utils/logger.ts:8:24)
VoraPrep Lesson Matrix loaded.
Total Lessons: 303
OBBBA-Affected Lessons: 31
Lessons with Blueprint Differences: 17
Total Study Hours: ~228 hours

 ✓ src/test/data/lessonMatrix.test.js > Lesson Matrix Data > Blueprint Areas > has FAR areas defined
 ✓ src/test/data/lessonMatrix.test.js > Lesson Matrix Data > Blueprint Areas > has AUD areas defined
 ✓ src/test/data/lessonMatrix.test.js > Lesson Matrix Data > Blueprint Areas > has REG areas defined
 ✓ src/test/data/lessonMatrix.test.js > Lesson Matrix Data > Blueprint Areas > has BAR areas defined
 ✓ src/test/data/lessonMatrix.test.js > Lesson Matrix Data > Blueprint Areas > has ISC areas defined
 ✓ src/test/data/lessonMatrix.test.js > Lesson Matrix Data > Blueprint Areas > has TCP areas defined
 ✓ src/test/data/lessonMatrix.test.js > Lesson Matrix Data > Blueprint Areas > FAR areas have required properties
 ✓ src/test/data/lessonMatrix.test.js > Lesson Matrix Data > Blueprint Areas > all areas have weight property
 ✓ src/test/data/lessonMatrix.test.js > Lesson Matrix Data > Lesson Matrix > has lessons defined
 ✓ src/test/data/lessonMatrix.test.js > Lesson Matrix Data > Lesson Matrix > lessons have required properties
 ✓ src/test/data/lessonMatrix.test.js > Lesson Matrix Data > Lesson Matrix > has lessons for multiple sections
 ✓ src/test/data/lessonMatrix.test.js > Lesson Matrix Data > Lesson Matrix > has FAR section lessons
 ✓ src/test/data/lessonMatrix.test.js > Lesson Matrix Data > Lesson Matrix > has REG section lessons
 ✓ src/test/data/lessonMatrix.test.js > Lesson Matrix Data > Lesson Matrix > has AUD section lessons
 ✓ src/test/data/lessonMatrix.test.js > Lesson Matrix Data > Lesson Matrix > skill levels are valid values
 ✓ src/test/data/lessonMatrix.test.js > Lesson Matrix Data > Lesson Matrix > lesson IDs are unique
 ✓ src/test/data/lessonMatrix.test.js > Lesson Matrix Data > Lesson Matrix > has OBBBA affected lessons
 ✓ src/test/data/lessonMatrix.test.js > Lesson Matrix Data > Lesson Matrix > lessons have positive duration
stderr | src/test/services/aiService.test.js > AI Service > generateAIResponse > should return fallback response when no API key
[AI Service] generateAIResponse called without courseId! Defaulting to CPA. Please fix the calling code.
AI Service Error: TypeError: Cannot read properties of undefined (reading 'ok')
    at Module.generateAIResponse (/workspaces/passcpa/src/services/aiService.ts:555:21)
    at processTicksAndRejections (node:internal/process/task_queues:103:5)
    at /workspaces/passcpa/src/test/services/aiService.test.js:22:22
    at runTest (file:///workspaces/passcpa/node_modules/@vitest/runner/dist/index.js:781:11)
    at runSuite (file:///workspaces/passcpa/node_modules/@vitest/runner/dist/index.js:909:15)
    at runSuite (file:///workspaces/passcpa/node_modules/@vitest/runner/dist/index.js:909:15)
    at runSuite (file:///workspaces/passcpa/node_modules/@vitest/runner/dist/index.js:909:15)
    at runFiles (file:///workspaces/passcpa/node_modules/@vitest/runner/dist/index.js:958:5)
    at startTests (file:///workspaces/passcpa/node_modules/@vitest/runner/dist/index.js:967:3)
    at file:///workspaces/passcpa/node_modules/vitest/dist/chunks/runtime-runBaseTests.oAvMKtQC.js:116:7

stderr | src/test/services/aiService.test.js > AI Service > generateAIResponse > should handle depreciation questions with fallback
[AI Service] generateAIResponse called without courseId! Defaulting to CPA. Please fix the calling code.
AI Service Error: TypeError: Cannot read properties of undefined (reading 'ok')
    at Module.generateAIResponse (/workspaces/passcpa/src/services/aiService.ts:555:21)
    at processTicksAndRejections (node:internal/process/task_queues:103:5)
    at /workspaces/passcpa/src/test/services/aiService.test.js:30:22
    at runTest (file:///workspaces/passcpa/node_modules/@vitest/runner/dist/index.js:781:11)
    at runSuite (file:///workspaces/passcpa/node_modules/@vitest/runner/dist/index.js:909:15)
    at runSuite (file:///workspaces/passcpa/node_modules/@vitest/runner/dist/index.js:909:15)
    at runSuite (file:///workspaces/passcpa/node_modules/@vitest/runner/dist/index.js:909:15)
    at runFiles (file:///workspaces/passcpa/node_modules/@vitest/runner/dist/index.js:958:5)
    at startTests (file:///workspaces/passcpa/node_modules/@vitest/runner/dist/index.js:967:3)
    at file:///workspaces/passcpa/node_modules/vitest/dist/chunks/runtime-runBaseTests.oAvMKtQC.js:116:7

stderr | src/test/services/aiService.test.js > AI Service > generateAIResponse > should handle basis questions with fallback
[AI Service] generateAIResponse called without courseId! Defaulting to CPA. Please fix the calling code.
AI Service Error: TypeError: Cannot read properties of undefined (reading 'ok')
    at Module.generateAIResponse (/workspaces/passcpa/src/services/aiService.ts:555:21)
    at processTicksAndRejections (node:internal/process/task_queues:103:5)
    at /workspaces/passcpa/src/test/services/aiService.test.js:37:22
    at runTest (file:///workspaces/passcpa/node_modules/@vitest/runner/dist/index.js:781:11)
    at runSuite (file:///workspaces/passcpa/node_modules/@vitest/runner/dist/index.js:909:15)
    at runSuite (file:///workspaces/passcpa/node_modules/@vitest/runner/dist/index.js:909:15)
    at runSuite (file:///workspaces/passcpa/node_modules/@vitest/runner/dist/index.js:909:15)
    at runFiles (file:///workspaces/passcpa/node_modules/@vitest/runner/dist/index.js:958:5)
    at startTests (file:///workspaces/passcpa/node_modules/@vitest/runner/dist/index.js:967:3)
    at file:///workspaces/passcpa/node_modules/vitest/dist/chunks/runtime-runBaseTests.oAvMKtQC.js:116:7

stderr | src/test/services/aiService.test.js > AI Service > generateAIResponse > should handle like-kind exchange questions
[AI Service] generateAIResponse called without courseId! Defaulting to CPA. Please fix the calling code.
AI Service Error: TypeError: Cannot read properties of undefined (reading 'ok')
    at Module.generateAIResponse (/workspaces/passcpa/src/services/aiService.ts:555:21)
    at processTicksAndRejections (node:internal/process/task_queues:103:5)
    at /workspaces/passcpa/src/test/services/aiService.test.js:44:22
    at runTest (file:///workspaces/passcpa/node_modules/@vitest/runner/dist/index.js:781:11)
    at runSuite (file:///workspaces/passcpa/node_modules/@vitest/runner/dist/index.js:909:15)
    at runSuite (file:///workspaces/passcpa/node_modules/@vitest/runner/dist/index.js:909:15)
    at runSuite (file:///workspaces/passcpa/node_modules/@vitest/runner/dist/index.js:909:15)
    at runFiles (file:///workspaces/passcpa/node_modules/@vitest/runner/dist/index.js:958:5)
    at startTests (file:///workspaces/passcpa/node_modules/@vitest/runner/dist/index.js:967:3)
    at file:///workspaces/passcpa/node_modules/vitest/dist/chunks/runtime-runBaseTests.oAvMKtQC.js:116:7

stderr | src/test/services/aiService.test.js > AI Service > generateAIResponse > should handle S corp questions
[AI Service] generateAIResponse called without courseId! Defaulting to CPA. Please fix the calling code.
AI Service Error: TypeError: Cannot read properties of undefined (reading 'ok')
    at Module.generateAIResponse (/workspaces/passcpa/src/services/aiService.ts:555:21)
    at processTicksAndRejections (node:internal/process/task_queues:103:5)
    at /workspaces/passcpa/src/test/services/aiService.test.js:51:22
    at runTest (file:///workspaces/passcpa/node_modules/@vitest/runner/dist/index.js:781:11)
    at runSuite (file:///workspaces/passcpa/node_modules/@vitest/runner/dist/index.js:909:15)
    at runSuite (file:///workspaces/passcpa/node_modules/@vitest/runner/dist/index.js:909:15)
    at runSuite (file:///workspaces/passcpa/node_modules/@vitest/runner/dist/index.js:909:15)
    at runFiles (file:///workspaces/passcpa/node_modules/@vitest/runner/dist/index.js:958:5)
    at startTests (file:///workspaces/passcpa/node_modules/@vitest/runner/dist/index.js:967:3)
    at file:///workspaces/passcpa/node_modules/vitest/dist/chunks/runtime-runBaseTests.oAvMKtQC.js:116:7

stderr | src/test/services/aiService.test.js > AI Service > generateAIResponse > should handle lease questions
[AI Service] generateAIResponse called without courseId! Defaulting to CPA. Please fix the calling code.
AI Service Error: TypeError: Cannot read properties of undefined (reading 'ok')
    at Module.generateAIResponse (/workspaces/passcpa/src/services/aiService.ts:555:21)
    at processTicksAndRejections (node:internal/process/task_queues:103:5)
    at /workspaces/passcpa/src/test/services/aiService.test.js:58:22
    at runTest (file:///workspaces/passcpa/node_modules/@vitest/runner/dist/index.js:781:11)
    at runSuite (file:///workspaces/passcpa/node_modules/@vitest/runner/dist/index.js:909:15)
    at runSuite (file:///workspaces/passcpa/node_modules/@vitest/runner/dist/index.js:909:15)
    at runSuite (file:///workspaces/passcpa/node_modules/@vitest/runner/dist/index.js:909:15)
    at runFiles (file:///workspaces/passcpa/node_modules/@vitest/runner/dist/index.js:958:5)
    at startTests (file:///workspaces/passcpa/node_modules/@vitest/runner/dist/index.js:967:3)
    at file:///workspaces/passcpa/node_modules/vitest/dist/chunks/runtime-runBaseTests.oAvMKtQC.js:116:7

stderr | src/test/services/aiService.test.js > AI Service > generateAIResponse > should handle capital gain questions
[AI Service] generateAIResponse called without courseId! Defaulting to CPA. Please fix the calling code.
AI Service Error: TypeError: Cannot read properties of undefined (reading 'ok')
    at Module.generateAIResponse (/workspaces/passcpa/src/services/aiService.ts:555:21)
    at processTicksAndRejections (node:internal/process/task_queues:103:5)
    at /workspaces/passcpa/src/test/services/aiService.test.js:65:22
    at runTest (file:///workspaces/passcpa/node_modules/@vitest/runner/dist/index.js:781:11)
    at runSuite (file:///workspaces/passcpa/node_modules/@vitest/runner/dist/index.js:909:15)
    at runSuite (file:///workspaces/passcpa/node_modules/@vitest/runner/dist/index.js:909:15)
    at runSuite (file:///workspaces/passcpa/node_modules/@vitest/runner/dist/index.js:909:15)
    at runFiles (file:///workspaces/passcpa/node_modules/@vitest/runner/dist/index.js:958:5)
    at startTests (file:///workspaces/passcpa/node_modules/@vitest/runner/dist/index.js:967:3)
    at file:///workspaces/passcpa/node_modules/vitest/dist/chunks/runtime-runBaseTests.oAvMKtQC.js:116:7

stderr | src/test/services/aiService.test.js > AI Service > generateAIResponse > should provide generic response for unknown topics
[AI Service] generateAIResponse called without courseId! Defaulting to CPA. Please fix the calling code.
AI Service Error: TypeError: Cannot read properties of undefined (reading 'ok')
    at Module.generateAIResponse (/workspaces/passcpa/src/services/aiService.ts:555:21)
    at processTicksAndRejections (node:internal/process/task_queues:103:5)
    at /workspaces/passcpa/src/test/services/aiService.test.js:72:22
    at runTest (file:///workspaces/passcpa/node_modules/@vitest/runner/dist/index.js:781:11)
    at runSuite (file:///workspaces/passcpa/node_modules/@vitest/runner/dist/index.js:909:15)
    at runSuite (file:///workspaces/passcpa/node_modules/@vitest/runner/dist/index.js:909:15)
    at runSuite (file:///workspaces/passcpa/node_modules/@vitest/runner/dist/index.js:909:15)
    at runFiles (file:///workspaces/passcpa/node_modules/@vitest/runner/dist/index.js:958:5)
    at startTests (file:///workspaces/passcpa/node_modules/@vitest/runner/dist/index.js:967:3)
    at file:///workspaces/passcpa/node_modules/vitest/dist/chunks/runtime-runBaseTests.oAvMKtQC.js:116:7

stderr | src/test/services/aiService.test.js > AI Service > generateAIResponse > should work with different modes
[AI Service] generateAIResponse called without courseId! Defaulting to CPA. Please fix the calling code.
AI Service Error: TypeError: Cannot read properties of undefined (reading 'ok')
    at Module.generateAIResponse (/workspaces/passcpa/src/services/aiService.ts:555:21)
    at processTicksAndRejections (node:internal/process/task_queues:103:5)
    at /workspaces/passcpa/src/test/services/aiService.test.js:79:29
    at runTest (file:///workspaces/passcpa/node_modules/@vitest/runner/dist/index.js:781:11)
    at runSuite (file:///workspaces/passcpa/node_modules/@vitest/runner/dist/index.js:909:15)
    at runSuite (file:///workspaces/passcpa/node_modules/@vitest/runner/dist/index.js:909:15)
    at runSuite (file:///workspaces/passcpa/node_modules/@vitest/runner/dist/index.js:909:15)
    at runFiles (file:///workspaces/passcpa/node_modules/@vitest/runner/dist/index.js:958:5)
    at startTests (file:///workspaces/passcpa/node_modules/@vitest/runner/dist/index.js:967:3)
    at file:///workspaces/passcpa/node_modules/vitest/dist/chunks/runtime-runBaseTests.oAvMKtQC.js:116:7
[AI Service] generateAIResponse called without courseId! Defaulting to CPA. Please fix the calling code.
AI Service Error: TypeError: Cannot read properties of undefined (reading 'ok')
    at Module.generateAIResponse (/workspaces/passcpa/src/services/aiService.ts:555:21)
    at processTicksAndRejections (node:internal/process/task_queues:103:5)
    at /workspaces/passcpa/src/test/services/aiService.test.js:80:26
    at runTest (file:///workspaces/passcpa/node_modules/@vitest/runner/dist/index.js:781:11)
    at runSuite (file:///workspaces/passcpa/node_modules/@vitest/runner/dist/index.js:909:15)
    at runSuite (file:///workspaces/passcpa/node_modules/@vitest/runner/dist/index.js:909:15)
    at runSuite (file:///workspaces/passcpa/node_modules/@vitest/runner/dist/index.js:909:15)
    at runFiles (file:///workspaces/passcpa/node_modules/@vitest/runner/dist/index.js:958:5)
    at startTests (file:///workspaces/passcpa/node_modules/@vitest/runner/dist/index.js:967:3)
    at file:///workspaces/passcpa/node_modules/vitest/dist/chunks/runtime-runBaseTests.oAvMKtQC.js:116:7
[AI Service] generateAIResponse called without courseId! Defaulting to CPA. Please fix the calling code.
AI Service Error: TypeError: Cannot read properties of undefined (reading 'ok')
    at Module.generateAIResponse (/workspaces/passcpa/src/services/aiService.ts:555:21)
    at processTicksAndRejections (node:internal/process/task_queues:103:5)
    at /workspaces/passcpa/src/test/services/aiService.test.js:81:30
    at runTest (file:///workspaces/passcpa/node_modules/@vitest/runner/dist/index.js:781:11)
    at runSuite (file:///workspaces/passcpa/node_modules/@vitest/runner/dist/index.js:909:15)
    at runSuite (file:///workspaces/passcpa/node_modules/@vitest/runner/dist/index.js:909:15)
    at runSuite (file:///workspaces/passcpa/node_modules/@vitest/runner/dist/index.js:909:15)
    at runFiles (file:///workspaces/passcpa/node_modules/@vitest/runner/dist/index.js:958:5)
    at startTests (file:///workspaces/passcpa/node_modules/@vitest/runner/dist/index.js:967:3)
    at file:///workspaces/passcpa/node_modules/vitest/dist/chunks/runtime-runBaseTests.oAvMKtQC.js:116:7

stderr | src/test/services/aiService.test.js > AI Service > generateAIResponse > should accept weak areas parameter
[AI Service] generateAIResponse called without courseId! Defaulting to CPA. Please fix the calling code.
AI Service Error: TypeError: Cannot read properties of undefined (reading 'ok')
    at Module.generateAIResponse (/workspaces/passcpa/src/services/aiService.ts:555:21)
    at processTicksAndRejections (node:internal/process/task_queues:103:5)
    at /workspaces/passcpa/src/test/services/aiService.test.js:90:22
    at runTest (file:///workspaces/passcpa/node_modules/@vitest/runner/dist/index.js:781:11)
    at runSuite (file:///workspaces/passcpa/node_modules/@vitest/runner/dist/index.js:909:15)
    at runSuite (file:///workspaces/passcpa/node_modules/@vitest/runner/dist/index.js:909:15)
    at runSuite (file:///workspaces/passcpa/node_modules/@vitest/runner/dist/index.js:909:15)
    at runFiles (file:///workspaces/passcpa/node_modules/@vitest/runner/dist/index.js:958:5)
    at startTests (file:///workspaces/passcpa/node_modules/@vitest/runner/dist/index.js:967:3)
    at file:///workspaces/passcpa/node_modules/vitest/dist/chunks/runtime-runBaseTests.oAvMKtQC.js:116:7

stderr | src/test/services/aiService.test.js > AI Service > generateAIResponse > should accept section parameter
[AI Service] generateAIResponse called without courseId! Defaulting to CPA. Please fix the calling code.
AI Service Error: TypeError: Cannot read properties of undefined (reading 'ok')
    at Module.generateAIResponse (/workspaces/passcpa/src/services/aiService.ts:555:21)
    at processTicksAndRejections (node:internal/process/task_queues:103:5)
    at /workspaces/passcpa/src/test/services/aiService.test.js:96:22
    at runTest (file:///workspaces/passcpa/node_modules/@vitest/runner/dist/index.js:781:11)
    at runSuite (file:///workspaces/passcpa/node_modules/@vitest/runner/dist/index.js:909:15)
    at runSuite (file:///workspaces/passcpa/node_modules/@vitest/runner/dist/index.js:909:15)
    at runSuite (file:///workspaces/passcpa/node_modules/@vitest/runner/dist/index.js:909:15)
    at runFiles (file:///workspaces/passcpa/node_modules/@vitest/runner/dist/index.js:958:5)
    at startTests (file:///workspaces/passcpa/node_modules/@vitest/runner/dist/index.js:967:3)
    at file:///workspaces/passcpa/node_modules/vitest/dist/chunks/runtime-runBaseTests.oAvMKtQC.js:116:7

stderr | src/test/services/aiService.test.js > AI Service > generateAIResponse > should accept conversation history
[AI Service] generateAIResponse called without courseId! Defaulting to CPA. Please fix the calling code.
AI Service Error: TypeError: Cannot read properties of undefined (reading 'ok')
    at Module.generateAIResponse (/workspaces/passcpa/src/services/aiService.ts:555:21)
    at processTicksAndRejections (node:internal/process/task_queues:103:5)
    at /workspaces/passcpa/src/test/services/aiService.test.js:106:22
    at runTest (file:///workspaces/passcpa/node_modules/@vitest/runner/dist/index.js:781:11)
    at runSuite (file:///workspaces/passcpa/node_modules/@vitest/runner/dist/index.js:909:15)
    at runSuite (file:///workspaces/passcpa/node_modules/@vitest/runner/dist/index.js:909:15)
    at runSuite (file:///workspaces/passcpa/node_modules/@vitest/runner/dist/index.js:909:15)
    at runFiles (file:///workspaces/passcpa/node_modules/@vitest/runner/dist/index.js:958:5)
    at startTests (file:///workspaces/passcpa/node_modules/@vitest/runner/dist/index.js:967:3)
    at file:///workspaces/passcpa/node_modules/vitest/dist/chunks/runtime-runBaseTests.oAvMKtQC.js:116:7

 ✓ src/test/services/aiService.test.js > AI Service > generateAIResponse > should return fallback response when no API key
 ✓ src/test/services/aiService.test.js > AI Service > generateAIResponse > should handle depreciation questions with fallback
 ✓ src/test/services/aiService.test.js > AI Service > generateAIResponse > should handle basis questions with fallback
 ✓ src/test/services/aiService.test.js > AI Service > generateAIResponse > should handle like-kind exchange questions
 ✓ src/test/services/aiService.test.js > AI Service > generateAIResponse > should handle S corp questions
 ✓ src/test/services/aiService.test.js > AI Service > generateAIResponse > should handle lease questions
 ✓ src/test/services/aiService.test.js > AI Service > generateAIResponse > should handle capital gain questions
 ✓ src/test/services/aiService.test.js > AI Service > generateAIResponse > should provide generic response for unknown topics
 ✓ src/test/services/aiService.test.js > AI Service > generateAIResponse > should work with different modes
 ✓ src/test/services/aiService.test.js > AI Service > generateAIResponse > should accept weak areas parameter
 ✓ src/test/services/aiService.test.js > AI Service > generateAIResponse > should accept section parameter
 ✓ src/test/services/aiService.test.js > AI Service > generateAIResponse > should accept conversation history
stderr | src/test/components/pages/Onboarding.test.jsx > Onboarding Component > Rendering > renders the onboarding page
⚠️ React Router Future Flag Warning: React Router will begin wrapping state updates in `React.startTransition` in v7. You can use the `v7_startTransition` future flag to opt-in early. For more information, see https://reactrouter.com/v6/upgrading/future#v7_starttransition.
⚠️ React Router Future Flag Warning: Relative route resolution within Splat routes is changing in v7. You can use the `v7_relativeSplatPath` future flag to opt-in early. For more information, see https://reactrouter.com/v6/upgrading/future#v7_relativesplatpath.

 ✓ src/test/components/pages/Onboarding.test.jsx > Onboarding Component > Rendering > renders the onboarding page
 ✓ src/test/components/pages/Onboarding.test.jsx > Onboarding Component > Rendering > shows navigation button
 ✓ src/test/components/pages/Onboarding.test.jsx > Onboarding Component > Content > displays step content
 ✓ src/test/components/pages/Onboarding.test.jsx > Onboarding Component > Content > shows exam section options or welcome text
 ✓ src/test/components/pages/Onboarding.test.jsx > Onboarding Component > Navigation > has navigation buttons
 ✓ src/test/components/pages/Onboarding.test.jsx > Onboarding Component > Navigation > allows clicking navigation buttons
 ✓ src/test/components/common/PageLoader.test.jsx > PageLoader Components > PageLoader > renders page skeleton with animation
 ✓ src/test/components/common/PageLoader.test.jsx > PageLoader Components > PageLoader > renders header skeleton
 ✓ src/test/components/common/PageLoader.test.jsx > PageLoader Components > PageLoader > renders card skeletons
 ✓ src/test/components/common/PageLoader.test.jsx > PageLoader Components > PageLoader > applies custom className
 ✓ src/test/components/common/PageLoader.test.jsx > PageLoader Components > SpinnerLoader > renders spinner with default size
 ✓ src/test/components/common/PageLoader.test.jsx > PageLoader Components > SpinnerLoader > renders small spinner
 ✓ src/test/components/common/PageLoader.test.jsx > PageLoader Components > SpinnerLoader > renders medium spinner
 ✓ src/test/components/common/PageLoader.test.jsx > PageLoader Components > SpinnerLoader > renders large spinner
 ✓ src/test/components/common/PageLoader.test.jsx > PageLoader Components > SpinnerLoader > applies custom className
 ✓ src/test/components/common/PageLoader.test.jsx > PageLoader Components > FullPageLoader > renders full page loader
 ✓ src/test/components/common/PageLoader.test.jsx > PageLoader Components > FullPageLoader > displays loading text
 ✓ src/test/components/common/PageLoader.test.jsx > PageLoader Components > FullPageLoader > has spinner animation
 ✓ src/test/components/common/PageLoader.test.jsx > PageLoader Components > CardLoader > renders default 3 rows
 ✓ src/test/components/common/PageLoader.test.jsx > PageLoader Components > CardLoader > renders specified number of rows
 ✓ src/test/components/common/PageLoader.test.jsx > PageLoader Components > CardLoader > has animation
 ✓ src/test/components/common/Skeleton.test.jsx > Skeleton Components > Skeleton > renders with default class
 ✓ src/test/components/common/Skeleton.test.jsx > Skeleton Components > Skeleton > applies custom className
 ✓ src/test/components/common/Skeleton.test.jsx > Skeleton Components > Skeleton > passes additional props
 ✓ src/test/components/common/Skeleton.test.jsx > Skeleton Components > SkeletonText > renders default 3 lines
 ✓ src/test/components/common/Skeleton.test.jsx > Skeleton Components > SkeletonText > renders specified number of lines
 ✓ src/test/components/common/Skeleton.test.jsx > Skeleton Components > SkeletonText > renders single line
 ✓ src/test/components/common/Skeleton.test.jsx > Skeleton Components > SkeletonText > applies custom className
 ✓ src/test/components/common/Skeleton.test.jsx > Skeleton Components > SkeletonCard > renders card skeleton with elements
 ✓ src/test/components/common/Skeleton.test.jsx > Skeleton Components > SkeletonCard > applies custom className
 ✓ src/test/components/common/Skeleton.test.jsx > Skeleton Components > SkeletonQuestion > renders question skeleton
 ✓ src/test/components/common/Skeleton.test.jsx > Skeleton Components > SkeletonQuestion > has multiple skeleton elements
 ✓ src/test/components/common/Skeleton.test.jsx > Skeleton Components > SkeletonDashboard > renders dashboard skeleton
 ✓ src/test/components/common/Skeleton.test.jsx > Skeleton Components > SkeletonDashboard > renders card skeleton elements
stderr | src/test/hooks/usePageTracking.test.jsx > usePageTracking > initializes analytics on mount
⚠️ React Router Future Flag Warning: React Router will begin wrapping state updates in `React.startTransition` in v7. You can use the `v7_startTransition` future flag to opt-in early. For more information, see https://reactrouter.com/v6/upgrading/future#v7_starttransition.
⚠️ React Router Future Flag Warning: Relative route resolution within Splat routes is changing in v7. You can use the `v7_relativeSplatPath` future flag to opt-in early. For more information, see https://reactrouter.com/v6/upgrading/future#v7_relativesplatpath.

 ✓ src/test/hooks/usePageTracking.test.jsx > usePageTracking > initializes analytics on mount
 ✓ src/test/hooks/usePageTracking.test.jsx > usePageTracking > tracks page view on mount
 ✓ src/test/hooks/usePageTracking.test.jsx > usePageTracking > uses VoraPrep title for unknown routes
 ✓ src/test/hooks/usePageTracking.test.jsx > usePageTracking > tracks page view for settings route
 ✓ src/test/hooks/usePageTracking.test.jsx > usePageTracking > cleans up timeout on unmount
stderr | src/test/components/pages/Study.test.jsx > Study Page > Rendering > should render study mode cards
⚠️ React Router Future Flag Warning: React Router will begin wrapping state updates in `React.startTransition` in v7. You can use the `v7_startTransition` future flag to opt-in early. For more information, see https://reactrouter.com/v6/upgrading/future#v7_starttransition.
⚠️ React Router Future Flag Warning: Relative route resolution within Splat routes is changing in v7. You can use the `v7_relativeSplatPath` future flag to opt-in early. For more information, see https://reactrouter.com/v6/upgrading/future#v7_relativesplatpath.

 ✓ src/test/components/pages/Study.test.jsx > Study Page > Rendering > should render study mode cards
 ✓ src/test/components/pages/Study.test.jsx > Study Page > Rendering > should display study modes
 ✓ src/test/components/pages/Study.test.jsx > Study Page > Rendering > should show task-based simulations option
 ✓ src/test/components/pages/Study.test.jsx > Study Page > Rendering > should display daily progress section
 ✓ src/test/components/pages/Study.test.jsx > Study Page > Navigation Links > should have link to lessons 306ms
 ✓ src/test/components/pages/Study.test.jsx > Study Page > Navigation Links > should have link to practice
 ✓ src/test/components/pages/Study.test.jsx > Study Page > Navigation Links > should have link to TBS
 ✓ src/test/components/pages/Study.test.jsx > Study Page > User Section Display > should display the current exam section
stderr | src/test/components/pages/TimedQuiz.test.jsx > TimedQuiz Component > Setup Phase > renders quiz setup screen
⚠️ React Router Future Flag Warning: React Router will begin wrapping state updates in `React.startTransition` in v7. You can use the `v7_startTransition` future flag to opt-in early. For more information, see https://reactrouter.com/v6/upgrading/future#v7_starttransition.
⚠️ React Router Future Flag Warning: Relative route resolution within Splat routes is changing in v7. You can use the `v7_relativeSplatPath` future flag to opt-in early. For more information, see https://reactrouter.com/v6/upgrading/future#v7_relativesplatpath.

 ✓ src/test/components/pages/TimedQuiz.test.jsx > TimedQuiz Component > Setup Phase > renders quiz setup screen
 ✓ src/test/components/pages/TimedQuiz.test.jsx > TimedQuiz Component > Setup Phase > shows quiz options
 ✓ src/test/components/pages/TimedQuiz.test.jsx > TimedQuiz Component > Setup Phase > has interactive elements
 ✓ src/test/components/pages/TimedQuiz.test.jsx > TimedQuiz Component > Mode Selection > allows clicking mode buttons
 ✓ src/test/components/pages/TimedQuiz.test.jsx > TimedQuiz Component > Mode Selection > renders mode options
 ✓ src/test/components/pages/TimedQuiz.test.jsx > TimedQuiz Component > Quiz Info > shows quiz information
stderr | src/test/components/pages/Progress.test.jsx > Progress Page > Rendering > renders without crashing
⚠️ React Router Future Flag Warning: React Router will begin wrapping state updates in `React.startTransition` in v7. You can use the `v7_startTransition` future flag to opt-in early. For more information, see https://reactrouter.com/v6/upgrading/future#v7_starttransition.
⚠️ React Router Future Flag Warning: Relative route resolution within Splat routes is changing in v7. You can use the `v7_relativeSplatPath` future flag to opt-in early. For more information, see https://reactrouter.com/v6/upgrading/future#v7_relativesplatpath.
Warning: An update to Progress inside a test was not wrapped in act(...).

When testing, code that causes React state updates should be wrapped into act(...):

act(() => {
  /* fire events that update state */
});
/* assert on the output */

This ensures that you're testing the behavior the user would see in the browser. Learn more at https://reactjs.org/link/wrap-tests-with-act
    at Progress (/workspaces/passcpa/src/components/pages/Progress.tsx:51:82)
    at Router (/workspaces/passcpa/node_modules/react-router/dist/umd/react-router.development.js:1207:17)
    at MemoryRouter (/workspaces/passcpa/node_modules/react-router/dist/umd/react-router.development.js:1101:7)
Warning: An update to Progress inside a test was not wrapped in act(...).

When testing, code that causes React state updates should be wrapped into act(...):

act(() => {
  /* fire events that update state */
});
/* assert on the output */

This ensures that you're testing the behavior the user would see in the browser. Learn more at https://reactjs.org/link/wrap-tests-with-act
    at Progress (/workspaces/passcpa/src/components/pages/Progress.tsx:51:82)
    at Router (/workspaces/passcpa/node_modules/react-router/dist/umd/react-router.development.js:1207:17)
    at MemoryRouter (/workspaces/passcpa/node_modules/react-router/dist/umd/react-router.development.js:1101:7)
Error loading progress data: TypeError: getLessonProgress is not a function
    at loadProgressData (/workspaces/passcpa/src/components/pages/Progress.tsx:153:38)
    at processTicksAndRejections (node:internal/process/task_queues:103:5)
Warning: An update to Progress inside a test was not wrapped in act(...).

When testing, code that causes React state updates should be wrapped into act(...):

act(() => {
  /* fire events that update state */
});
/* assert on the output */

This ensures that you're testing the behavior the user would see in the browser. Learn more at https://reactjs.org/link/wrap-tests-with-act
    at Progress (/workspaces/passcpa/src/components/pages/Progress.tsx:51:82)
    at Router (/workspaces/passcpa/node_modules/react-router/dist/umd/react-router.development.js:1207:17)
    at MemoryRouter (/workspaces/passcpa/node_modules/react-router/dist/umd/react-router.development.js:1101:7)

stderr | src/test/components/pages/Progress.test.jsx > Progress Page > Rendering > mounts progress component
Warning: An update to Progress inside a test was not wrapped in act(...).

When testing, code that causes React state updates should be wrapped into act(...):

act(() => {
  /* fire events that update state */
});
/* assert on the output */

This ensures that you're testing the behavior the user would see in the browser. Learn more at https://reactjs.org/link/wrap-tests-with-act
    at Progress (/workspaces/passcpa/src/components/pages/Progress.tsx:51:82)
    at Router (/workspaces/passcpa/node_modules/react-router/dist/umd/react-router.development.js:1207:17)
    at MemoryRouter (/workspaces/passcpa/node_modules/react-router/dist/umd/react-router.development.js:1101:7)
Warning: An update to Progress inside a test was not wrapped in act(...).

When testing, code that causes React state updates should be wrapped into act(...):

act(() => {
  /* fire events that update state */
});
/* assert on the output */

This ensures that you're testing the behavior the user would see in the browser. Learn more at https://reactjs.org/link/wrap-tests-with-act
    at Progress (/workspaces/passcpa/src/components/pages/Progress.tsx:51:82)
    at Router (/workspaces/passcpa/node_modules/react-router/dist/umd/react-router.development.js:1207:17)
    at MemoryRouter (/workspaces/passcpa/node_modules/react-router/dist/umd/react-router.development.js:1101:7)
Error loading progress data: TypeError: getLessonProgress is not a function
    at loadProgressData (/workspaces/passcpa/src/components/pages/Progress.tsx:153:38)
    at processTicksAndRejections (node:internal/process/task_queues:103:5)
Warning: An update to Progress inside a test was not wrapped in act(...).

When testing, code that causes React state updates should be wrapped into act(...):

act(() => {
  /* fire events that update state */
});
/* assert on the output */

This ensures that you're testing the behavior the user would see in the browser. Learn more at https://reactjs.org/link/wrap-tests-with-act
    at Progress (/workspaces/passcpa/src/components/pages/Progress.tsx:51:82)
    at Router (/workspaces/passcpa/node_modules/react-router/dist/umd/react-router.development.js:1207:17)
    at MemoryRouter (/workspaces/passcpa/node_modules/react-router/dist/umd/react-router.development.js:1101:7)

stderr | src/test/components/pages/Progress.test.jsx > Progress Page > Hooks Integration > uses useAuth hook
Warning: An update to Progress inside a test was not wrapped in act(...).

When testing, code that causes React state updates should be wrapped into act(...):

act(() => {
  /* fire events that update state */
});
/* assert on the output */

This ensures that you're testing the behavior the user would see in the browser. Learn more at https://reactjs.org/link/wrap-tests-with-act
    at Progress (/workspaces/passcpa/src/components/pages/Progress.tsx:51:82)
    at Router (/workspaces/passcpa/node_modules/react-router/dist/umd/react-router.development.js:1207:17)
    at MemoryRouter (/workspaces/passcpa/node_modules/react-router/dist/umd/react-router.development.js:1101:7)
Warning: An update to Progress inside a test was not wrapped in act(...).

When testing, code that causes React state updates should be wrapped into act(...):

act(() => {
  /* fire events that update state */
});
/* assert on the output */

This ensures that you're testing the behavior the user would see in the browser. Learn more at https://reactjs.org/link/wrap-tests-with-act
    at Progress (/workspaces/passcpa/src/components/pages/Progress.tsx:51:82)
    at Router (/workspaces/passcpa/node_modules/react-router/dist/umd/react-router.development.js:1207:17)
    at MemoryRouter (/workspaces/passcpa/node_modules/react-router/dist/umd/react-router.development.js:1101:7)
Error loading progress data: TypeError: getLessonProgress is not a function
    at loadProgressData (/workspaces/passcpa/src/components/pages/Progress.tsx:153:38)
    at processTicksAndRejections (node:internal/process/task_queues:103:5)
Warning: An update to Progress inside a test was not wrapped in act(...).

When testing, code that causes React state updates should be wrapped into act(...):

act(() => {
  /* fire events that update state */
});
/* assert on the output */

This ensures that you're testing the behavior the user would see in the browser. Learn more at https://reactjs.org/link/wrap-tests-with-act
    at Progress (/workspaces/passcpa/src/components/pages/Progress.tsx:51:82)
    at Router (/workspaces/passcpa/node_modules/react-router/dist/umd/react-router.development.js:1207:17)
    at MemoryRouter (/workspaces/passcpa/node_modules/react-router/dist/umd/react-router.development.js:1101:7)

stderr | src/test/components/pages/Progress.test.jsx > Progress Page > Hooks Integration > uses useStudy hook
Warning: An update to Progress inside a test was not wrapped in act(...).

When testing, code that causes React state updates should be wrapped into act(...):

act(() => {
  /* fire events that update state */
});
/* assert on the output */

This ensures that you're testing the behavior the user would see in the browser. Learn more at https://reactjs.org/link/wrap-tests-with-act
    at Progress (/workspaces/passcpa/src/components/pages/Progress.tsx:51:82)
    at Router (/workspaces/passcpa/node_modules/react-router/dist/umd/react-router.development.js:1207:17)
    at MemoryRouter (/workspaces/passcpa/node_modules/react-router/dist/umd/react-router.development.js:1101:7)
Warning: An update to Progress inside a test was not wrapped in act(...).

When testing, code that causes React state updates should be wrapped into act(...):

act(() => {
  /* fire events that update state */
});
/* assert on the output */

This ensures that you're testing the behavior the user would see in the browser. Learn more at https://reactjs.org/link/wrap-tests-with-act
    at Progress (/workspaces/passcpa/src/components/pages/Progress.tsx:51:82)
    at Router (/workspaces/passcpa/node_modules/react-router/dist/umd/react-router.development.js:1207:17)
    at MemoryRouter (/workspaces/passcpa/node_modules/react-router/dist/umd/react-router.development.js:1101:7)
Error loading progress data: TypeError: getLessonProgress is not a function
    at loadProgressData (/workspaces/passcpa/src/components/pages/Progress.tsx:153:38)
    at processTicksAndRejections (node:internal/process/task_queues:103:5)
Warning: An update to Progress inside a test was not wrapped in act(...).

When testing, code that causes React state updates should be wrapped into act(...):

act(() => {
  /* fire events that update state */
});
/* assert on the output */

This ensures that you're testing the behavior the user would see in the browser. Learn more at https://reactjs.org/link/wrap-tests-with-act
    at Progress (/workspaces/passcpa/src/components/pages/Progress.tsx:51:82)
    at Router (/workspaces/passcpa/node_modules/react-router/dist/umd/react-router.development.js:1207:17)
    at MemoryRouter (/workspaces/passcpa/node_modules/react-router/dist/umd/react-router.development.js:1101:7)

 ✓ src/test/components/pages/Progress.test.jsx > Progress Page > Rendering > renders without crashing
 ✓ src/test/components/pages/Progress.test.jsx > Progress Page > Rendering > mounts progress component
 ✓ src/test/components/pages/Progress.test.jsx > Progress Page > Hooks Integration > uses useAuth hook
 ✓ src/test/components/pages/Progress.test.jsx > Progress Page > Hooks Integration > uses useStudy hook
stdout | src/test/services/performance.test.js > Performance Service > initWebVitals > should initialize without errors
[Performance] Web Vitals monitoring initialized

stdout | src/test/services/performance.test.js > Performance Service > initWebVitals > should be callable multiple times
[Performance] Web Vitals monitoring initialized
[Performance] Web Vitals monitoring initialized

stdout | src/test/services/performance.test.js > Performance Service > trackDuration > should track duration between marks
[Performance] test-duration: 100ms

stdout | src/test/services/performance.test.js > Performance Service > trackDuration > should use default end mark if not provided
[Performance] myMetric: 100ms

 ✓ src/test/services/performance.test.js > Performance Service > initWebVitals > should initialize without errors
 ✓ src/test/services/performance.test.js > Performance Service > initWebVitals > should be callable multiple times
 ✓ src/test/services/performance.test.js > Performance Service > trackDuration > should track duration between marks
 ✓ src/test/services/performance.test.js > Performance Service > trackDuration > should use default end mark if not provided
 ✓ src/test/services/performance.test.js > Performance Service > trackDuration > should handle errors gracefully
 ✓ src/test/services/performance.test.js > Performance Service > default export > should export initWebVitals and trackDuration
stderr | src/test/components/pages/ExamSimulator.test.jsx > ExamSimulator Page > Exam Setup > renders exam simulator
Failed to load exam session history: Error: [vitest] No "orderBy" export is defined on the "firebase/firestore" mock. Did you forget to return it from "vi.mock"?
If you need to partially mock a module, you can use "importOriginal" helper inside:

    at VitestMocker.createError (file:///workspaces/passcpa/node_modules/vitest/dist/vendor/execute.fL3szUAI.js:79:19)
    at Object.get (file:///workspaces/passcpa/node_modules/vitest/dist/vendor/execute.fL3szUAI.js:153:22)
    at Module.getExamSessionHistory (/workspaces/passcpa/src/services/examSessionService.ts:95:34)
    at /workspaces/passcpa/src/components/exam/ExamHistory.tsx:28:5
    at commitHookEffectListMount (/workspaces/passcpa/node_modules/react-dom/cjs/react-dom.development.js:23189:26)
    at commitPassiveMountOnFiber (/workspaces/passcpa/node_modules/react-dom/cjs/react-dom.development.js:24970:11)
    at commitPassiveMountEffects_complete (/workspaces/passcpa/node_modules/react-dom/cjs/react-dom.development.js:24930:9)
    at commitPassiveMountEffects_begin (/workspaces/passcpa/node_modules/react-dom/cjs/react-dom.development.js:24917:7)
    at commitPassiveMountEffects (/workspaces/passcpa/node_modules/react-dom/cjs/react-dom.development.js:24905:3)
    at flushPassiveEffectsImpl (/workspaces/passcpa/node_modules/react-dom/cjs/react-dom.development.js:27078:3) {
  codeFrame: 'vi.mock("firebase/firestore", async (importOriginal) => {\n' +
    '  const actual = await importOriginal()\n' +
    '  return {\n' +
    '    ...actual,\n' +
    '    // your mocked methods\n' +
    '  }\n' +
    '})'
}
⚠️ React Router Future Flag Warning: React Router will begin wrapping state updates in `React.startTransition` in v7. You can use the `v7_startTransition` future flag to opt-in early. For more information, see https://reactrouter.com/v6/upgrading/future#v7_starttransition.
⚠️ React Router Future Flag Warning: Relative route resolution within Splat routes is changing in v7. You can use the `v7_relativeSplatPath` future flag to opt-in early. For more information, see https://reactrouter.com/v6/upgrading/future#v7_relativesplatpath.
Warning: An update to ExamHistory inside a test was not wrapped in act(...).

When testing, code that causes React state updates should be wrapped into act(...):

act(() => {
  /* fire events that update state */
});
/* assert on the output */

This ensures that you're testing the behavior the user would see in the browser. Learn more at https://reactjs.org/link/wrap-tests-with-act
    at ExamHistory (/workspaces/passcpa/src/components/exam/ExamHistory.tsx:23:57)
    at div
    at ExamSimulator (/workspaces/passcpa/src/components/pages/ExamSimulator.tsx:47:42)
    at Router (/workspaces/passcpa/node_modules/react-router/dist/umd/react-router.development.js:1207:17)
    at MemoryRouter (/workspaces/passcpa/node_modules/react-router/dist/umd/react-router.development.js:1101:7)
Warning: An update to ExamHistory inside a test was not wrapped in act(...).

When testing, code that causes React state updates should be wrapped into act(...):

act(() => {
  /* fire events that update state */
});
/* assert on the output */

This ensures that you're testing the behavior the user would see in the browser. Learn more at https://reactjs.org/link/wrap-tests-with-act
    at ExamHistory (/workspaces/passcpa/src/components/exam/ExamHistory.tsx:23:57)
    at div
    at ExamSimulator (/workspaces/passcpa/src/components/pages/ExamSimulator.tsx:47:42)
    at Router (/workspaces/passcpa/node_modules/react-router/dist/umd/react-router.development.js:1207:17)
    at MemoryRouter (/workspaces/passcpa/node_modules/react-router/dist/umd/react-router.development.js:1101:7)

stderr | src/test/components/pages/ExamSimulator.test.jsx > ExamSimulator Page > Exam Setup > displays section selection
Failed to load exam session history: Error: [vitest] No "orderBy" export is defined on the "firebase/firestore" mock. Did you forget to return it from "vi.mock"?
If you need to partially mock a module, you can use "importOriginal" helper inside:

    at VitestMocker.createError (file:///workspaces/passcpa/node_modules/vitest/dist/vendor/execute.fL3szUAI.js:79:19)
    at Object.get (file:///workspaces/passcpa/node_modules/vitest/dist/vendor/execute.fL3szUAI.js:153:22)
    at Module.getExamSessionHistory (/workspaces/passcpa/src/services/examSessionService.ts:95:34)
    at /workspaces/passcpa/src/components/exam/ExamHistory.tsx:28:5
    at commitHookEffectListMount (/workspaces/passcpa/node_modules/react-dom/cjs/react-dom.development.js:23189:26)
    at commitPassiveMountOnFiber (/workspaces/passcpa/node_modules/react-dom/cjs/react-dom.development.js:24970:11)
    at commitPassiveMountEffects_complete (/workspaces/passcpa/node_modules/react-dom/cjs/react-dom.development.js:24930:9)
    at commitPassiveMountEffects_begin (/workspaces/passcpa/node_modules/react-dom/cjs/react-dom.development.js:24917:7)
    at commitPassiveMountEffects (/workspaces/passcpa/node_modules/react-dom/cjs/react-dom.development.js:24905:3)
    at flushPassiveEffectsImpl (/workspaces/passcpa/node_modules/react-dom/cjs/react-dom.development.js:27078:3) {
  codeFrame: 'vi.mock("firebase/firestore", async (importOriginal) => {\n' +
    '  const actual = await importOriginal()\n' +
    '  return {\n' +
    '    ...actual,\n' +
    '    // your mocked methods\n' +
    '  }\n' +
    '})'
}
Warning: An update to ExamHistory inside a test was not wrapped in act(...).

When testing, code that causes React state updates should be wrapped into act(...):

act(() => {
  /* fire events that update state */
});
/* assert on the output */

This ensures that you're testing the behavior the user would see in the browser. Learn more at https://reactjs.org/link/wrap-tests-with-act
    at ExamHistory (/workspaces/passcpa/src/components/exam/ExamHistory.tsx:23:57)
    at div
    at ExamSimulator (/workspaces/passcpa/src/components/pages/ExamSimulator.tsx:47:42)
    at Router (/workspaces/passcpa/node_modules/react-router/dist/umd/react-router.development.js:1207:17)
    at MemoryRouter (/workspaces/passcpa/node_modules/react-router/dist/umd/react-router.development.js:1101:7)
Warning: An update to ExamHistory inside a test was not wrapped in act(...).

When testing, code that causes React state updates should be wrapped into act(...):

act(() => {
  /* fire events that update state */
});
/* assert on the output */

This ensures that you're testing the behavior the user would see in the browser. Learn more at https://reactjs.org/link/wrap-tests-with-act
    at ExamHistory (/workspaces/passcpa/src/components/exam/ExamHistory.tsx:23:57)
    at div
    at ExamSimulator (/workspaces/passcpa/src/components/pages/ExamSimulator.tsx:47:42)
    at Router (/workspaces/passcpa/node_modules/react-router/dist/umd/react-router.development.js:1207:17)
    at MemoryRouter (/workspaces/passcpa/node_modules/react-router/dist/umd/react-router.development.js:1101:7)

stderr | src/test/components/pages/ExamSimulator.test.jsx > ExamSimulator Page > Exam Setup > shows navigation buttons
Failed to load exam session history: Error: [vitest] No "orderBy" export is defined on the "firebase/firestore" mock. Did you forget to return it from "vi.mock"?
If you need to partially mock a module, you can use "importOriginal" helper inside:

    at VitestMocker.createError (file:///workspaces/passcpa/node_modules/vitest/dist/vendor/execute.fL3szUAI.js:79:19)
    at Object.get (file:///workspaces/passcpa/node_modules/vitest/dist/vendor/execute.fL3szUAI.js:153:22)
    at Module.getExamSessionHistory (/workspaces/passcpa/src/services/examSessionService.ts:95:34)
    at /workspaces/passcpa/src/components/exam/ExamHistory.tsx:28:5
    at commitHookEffectListMount (/workspaces/passcpa/node_modules/react-dom/cjs/react-dom.development.js:23189:26)
    at commitPassiveMountOnFiber (/workspaces/passcpa/node_modules/react-dom/cjs/react-dom.development.js:24970:11)
    at commitPassiveMountEffects_complete (/workspaces/passcpa/node_modules/react-dom/cjs/react-dom.development.js:24930:9)
    at commitPassiveMountEffects_begin (/workspaces/passcpa/node_modules/react-dom/cjs/react-dom.development.js:24917:7)
    at commitPassiveMountEffects (/workspaces/passcpa/node_modules/react-dom/cjs/react-dom.development.js:24905:3)
    at flushPassiveEffectsImpl (/workspaces/passcpa/node_modules/react-dom/cjs/react-dom.development.js:27078:3) {
  codeFrame: 'vi.mock("firebase/firestore", async (importOriginal) => {\n' +
    '  const actual = await importOriginal()\n' +
    '  return {\n' +
    '    ...actual,\n' +
    '    // your mocked methods\n' +
    '  }\n' +
    '})'
}
Warning: An update to ExamHistory inside a test was not wrapped in act(...).

When testing, code that causes React state updates should be wrapped into act(...):

act(() => {
  /* fire events that update state */
});
/* assert on the output */

This ensures that you're testing the behavior the user would see in the browser. Learn more at https://reactjs.org/link/wrap-tests-with-act
    at ExamHistory (/workspaces/passcpa/src/components/exam/ExamHistory.tsx:23:57)
    at div
    at ExamSimulator (/workspaces/passcpa/src/components/pages/ExamSimulator.tsx:47:42)
    at Router (/workspaces/passcpa/node_modules/react-router/dist/umd/react-router.development.js:1207:17)
    at MemoryRouter (/workspaces/passcpa/node_modules/react-router/dist/umd/react-router.development.js:1101:7)
Warning: An update to ExamHistory inside a test was not wrapped in act(...).

When testing, code that causes React state updates should be wrapped into act(...):

act(() => {
  /* fire events that update state */
});
/* assert on the output */

This ensures that you're testing the behavior the user would see in the browser. Learn more at https://reactjs.org/link/wrap-tests-with-act
    at ExamHistory (/workspaces/passcpa/src/components/exam/ExamHistory.tsx:23:57)
    at div
    at ExamSimulator (/workspaces/passcpa/src/components/pages/ExamSimulator.tsx:47:42)
    at Router (/workspaces/passcpa/node_modules/react-router/dist/umd/react-router.development.js:1207:17)
    at MemoryRouter (/workspaces/passcpa/node_modules/react-router/dist/umd/react-router.development.js:1101:7)

stderr | src/test/components/pages/ExamSimulator.test.jsx > ExamSimulator Page > Interface Elements > displays page structure
Failed to load exam session history: Error: [vitest] No "orderBy" export is defined on the "firebase/firestore" mock. Did you forget to return it from "vi.mock"?
If you need to partially mock a module, you can use "importOriginal" helper inside:

    at VitestMocker.createError (file:///workspaces/passcpa/node_modules/vitest/dist/vendor/execute.fL3szUAI.js:79:19)
    at Object.get (file:///workspaces/passcpa/node_modules/vitest/dist/vendor/execute.fL3szUAI.js:153:22)
    at Module.getExamSessionHistory (/workspaces/passcpa/src/services/examSessionService.ts:95:34)
    at /workspaces/passcpa/src/components/exam/ExamHistory.tsx:28:5
    at commitHookEffectListMount (/workspaces/passcpa/node_modules/react-dom/cjs/react-dom.development.js:23189:26)
    at commitPassiveMountOnFiber (/workspaces/passcpa/node_modules/react-dom/cjs/react-dom.development.js:24970:11)
    at commitPassiveMountEffects_complete (/workspaces/passcpa/node_modules/react-dom/cjs/react-dom.development.js:24930:9)
    at commitPassiveMountEffects_begin (/workspaces/passcpa/node_modules/react-dom/cjs/react-dom.development.js:24917:7)
    at commitPassiveMountEffects (/workspaces/passcpa/node_modules/react-dom/cjs/react-dom.development.js:24905:3)
    at flushPassiveEffectsImpl (/workspaces/passcpa/node_modules/react-dom/cjs/react-dom.development.js:27078:3) {
  codeFrame: 'vi.mock("firebase/firestore", async (importOriginal) => {\n' +
    '  const actual = await importOriginal()\n' +
    '  return {\n' +
    '    ...actual,\n' +
    '    // your mocked methods\n' +
    '  }\n' +
    '})'
}
Warning: An update to ExamHistory inside a test was not wrapped in act(...).

When testing, code that causes React state updates should be wrapped into act(...):

act(() => {
  /* fire events that update state */
});
/* assert on the output */

This ensures that you're testing the behavior the user would see in the browser. Learn more at https://reactjs.org/link/wrap-tests-with-act
    at ExamHistory (/workspaces/passcpa/src/components/exam/ExamHistory.tsx:23:57)
    at div
    at ExamSimulator (/workspaces/passcpa/src/components/pages/ExamSimulator.tsx:47:42)
    at Router (/workspaces/passcpa/node_modules/react-router/dist/umd/react-router.development.js:1207:17)
    at MemoryRouter (/workspaces/passcpa/node_modules/react-router/dist/umd/react-router.development.js:1101:7)
Warning: An update to ExamHistory inside a test was not wrapped in act(...).

When testing, code that causes React state updates should be wrapped into act(...):

act(() => {
  /* fire events that update state */
});
/* assert on the output */

This ensures that you're testing the behavior the user would see in the browser. Learn more at https://reactjs.org/link/wrap-tests-with-act
    at ExamHistory (/workspaces/passcpa/src/components/exam/ExamHistory.tsx:23:57)
    at div
    at ExamSimulator (/workspaces/passcpa/src/components/pages/ExamSimulator.tsx:47:42)
    at Router (/workspaces/passcpa/node_modules/react-router/dist/umd/react-router.development.js:1207:17)
    at MemoryRouter (/workspaces/passcpa/node_modules/react-router/dist/umd/react-router.development.js:1101:7)

stderr | src/test/components/pages/ExamSimulator.test.jsx > ExamSimulator Page > Interface Elements > shows buttons for interaction
Failed to load exam session history: Error: [vitest] No "orderBy" export is defined on the "firebase/firestore" mock. Did you forget to return it from "vi.mock"?
If you need to partially mock a module, you can use "importOriginal" helper inside:

    at VitestMocker.createError (file:///workspaces/passcpa/node_modules/vitest/dist/vendor/execute.fL3szUAI.js:79:19)
    at Object.get (file:///workspaces/passcpa/node_modules/vitest/dist/vendor/execute.fL3szUAI.js:153:22)
    at Module.getExamSessionHistory (/workspaces/passcpa/src/services/examSessionService.ts:95:34)
    at /workspaces/passcpa/src/components/exam/ExamHistory.tsx:28:5
    at commitHookEffectListMount (/workspaces/passcpa/node_modules/react-dom/cjs/react-dom.development.js:23189:26)
    at commitPassiveMountOnFiber (/workspaces/passcpa/node_modules/react-dom/cjs/react-dom.development.js:24970:11)
    at commitPassiveMountEffects_complete (/workspaces/passcpa/node_modules/react-dom/cjs/react-dom.development.js:24930:9)
    at commitPassiveMountEffects_begin (/workspaces/passcpa/node_modules/react-dom/cjs/react-dom.development.js:24917:7)
    at commitPassiveMountEffects (/workspaces/passcpa/node_modules/react-dom/cjs/react-dom.development.js:24905:3)
    at flushPassiveEffectsImpl (/workspaces/passcpa/node_modules/react-dom/cjs/react-dom.development.js:27078:3) {
  codeFrame: 'vi.mock("firebase/firestore", async (importOriginal) => {\n' +
    '  const actual = await importOriginal()\n' +
    '  return {\n' +
    '    ...actual,\n' +
    '    // your mocked methods\n' +
    '  }\n' +
    '})'
}
Warning: An update to ExamHistory inside a test was not wrapped in act(...).

When testing, code that causes React state updates should be wrapped into act(...):

act(() => {
  /* fire events that update state */
});
/* assert on the output */

This ensures that you're testing the behavior the user would see in the browser. Learn more at https://reactjs.org/link/wrap-tests-with-act
    at ExamHistory (/workspaces/passcpa/src/components/exam/ExamHistory.tsx:23:57)
    at div
    at ExamSimulator (/workspaces/passcpa/src/components/pages/ExamSimulator.tsx:47:42)
    at Router (/workspaces/passcpa/node_modules/react-router/dist/umd/react-router.development.js:1207:17)
    at MemoryRouter (/workspaces/passcpa/node_modules/react-router/dist/umd/react-router.development.js:1101:7)
Warning: An update to ExamHistory inside a test was not wrapped in act(...).

When testing, code that causes React state updates should be wrapped into act(...):

act(() => {
  /* fire events that update state */
});
/* assert on the output */

This ensures that you're testing the behavior the user would see in the browser. Learn more at https://reactjs.org/link/wrap-tests-with-act
    at ExamHistory (/workspaces/passcpa/src/components/exam/ExamHistory.tsx:23:57)
    at div
    at ExamSimulator (/workspaces/passcpa/src/components/pages/ExamSimulator.tsx:47:42)
    at Router (/workspaces/passcpa/node_modules/react-router/dist/umd/react-router.development.js:1207:17)
    at MemoryRouter (/workspaces/passcpa/node_modules/react-router/dist/umd/react-router.development.js:1101:7)

 ✓ src/test/components/pages/ExamSimulator.test.jsx > ExamSimulator Page > Exam Setup > renders exam simulator
 ✓ src/test/components/pages/ExamSimulator.test.jsx > ExamSimulator Page > Exam Setup > displays section selection
 ✓ src/test/components/pages/ExamSimulator.test.jsx > ExamSimulator Page > Exam Setup > shows navigation buttons
 ✓ src/test/components/pages/ExamSimulator.test.jsx > ExamSimulator Page > Interface Elements > displays page structure
 ✓ src/test/components/pages/ExamSimulator.test.jsx > ExamSimulator Page > Interface Elements > shows buttons for interaction
stderr | src/test/components/layouts/AuthLayout.test.tsx > AuthLayout > renders the layout structure
⚠️ React Router Future Flag Warning: React Router will begin wrapping state updates in `React.startTransition` in v7. You can use the `v7_startTransition` future flag to opt-in early. For more information, see https://reactrouter.com/v6/upgrading/future#v7_starttransition.
⚠️ React Router Future Flag Warning: Relative route resolution within Splat routes is changing in v7. You can use the `v7_relativeSplatPath` future flag to opt-in early. For more information, see https://reactrouter.com/v6/upgrading/future#v7_relativesplatpath.

 ✓ src/test/components/layouts/AuthLayout.test.tsx > AuthLayout > renders the layout structure
 ✓ src/test/components/layouts/AuthLayout.test.tsx > AuthLayout > renders tagline
 ✓ src/test/components/layouts/AuthLayout.test.tsx > AuthLayout > renders the outlet content
 ✓ src/test/components/layouts/AuthLayout.test.tsx > AuthLayout > renders different outlet content based on route
 ✓ src/test/components/layouts/AuthLayout.test.tsx > AuthLayout > renders copyright footer with current year
 ✓ src/test/components/layouts/AuthLayout.test.tsx > AuthLayout > renders footer with all rights reserved
 ✓ src/test/services/offlineCache.test.js > Offline Cache Service > module exports > should export cacheQuestions function
 ✓ src/test/services/offlineCache.test.js > Offline Cache Service > module exports > should export getCachedQuestions function
 ✓ src/test/services/offlineCache.test.js > Offline Cache Service > module exports > should export cacheTBS function
 ✓ src/test/services/offlineCache.test.js > Offline Cache Service > module exports > should export default object
 ✓ src/test/services/offlineCache.test.js > Offline Cache Service > function signatures > cacheQuestions accepts an array
 ✓ src/test/services/offlineCache.test.js > Offline Cache Service > function signatures > getCachedQuestions accepts filters object
 ✓ src/test/services/offlineCache.test.js > Offline Cache Service > function signatures > cacheTBS accepts an array
stdout | src/test/services/EADailyPlan.test.ts > EA Daily Plan Logic > should explicitly EXCLUDE TBS tasks for EA course
Daily plan generation params {
  dailyGoal: 100,
  todayPoints: 0,
  goalCompletion: '0%',
  remainingFraction: 1,
  fullTargetMinutes: 220,
  targetMinutes: 220,
  maxActivities: 8,
  intensity: 1.1,
  phase: 'pending',
  section: 'SEE1',
  topicStatsCount: 0,
  enableCurriculumFilter: undefined
}

stderr | src/test/components/pages/legal/Privacy.test.jsx > Privacy Page > should render the privacy policy page
⚠️ React Router Future Flag Warning: React Router will begin wrapping state updates in `React.startTransition` in v7. You can use the `v7_startTransition` future flag to opt-in early. For more information, see https://reactrouter.com/v6/upgrading/future#v7_starttransition.
⚠️ React Router Future Flag Warning: Relative route resolution within Splat routes is changing in v7. You can use the `v7_relativeSplatPath` future flag to opt-in early. For more information, see https://reactrouter.com/v6/upgrading/future#v7_relativesplatpath.

 ✓ src/test/components/pages/legal/Privacy.test.jsx > Privacy Page > should render the privacy policy page
 ✓ src/test/components/pages/legal/Privacy.test.jsx > Privacy Page > should render last updated date
 ✓ src/test/components/pages/legal/Privacy.test.jsx > Privacy Page > should render back button
 ✓ src/test/components/pages/legal/Privacy.test.jsx > Privacy Page > should render main content sections
 ✓ src/test/components/pages/legal/Privacy.test.jsx > Privacy Page > should render without crashing
stdout | src/test/services/EADailyPlan.test.ts > EA Daily Plan Logic > should explicitly EXCLUDE TBS tasks for EA course
Daily plan phase & budget {
  phase: 'foundation',
  phaseReason: '0% content covered — focus on learning the material',
  phaseSource: 'heuristic',
  lessonsAvailable: 50,
  isRestDay: false,
  remainingMinutesAfterAdjustments: 220,
  filteredTopicStatsCount: 0,
  flashcardsDue: undefined,
  questionsDueCount: 0
}
Lesson guarantee: added early lesson {
  lessonId: 'SEE1-001',
  weakestTopic: undefined,
  lessonMatchedWeakTopic: false,
  lessonFromStudyPlan: undefined,
  phase: 'foundation'
}
Daily plan generated {
  totalActivities: 8,
  types: [
    'lesson',
    'lesson',
    'flashcards',
    'mcq',
    'mcq',
    'mcq',
    'mcq',
    'mcq'
  ],
  phase: 'foundation',
  maxActivities: 8,
  remainingMinutesAfter: 26
}

stdout | src/test/services/EADailyPlan.test.ts > EA Daily Plan Logic > should INCLUDE TBS tasks for CPA course
Daily plan generation params {
  dailyGoal: 100,
  todayPoints: 0,
  goalCompletion: '0%',
  remainingFraction: 1,
  fullTargetMinutes: 220,
  targetMinutes: 220,
  maxActivities: 8,
  intensity: 1.1,
  phase: 'pending',
  section: 'FAR',
  topicStatsCount: 0,
  enableCurriculumFilter: undefined
}

 ✓ src/test/services/EADailyPlan.test.ts > EA Daily Plan Logic > should explicitly EXCLUDE TBS tasks for EA course 971ms
stdout | src/test/auditDaily.test.ts > Audit Daily Plan Limits > verifies that daily plan tasks sum to within the limits set by study plan
Study plan: Distributing 100 lessons across 2 learning weeks
Study plan: Final distribution - 100 lessons across 5 weeks

 × src/test/auditDaily.test.ts > Audit Daily Plan Limits > verifies that daily plan tasks sum to within the limits set by study plan
   → b.date.getTime is not a function
stdout | src/test/audit.test.ts > Audit Plan Calculations > outputs the hourly calculations per section
--- Study Plan Hours Audit ---
┌─────────┬────────────┬────────┬────────┬─────────┬─────────┬───────────┐
│ (index) │ section    │ indMin │ indMax │ estNone │ estSome │ estRetake │
├─────────┼────────────┼────────┼────────┼─────────┼─────────┼───────────┤
│ 0       │ 'FAR'      │ 120    │ 160    │ 173     │ 139     │ 105       │
│ 1       │ 'AUD'      │ 90     │ 120    │ 126     │ 110     │ 85        │
│ 2       │ 'REG'      │ 100    │ 120    │ 138     │ 120     │ 93        │
│ 3       │ 'BAR'      │ 100    │ 120    │ 115     │ 100     │ 80        │
│ 4       │ 'ISC'      │ 90     │ 100    │ 115     │ 100     │ 76        │
│ 5       │ 'TCP'      │ 90     │ 100    │ 115     │ 100     │ 76        │
│ 6       │ 'SEE1'     │ 60     │ 80     │ 81      │ 70      │ 54        │
│ 7       │ 'SEE2'     │ 70     │ 90     │ 92      │ 80      │ 62        │
│ 8       │ 'SEE3'     │ 40     │ 60     │ 57      │ 50      │ 40        │
│ 9       │ 'CMA1'     │ 140    │ 170    │ 184     │ 157     │ 117       │
│ 10      │ 'CMA2'     │ 140    │ 170    │ 184     │ 160     │ 119       │
│ 11      │ 'CIA1'     │ 80     │ 120    │ 115     │ 100     │ 77        │
│ 12      │ 'CIA2'     │ 80     │ 120    │ 115     │ 100     │ 78        │
│ 13      │ 'CIA3'     │ 80     │ 120    │ 115     │ 100     │ 77        │
│ 14      │ 'CISA1'    │ 30     │ 40     │ 59      │ 46      │ 36        │
│ 15      │ 'CISA2'    │ 25     │ 35     │ 48      │ 38      │ 30        │
│ 16      │ 'CISA3'    │ 28     │ 38     │ 51      │ 40      │ 32        │
│ 17      │ 'CISA4'    │ 30     │ 40     │ 57      │ 44      │ 35        │
│ 18      │ 'CISA5'    │ 35     │ 50     │ 64      │ 49      │ 39        │
│ 19      │ 'CFP-GEN'  │ 35     │ 45     │ 63      │ 49      │ 40        │
│ 20      │ 'CFP-PSY'  │ 15     │ 25     │ 40      │ 32      │ 27        │
│ 21      │ 'CFP-INV'  │ 40     │ 55     │ 61      │ 48      │ 40        │
│ 22      │ 'CFP-RISK' │ 28     │ 38     │ 50      │ 40      │ 33        │
│ 23      │ 'CFP-TAX'  │ 32     │ 45     │ 56      │ 45      │ 37        │
│ 24      │ 'CFP-RET'  │ 42     │ 58     │ 77      │ 59      │ 48        │
│ 25      │ 'CFP-EST'  │ 25     │ 35     │ 50      │ 40      │ 33        │
│ 26      │ 'CFP-PCR'  │ 15     │ 25     │ 42      │ 34      │ 29        │
│ 27      │ 'CISA'     │ 150    │ 200    │ 184     │ 160     │ 128       │
│ 28      │ 'CFP'      │ 250    │ 300    │ 316     │ 275     │ 216       │
└─────────┴────────────┴────────┴────────┴─────────┴─────────┴───────────┘

 ✓ src/test/audit.test.ts > Audit Plan Calculations > outputs the hourly calculations per section
stdout | src/test/services/EADailyPlan.test.ts > EA Daily Plan Logic > should INCLUDE TBS tasks for CPA course
Daily plan phase & budget {
  phase: 'foundation',
  phaseReason: '0% content covered — focus on learning the material',
  phaseSource: 'heuristic',
  lessonsAvailable: 92,
  isRestDay: false,
  remainingMinutesAfterAdjustments: 220,
  filteredTopicStatsCount: 0,
  flashcardsDue: undefined,
  questionsDueCount: 0
}
Lesson guarantee: added early lesson {
  lessonId: 'FAR-I-001',
  weakestTopic: undefined,
  lessonMatchedWeakTopic: false,
  lessonFromStudyPlan: undefined,
  phase: 'foundation'
}
Daily plan generated {
  totalActivities: 8,
  types: [
    'lesson',
    'lesson',
    'flashcards',
    'mcq',
    'mcq',
    'mcq',
    'mcq',
    'mcq'
  ],
  phase: 'foundation',
  maxActivities: 8,
  remainingMinutesAfter: 21
}

 ✓ src/test/services/EADailyPlan.test.ts > EA Daily Plan Logic > should INCLUDE TBS tasks for CPA course 2659ms
stderr | src/test/components/pages/legal/Terms.test.jsx > Terms Page > should render the terms of service page
⚠️ React Router Future Flag Warning: React Router will begin wrapping state updates in `React.startTransition` in v7. You can use the `v7_startTransition` future flag to opt-in early. For more information, see https://reactrouter.com/v6/upgrading/future#v7_starttransition.
⚠️ React Router Future Flag Warning: Relative route resolution within Splat routes is changing in v7. You can use the `v7_relativeSplatPath` future flag to opt-in early. For more information, see https://reactrouter.com/v6/upgrading/future#v7_relativesplatpath.

 ✓ src/test/components/pages/legal/Terms.test.jsx > Terms Page > should render the terms of service page
 ✓ src/test/components/pages/legal/Terms.test.jsx > Terms Page > should render last updated date
 ✓ src/test/components/pages/legal/Terms.test.jsx > Terms Page > should render back button
 ✓ src/test/components/pages/legal/Terms.test.jsx > Terms Page > should render without crashing
stderr | src/test/components/pages/Pricing.test.tsx > Pricing > redirect behavior > should redirect to home page
⚠️ React Router Future Flag Warning: React Router will begin wrapping state updates in `React.startTransition` in v7. You can use the `v7_startTransition` future flag to opt-in early. For more information, see https://reactrouter.com/v6/upgrading/future#v7_starttransition.
⚠️ React Router Future Flag Warning: Relative route resolution within Splat routes is changing in v7. You can use the `v7_relativeSplatPath` future flag to opt-in early. For more information, see https://reactrouter.com/v6/upgrading/future#v7_relativesplatpath.

 ✓ src/test/components/pages/Pricing.test.tsx > Pricing > redirect behavior > should redirect to home page
 ✓ src/test/components/pages/Pricing.test.tsx > Pricing > redirect behavior > should render nothing (null)

⎯⎯⎯⎯⎯⎯ Failed Tests 54 ⎯⎯⎯⎯⎯⎯⎯

 FAIL  src/test/auditDaily.test.ts > Audit Daily Plan Limits > verifies that daily plan tasks sum to within the limits set by study plan
TypeError: b.date.getTime is not a function
 ❯ src/services/studyPlanService.ts:709:62
    707|   });
    708|   
    709|   return milestones.sort((a, b) => a.date.getTime() - b.date.getTime()…
       |                                                              ^
    710| }
    711| 
 ❯ generateMilestones src/services/studyPlanService.ts:709:21
 ❯ Module.generateStudyPlan src/services/studyPlanService.ts:849:22
 ❯ src/test/auditDaily.test.ts:19:28

⎯⎯⎯⎯⎯⎯⎯⎯⎯⎯⎯⎯⎯⎯⎯⎯⎯⎯⎯⎯⎯⎯⎯[1/54]⎯

 FAIL  src/test/components/ExamSimulator.test.jsx > ExamSimulator > Intro Screen > should display exam simulation title
TestingLibraryElementError: Unable to find an element with the text: /Exam Simulation/i. This could be because the text is broken up by multiple elements. In this case, you can provide a function for your text matcher to make your matcher more flexible.

Ignored nodes: comments, script, style
[36m<body>[39m
  [36m<div>[39m
    [36m<div[39m
      [33mclass[39m=[32m"max-w-3xl mx-auto py-6 px-4"[39m
    [36m>[39m
      [36m<div[39m
        [33mclass[39m=[32m"mb-6"[39m
      [36m>[39m
        [36m<h1[39m
          [33mclass[39m=[32m"text-2xl font-bold text-slate-900 dark:text-white"[39m
        [36m>[39m
          [0mExams[0m
        [36m</h1>[39m
        [36m<p[39m
          [33mclass[39m=[32m"text-slate-600 dark:text-slate-400"[39m
        [36m>[39m
          [0mPractice exams and simulations for [0m
          [0mTaxation and Regulation[0m
        [36m</p>[39m
      [36m</div>[39m
      [36m<div[39m
        [33mclass[39m=[32m"bg-white dark:bg-slate-800 rounded-2xl shadow-xl overflow-hidden"[39m
      [36m>[39m
        [36m<div[39m
          [33mclass[39m=[32m"p-8"[39m
        [36m>[39m
          [36m<h3[39m
            [33mclass[39m=[32m"text-sm font-bold text-slate-600 dark:text-slate-300 uppercase tracking-wider mb-4"[39m
          [36m>[39m
            [0mSelect Exam Type[0m
          [36m</h3>[39m
          [36m<div[39m
            [33mclass[39m=[32m"grid gap-4 mb-6 grid-cols-2"[39m
          [36m>[39m
            [36m<button[39m
              [33mclass[39m=[32m"p-4 rounded-xl border-2 text-left transition-all border-primary-500 bg-primary-50 dark:bg-primary-900/30"[39m
            [36m>[39m
              [36m<div[39m
                [33mclass[39m=[32m"flex items-center gap-2 mb-1"[39m
              [36m>[39m
                [36m<svg[39m
                  [33mclass[39m=[32m"lucide lucide-clock w-4 h-4 text-slate-600 dark:text-slate-300"[39m
                  [33mfill[39m=[32m"none"[39m
                  [33mheight[39m=[32m"24"[39m
                  [33mstroke[39m=[32m"currentColor"[39m
                  [33mstroke-linecap[39m=[32m"round"[39m
                  [33mstroke-linejoin[39m=[32m"round"[39m
                  [33mstroke-width[39m=[32m"2"[39m
                  [33mviewBox[39m=[32m"0 0 24 24"[39m
                  [33mwidth[39m=[32m"24"[39m
                  [33mxmlns[39m=[32m"http://www.w3.org/2000/svg"[39m
                [36m>[39m
                  [36m<circle[39m
                    [33mcx[39m=[32m"12"[39m
                    [33mcy[39m=[32m"12"[39m
                    [33mr[39m=[32m"10"[39m
                  [36m/>[39m
                  [36m<polyline[39m
                    [33mpoints[39m=[32m"12 6 12 12 16 14"[39m
                  [36m/>[39m
                [36m</svg>[39m
                [36m<span[39m
                  [33mclass[39m=[32m"font-bold text-slate-900 dark:text-white"[39m
                [36m>[39m
                  [0mMini Exam[0m
                [36m</span>[39m
              [36m</div>[39m
              [36m<div[39m
                [33mclass[39m=[32m"text-sm text-slate-600 dark:text-slate-300"[39m
              [36m>[39m
                [0m50 mins • 36 MCQs[0m
              [36m</div>[39m
            [36m</button>[39m
            [36m<button[39m
              [33mclass[39m=[32m"p-4 rounded-xl border-2 text-left transition-all border-slate-200 dark:border-slate-600 hover:border-primary-200 dark:hover:border-primary-400"[39m
            [36m>[39m
              [36m<div[39m
                [33mclass[39m=[32m"flex items-center gap-2 mb-1"[39m
              [36m>[39m
                [36m<svg[39m
                  [33mclass[39m=[32m"lucide lucide-graduation-cap w-4 h-4 text-slate-600 dark:text-slate-300"[39m
                  [33mfill[39m=[32m"none"[39m
                  [33mheight[39m=[32m"24"[39m
                  [33mstroke[39m=[32m"currentColor"[39m
                  [33mstroke-linecap[39m=[32m"round"[39m
                  [33mstroke-linejoin[39m=[32m"round"[39m
                  [33mstroke-width[39m=[32m"2"[39m
                  [33mviewBox[39m=[32m"0 0 24 24"[39m
                  [33mwidth[39m=[32m"24"[39m
                  [33mxmlns[39m=[32m"http://www.w3.org/2000/svg"[39m
                [36m>[39m
                  [36m<path[39m
                    [33md[39m=[32m"M21.42 10.922a1 1 0 0 0-.019-1.838L12.83 5.18a2 2 0 0 0-1.66 0L2.6 9.08a1 1 0 0 0 0 1.832l8.57 3.908a2 2 0 0 0 1.66 0z"[39m
                  [36m/>[39m
                  [36m<path[39m
                    [33md[39m=[32m"M22 10v6"[39m
                  [36m/>[39m
                  [36m<path[39m
                    [33md[39m=[32m"M6 12.5V16a6 3 0 0 0 12 0v-3.5"[39m
                  [36m/>[39m
                [36m</svg>[39m
                [36m<span[39m
                  [33mclass[39m=[32m"font-bold text-slate-900 dark:text-white"[39m
                [36m>[39m
                  [0mFull Exam[0m
                [36m</span>[39m
              [36m</div>[39m
              [36m<div[39m
                [33mclass[39m=[32m"text-sm text-slate-600 dark:text-slate-300"[39m
              [36m>[39m
                [0m4 hours • Full CPA exam with simulations[0m
              [36m</div>[39m
            [36m</button>[39m
            [36m<button[39m
              [33mclass[39m=[32m"p-4 rounded-xl border-2 text-left transition-all relative border-slate-200 dark:border-slate-600 hover:border-primary-200 dark:hover:border-primary-400"[39m
            [36m>[39m
              [36m<div[39m
                [33mclass[39m=[32m"absolute -top-2 -right-2"[39m
              [36m>[39m
                [36m<span[39m
                  [33mclass[39m=[32m"bg-gradient-to-r from-amber-400 to-amber-500 text-xs font-bold text-white px-2 py-0.5 rounded-full flex items-center gap-1"[39m
                [36m>[39m
                  [36m<svg[39m
                    [33mclass[39m=[32m"lucide lucide-sparkles w-3 h-3"[39m
                    [33mfill[39m=[32m"none"[39m
                    [33mheight[39m=[32m"24"[39m
                    [33mstroke[39m=[32m"currentColor"[39m
                    [33mstroke-linecap[39m=[32m"round"[39m
                    [33mstroke-linejoin[39m=[32m"round"[39m
                    [33mstroke-width[39m=[32m"2"[39m
                    [33mviewBox[39m=[32m"0 0 24 24"[39m
                    [33mwidth[39m=[32m"24"[39m
                    [33mxmlns[39m=[32m"http://www.w3.org/2000/svg"[39m
                  [36m>[39m
                    [36m<path[39m
                      [33md[39m=[32m"m12 3-1.912 5.813a2 2 0 0 1-1.275 1.275L3 12l5.813 1.912a2 2 0 0 1 1.275 1.275L12 21l1.912-5.813a2 2 0 0 1 1.275-1.275L21 12l-5.813-1.912a2 2 0 0 1-1.275-1.275L12 3Z"[39m
                    [36m/>[39m
                    [36m<path[39m
                      [33md[39m=[32m"M5 3v4"[39m
                    [36m/>[39m
                    [36m<path[39m
                      [33md[39m=[32m"M19 17v4"[39m
                    [...
 ❯ Object.getElementError node_modules/@testing-library/dom/dist/config.js:37:19
 ❯ node_modules/@testing-library/dom/dist/query-helpers.js:76:38
 ❯ node_modules/@testing-library/dom/dist/query-helpers.js:52:17
 ❯ node_modules/@testing-library/dom/dist/query-helpers.js:95:19
 ❯ src/test/components/ExamSimulator.test.jsx:93:21
     91|     it('should display exam simulation title', () => {
     92|       renderExamSimulator();
     93|       expect(screen.getByText(/Exam Simulation/i)).toBeInTheDocument();
       |                     ^
     94|     });
     95| 

⎯⎯⎯⎯⎯⎯⎯⎯⎯⎯⎯⎯⎯⎯⎯⎯⎯⎯⎯⎯⎯⎯⎯[2/54]⎯

 FAIL  src/test/components/ExamSimulator.test.jsx > ExamSimulator > Intro Screen > should have Back to Home link
TestingLibraryElementError: Unable to find an element with the text: /Back to Home/i. This could be because the text is broken up by multiple elements. In this case, you can provide a function for your text matcher to make your matcher more flexible.

Ignored nodes: comments, script, style
[36m<body>[39m
  [36m<div>[39m
    [36m<div[39m
      [33mclass[39m=[32m"max-w-3xl mx-auto py-6 px-4"[39m
    [36m>[39m
      [36m<div[39m
        [33mclass[39m=[32m"mb-6"[39m
      [36m>[39m
        [36m<h1[39m
          [33mclass[39m=[32m"text-2xl font-bold text-slate-900 dark:text-white"[39m
        [36m>[39m
          [0mExams[0m
        [36m</h1>[39m
        [36m<p[39m
          [33mclass[39m=[32m"text-slate-600 dark:text-slate-400"[39m
        [36m>[39m
          [0mPractice exams and simulations for [0m
          [0mTaxation and Regulation[0m
        [36m</p>[39m
      [36m</div>[39m
      [36m<div[39m
        [33mclass[39m=[32m"bg-white dark:bg-slate-800 rounded-2xl shadow-xl overflow-hidden"[39m
      [36m>[39m
        [36m<div[39m
          [33mclass[39m=[32m"p-8"[39m
        [36m>[39m
          [36m<h3[39m
            [33mclass[39m=[32m"text-sm font-bold text-slate-600 dark:text-slate-300 uppercase tracking-wider mb-4"[39m
          [36m>[39m
            [0mSelect Exam Type[0m
          [36m</h3>[39m
          [36m<div[39m
            [33mclass[39m=[32m"grid gap-4 mb-6 grid-cols-2"[39m
          [36m>[39m
            [36m<button[39m
              [33mclass[39m=[32m"p-4 rounded-xl border-2 text-left transition-all border-primary-500 bg-primary-50 dark:bg-primary-900/30"[39m
            [36m>[39m
              [36m<div[39m
                [33mclass[39m=[32m"flex items-center gap-2 mb-1"[39m
              [36m>[39m
                [36m<svg[39m
                  [33mclass[39m=[32m"lucide lucide-clock w-4 h-4 text-slate-600 dark:text-slate-300"[39m
                  [33mfill[39m=[32m"none"[39m
                  [33mheight[39m=[32m"24"[39m
                  [33mstroke[39m=[32m"currentColor"[39m
                  [33mstroke-linecap[39m=[32m"round"[39m
                  [33mstroke-linejoin[39m=[32m"round"[39m
                  [33mstroke-width[39m=[32m"2"[39m
                  [33mviewBox[39m=[32m"0 0 24 24"[39m
                  [33mwidth[39m=[32m"24"[39m
                  [33mxmlns[39m=[32m"http://www.w3.org/2000/svg"[39m
                [36m>[39m
                  [36m<circle[39m
                    [33mcx[39m=[32m"12"[39m
                    [33mcy[39m=[32m"12"[39m
                    [33mr[39m=[32m"10"[39m
                  [36m/>[39m
                  [36m<polyline[39m
                    [33mpoints[39m=[32m"12 6 12 12 16 14"[39m
                  [36m/>[39m
                [36m</svg>[39m
                [36m<span[39m
                  [33mclass[39m=[32m"font-bold text-slate-900 dark:text-white"[39m
                [36m>[39m
                  [0mMini Exam[0m
                [36m</span>[39m
              [36m</div>[39m
              [36m<div[39m
                [33mclass[39m=[32m"text-sm text-slate-600 dark:text-slate-300"[39m
              [36m>[39m
                [0m50 mins • 36 MCQs[0m
              [36m</div>[39m
            [36m</button>[39m
            [36m<button[39m
              [33mclass[39m=[32m"p-4 rounded-xl border-2 text-left transition-all border-slate-200 dark:border-slate-600 hover:border-primary-200 dark:hover:border-primary-400"[39m
            [36m>[39m
              [36m<div[39m
                [33mclass[39m=[32m"flex items-center gap-2 mb-1"[39m
              [36m>[39m
                [36m<svg[39m
                  [33mclass[39m=[32m"lucide lucide-graduation-cap w-4 h-4 text-slate-600 dark:text-slate-300"[39m
                  [33mfill[39m=[32m"none"[39m
                  [33mheight[39m=[32m"24"[39m
                  [33mstroke[39m=[32m"currentColor"[39m
                  [33mstroke-linecap[39m=[32m"round"[39m
                  [33mstroke-linejoin[39m=[32m"round"[39m
                  [33mstroke-width[39m=[32m"2"[39m
                  [33mviewBox[39m=[32m"0 0 24 24"[39m
                  [33mwidth[39m=[32m"24"[39m
                  [33mxmlns[39m=[32m"http://www.w3.org/2000/svg"[39m
                [36m>[39m
                  [36m<path[39m
                    [33md[39m=[32m"M21.42 10.922a1 1 0 0 0-.019-1.838L12.83 5.18a2 2 0 0 0-1.66 0L2.6 9.08a1 1 0 0 0 0 1.832l8.57 3.908a2 2 0 0 0 1.66 0z"[39m
                  [36m/>[39m
                  [36m<path[39m
                    [33md[39m=[32m"M22 10v6"[39m
                  [36m/>[39m
                  [36m<path[39m
                    [33md[39m=[32m"M6 12.5V16a6 3 0 0 0 12 0v-3.5"[39m
                  [36m/>[39m
                [36m</svg>[39m
                [36m<span[39m
                  [33mclass[39m=[32m"font-bold text-slate-900 dark:text-white"[39m
                [36m>[39m
                  [0mFull Exam[0m
                [36m</span>[39m
              [36m</div>[39m
              [36m<div[39m
                [33mclass[39m=[32m"text-sm text-slate-600 dark:text-slate-300"[39m
              [36m>[39m
                [0m4 hours • Full CPA exam with simulations[0m
              [36m</div>[39m
            [36m</button>[39m
            [36m<button[39m
              [33mclass[39m=[32m"p-4 rounded-xl border-2 text-left transition-all relative border-slate-200 dark:border-slate-600 hover:border-primary-200 dark:hover:border-primary-400"[39m
            [36m>[39m
              [36m<div[39m
                [33mclass[39m=[32m"absolute -top-2 -right-2"[39m
              [36m>[39m
                [36m<span[39m
                  [33mclass[39m=[32m"bg-gradient-to-r from-amber-400 to-amber-500 text-xs font-bold text-white px-2 py-0.5 rounded-full flex items-center gap-1"[39m
                [36m>[39m
                  [36m<svg[39m
                    [33mclass[39m=[32m"lucide lucide-sparkles w-3 h-3"[39m
                    [33mfill[39m=[32m"none"[39m
                    [33mheight[39m=[32m"24"[39m
                    [33mstroke[39m=[32m"currentColor"[39m
                    [33mstroke-linecap[39m=[32m"round"[39m
                    [33mstroke-linejoin[39m=[32m"round"[39m
                    [33mstroke-width[39m=[32m"2"[39m
                    [33mviewBox[39m=[32m"0 0 24 24"[39m
                    [33mwidth[39m=[32m"24"[39m
                    [33mxmlns[39m=[32m"http://www.w3.org/2000/svg"[39m
                  [36m>[39m
                    [36m<path[39m
                      [33md[39m=[32m"m12 3-1.912 5.813a2 2 0 0 1-1.275 1.275L3 12l5.813 1.912a2 2 0 0 1 1.275 1.275L12 21l1.912-5.813a2 2 0 0 1 1.275-1.275L21 12l-5.813-1.912a2 2 0 0 1-1.275-1.275L12 3Z"[39m
                    [36m/>[39m
                    [36m<path[39m
                      [33md[39m=[32m"M5 3v4"[39m
                    [36m/>[39m
                    [36m<path[39m
                      [33md[39m=[32m"M19 17v4"[39m
                    [...
 ❯ Object.getElementError node_modules/@testing-library/dom/dist/config.js:37:19
 ❯ node_modules/@testing-library/dom/dist/query-helpers.js:76:38
 ❯ node_modules/@testing-library/dom/dist/query-helpers.js:52:17
 ❯ node_modules/@testing-library/dom/dist/query-helpers.js:95:19
 ❯ src/test/components/ExamSimulator.test.jsx:131:21
    129|     it('should have Back to Home link', () => {
    130|       renderExamSimulator();
    131|       expect(screen.getByText(/Back to Home/i)).toBeInTheDocument();
       |                     ^
    132|     });
    133|   });

⎯⎯⎯⎯⎯⎯⎯⎯⎯⎯⎯⎯⎯⎯⎯⎯⎯⎯⎯⎯⎯⎯⎯[3/54]⎯

 FAIL  src/test/components/ExamSimulator.test.jsx > ExamSimulator > Section Info Display > should display user section (REG)
TestingLibraryElementError: Unable to find an element with the text: /\(REG\)/. This could be because the text is broken up by multiple elements. In this case, you can provide a function for your text matcher to make your matcher more flexible.

Ignored nodes: comments, script, style
[36m<body>[39m
  [36m<div>[39m
    [36m<div[39m
      [33mclass[39m=[32m"max-w-3xl mx-auto py-6 px-4"[39m
    [36m>[39m
      [36m<div[39m
        [33mclass[39m=[32m"mb-6"[39m
      [36m>[39m
        [36m<h1[39m
          [33mclass[39m=[32m"text-2xl font-bold text-slate-900 dark:text-white"[39m
        [36m>[39m
          [0mExams[0m
        [36m</h1>[39m
        [36m<p[39m
          [33mclass[39m=[32m"text-slate-600 dark:text-slate-400"[39m
        [36m>[39m
          [0mPractice exams and simulations for [0m
          [0mTaxation and Regulation[0m
        [36m</p>[39m
      [36m</div>[39m
      [36m<div[39m
        [33mclass[39m=[32m"bg-white dark:bg-slate-800 rounded-2xl shadow-xl overflow-hidden"[39m
      [36m>[39m
        [36m<div[39m
          [33mclass[39m=[32m"p-8"[39m
        [36m>[39m
          [36m<h3[39m
            [33mclass[39m=[32m"text-sm font-bold text-slate-600 dark:text-slate-300 uppercase tracking-wider mb-4"[39m
          [36m>[39m
            [0mSelect Exam Type[0m
          [36m</h3>[39m
          [36m<div[39m
            [33mclass[39m=[32m"grid gap-4 mb-6 grid-cols-2"[39m
          [36m>[39m
            [36m<button[39m
              [33mclass[39m=[32m"p-4 rounded-xl border-2 text-left transition-all border-primary-500 bg-primary-50 dark:bg-primary-900/30"[39m
            [36m>[39m
              [36m<div[39m
                [33mclass[39m=[32m"flex items-center gap-2 mb-1"[39m
              [36m>[39m
                [36m<svg[39m
                  [33mclass[39m=[32m"lucide lucide-clock w-4 h-4 text-slate-600 dark:text-slate-300"[39m
                  [33mfill[39m=[32m"none"[39m
                  [33mheight[39m=[32m"24"[39m
                  [33mstroke[39m=[32m"currentColor"[39m
                  [33mstroke-linecap[39m=[32m"round"[39m
                  [33mstroke-linejoin[39m=[32m"round"[39m
                  [33mstroke-width[39m=[32m"2"[39m
                  [33mviewBox[39m=[32m"0 0 24 24"[39m
                  [33mwidth[39m=[32m"24"[39m
                  [33mxmlns[39m=[32m"http://www.w3.org/2000/svg"[39m
                [36m>[39m
                  [36m<circle[39m
                    [33mcx[39m=[32m"12"[39m
                    [33mcy[39m=[32m"12"[39m
                    [33mr[39m=[32m"10"[39m
                  [36m/>[39m
                  [36m<polyline[39m
                    [33mpoints[39m=[32m"12 6 12 12 16 14"[39m
                  [36m/>[39m
                [36m</svg>[39m
                [36m<span[39m
                  [33mclass[39m=[32m"font-bold text-slate-900 dark:text-white"[39m
                [36m>[39m
                  [0mMini Exam[0m
                [36m</span>[39m
              [36m</div>[39m
              [36m<div[39m
                [33mclass[39m=[32m"text-sm text-slate-600 dark:text-slate-300"[39m
              [36m>[39m
                [0m50 mins • 36 MCQs[0m
              [36m</div>[39m
            [36m</button>[39m
            [36m<button[39m
              [33mclass[39m=[32m"p-4 rounded-xl border-2 text-left transition-all border-slate-200 dark:border-slate-600 hover:border-primary-200 dark:hover:border-primary-400"[39m
            [36m>[39m
              [36m<div[39m
                [33mclass[39m=[32m"flex items-center gap-2 mb-1"[39m
              [36m>[39m
                [36m<svg[39m
                  [33mclass[39m=[32m"lucide lucide-graduation-cap w-4 h-4 text-slate-600 dark:text-slate-300"[39m
                  [33mfill[39m=[32m"none"[39m
                  [33mheight[39m=[32m"24"[39m
                  [33mstroke[39m=[32m"currentColor"[39m
                  [33mstroke-linecap[39m=[32m"round"[39m
                  [33mstroke-linejoin[39m=[32m"round"[39m
                  [33mstroke-width[39m=[32m"2"[39m
                  [33mviewBox[39m=[32m"0 0 24 24"[39m
                  [33mwidth[39m=[32m"24"[39m
                  [33mxmlns[39m=[32m"http://www.w3.org/2000/svg"[39m
                [36m>[39m
                  [36m<path[39m
                    [33md[39m=[32m"M21.42 10.922a1 1 0 0 0-.019-1.838L12.83 5.18a2 2 0 0 0-1.66 0L2.6 9.08a1 1 0 0 0 0 1.832l8.57 3.908a2 2 0 0 0 1.66 0z"[39m
                  [36m/>[39m
                  [36m<path[39m
                    [33md[39m=[32m"M22 10v6"[39m
                  [36m/>[39m
                  [36m<path[39m
                    [33md[39m=[32m"M6 12.5V16a6 3 0 0 0 12 0v-3.5"[39m
                  [36m/>[39m
                [36m</svg>[39m
                [36m<span[39m
                  [33mclass[39m=[32m"font-bold text-slate-900 dark:text-white"[39m
                [36m>[39m
                  [0mFull Exam[0m
                [36m</span>[39m
              [36m</div>[39m
              [36m<div[39m
                [33mclass[39m=[32m"text-sm text-slate-600 dark:text-slate-300"[39m
              [36m>[39m
                [0m4 hours • Full CPA exam with simulations[0m
              [36m</div>[39m
            [36m</button>[39m
            [36m<button[39m
              [33mclass[39m=[32m"p-4 rounded-xl border-2 text-left transition-all relative border-slate-200 dark:border-slate-600 hover:border-primary-200 dark:hover:border-primary-400"[39m
            [36m>[39m
              [36m<div[39m
                [33mclass[39m=[32m"absolute -top-2 -right-2"[39m
              [36m>[39m
                [36m<span[39m
                  [33mclass[39m=[32m"bg-gradient-to-r from-amber-400 to-amber-500 text-xs font-bold text-white px-2 py-0.5 rounded-full flex items-center gap-1"[39m
                [36m>[39m
                  [36m<svg[39m
                    [33mclass[39m=[32m"lucide lucide-sparkles w-3 h-3"[39m
                    [33mfill[39m=[32m"none"[39m
                    [33mheight[39m=[32m"24"[39m
                    [33mstroke[39m=[32m"currentColor"[39m
                    [33mstroke-linecap[39m=[32m"round"[39m
                    [33mstroke-linejoin[39m=[32m"round"[39m
                    [33mstroke-width[39m=[32m"2"[39m
                    [33mviewBox[39m=[32m"0 0 24 24"[39m
                    [33mwidth[39m=[32m"24"[39m
                    [33mxmlns[39m=[32m"http://www.w3.org/2000/svg"[39m
                  [36m>[39m
                    [36m<path[39m
                      [33md[39m=[32m"m12 3-1.912 5.813a2 2 0 0 1-1.275 1.275L3 12l5.813 1.912a2 2 0 0 1 1.275 1.275L12 21l1.912-5.813a2 2 0 0 1 1.275-1.275L21 12l-5.813-1.912a2 2 0 0 1-1.275-1.275L12 3Z"[39m
                    [36m/>[39m
                    [36m<path[39m
                      [33md[39m=[32m"M5 3v4"[39m
                    [36m/>[39m
                    [36m<path[39m
                      [33md[39m=[32m"M19 17v4"[39m
                    [...
 ❯ Object.getElementError node_modules/@testing-library/dom/dist/config.js:37:19
 ❯ node_modules/@testing-library/dom/dist/query-helpers.js:76:38
 ❯ node_modules/@testing-library/dom/dist/query-helpers.js:52:17
 ❯ node_modules/@testing-library/dom/dist/query-helpers.js:95:19
 ❯ src/test/components/ExamSimulator.test.jsx:200:21
    198|       renderExamSimulator();
    199|       // Section shows in the header text
    200|       expect(screen.getByText(/\(REG\)/)).toBeInTheDocument();
       |                     ^
    201|     });
    202| 

⎯⎯⎯⎯⎯⎯⎯⎯⎯⎯⎯⎯⎯⎯⎯⎯⎯⎯⎯⎯⎯⎯⎯[4/54]⎯

 FAIL  src/test/components/ExamSimulator.test.jsx > ExamSimulator > Section Info Display > should show full section name
TestingLibraryElementError: Unable to find an element with the text: /Exam Experience/i. This could be because the text is broken up by multiple elements. In this case, you can provide a function for your text matcher to make your matcher more flexible.

Ignored nodes: comments, script, style
[36m<body>[39m
  [36m<div>[39m
    [36m<div[39m
      [33mclass[39m=[32m"max-w-3xl mx-auto py-6 px-4"[39m
    [36m>[39m
      [36m<div[39m
        [33mclass[39m=[32m"mb-6"[39m
      [36m>[39m
        [36m<h1[39m
          [33mclass[39m=[32m"text-2xl font-bold text-slate-900 dark:text-white"[39m
        [36m>[39m
          [0mExams[0m
        [36m</h1>[39m
        [36m<p[39m
          [33mclass[39m=[32m"text-slate-600 dark:text-slate-400"[39m
        [36m>[39m
          [0mPractice exams and simulations for [0m
          [0mTaxation and Regulation[0m
        [36m</p>[39m
      [36m</div>[39m
      [36m<div[39m
        [33mclass[39m=[32m"bg-white dark:bg-slate-800 rounded-2xl shadow-xl overflow-hidden"[39m
      [36m>[39m
        [36m<div[39m
          [33mclass[39m=[32m"p-8"[39m
        [36m>[39m
          [36m<h3[39m
            [33mclass[39m=[32m"text-sm font-bold text-slate-600 dark:text-slate-300 uppercase tracking-wider mb-4"[39m
          [36m>[39m
            [0mSelect Exam Type[0m
          [36m</h3>[39m
          [36m<div[39m
            [33mclass[39m=[32m"grid gap-4 mb-6 grid-cols-2"[39m
          [36m>[39m
            [36m<button[39m
              [33mclass[39m=[32m"p-4 rounded-xl border-2 text-left transition-all border-primary-500 bg-primary-50 dark:bg-primary-900/30"[39m
            [36m>[39m
              [36m<div[39m
                [33mclass[39m=[32m"flex items-center gap-2 mb-1"[39m
              [36m>[39m
                [36m<svg[39m
                  [33mclass[39m=[32m"lucide lucide-clock w-4 h-4 text-slate-600 dark:text-slate-300"[39m
                  [33mfill[39m=[32m"none"[39m
                  [33mheight[39m=[32m"24"[39m
                  [33mstroke[39m=[32m"currentColor"[39m
                  [33mstroke-linecap[39m=[32m"round"[39m
                  [33mstroke-linejoin[39m=[32m"round"[39m
                  [33mstroke-width[39m=[32m"2"[39m
                  [33mviewBox[39m=[32m"0 0 24 24"[39m
                  [33mwidth[39m=[32m"24"[39m
                  [33mxmlns[39m=[32m"http://www.w3.org/2000/svg"[39m
                [36m>[39m
                  [36m<circle[39m
                    [33mcx[39m=[32m"12"[39m
                    [33mcy[39m=[32m"12"[39m
                    [33mr[39m=[32m"10"[39m
                  [36m/>[39m
                  [36m<polyline[39m
                    [33mpoints[39m=[32m"12 6 12 12 16 14"[39m
                  [36m/>[39m
                [36m</svg>[39m
                [36m<span[39m
                  [33mclass[39m=[32m"font-bold text-slate-900 dark:text-white"[39m
                [36m>[39m
                  [0mMini Exam[0m
                [36m</span>[39m
              [36m</div>[39m
              [36m<div[39m
                [33mclass[39m=[32m"text-sm text-slate-600 dark:text-slate-300"[39m
              [36m>[39m
                [0m50 mins • 36 MCQs[0m
              [36m</div>[39m
            [36m</button>[39m
            [36m<button[39m
              [33mclass[39m=[32m"p-4 rounded-xl border-2 text-left transition-all border-slate-200 dark:border-slate-600 hover:border-primary-200 dark:hover:border-primary-400"[39m
            [36m>[39m
              [36m<div[39m
                [33mclass[39m=[32m"flex items-center gap-2 mb-1"[39m
              [36m>[39m
                [36m<svg[39m
                  [33mclass[39m=[32m"lucide lucide-graduation-cap w-4 h-4 text-slate-600 dark:text-slate-300"[39m
                  [33mfill[39m=[32m"none"[39m
                  [33mheight[39m=[32m"24"[39m
                  [33mstroke[39m=[32m"currentColor"[39m
                  [33mstroke-linecap[39m=[32m"round"[39m
                  [33mstroke-linejoin[39m=[32m"round"[39m
                  [33mstroke-width[39m=[32m"2"[39m
                  [33mviewBox[39m=[32m"0 0 24 24"[39m
                  [33mwidth[39m=[32m"24"[39m
                  [33mxmlns[39m=[32m"http://www.w3.org/2000/svg"[39m
                [36m>[39m
                  [36m<path[39m
                    [33md[39m=[32m"M21.42 10.922a1 1 0 0 0-.019-1.838L12.83 5.18a2 2 0 0 0-1.66 0L2.6 9.08a1 1 0 0 0 0 1.832l8.57 3.908a2 2 0 0 0 1.66 0z"[39m
                  [36m/>[39m
                  [36m<path[39m
                    [33md[39m=[32m"M22 10v6"[39m
                  [36m/>[39m
                  [36m<path[39m
                    [33md[39m=[32m"M6 12.5V16a6 3 0 0 0 12 0v-3.5"[39m
                  [36m/>[39m
                [36m</svg>[39m
                [36m<span[39m
                  [33mclass[39m=[32m"font-bold text-slate-900 dark:text-white"[39m
                [36m>[39m
                  [0mFull Exam[0m
                [36m</span>[39m
              [36m</div>[39m
              [36m<div[39m
                [33mclass[39m=[32m"text-sm text-slate-600 dark:text-slate-300"[39m
              [36m>[39m
                [0m4 hours • Full CPA exam with simulations[0m
              [36m</div>[39m
            [36m</button>[39m
            [36m<button[39m
              [33mclass[39m=[32m"p-4 rounded-xl border-2 text-left transition-all relative border-slate-200 dark:border-slate-600 hover:border-primary-200 dark:hover:border-primary-400"[39m
            [36m>[39m
              [36m<div[39m
                [33mclass[39m=[32m"absolute -top-2 -right-2"[39m
              [36m>[39m
                [36m<span[39m
                  [33mclass[39m=[32m"bg-gradient-to-r from-amber-400 to-amber-500 text-xs font-bold text-white px-2 py-0.5 rounded-full flex items-center gap-1"[39m
                [36m>[39m
                  [36m<svg[39m
                    [33mclass[39m=[32m"lucide lucide-sparkles w-3 h-3"[39m
                    [33mfill[39m=[32m"none"[39m
                    [33mheight[39m=[32m"24"[39m
                    [33mstroke[39m=[32m"currentColor"[39m
                    [33mstroke-linecap[39m=[32m"round"[39m
                    [33mstroke-linejoin[39m=[32m"round"[39m
                    [33mstroke-width[39m=[32m"2"[39m
                    [33mviewBox[39m=[32m"0 0 24 24"[39m
                    [33mwidth[39m=[32m"24"[39m
                    [33mxmlns[39m=[32m"http://www.w3.org/2000/svg"[39m
                  [36m>[39m
                    [36m<path[39m
                      [33md[39m=[32m"m12 3-1.912 5.813a2 2 0 0 1-1.275 1.275L3 12l5.813 1.912a2 2 0 0 1 1.275 1.275L12 21l1.912-5.813a2 2 0 0 1 1.275-1.275L21 12l-5.813-1.912a2 2 0 0 1-1.275-1.275L12 3Z"[39m
                    [36m/>[39m
                    [36m<path[39m
                      [33md[39m=[32m"M5 3v4"[39m
                    [36m/>[39m
                    [36m<path[39m
                      [33md[39m=[32m"M19 17v4"[39m
                    [...
 ❯ Object.getElementError node_modules/@testing-library/dom/dist/config.js:37:19
 ❯ node_modules/@testing-library/dom/dist/query-helpers.js:76:38
 ❯ node_modules/@testing-library/dom/dist/query-helpers.js:52:17
 ❯ node_modules/@testing-library/dom/dist/query-helpers.js:95:19
 ❯ src/test/components/ExamSimulator.test.jsx:205:21
    203|     it('should show full section name', () => {
    204|       renderExamSimulator();
    205|       expect(screen.getByText(/Exam Experience/i)).toBeInTheDocument();
       |                     ^
    206|     });
    207|   });

⎯⎯⎯⎯⎯⎯⎯⎯⎯⎯⎯⎯⎯⎯⎯⎯⎯⎯⎯⎯⎯⎯⎯[5/54]⎯

 FAIL  src/test/components/ExamSimulator.test.jsx > ExamSimulator > Accessibility > should have descriptive button labels
TestingLibraryElementError: Unable to find an element with the text: /Back to Home/i. This could be because the text is broken up by multiple elements. In this case, you can provide a function for your text matcher to make your matcher more flexible.

Ignored nodes: comments, script, style
[36m<body>[39m
  [36m<div>[39m
    [36m<div[39m
      [33mclass[39m=[32m"max-w-3xl mx-auto py-6 px-4"[39m
    [36m>[39m
      [36m<div[39m
        [33mclass[39m=[32m"mb-6"[39m
      [36m>[39m
        [36m<h1[39m
          [33mclass[39m=[32m"text-2xl font-bold text-slate-900 dark:text-white"[39m
        [36m>[39m
          [0mExams[0m
        [36m</h1>[39m
        [36m<p[39m
          [33mclass[39m=[32m"text-slate-600 dark:text-slate-400"[39m
        [36m>[39m
          [0mPractice exams and simulations for [0m
          [0mTaxation and Regulation[0m
        [36m</p>[39m
      [36m</div>[39m
      [36m<div[39m
        [33mclass[39m=[32m"bg-white dark:bg-slate-800 rounded-2xl shadow-xl overflow-hidden"[39m
      [36m>[39m
        [36m<div[39m
          [33mclass[39m=[32m"p-8"[39m
        [36m>[39m
          [36m<h3[39m
            [33mclass[39m=[32m"text-sm font-bold text-slate-600 dark:text-slate-300 uppercase tracking-wider mb-4"[39m
          [36m>[39m
            [0mSelect Exam Type[0m
          [36m</h3>[39m
          [36m<div[39m
            [33mclass[39m=[32m"grid gap-4 mb-6 grid-cols-2"[39m
          [36m>[39m
            [36m<button[39m
              [33mclass[39m=[32m"p-4 rounded-xl border-2 text-left transition-all border-primary-500 bg-primary-50 dark:bg-primary-900/30"[39m
            [36m>[39m
              [36m<div[39m
                [33mclass[39m=[32m"flex items-center gap-2 mb-1"[39m
              [36m>[39m
                [36m<svg[39m
                  [33mclass[39m=[32m"lucide lucide-clock w-4 h-4 text-slate-600 dark:text-slate-300"[39m
                  [33mfill[39m=[32m"none"[39m
                  [33mheight[39m=[32m"24"[39m
                  [33mstroke[39m=[32m"currentColor"[39m
                  [33mstroke-linecap[39m=[32m"round"[39m
                  [33mstroke-linejoin[39m=[32m"round"[39m
                  [33mstroke-width[39m=[32m"2"[39m
                  [33mviewBox[39m=[32m"0 0 24 24"[39m
                  [33mwidth[39m=[32m"24"[39m
                  [33mxmlns[39m=[32m"http://www.w3.org/2000/svg"[39m
                [36m>[39m
                  [36m<circle[39m
                    [33mcx[39m=[32m"12"[39m
                    [33mcy[39m=[32m"12"[39m
                    [33mr[39m=[32m"10"[39m
                  [36m/>[39m
                  [36m<polyline[39m
                    [33mpoints[39m=[32m"12 6 12 12 16 14"[39m
                  [36m/>[39m
                [36m</svg>[39m
                [36m<span[39m
                  [33mclass[39m=[32m"font-bold text-slate-900 dark:text-white"[39m
                [36m>[39m
                  [0mMini Exam[0m
                [36m</span>[39m
              [36m</div>[39m
              [36m<div[39m
                [33mclass[39m=[32m"text-sm text-slate-600 dark:text-slate-300"[39m
              [36m>[39m
                [0m50 mins • 36 MCQs[0m
              [36m</div>[39m
            [36m</button>[39m
            [36m<button[39m
              [33mclass[39m=[32m"p-4 rounded-xl border-2 text-left transition-all border-slate-200 dark:border-slate-600 hover:border-primary-200 dark:hover:border-primary-400"[39m
            [36m>[39m
              [36m<div[39m
                [33mclass[39m=[32m"flex items-center gap-2 mb-1"[39m
              [36m>[39m
                [36m<svg[39m
                  [33mclass[39m=[32m"lucide lucide-graduation-cap w-4 h-4 text-slate-600 dark:text-slate-300"[39m
                  [33mfill[39m=[32m"none"[39m
                  [33mheight[39m=[32m"24"[39m
                  [33mstroke[39m=[32m"currentColor"[39m
                  [33mstroke-linecap[39m=[32m"round"[39m
                  [33mstroke-linejoin[39m=[32m"round"[39m
                  [33mstroke-width[39m=[32m"2"[39m
                  [33mviewBox[39m=[32m"0 0 24 24"[39m
                  [33mwidth[39m=[32m"24"[39m
                  [33mxmlns[39m=[32m"http://www.w3.org/2000/svg"[39m
                [36m>[39m
                  [36m<path[39m
                    [33md[39m=[32m"M21.42 10.922a1 1 0 0 0-.019-1.838L12.83 5.18a2 2 0 0 0-1.66 0L2.6 9.08a1 1 0 0 0 0 1.832l8.57 3.908a2 2 0 0 0 1.66 0z"[39m
                  [36m/>[39m
                  [36m<path[39m
                    [33md[39m=[32m"M22 10v6"[39m
                  [36m/>[39m
                  [36m<path[39m
                    [33md[39m=[32m"M6 12.5V16a6 3 0 0 0 12 0v-3.5"[39m
                  [36m/>[39m
                [36m</svg>[39m
                [36m<span[39m
                  [33mclass[39m=[32m"font-bold text-slate-900 dark:text-white"[39m
                [36m>[39m
                  [0mFull Exam[0m
                [36m</span>[39m
              [36m</div>[39m
              [36m<div[39m
                [33mclass[39m=[32m"text-sm text-slate-600 dark:text-slate-300"[39m
              [36m>[39m
                [0m4 hours • Full CPA exam with simulations[0m
              [36m</div>[39m
            [36m</button>[39m
            [36m<button[39m
              [33mclass[39m=[32m"p-4 rounded-xl border-2 text-left transition-all relative border-slate-200 dark:border-slate-600 hover:border-primary-200 dark:hover:border-primary-400"[39m
            [36m>[39m
              [36m<div[39m
                [33mclass[39m=[32m"absolute -top-2 -right-2"[39m
              [36m>[39m
                [36m<span[39m
                  [33mclass[39m=[32m"bg-gradient-to-r from-amber-400 to-amber-500 text-xs font-bold text-white px-2 py-0.5 rounded-full flex items-center gap-1"[39m
                [36m>[39m
                  [36m<svg[39m
                    [33mclass[39m=[32m"lucide lucide-sparkles w-3 h-3"[39m
                    [33mfill[39m=[32m"none"[39m
                    [33mheight[39m=[32m"24"[39m
                    [33mstroke[39m=[32m"currentColor"[39m
                    [33mstroke-linecap[39m=[32m"round"[39m
                    [33mstroke-linejoin[39m=[32m"round"[39m
                    [33mstroke-width[39m=[32m"2"[39m
                    [33mviewBox[39m=[32m"0 0 24 24"[39m
                    [33mwidth[39m=[32m"24"[39m
                    [33mxmlns[39m=[32m"http://www.w3.org/2000/svg"[39m
                  [36m>[39m
                    [36m<path[39m
                      [33md[39m=[32m"m12 3-1.912 5.813a2 2 0 0 1-1.275 1.275L3 12l5.813 1.912a2 2 0 0 1 1.275 1.275L12 21l1.912-5.813a2 2 0 0 1 1.275-1.275L21 12l-5.813-1.912a2 2 0 0 1-1.275-1.275L12 3Z"[39m
                    [36m/>[39m
                    [36m<path[39m
                      [33md[39m=[32m"M5 3v4"[39m
                    [36m/>[39m
                    [36m<path[39m
                      [33md[39m=[32m"M19 17v4"[39m
                    [...
 ❯ Object.getElementError node_modules/@testing-library/dom/dist/config.js:37:19
 ❯ node_modules/@testing-library/dom/dist/query-helpers.js:76:38
 ❯ node_modules/@testing-library/dom/dist/query-helpers.js:52:17
 ❯ node_modules/@testing-library/dom/dist/query-helpers.js:95:19
 ❯ src/test/components/ExamSimulator.test.jsx:219:21
    217|       renderExamSimulator();
    218|       expect(screen.getByRole('button', { name: /Begin Examination/i }…
    219|       expect(screen.getByText(/Back to Home/i)).toBeInTheDocument();
       |                     ^
    220|     });
    221|   });

⎯⎯⎯⎯⎯⎯⎯⎯⎯⎯⎯⎯⎯⎯⎯⎯⎯⎯⎯⎯⎯⎯⎯[6/54]⎯

 FAIL  src/test/components/Practice.test.jsx > Practice Component > Session Setup Screen > should render practice questions title
 FAIL  src/test/components/Practice.test.jsx > Practice Component > Session Setup Screen > should display exam section selector
 FAIL  src/test/components/Practice.test.jsx > Practice Component > Session Setup Screen > should display practice mode options
 FAIL  src/test/components/Practice.test.jsx > Practice Component > Session Setup Screen > should display question count options
 FAIL  src/test/components/Practice.test.jsx > Practice Component > Session Setup Screen > should display difficulty selector in advanced options
 FAIL  src/test/components/Practice.test.jsx > Practice Component > Session Setup Screen > should display start button
 FAIL  src/test/components/Practice.test.jsx > Practice Component > Session Setup Screen > should allow selecting different question counts
 FAIL  src/test/components/Practice.test.jsx > Practice Component > Session Setup Screen > should allow selecting different difficulty levels
 FAIL  src/test/components/Practice.test.jsx > Practice Component > Practice Mode Selection > should have default mode (not timed)
 FAIL  src/test/components/Practice.test.jsx > Practice Component > Practice Mode Selection > should allow selecting Timed mode
 FAIL  src/test/components/Practice.test.jsx > Practice Component > Practice Mode Selection > should allow selecting weak areas mode
 FAIL  src/test/components/Practice.test.jsx > Practice Component > Section Selection > should have section dropdown with all CPA sections
 FAIL  src/test/components/Practice.test.jsx > Practice Component > Section Selection > should default to user profile exam section (REG)
 FAIL  src/test/components/Practice.test.jsx > Practice Component > Starting a Session > should show loading state when start is clicked
 FAIL  src/test/components/Practice.test.jsx > Practice Component > Accessibility > should have proper form labels
 FAIL  src/test/components/Practice.test.jsx > Practice Component > Accessibility > should have accessible buttons
 FAIL  src/test/components/pages/Practice.test.jsx > Practice Component > Session Setup > renders setup screen by default
 FAIL  src/test/components/pages/Practice.test.jsx > Practice Component > Session Setup > displays exam section select
 FAIL  src/test/components/pages/Practice.test.jsx > Practice Component > Session Setup > shows practice mode options
 FAIL  src/test/components/pages/Practice.test.jsx > Practice Component > Session Setup > shows question count options
 FAIL  src/test/components/pages/Practice.test.jsx > Practice Component > Session Setup > shows difficulty options in advanced panel
 FAIL  src/test/components/pages/Practice.test.jsx > Practice Component > Session Setup > shows start practice button
 FAIL  src/test/components/pages/Practice.test.jsx > Practice Component > Session Setup > allows selecting different practice modes
 FAIL  src/test/components/pages/Practice.test.jsx > Practice Component > Session Setup > allows selecting different question counts
 FAIL  src/test/components/pages/Practice.test.jsx > Practice Component > Session Setup > allows selecting difficulty levels
 FAIL  src/test/components/pages/Practice.test.jsx > Practice Component > Session Setup > allows changing exam section
 FAIL  src/test/components/pages/Practice.test.jsx > Practice Component > Start Practice > clicking start button triggers loading state
Error: useToast must be used within a ToastProvider
 ❯ Module.useToast src/components/common/Toast.tsx:27:11
     25|   const context = useContext(ToastContext);
     26|   if (!context) {
     27|     throw new Error('useToast must be used within a ToastProvider');
       |           ^
     28|   }
     29|   return context;
 ❯ Practice src/components/pages/Practice.tsx:718:17
 ❯ renderWithHooks node_modules/react-dom/cjs/react-dom.development.js:15486:18
 ❯ mountIndeterminateComponent node_modules/react-dom/cjs/react-dom.development.js:20103:13
 ❯ beginWork node_modules/react-dom/cjs/react-dom.development.js:21626:16
 ❯ beginWork$1 node_modules/react-dom/cjs/react-dom.development.js:27465:14
 ❯ performUnitOfWork node_modules/react-dom/cjs/react-dom.development.js:26599:12
 ❯ workLoopSync node_modules/react-dom/cjs/react-dom.development.js:26505:5
 ❯ renderRootSync node_modules/react-dom/cjs/react-dom.development.js:26473:7
 ❯ recoverFromConcurrentError node_modules/react-dom/cjs/react-dom.development.js:25889:20

⎯⎯⎯⎯⎯⎯⎯⎯⎯⎯⎯⎯⎯⎯⎯⎯⎯⎯⎯⎯⎯⎯⎯[7/54]⎯

 FAIL  src/test/components/Progress.test.jsx > Progress Component > Rendering > should render the progress page
 FAIL  src/test/components/Progress.test.jsx > Progress Component > Rendering > should show overall stats
 FAIL  src/test/components/Progress.test.jsx > Progress Component > Rendering > should display accuracy information
 FAIL  src/test/components/Progress.test.jsx > Progress Component > Rendering > should show streak information
 FAIL  src/test/components/Progress.test.jsx > Progress Component > Topic Performance > should display topic heat map
 FAIL  src/test/components/Progress.test.jsx > Progress Component > Exam Readiness > should show exam readiness gauge
Error: [vitest] No "getCurrentSection" export is defined on the "../../utils/profileHelpers" mock. Did you forget to return it from "vi.mock"?
If you need to partially mock a module, you can use "importOriginal" helper inside:

vi.mock("../../utils/profileHelpers", async (importOriginal) => {
  const actual = await importOriginal()
  return {
    ...actual,
    // your mocked methods
  }
})

 ❯ Module.useStudyPlan [as default] src/hooks/useStudyPlan.ts:154:26
    152|   
    153|   // Get the current section from profile (e.g., 'FAR', 'AUD', 'SEE1')
    154|   const currentSection = getCurrentSection(userProfile, courseId, getD…
       |                          ^
    155|   
    156|   // Plans are stored per-section: e.g., 'cpa_FAR', 'cpa_AUD', 'ea_SEE…
 ❯ Progress src/components/pages/Progress.tsx:63:59
 ❯ renderWithHooks node_modules/react-dom/cjs/react-dom.development.js:15486:18
 ❯ mountIndeterminateComponent node_modules/react-dom/cjs/react-dom.development.js:20103:13
 ❯ beginWork node_modules/react-dom/cjs/react-dom.development.js:21626:16
 ❯ beginWork$1 node_modules/react-dom/cjs/react-dom.development.js:27465:14
 ❯ performUnitOfWork node_modules/react-dom/cjs/react-dom.development.js:26599:12
 ❯ workLoopSync node_modules/react-dom/cjs/react-dom.development.js:26505:5

⎯⎯⎯⎯⎯⎯⎯⎯⎯⎯⎯⎯⎯⎯⎯⎯⎯⎯⎯⎯⎯⎯⎯[8/54]⎯

 FAIL  src/test/data/question-integrity.test.ts > Question Data Integrity > should have no duplicate IDs across the entire question bank
AssertionError: expected [ …(3) ] to have a length of +0 but got 3

- Expected
+ Received

- 0
+ 3

 ❯ src/test/data/question-integrity.test.ts:157:24
    155|       if (duplicates.length > 15) console.log(`    ... and ${duplicate…
    156|     }
    157|     expect(duplicates).toHaveLength(0);
       |                        ^
    158|   });
    159| 

⎯⎯⎯⎯⎯⎯⎯⎯⎯⎯⎯⎯⎯⎯⎯⎯⎯⎯⎯⎯⎯⎯⎯[9/54]⎯

 FAIL  src/test/providers/ThemeProvider.test.jsx > ThemeProvider > Initial State > should respect system preference when no localStorage value
AssertionError: expected false to be true // Object.is equality

- Expected
+ Received

- true
+ false

 ❯ src/test/providers/ThemeProvider.test.jsx:71:39
     69|       const { result } = renderHook(() => useTheme(), { wrapper });
     70| 
     71|       expect(result.current.darkMode).toBe(true);
       |                                       ^
     72|     });
     73|   });

⎯⎯⎯⎯⎯⎯⎯⎯⎯⎯⎯⎯⎯⎯⎯⎯⎯⎯⎯⎯⎯⎯[10/54]⎯

 FAIL  src/test/components/layouts/MainLayout.test.tsx > MainLayout > renders navigation with all nav items
TestingLibraryElementError: Unable to find an element with the text: Learn. This could be because the text is broken up by multiple elements. In this case, you can provide a function for your text matcher to make your matcher more flexible.

Ignored nodes: comments, script, style
[36m<body>[39m
  [36m<div>[39m
    [36m<div[39m
      [33mclass[39m=[32m"min-h-app bg-slate-50 dark:bg-slate-900"[39m
    [36m>[39m
      [36m<a[39m
        [33mclass[39m=[32m"sr-only focus:not-sr-only focus:absolute focus:top-4 focus:left-4 focus:z-[100] focus:px-4 focus:py-2 focus:bg-primary-600 focus:text-white focus:rounded-lg focus:shadow-lg focus:outline-none"[39m
        [33mhref[39m=[32m"#main-content"[39m
      [36m>[39m
        [0mSkip to main content[0m
      [36m</a>[39m
      [36m<div[39m
        [33mclass[39m=[32m"max-w-[1440px] mx-auto flex flex-col md:flex-row safe-top safe-bottom min-h-app"[39m
      [36m>[39m
        [36m<aside[39m
          [33maria-label[39m=[32m"Main navigation"[39m
          [33mclass[39m=[32m"hidden md:flex flex-col w-64 flex-shrink-0 bg-white dark:bg-slate-800 border-r border-slate-200 dark:border-slate-700 sticky z-40 top-0 h-screen"[39m
          [33mrole[39m=[32m"navigation"[39m
        [36m>[39m
          [36m<div[39m
            [33mclass[39m=[32m"p-6"[39m
          [36m>[39m
            [36m<div[39m
              [33mclass[39m=[32m"flex items-center gap-3 mb-4"[39m
            [36m>[39m
              [36m<img[39m
                [33malt[39m=[32m"VoraPrep"[39m
                [33mclass[39m=[32m"h-10"[39m
                [33mheight[39m=[32m"40"[39m
                [33msrc[39m=[32m"/logo.svg"[39m
                [33mwidth[39m=[32m"120"[39m
              [36m/>[39m
            [36m</div>[39m
            [36m<div[39m
              [33mclass[39m=[32m"mb-6"[39m
            [36m>[39m
              [36m<div[39m
                [33mclass[39m=[32m"relative"[39m
              [36m>[39m
                [36m<button[39m
                  [33maria-busy[39m=[32m"false"[39m
                  [33maria-disabled[39m=[32m"false"[39m
                  [33maria-expanded[39m=[32m"false"[39m
                  [33maria-haspopup[39m=[32m"listbox"[39m
                  [33maria-label[39m=[32m"Select course"[39m
                  [33mclass[39m=[32m"btn btn-secondary focus-visible:ring-2 focus-visible:ring-primary-500 focus-visible:ring-offset-2 flex items-center gap-2 rounded-xl w-full px-3 py-2.5 border border-slate-200 dark:border-slate-600"[39m
                [36m>[39m
                  [36m<span[39m
                    [33mclass[39m=[32m"flex items-center justify-center rounded-lg text-white text-sm font-bold bg-blue-500 w-8 h-8"[39m
                  [36m>[39m
                    [0m📊[0m
                  [36m</span>[39m
                  [36m<div[39m
                    [33mclass[39m=[32m"flex-1 text-left"[39m
                  [36m>[39m
                    [36m<div[39m
                      [33mclass[39m=[32m"text-sm font-semibold text-slate-900 dark:text-slate-100"[39m
                    [36m>[39m
                      [0mCPA[0m
                    [36m</div>[39m
                    [36m<div[39m
                      [33mclass[39m=[32m"text-xs text-slate-600 dark:text-slate-300"[39m
                    [36m>[39m
                      [0mCPA Exam[0m
                    [36m</div>[39m
                  [36m</div>[39m
                  [36m<svg[39m
                    [33mclass[39m=[32m"lucide lucide-chevron-down w-4 h-4 text-slate-600 transition-transform duration-200"[39m
                    [33mfill[39m=[32m"none"[39m
                    [33mheight[39m=[32m"24"[39m
                    [33mstroke[39m=[32m"currentColor"[39m
                    [33mstroke-linecap[39m=[32m"round"[39m
                    [33mstroke-linejoin[39m=[32m"round"[39m
                    [33mstroke-width[39m=[32m"2"[39m
                    [33mviewBox[39m=[32m"0 0 24 24"[39m
                    [33mwidth[39m=[32m"24"[39m
                    [33mxmlns[39m=[32m"http://www.w3.org/2000/svg"[39m
                  [36m>[39m
                    [36m<path[39m
                      [33md[39m=[32m"m6 9 6 6 6-6"[39m
                    [36m/>[39m
                  [36m</svg>[39m
                [36m</button>[39m
              [36m</div>[39m
            [36m</div>[39m
            [36m<div[39m
              [33mclass[39m=[32m"space-y-1"[39m
            [36m>[39m
              [36m<a[39m
                [33maria-current[39m=[32m"page"[39m
                [33mclass[39m=[32m"flex items-center gap-3 px-4 py-3 rounded-xl transition-all duration-200 font-medium bg-primary-50 text-primary-700 shadow-sm dark:bg-primary-900/20 dark:text-primary-400"[39m
                [33mdata-testid[39m=[32m"nav-desktop-home"[39m
                [33mhref[39m=[32m"/home"[39m
              [36m>[39m
                [36m<svg[39m
                  [33mclass[39m=[32m"lucide lucide-home w-5 h-5"[39m
                  [33mfill[39m=[32m"none"[39m
                  [33mheight[39m=[32m"24"[39m
                  [33mstroke[39m=[32m"currentColor"[39m
                  [33mstroke-linecap[39m=[32m"round"[39m
                  [33mstroke-linejoin[39m=[32m"round"[39m
                  [33mstroke-width[39m=[32m"2"[39m
                  [33mviewBox[39m=[32m"0 0 24 24"[39m
                  [33mwidth[39m=[32m"24"[39m
                  [33mxmlns[39m=[32m"http://www.w3.org/2000/svg"[39m
                [36m>[39m
                  [36m<path[39m
                    [33md[39m=[32m"m3 9 9-7 9 7v11a2 2 0 0 1-2 2H5a2 2 0 0 1-2-2z"[39m
                  [36m/>[39m
                  [36m<polyline[39m
                    [33mpoints[39m=[32m"9 22 9 12 15 12 15 22"[39m
                  [36m/>[39m
                [36m</svg>[39m
                [36m<span[39m
                  [33mclass[39m=[32m"flex-1"[39m
                [36m>[39m
                  [0mHome[0m
                [36m</span>[39m
              [36m</a>[39m
              [36m<a[39m
                [33mclass[39m=[32m"flex items-center gap-3 px-4 py-3 rounded-xl transition-all duration-200 font-medium text-slate-600 hover:text-slate-900 hover:bg-slate-50 dark:text-slate-300 dark:hover:text-slate-100 dark:hover:bg-slate-700"[39m
                [33mdata-testid[39m=[32m"nav-desktop-exam"[39m
                [33mhref[39m=[32m"/exam"[39m
              [36m>[39m
                [36m<svg[39m
                  [33mclass[39m=[32m"lucide lucide-file-text w-5 h-5"[39m
                  [33mfill[39m=[32m"none"[39m
                  [33mheight[39m=[32m"24"[39m
                  [33mstroke[39m=[32m"currentColor"[39m
                  [33mstroke-linecap[39m=[32m"round"[39m
                  [33mstroke-linejoin[39m=[32m"round"[39m
                  [33mstroke-width[39m=[32m"2"[39m
                  [33mviewBox[39m=[32m"0 0 24 24"[39m
                  [33mwidth[39m=[32m"24"[39m
                  [33...
 ❯ Object.getElementError node_modules/@testing-library/dom/dist/config.js:37:19
 ❯ node_modules/@testing-library/dom/dist/query-helpers.js:76:38
 ❯ node_modules/@testing-library/dom/dist/query-helpers.js:109:15
 ❯ src/test/components/layouts/MainLayout.test.tsx:123:19
    121|     
    122|     expect(screen.getAllByText('Home').length).toBeGreaterThan(0);
    123|     expect(screen.getAllByText('Learn').length).toBeGreaterThan(0);
       |                   ^
    124|     expect(screen.getAllByText('You').length).toBeGreaterThan(0);
    125|   });

⎯⎯⎯⎯⎯⎯⎯⎯⎯⎯⎯⎯⎯⎯⎯⎯⎯⎯⎯⎯⎯⎯[11/54]⎯

 FAIL  src/test/components/layouts/MainLayout.test.tsx > MainLayout > renders daily progress sidebar on desktop
TestingLibraryElementError: Unable to find an element with the text: 75%. This could be because the text is broken up by multiple elements. In this case, you can provide a function for your text matcher to make your matcher more flexible.

Ignored nodes: comments, script, style
[36m<body>[39m
  [36m<div>[39m
    [36m<div[39m
      [33mclass[39m=[32m"min-h-app bg-slate-50 dark:bg-slate-900"[39m
    [36m>[39m
      [36m<a[39m
        [33mclass[39m=[32m"sr-only focus:not-sr-only focus:absolute focus:top-4 focus:left-4 focus:z-[100] focus:px-4 focus:py-2 focus:bg-primary-600 focus:text-white focus:rounded-lg focus:shadow-lg focus:outline-none"[39m
        [33mhref[39m=[32m"#main-content"[39m
      [36m>[39m
        [0mSkip to main content[0m
      [36m</a>[39m
      [36m<div[39m
        [33mclass[39m=[32m"max-w-[1440px] mx-auto flex flex-col md:flex-row safe-top safe-bottom min-h-app"[39m
      [36m>[39m
        [36m<aside[39m
          [33maria-label[39m=[32m"Main navigation"[39m
          [33mclass[39m=[32m"hidden md:flex flex-col w-64 flex-shrink-0 bg-white dark:bg-slate-800 border-r border-slate-200 dark:border-slate-700 sticky z-40 top-0 h-screen"[39m
          [33mrole[39m=[32m"navigation"[39m
        [36m>[39m
          [36m<div[39m
            [33mclass[39m=[32m"p-6"[39m
          [36m>[39m
            [36m<div[39m
              [33mclass[39m=[32m"flex items-center gap-3 mb-4"[39m
            [36m>[39m
              [36m<img[39m
                [33malt[39m=[32m"VoraPrep"[39m
                [33mclass[39m=[32m"h-10"[39m
                [33mheight[39m=[32m"40"[39m
                [33msrc[39m=[32m"/logo.svg"[39m
                [33mwidth[39m=[32m"120"[39m
              [36m/>[39m
            [36m</div>[39m
            [36m<div[39m
              [33mclass[39m=[32m"mb-6"[39m
            [36m>[39m
              [36m<div[39m
                [33mclass[39m=[32m"relative"[39m
              [36m>[39m
                [36m<button[39m
                  [33maria-busy[39m=[32m"false"[39m
                  [33maria-disabled[39m=[32m"false"[39m
                  [33maria-expanded[39m=[32m"false"[39m
                  [33maria-haspopup[39m=[32m"listbox"[39m
                  [33maria-label[39m=[32m"Select course"[39m
                  [33mclass[39m=[32m"btn btn-secondary focus-visible:ring-2 focus-visible:ring-primary-500 focus-visible:ring-offset-2 flex items-center gap-2 rounded-xl w-full px-3 py-2.5 border border-slate-200 dark:border-slate-600"[39m
                [36m>[39m
                  [36m<span[39m
                    [33mclass[39m=[32m"flex items-center justify-center rounded-lg text-white text-sm font-bold bg-blue-500 w-8 h-8"[39m
                  [36m>[39m
                    [0m📊[0m
                  [36m</span>[39m
                  [36m<div[39m
                    [33mclass[39m=[32m"flex-1 text-left"[39m
                  [36m>[39m
                    [36m<div[39m
                      [33mclass[39m=[32m"text-sm font-semibold text-slate-900 dark:text-slate-100"[39m
                    [36m>[39m
                      [0mCPA[0m
                    [36m</div>[39m
                    [36m<div[39m
                      [33mclass[39m=[32m"text-xs text-slate-600 dark:text-slate-300"[39m
                    [36m>[39m
                      [0mCPA Exam[0m
                    [36m</div>[39m
                  [36m</div>[39m
                  [36m<svg[39m
                    [33mclass[39m=[32m"lucide lucide-chevron-down w-4 h-4 text-slate-600 transition-transform duration-200"[39m
                    [33mfill[39m=[32m"none"[39m
                    [33mheight[39m=[32m"24"[39m
                    [33mstroke[39m=[32m"currentColor"[39m
                    [33mstroke-linecap[39m=[32m"round"[39m
                    [33mstroke-linejoin[39m=[32m"round"[39m
                    [33mstroke-width[39m=[32m"2"[39m
                    [33mviewBox[39m=[32m"0 0 24 24"[39m
                    [33mwidth[39m=[32m"24"[39m
                    [33mxmlns[39m=[32m"http://www.w3.org/2000/svg"[39m
                  [36m>[39m
                    [36m<path[39m
                      [33md[39m=[32m"m6 9 6 6 6-6"[39m
                    [36m/>[39m
                  [36m</svg>[39m
                [36m</button>[39m
              [36m</div>[39m
            [36m</div>[39m
            [36m<div[39m
              [33mclass[39m=[32m"space-y-1"[39m
            [36m>[39m
              [36m<a[39m
                [33maria-current[39m=[32m"page"[39m
                [33mclass[39m=[32m"flex items-center gap-3 px-4 py-3 rounded-xl transition-all duration-200 font-medium bg-primary-50 text-primary-700 shadow-sm dark:bg-primary-900/20 dark:text-primary-400"[39m
                [33mdata-testid[39m=[32m"nav-desktop-home"[39m
                [33mhref[39m=[32m"/home"[39m
              [36m>[39m
                [36m<svg[39m
                  [33mclass[39m=[32m"lucide lucide-home w-5 h-5"[39m
                  [33mfill[39m=[32m"none"[39m
                  [33mheight[39m=[32m"24"[39m
                  [33mstroke[39m=[32m"currentColor"[39m
                  [33mstroke-linecap[39m=[32m"round"[39m
                  [33mstroke-linejoin[39m=[32m"round"[39m
                  [33mstroke-width[39m=[32m"2"[39m
                  [33mviewBox[39m=[32m"0 0 24 24"[39m
                  [33mwidth[39m=[32m"24"[39m
                  [33mxmlns[39m=[32m"http://www.w3.org/2000/svg"[39m
                [36m>[39m
                  [36m<path[39m
                    [33md[39m=[32m"m3 9 9-7 9 7v11a2 2 0 0 1-2 2H5a2 2 0 0 1-2-2z"[39m
                  [36m/>[39m
                  [36m<polyline[39m
                    [33mpoints[39m=[32m"9 22 9 12 15 12 15 22"[39m
                  [36m/>[39m
                [36m</svg>[39m
                [36m<span[39m
                  [33mclass[39m=[32m"flex-1"[39m
                [36m>[39m
                  [0mHome[0m
                [36m</span>[39m
              [36m</a>[39m
              [36m<a[39m
                [33mclass[39m=[32m"flex items-center gap-3 px-4 py-3 rounded-xl transition-all duration-200 font-medium text-slate-600 hover:text-slate-900 hover:bg-slate-50 dark:text-slate-300 dark:hover:text-slate-100 dark:hover:bg-slate-700"[39m
                [33mdata-testid[39m=[32m"nav-desktop-exam"[39m
                [33mhref[39m=[32m"/exam"[39m
              [36m>[39m
                [36m<svg[39m
                  [33mclass[39m=[32m"lucide lucide-file-text w-5 h-5"[39m
                  [33mfill[39m=[32m"none"[39m
                  [33mheight[39m=[32m"24"[39m
                  [33mstroke[39m=[32m"currentColor"[39m
                  [33mstroke-linecap[39m=[32m"round"[39m
                  [33mstroke-linejoin[39m=[32m"round"[39m
                  [33mstroke-width[39m=[32m"2"[39m
                  [33mviewBox[39m=[32m"0 0 24 24"[39m
                  [33mwidth[39m=[32m"24"[39m
                  [33...
 ❯ Object.getElementError node_modules/@testing-library/dom/dist/config.js:37:19
 ❯ node_modules/@testing-library/dom/dist/query-helpers.js:76:38
 ❯ node_modules/@testing-library/dom/dist/query-helpers.js:52:17
 ❯ node_modules/@testing-library/dom/dist/query-helpers.js:95:19
 ❯ src/test/components/layouts/MainLayout.test.tsx:144:19
    142|     
    143|     // Daily progress shows 75% from mock
    144|     expect(screen.getByText('75%')).toBeInTheDocument();
       |                   ^
    145|   });
    146| 

⎯⎯⎯⎯⎯⎯⎯⎯⎯⎯⎯⎯⎯⎯⎯⎯⎯⎯⎯⎯⎯⎯[12/54]⎯

 FAIL  src/test/components/layouts/MainLayout.test.tsx > MainLayout > renders streak message in sidebar
TestingLibraryElementError: Unable to find an element with the text: 5 day streak!. This could be because the text is broken up by multiple elements. In this case, you can provide a function for your text matcher to make your matcher more flexible.

Ignored nodes: comments, script, style
[36m<body>[39m
  [36m<div>[39m
    [36m<div[39m
      [33mclass[39m=[32m"min-h-app bg-slate-50 dark:bg-slate-900"[39m
    [36m>[39m
      [36m<a[39m
        [33mclass[39m=[32m"sr-only focus:not-sr-only focus:absolute focus:top-4 focus:left-4 focus:z-[100] focus:px-4 focus:py-2 focus:bg-primary-600 focus:text-white focus:rounded-lg focus:shadow-lg focus:outline-none"[39m
        [33mhref[39m=[32m"#main-content"[39m
      [36m>[39m
        [0mSkip to main content[0m
      [36m</a>[39m
      [36m<div[39m
        [33mclass[39m=[32m"max-w-[1440px] mx-auto flex flex-col md:flex-row safe-top safe-bottom min-h-app"[39m
      [36m>[39m
        [36m<aside[39m
          [33maria-label[39m=[32m"Main navigation"[39m
          [33mclass[39m=[32m"hidden md:flex flex-col w-64 flex-shrink-0 bg-white dark:bg-slate-800 border-r border-slate-200 dark:border-slate-700 sticky z-40 top-0 h-screen"[39m
          [33mrole[39m=[32m"navigation"[39m
        [36m>[39m
          [36m<div[39m
            [33mclass[39m=[32m"p-6"[39m
          [36m>[39m
            [36m<div[39m
              [33mclass[39m=[32m"flex items-center gap-3 mb-4"[39m
            [36m>[39m
              [36m<img[39m
                [33malt[39m=[32m"VoraPrep"[39m
                [33mclass[39m=[32m"h-10"[39m
                [33mheight[39m=[32m"40"[39m
                [33msrc[39m=[32m"/logo.svg"[39m
                [33mwidth[39m=[32m"120"[39m
              [36m/>[39m
            [36m</div>[39m
            [36m<div[39m
              [33mclass[39m=[32m"mb-6"[39m
            [36m>[39m
              [36m<div[39m
                [33mclass[39m=[32m"relative"[39m
              [36m>[39m
                [36m<button[39m
                  [33maria-busy[39m=[32m"false"[39m
                  [33maria-disabled[39m=[32m"false"[39m
                  [33maria-expanded[39m=[32m"false"[39m
                  [33maria-haspopup[39m=[32m"listbox"[39m
                  [33maria-label[39m=[32m"Select course"[39m
                  [33mclass[39m=[32m"btn btn-secondary focus-visible:ring-2 focus-visible:ring-primary-500 focus-visible:ring-offset-2 flex items-center gap-2 rounded-xl w-full px-3 py-2.5 border border-slate-200 dark:border-slate-600"[39m
                [36m>[39m
                  [36m<span[39m
                    [33mclass[39m=[32m"flex items-center justify-center rounded-lg text-white text-sm font-bold bg-blue-500 w-8 h-8"[39m
                  [36m>[39m
                    [0m📊[0m
                  [36m</span>[39m
                  [36m<div[39m
                    [33mclass[39m=[32m"flex-1 text-left"[39m
                  [36m>[39m
                    [36m<div[39m
                      [33mclass[39m=[32m"text-sm font-semibold text-slate-900 dark:text-slate-100"[39m
                    [36m>[39m
                      [0mCPA[0m
                    [36m</div>[39m
                    [36m<div[39m
                      [33mclass[39m=[32m"text-xs text-slate-600 dark:text-slate-300"[39m
                    [36m>[39m
                      [0mCPA Exam[0m
                    [36m</div>[39m
                  [36m</div>[39m
                  [36m<svg[39m
                    [33mclass[39m=[32m"lucide lucide-chevron-down w-4 h-4 text-slate-600 transition-transform duration-200"[39m
                    [33mfill[39m=[32m"none"[39m
                    [33mheight[39m=[32m"24"[39m
                    [33mstroke[39m=[32m"currentColor"[39m
                    [33mstroke-linecap[39m=[32m"round"[39m
                    [33mstroke-linejoin[39m=[32m"round"[39m
                    [33mstroke-width[39m=[32m"2"[39m
                    [33mviewBox[39m=[32m"0 0 24 24"[39m
                    [33mwidth[39m=[32m"24"[39m
                    [33mxmlns[39m=[32m"http://www.w3.org/2000/svg"[39m
                  [36m>[39m
                    [36m<path[39m
                      [33md[39m=[32m"m6 9 6 6 6-6"[39m
                    [36m/>[39m
                  [36m</svg>[39m
                [36m</button>[39m
              [36m</div>[39m
            [36m</div>[39m
            [36m<div[39m
              [33mclass[39m=[32m"space-y-1"[39m
            [36m>[39m
              [36m<a[39m
                [33maria-current[39m=[32m"page"[39m
                [33mclass[39m=[32m"flex items-center gap-3 px-4 py-3 rounded-xl transition-all duration-200 font-medium bg-primary-50 text-primary-700 shadow-sm dark:bg-primary-900/20 dark:text-primary-400"[39m
                [33mdata-testid[39m=[32m"nav-desktop-home"[39m
                [33mhref[39m=[32m"/home"[39m
              [36m>[39m
                [36m<svg[39m
                  [33mclass[39m=[32m"lucide lucide-home w-5 h-5"[39m
                  [33mfill[39m=[32m"none"[39m
                  [33mheight[39m=[32m"24"[39m
                  [33mstroke[39m=[32m"currentColor"[39m
                  [33mstroke-linecap[39m=[32m"round"[39m
                  [33mstroke-linejoin[39m=[32m"round"[39m
                  [33mstroke-width[39m=[32m"2"[39m
                  [33mviewBox[39m=[32m"0 0 24 24"[39m
                  [33mwidth[39m=[32m"24"[39m
                  [33mxmlns[39m=[32m"http://www.w3.org/2000/svg"[39m
                [36m>[39m
                  [36m<path[39m
                    [33md[39m=[32m"m3 9 9-7 9 7v11a2 2 0 0 1-2 2H5a2 2 0 0 1-2-2z"[39m
                  [36m/>[39m
                  [36m<polyline[39m
                    [33mpoints[39m=[32m"9 22 9 12 15 12 15 22"[39m
                  [36m/>[39m
                [36m</svg>[39m
                [36m<span[39m
                  [33mclass[39m=[32m"flex-1"[39m
                [36m>[39m
                  [0mHome[0m
                [36m</span>[39m
              [36m</a>[39m
              [36m<a[39m
                [33mclass[39m=[32m"flex items-center gap-3 px-4 py-3 rounded-xl transition-all duration-200 font-medium text-slate-600 hover:text-slate-900 hover:bg-slate-50 dark:text-slate-300 dark:hover:text-slate-100 dark:hover:bg-slate-700"[39m
                [33mdata-testid[39m=[32m"nav-desktop-exam"[39m
                [33mhref[39m=[32m"/exam"[39m
              [36m>[39m
                [36m<svg[39m
                  [33mclass[39m=[32m"lucide lucide-file-text w-5 h-5"[39m
                  [33mfill[39m=[32m"none"[39m
                  [33mheight[39m=[32m"24"[39m
                  [33mstroke[39m=[32m"currentColor"[39m
                  [33mstroke-linecap[39m=[32m"round"[39m
                  [33mstroke-linejoin[39m=[32m"round"[39m
                  [33mstroke-width[39m=[32m"2"[39m
                  [33mviewBox[39m=[32m"0 0 24 24"[39m
                  [33mwidth[39m=[32m"24"[39m
                  [33...
 ❯ Object.getElementError node_modules/@testing-library/dom/dist/config.js:37:19
 ❯ node_modules/@testing-library/dom/dist/query-helpers.js:76:38
 ❯ node_modules/@testing-library/dom/dist/query-helpers.js:52:17
 ❯ node_modules/@testing-library/dom/dist/query-helpers.js:95:19
 ❯ src/test/components/layouts/MainLayout.test.tsx:150:19
    148|     renderMainLayout();
    149|     
    150|     expect(screen.getByText('5 day streak!')).toBeInTheDocument();
       |                   ^
    151|   });
    152| 

⎯⎯⎯⎯⎯⎯⎯⎯⎯⎯⎯⎯⎯⎯⎯⎯⎯⎯⎯⎯⎯⎯[13/54]⎯

 FAIL  src/test/components/layouts/MainLayout.test.tsx > MainLayout > renders daily goal section
TestingLibraryElementError: Unable to find an element with the text: Daily Goal. This could be because the text is broken up by multiple elements. In this case, you can provide a function for your text matcher to make your matcher more flexible.

Ignored nodes: comments, script, style
[36m<body>[39m
  [36m<div>[39m
    [36m<div[39m
      [33mclass[39m=[32m"min-h-app bg-slate-50 dark:bg-slate-900"[39m
    [36m>[39m
      [36m<a[39m
        [33mclass[39m=[32m"sr-only focus:not-sr-only focus:absolute focus:top-4 focus:left-4 focus:z-[100] focus:px-4 focus:py-2 focus:bg-primary-600 focus:text-white focus:rounded-lg focus:shadow-lg focus:outline-none"[39m
        [33mhref[39m=[32m"#main-content"[39m
      [36m>[39m
        [0mSkip to main content[0m
      [36m</a>[39m
      [36m<div[39m
        [33mclass[39m=[32m"max-w-[1440px] mx-auto flex flex-col md:flex-row safe-top safe-bottom min-h-app"[39m
      [36m>[39m
        [36m<aside[39m
          [33maria-label[39m=[32m"Main navigation"[39m
          [33mclass[39m=[32m"hidden md:flex flex-col w-64 flex-shrink-0 bg-white dark:bg-slate-800 border-r border-slate-200 dark:border-slate-700 sticky z-40 top-0 h-screen"[39m
          [33mrole[39m=[32m"navigation"[39m
        [36m>[39m
          [36m<div[39m
            [33mclass[39m=[32m"p-6"[39m
          [36m>[39m
            [36m<div[39m
              [33mclass[39m=[32m"flex items-center gap-3 mb-4"[39m
            [36m>[39m
              [36m<img[39m
                [33malt[39m=[32m"VoraPrep"[39m
                [33mclass[39m=[32m"h-10"[39m
                [33mheight[39m=[32m"40"[39m
                [33msrc[39m=[32m"/logo.svg"[39m
                [33mwidth[39m=[32m"120"[39m
              [36m/>[39m
            [36m</div>[39m
            [36m<div[39m
              [33mclass[39m=[32m"mb-6"[39m
            [36m>[39m
              [36m<div[39m
                [33mclass[39m=[32m"relative"[39m
              [36m>[39m
                [36m<button[39m
                  [33maria-busy[39m=[32m"false"[39m
                  [33maria-disabled[39m=[32m"false"[39m
                  [33maria-expanded[39m=[32m"false"[39m
                  [33maria-haspopup[39m=[32m"listbox"[39m
                  [33maria-label[39m=[32m"Select course"[39m
                  [33mclass[39m=[32m"btn btn-secondary focus-visible:ring-2 focus-visible:ring-primary-500 focus-visible:ring-offset-2 flex items-center gap-2 rounded-xl w-full px-3 py-2.5 border border-slate-200 dark:border-slate-600"[39m
                [36m>[39m
                  [36m<span[39m
                    [33mclass[39m=[32m"flex items-center justify-center rounded-lg text-white text-sm font-bold bg-blue-500 w-8 h-8"[39m
                  [36m>[39m
                    [0m📊[0m
                  [36m</span>[39m
                  [36m<div[39m
                    [33mclass[39m=[32m"flex-1 text-left"[39m
                  [36m>[39m
                    [36m<div[39m
                      [33mclass[39m=[32m"text-sm font-semibold text-slate-900 dark:text-slate-100"[39m
                    [36m>[39m
                      [0mCPA[0m
                    [36m</div>[39m
                    [36m<div[39m
                      [33mclass[39m=[32m"text-xs text-slate-600 dark:text-slate-300"[39m
                    [36m>[39m
                      [0mCPA Exam[0m
                    [36m</div>[39m
                  [36m</div>[39m
                  [36m<svg[39m
                    [33mclass[39m=[32m"lucide lucide-chevron-down w-4 h-4 text-slate-600 transition-transform duration-200"[39m
                    [33mfill[39m=[32m"none"[39m
                    [33mheight[39m=[32m"24"[39m
                    [33mstroke[39m=[32m"currentColor"[39m
                    [33mstroke-linecap[39m=[32m"round"[39m
                    [33mstroke-linejoin[39m=[32m"round"[39m
                    [33mstroke-width[39m=[32m"2"[39m
                    [33mviewBox[39m=[32m"0 0 24 24"[39m
                    [33mwidth[39m=[32m"24"[39m
                    [33mxmlns[39m=[32m"http://www.w3.org/2000/svg"[39m
                  [36m>[39m
                    [36m<path[39m
                      [33md[39m=[32m"m6 9 6 6 6-6"[39m
                    [36m/>[39m
                  [36m</svg>[39m
                [36m</button>[39m
              [36m</div>[39m
            [36m</div>[39m
            [36m<div[39m
              [33mclass[39m=[32m"space-y-1"[39m
            [36m>[39m
              [36m<a[39m
                [33maria-current[39m=[32m"page"[39m
                [33mclass[39m=[32m"flex items-center gap-3 px-4 py-3 rounded-xl transition-all duration-200 font-medium bg-primary-50 text-primary-700 shadow-sm dark:bg-primary-900/20 dark:text-primary-400"[39m
                [33mdata-testid[39m=[32m"nav-desktop-home"[39m
                [33mhref[39m=[32m"/home"[39m
              [36m>[39m
                [36m<svg[39m
                  [33mclass[39m=[32m"lucide lucide-home w-5 h-5"[39m
                  [33mfill[39m=[32m"none"[39m
                  [33mheight[39m=[32m"24"[39m
                  [33mstroke[39m=[32m"currentColor"[39m
                  [33mstroke-linecap[39m=[32m"round"[39m
                  [33mstroke-linejoin[39m=[32m"round"[39m
                  [33mstroke-width[39m=[32m"2"[39m
                  [33mviewBox[39m=[32m"0 0 24 24"[39m
                  [33mwidth[39m=[32m"24"[39m
                  [33mxmlns[39m=[32m"http://www.w3.org/2000/svg"[39m
                [36m>[39m
                  [36m<path[39m
                    [33md[39m=[32m"m3 9 9-7 9 7v11a2 2 0 0 1-2 2H5a2 2 0 0 1-2-2z"[39m
                  [36m/>[39m
                  [36m<polyline[39m
                    [33mpoints[39m=[32m"9 22 9 12 15 12 15 22"[39m
                  [36m/>[39m
                [36m</svg>[39m
                [36m<span[39m
                  [33mclass[39m=[32m"flex-1"[39m
                [36m>[39m
                  [0mHome[0m
                [36m</span>[39m
              [36m</a>[39m
              [36m<a[39m
                [33mclass[39m=[32m"flex items-center gap-3 px-4 py-3 rounded-xl transition-all duration-200 font-medium text-slate-600 hover:text-slate-900 hover:bg-slate-50 dark:text-slate-300 dark:hover:text-slate-100 dark:hover:bg-slate-700"[39m
                [33mdata-testid[39m=[32m"nav-desktop-exam"[39m
                [33mhref[39m=[32m"/exam"[39m
              [36m>[39m
                [36m<svg[39m
                  [33mclass[39m=[32m"lucide lucide-file-text w-5 h-5"[39m
                  [33mfill[39m=[32m"none"[39m
                  [33mheight[39m=[32m"24"[39m
                  [33mstroke[39m=[32m"currentColor"[39m
                  [33mstroke-linecap[39m=[32m"round"[39m
                  [33mstroke-linejoin[39m=[32m"round"[39m
                  [33mstroke-width[39m=[32m"2"[39m
                  [33mviewBox[39m=[32m"0 0 24 24"[39m
                  [33mwidth[39m=[32m"24"[39m
                  [33...
 ❯ Object.getElementError node_modules/@testing-library/dom/dist/config.js:37:19
 ❯ node_modules/@testing-library/dom/dist/query-helpers.js:76:38
 ❯ node_modules/@testing-library/dom/dist/query-helpers.js:52:17
 ❯ node_modules/@testing-library/dom/dist/query-helpers.js:95:19
 ❯ src/test/components/layouts/MainLayout.test.tsx:190:19
    188|     renderMainLayout();
    189|     
    190|     expect(screen.getByText('Daily Goal')).toBeInTheDocument();
       |                   ^
    191|   });
    192| 

⎯⎯⎯⎯⎯⎯⎯⎯⎯⎯⎯⎯⎯⎯⎯⎯⎯⎯⎯⎯⎯⎯[14/54]⎯

 FAIL  src/test/components/layouts/MainLayout.test.tsx > MainLayout > Navigation links > renders Learn link
TestingLibraryElementError: Unable to find an accessible element with the role "link" and name `/learn/i`

Here are the accessible roles:

  link:

  Name "Skip to main content":
  [36m<a[39m
    [33mclass[39m=[32m"sr-only focus:not-sr-only focus:absolute focus:top-4 focus:left-4 focus:z-[100] focus:px-4 focus:py-2 focus:bg-primary-600 focus:text-white focus:rounded-lg focus:shadow-lg focus:outline-none"[39m
    [33mhref[39m=[32m"#main-content"[39m
  [36m/>[39m

  Name "Home":
  [36m<a[39m
    [33maria-current[39m=[32m"page"[39m
    [33mclass[39m=[32m"flex items-center gap-3 px-4 py-3 rounded-xl transition-all duration-200 font-medium bg-primary-50 text-primary-700 shadow-sm dark:bg-primary-900/20 dark:text-primary-400"[39m
    [33mdata-testid[39m=[32m"nav-desktop-home"[39m
    [33mhref[39m=[32m"/home"[39m
  [36m/>[39m

  Name "Exams":
  [36m<a[39m
    [33mclass[39m=[32m"flex items-center gap-3 px-4 py-3 rounded-xl transition-all duration-200 font-medium text-slate-600 hover:text-slate-900 hover:bg-slate-50 dark:text-slate-300 dark:hover:text-slate-100 dark:hover:bg-slate-700"[39m
    [33mdata-testid[39m=[32m"nav-desktop-exam"[39m
    [33mhref[39m=[32m"/exam"[39m
  [36m/>[39m

  Name "Study Plan":
  [36m<a[39m
    [33mclass[39m=[32m"flex items-center gap-3 px-4 py-3 rounded-xl transition-all duration-200 font-medium text-slate-600 hover:text-slate-900 hover:bg-slate-50 dark:text-slate-300 dark:hover:text-slate-100 dark:hover:bg-slate-700"[39m
    [33mdata-testid[39m=[32m"nav-desktop-study-plan"[39m
    [33mhref[39m=[32m"/study-plan"[39m
  [36m/>[39m

  Name "Resources":
  [36m<a[39m
    [33mclass[39m=[32m"flex items-center gap-3 px-4 py-3 rounded-xl transition-all duration-200 font-medium text-slate-600 hover:text-slate-900 hover:bg-slate-50 dark:text-slate-300 dark:hover:text-slate-100 dark:hover:bg-slate-700"[39m
    [33mdata-testid[39m=[32m"nav-desktop-strategy"[39m
    [33mhref[39m=[32m"/resources"[39m
  [36m/>[39m

  Name "You":
  [36m<a[39m
    [33mclass[39m=[32m"flex items-center gap-3 px-4 py-3 rounded-xl transition-all duration-200 font-medium text-slate-600 hover:text-slate-900 hover:bg-slate-50 dark:text-slate-300 dark:hover:text-slate-100 dark:hover:bg-slate-700"[39m
    [33mdata-testid[39m=[32m"nav-desktop-you"[39m
    [33mhref[39m=[32m"/you"[39m
  [36m/>[39m

  Name "💬 Join our Discord community":
  [36m<a[39m
    [33mclass[39m=[32m"mt-3 flex items-center gap-2 text-xs text-indigo-600 dark:text-indigo-400 hover:text-indigo-700 dark:hover:text-indigo-300 transition-colors"[39m
    [33mhref[39m=[32m"https://discord.gg/SNZJHr26"[39m
    [33mrel[39m=[32m"noopener noreferrer"[39m
    [33mtarget[39m=[32m"_blank"[39m
  [36m/>[39m

  Name "Terms":
  [36m<a[39m
    [33mclass[39m=[32m"underline hover:text-slate-700 dark:hover:text-slate-300"[39m
    [33mhref[39m=[32m"/terms"[39m
  [36m/>[39m

  Name "Home":
  [36m<a[39m
    [33maria-current[39m=[32m"page"[39m
    [33maria-label[39m=[32m"Home"[39m
    [33mclass[39m=[32m"nav-link flex flex-col items-center justify-center w-full h-full gap-0.5 transition-transform active:scale-95 relative text-primary-600 dark:text-primary-400"[39m
    [33mdata-testid[39m=[32m"nav-mobile-home"[39m
    [33mhref[39m=[32m"/home"[39m
  [36m/>[39m

  Name "Exams":
  [36m<a[39m
    [33maria-label[39m=[32m"Exams"[39m
    [33mclass[39m=[32m"nav-link flex flex-col items-center justify-center w-full h-full gap-0.5 transition-transform active:scale-95 relative text-slate-500 dark:text-slate-400"[39m
    [33mdata-testid[39m=[32m"nav-mobile-exam"[39m
    [33mhref[39m=[32m"/exam"[39m
  [36m/>[39m

  Name "Study Plan":
  [36m<a[39m
    [33maria-label[39m=[32m"Study Plan"[39m
    [33mclass[39m=[32m"nav-link flex flex-col items-center justify-center w-full h-full gap-0.5 transition-transform active:scale-95 relative text-slate-500 dark:text-slate-400"[39m
    [33mdata-testid[39m=[32m"nav-mobile-study-plan"[39m
    [33mhref[39m=[32m"/study-plan"[39m
  [36m/>[39m

  Name "Resources":
  [36m<a[39m
    [33maria-label[39m=[32m"Resources"[39m
    [33mclass[39m=[32m"nav-link flex flex-col items-center justify-center w-full h-full gap-0.5 transition-transform active:scale-95 relative text-slate-500 dark:text-slate-400"[39m
    [33mdata-testid[39m=[32m"nav-mobile-strategy"[39m
    [33mhref[39m=[32m"/resources"[39m
  [36m/>[39m

  Name "You":
  [36m<a[39m
    [33maria-label[39m=[32m"You"[39m
    [33mclass[39m=[32m"nav-link flex flex-col items-center justify-center w-full h-full gap-0.5 transition-transform active:scale-95 relative text-slate-500 dark:text-slate-400"[39m
    [33mdata-testid[39m=[32m"nav-mobile-you"[39m
    [33mhref[39m=[32m"/you"[39m
  [36m/>[39m

  --------------------------------------------------
  navigation:

  Name "Main navigation":
  [36m<aside[39m
    [33maria-label[39m=[32m"Main navigation"[39m
    [33mclass[39m=[32m"hidden md:flex flex-col w-64 flex-shrink-0 bg-white dark:bg-slate-800 border-r border-slate-200 dark:border-slate-700 sticky z-40 top-0 h-screen"[39m
    [33mrole[39m=[32m"navigation"[39m
  [36m/>[39m

  Name "Mobile navigation":
  [36m<nav[39m
    [33maria-label[39m=[32m"Mobile navigation"[39m
    [33mclass[39m=[32m"md:hidden fixed bottom-0 left-0 right-0 bg-white/95 backdrop-blur dark:bg-slate-800/95 border-t border-slate-200 dark:border-slate-700 pb-safe z-50 safe-bottom"[39m
    [33mrole[39m=[32m"navigation"[39m
  [36m/>[39m

  --------------------------------------------------
  img:

  Name "VoraPrep":
  [36m<img[39m
    [33malt[39m=[32m"VoraPrep"[39m
    [33mclass[39m=[32m"h-10"[39m
    [33mheight[39m=[32m"40"[39m
    [33msrc[39m=[32m"/logo.svg"[39m
    [33mwidth[39m=[32m"120"[39m
  [36m/>[39m

  --------------------------------------------------
  button:

  Name "Select course":
  [36m<button[39m
    [33maria-busy[39m=[32m"false"[39m
    [33maria-disabled[39m=[32m"false"[39m
    [33maria-expanded[39m=[32m"false"[39m
    [33maria-haspopup[39m=[32m"listbox"[39m
    [33maria-label[39m=[32m"Select course"[39m
    [33mclass[39m=[32m"btn btn-secondary focus-visible:ring-2 focus-visible:ring-primary-500 focus-visible:ring-offset-2 flex items-center gap-2 rounded-xl w-full px-3 py-2.5 border border-slate-200 dark:border-slate-600"[39m
  [36m/>[39m

  Name "Select course":
  [36m<button[39m
    [33maria-busy[39m=[32m"false"[39m
    [33maria-disabled[39m=[32m"false"[39m
    [33maria-expanded[39m=[32m"false"[39m
    [33maria-haspopup[39m=[32m"listbox"[39m
    [33maria-label[39m=[32m"Select course"[39m
    [33mclass[39m=[32m"btn btn-secondary focus-visible:ring-2 focus-visible:ring-primary-500 focus-visible:ring-offset-2 flex items-center gap-2 rounded-xl px-2.5 py-1.5 bg-slate-100 dark:bg-slate-700 border-0"[39m
  [36m/>[39m

  --------------------------------------------------
  paragraph:

  Name "":
  [36m<p[39m
    [33mclass[39m=[32m"mt-4 text-[10px] text-slate-500 dark:text-slate-400 leading-tight"[39m
  [36m/>[39m

  --------------------------------------------------
  banner:

  Name "":
  [36m<header[39m
    [33mclass[39m=[32m"md:hidden fixed left-0 right-0 bg-white dark:bg-slate-800 z-40 transition-all duration-200 safe-top top-0"[39m
    [33mrole[39m=[32m"banner"[39m
  [36m/>[39m

  --------------------------------------------------
  main:

  Name "Main content":
  [36m<main[39m
    [33maria-label[39m=[32m"Main content"[39m
    [33mclass[39m=[32m"flex-1 min-w-0 p-4 pb-24 md:p-8 md:pb-8 md:pt-6 focus:outline-none pt-[58px]"[39m
    [33mid[39m=[32m"main-content"[39m
    [33mrole[39m=[32m"main"[39m
    [33mtabindex[39m=[32m"-1"[39m
  [36m/>[39m

  --------------------------------------------------

Ignored nodes: comments, script, style
[36m<body>[39m
  [36m<div>[39m
    [36m<div[39m
      [33mclass[39m=[32m"min-h-app bg-slate-50 dark:bg-slate-900"[39m
    [36m>[39m
      [36m<a[39m
        [33mclass[39m=[32m"sr-only focus:not-sr-only focus:absolute focus:top-4 focus:left-4 focus:z-[100] focus:px-4 focus:py-2 focus:bg-primary-600 focus:text-white focus:rounded-lg focus:shadow-lg focus:outline-none"[39m
        [33mhref[39m=[32m"#main-content"[39m
      [36m>[39m
        [0mSkip to main content[0m
      [36m</a>[39m
      [36m<div[39m
        [33mclass[39m=[32m"max-w-[1440px] mx-auto flex flex-col md:flex-row safe-top safe-bottom min-h-app"[39m
      [36m>[39m
        [36m<aside[39m
          [33maria-label[39m=[32m"Main navigation"[39m
          [33mclass[39m=[32m"hidden md:flex flex-col w-64 flex-shrink-0 bg-white dark:bg-slate-800 border-r border-slate-200 dark:border-slate-700 sticky z-40 top-0 h-screen"[39m
          [33mrole[39m=[32m"navigation"[39m
        [36m>[39m
          [36m<div[39m
            [33mclass[39m=[32m"p-6"[39m
          [36m>[39m
            [36m<div[39m
              [33mclass[39m=[32m"flex items-center gap-3 mb-4"[39m
            [36m>[39m
              [36m<img[39m
                [33malt[39m=[32m"VoraPrep"[39m
                [33mclass[39m=[32m"h-10"[39m
                [33mheight[39m=[32m"40"[39m
                [33msrc[39m=[32m"/logo.svg"[39m
                [33mwidth[39m=[32m"120"[39m
              [36m/>[39m
            [36m</div>[39m
            [36m<div[39m
              [33mclass[39m=[32m"mb-6"[39m
            [36m>[39m
              [36m<div[39m
                [33mclass[39m=[32m"relative"[39m
              [36m>[39m
                [36m<button[39m
                  [33maria-busy[39m=[32m"false"[39m
                  [33maria-disabled[39m=[32m"false"[39m
                  [33maria-expanded[39m=[32m"false"[39m
                  [33maria-haspopup[39m=[32m"listbox"[39m
                  [33maria-label[39m=[32m"Select course"[39m
                  [33mclass[39m=[32m"btn btn-secondary focus-visible:ring-2 focus-visible:ring-primary-500 focus-visible:ring-offset-2 flex items-center gap-2 rounded-xl w-full px-3 py-2.5 border border-slate-200 dark:border-slate-600"[39m
                [36m>[39m
                  [36m<span[39m
                    [33mclass[39m=[32m"flex items-center justify-center rounded-lg text-white text-sm font-bold bg-blue-500 w-8 h-8"[39m
                  [36m>[39m
                    [0m📊[0m
                  [36m</span>[39m
                  [36m<div[39m
                    [33mclass[39m=[32m"flex-1 text-left"[39m
                  [36m>[39m
                    [36m<div[39m
                      [33mclass[39m=[32m"text-sm font-semibold text-slate-900 dark:text-slate-100"[39m
                    [36m>[39m
                      [0mCPA[0m
                    [36m</div>[39m
                    [36m<div[39m
                      [33mclass[39m=[32m"text-xs text-slate-600 dark:text-slate-300"[39m
                    [36m>[39m
                      [0mCPA Exam[0m
                    [36m</div>[39m
                  [36m</div>[39m
                  [36m<svg[39m
                    [33mclass[39m=[32m"lucide lucide-chevron-down w-4 h-4 text-slate-600 transition-transform duration-200"[39m
                    [33mfill[39m=[32m"none"[39m
                    [33mheight[39m=[32m"24"[39m
                    [33mstroke[39m=[32m"currentColor"[39m
                    [33mstroke-linecap[39m=[32m"round"[39m
                    [33mstroke-linejoin[39m=[32m"round"[39m
                    [33mstroke-width[39m=[32m"2"[39m
                    [33mviewBox[39m=[32m"0 0 24 24"[39m
                    [33mwidth[39m=[32m"24"[39m
                    [33mxmlns[39m=[32m"http://www.w3.org/2000/svg"[39m
                  [36m>[39m
                    [36m<path[39m
                      [33md[39m=[32m"m6 9 6 6 6-6"[39m
                    [36m/>[39m
                  [36m</svg>[39m
                [36m</button>[39m
              [36m</div>[39m
            [36m</div>[39m
            [36m<div[39m
              [33mclass[39m=[32m"space-y-1"[39m
            [36m>[39m
              [36m<a[39m
                [33maria-current[39m=[32m"page"[39m
                [33mclass[39m=[32m"flex items-center gap-3 px-4 py-3 rounded-xl transition-all duration-200 font-medium bg-primary-50 text-primary-700 shadow-sm dark:bg-primary-900/20 dark:text-primary-400"[39m
                [33mdata-testid[39m=[32m"nav-desktop-home"[39m
                [33mhref[39m=[32m"/home"[39m
              [36m>[39m
                [36m<svg[39m
                  [33mclass[39m=[32m"lucide lucide-home w-5 h-5"[39m
                  [33mfill[39m=[32m"none"[39m
                  [33mheight[39m=[32m"24"[39m
                  [33mstroke[39m=[32m"currentColor"[39m
                  [33mstroke-linecap[39m=[32m"round"[39m
                  [33mstroke-linejoin[39m=[32m"round"[39m
                  [33mstroke-width[39m=[32m"2"[39m
                  [33mviewBox[39m=[32m"0 0 24 24"[39m
                  [33mwidth[39m=[32m"24"[39m
                  [33mxmlns[39m=[32m"http://www.w3.org/2000/svg"[39m
                [36m>[39m
                  [36m<path[39m
                    [33md[39m=[32m"m3 9 9-7 9 7v11a2 2 0 0 1-2 2H5a2 2 0 0 1-2-2z"[39m
                  [36m/>[39m
                  [36m<polyline[39m
                    [33mpoints[39m=[32m"9 22 9 12 15 12 15 22"[39m
                  [36m/>[39m
                [36m</svg>[39m
                [36m<span[39m
                  [33mclass[39m=[32m"flex-1"[39m
                [36m>[39m
                  [0mHome[0m
                [36m</span>[39m
              [36m</a>[39m
              [36m<a[39m
                [33mclass[39m=[32m"flex items-center gap-3 px-4 py-3 rounded-xl transition-all duration-200 font-medium text-slate-600 hover:text-slate-900 hover:bg-slate-50 dark:text-slate-300 dark:hover:text-slate-100 dark:hover:bg-slate-700"[39m
                [33mdata-testid[39m=[32m"nav-desktop-exam"[39m
                [33mhref[39m=[32m"/exam"[39m
              [36m>[39m
                [36m<svg[39m
                  [33mclass[39m=[32m"lucide lucide-file-text w-5 h-5"[39m
                  [33mfill[39m=[32m"none"[39m
                  [33mheight[39m=[32m"24"[39m
                  [33mstroke[39m=[32m"currentColor"[39m
                  [33mstroke-linecap[39m=[32m"round"[39m
                  [33mstroke-linejoin[39m=[32m"round"[39m
                  [33mstroke-width[39m=[32m"2"[39m
                  [33mviewBox[39m=[32m"0 0 24 24"[39m
                  [33mwidth[39m=[32m"24"[39m
                  [33...
 ❯ Object.getElementError node_modules/@testing-library/dom/dist/config.js:37:19
 ❯ node_modules/@testing-library/dom/dist/query-helpers.js:76:38
 ❯ node_modules/@testing-library/dom/dist/query-helpers.js:109:15
 ❯ src/test/components/layouts/MainLayout.test.tsx:220:33
    218|       renderMainLayout();
    219|       
    220|       const learnLinks = screen.getAllByRole('link', { name: /learn/i …
       |                                 ^
    221|       expect(learnLinks.length).toBeGreaterThan(0);
    222|     });

⎯⎯⎯⎯⎯⎯⎯⎯⎯⎯⎯⎯⎯⎯⎯⎯⎯⎯⎯⎯⎯⎯[15/54]⎯

 FAIL  src/test/components/pages/Lessons.test.jsx > Lessons Component > Rendering > displays lessons from the data
TestingLibraryElementError: Unable to find an element with the text: Test Lesson 1. This could be because the text is broken up by multiple elements. In this case, you can provide a function for your text matcher to make your matcher more flexible.

Ignored nodes: comments, script, style
[36m<body>[39m
  [36m<div>[39m
    [36m<div[39m
      [33mclass[39m=[32m"px-2 py-1 sm:p-6 lg:p-8 max-w-4xl mx-auto"[39m
    [36m>[39m
      [36m<div[39m
        [33mclass[39m=[32m"mb-6"[39m
      [36m>[39m
        [36m<div[39m
          [33mclass[39m=[32m"flex items-center gap-3 mb-4"[39m
        [36m>[39m
          [36m<div[39m
            [33mclass[39m=[32m"w-12 h-12 rounded-xl flex items-center justify-center text-white font-bold"[39m
            [33mstyle[39m=[32m"background-color: rgb(220, 38, 38);"[39m
          [36m>[39m
            [0mREG[0m
          [36m</div>[39m
          [36m<div>[39m
            [36m<h1[39m
              [33mclass[39m=[32m"text-2xl font-bold text-slate-900 dark:text-slate-100"[39m
            [36m>[39m
              [0mLessons[0m
            [36m</h1>[39m
            [36m<p[39m
              [33mclass[39m=[32m"text-slate-600 dark:text-slate-300"[39m
            [36m>[39m
              [0mRegulation[0m
            [36m</p>[39m
          [36m</div>[39m
        [36m</div>[39m
        [36m<div[39m
          [33mclass[39m=[32m"mb-6"[39m
        [36m>[39m
          [36m<div[39m
            [33mclass[39m=[32m"flex justify-between text-sm text-slate-600 dark:text-slate-300 mb-2"[39m
          [36m>[39m
            [36m<span>[39m
              [0m0[0m
              [0m of [0m
              [0m3[0m
              [0m lessons completed[0m
            [36m</span>[39m
            [36m<span>[39m
              [0m2[0m
              [0mh total study time[0m
            [36m</span>[39m
          [36m</div>[39m
          [36m<div[39m
            [33mclass[39m=[32m"h-3 bg-slate-200 dark:bg-slate-700 rounded-full overflow-hidden"[39m
          [36m>[39m
            [36m<div[39m
              [33mclass[39m=[32m"h-full bg-gradient-to-r from-primary-500 to-success-500 rounded-full transition-all duration-500"[39m
              [33mstyle[39m=[32m"width: 0%;"[39m
            [36m/>[39m
          [36m</div>[39m
        [36m</div>[39m
        [36m<div[39m
          [33mclass[39m=[32m"flex flex-col sm:flex-row gap-3"[39m
        [36m>[39m
          [36m<div[39m
            [33mclass[39m=[32m"relative flex-1"[39m
          [36m>[39m
            [36m<svg[39m
              [33mclass[39m=[32m"lucide lucide-search absolute left-3 top-1/2 -translate-y-1/2 w-5 h-5 text-slate-600"[39m
              [33mfill[39m=[32m"none"[39m
              [33mheight[39m=[32m"24"[39m
              [33mstroke[39m=[32m"currentColor"[39m
              [33mstroke-linecap[39m=[32m"round"[39m
              [33mstroke-linejoin[39m=[32m"round"[39m
              [33mstroke-width[39m=[32m"2"[39m
              [33mviewBox[39m=[32m"0 0 24 24"[39m
              [33mwidth[39m=[32m"24"[39m
              [33mxmlns[39m=[32m"http://www.w3.org/2000/svg"[39m
            [36m>[39m
              [36m<circle[39m
                [33mcx[39m=[32m"11"[39m
                [33mcy[39m=[32m"11"[39m
                [33mr[39m=[32m"8"[39m
              [36m/>[39m
              [36m<path[39m
                [33md[39m=[32m"m21 21-4.3-4.3"[39m
              [36m/>[39m
            [36m</svg>[39m
            [36m<input[39m
              [33mclass[39m=[32m"w-full pl-10 pr-4 py-2 border border-slate-300 dark:border-slate-600 rounded-xl focus:ring-2 focus:ring-primary-500 focus:border-primary-500 bg-white dark:bg-slate-800 text-slate-900 dark:text-slate-100"[39m
              [33mplaceholder[39m=[32m"Search lessons..."[39m
              [33mtype[39m=[32m"text"[39m
              [33mvalue[39m=[32m""[39m
            [36m/>[39m
          [36m</div>[39m
          [36m<button[39m
            [33mclass[39m=[32m"flex items-center gap-2 px-4 py-2 rounded-xl text-sm font-medium transition-colors border bg-white text-slate-600 border-slate-300 hover:bg-slate-50 dark:bg-slate-800 dark:text-slate-300 dark:border-slate-600 dark:hover:bg-slate-700"[39m
          [36m>[39m
            [36m<svg[39m
              [33mclass[39m=[32m"lucide lucide-bookmark w-4 h-4"[39m
              [33mfill[39m=[32m"none"[39m
              [33mheight[39m=[32m"24"[39m
              [33mstroke[39m=[32m"currentColor"[39m
              [33mstroke-linecap[39m=[32m"round"[39m
              [33mstroke-linejoin[39m=[32m"round"[39m
              [33mstroke-width[39m=[32m"2"[39m
              [33mviewBox[39m=[32m"0 0 24 24"[39m
              [33mwidth[39m=[32m"24"[39m
              [33mxmlns[39m=[32m"http://www.w3.org/2000/svg"[39m
            [36m>[39m
              [36m<path[39m
                [33md[39m=[32m"m19 21-7-4-7 4V5a2 2 0 0 1 2-2h10a2 2 0 0 1 2 2v16z"[39m
              [36m/>[39m
            [36m</svg>[39m
            [36m<span[39m
              [33mclass[39m=[32m"hidden sm:inline"[39m
            [36m>[39m
              [0mSaved[0m
            [36m</span>[39m
          [36m</button>[39m
          [36m<select[39m
            [33mclass[39m=[32m"px-4 py-2 border border-slate-300 dark:border-slate-600 rounded-xl focus:ring-2 focus:ring-primary-500 focus:border-primary-500 bg-white dark:bg-slate-800 text-slate-900 dark:text-slate-100"[39m
          [36m>[39m
            [36m<option[39m
              [33mvalue[39m=[32m""[39m
            [36m>[39m
              [0mAll Areas[0m
            [36m</option>[39m
            [36m<option[39m
              [33mvalue[39m=[32m"area-1"[39m
            [36m>[39m
              [0mCore[0m
            [36m</option>[39m
            [36m<option[39m
              [33mvalue[39m=[32m"area-2"[39m
            [36m>[39m
              [0mAdvanced[0m
            [36m</option>[39m
          [36m</select>[39m
        [36m</div>[39m
      [36m</div>[39m
      [36m<div[39m
        [33mclass[39m=[32m"space-y-6"[39m
      [36m>[39m
        [36m<div[39m
          [33mclass[39m=[32m"card overflow-hidden"[39m
        [36m>[39m
          [36m<div[39m
            [33mclass[39m=[32m"card-header cursor-pointer hover:bg-slate-50 dark:hover:bg-slate-800/50 transition-colors"[39m
          [36m>[39m
            [36m<div[39m
              [33mclass[39m=[32m"flex items-start justify-between gap-4"[39m
            [36m>[39m
              [36m<div[39m
                [33mclass[39m=[32m"flex-1"[39m
              [36m>[39m
                [36m<div[39m
                  [33mclass[39m=[32m"flex items-center gap-2"[39m
                [36m>[39m
                  [36m<span[39m
                    [33mclass[39m=[32m"inline-flex items-center justify-center w-8 h-8 rounded-lg text-sm font-bold transition-colors"[39m
                    [33mstyle[39m=[32m"background-color: rgba(220, 38, 38, 0.125); color: rgb(220, 38, 38);"[39m
                  [36m>[39m
                    [0mF1[0m
                  [36m</span>[39m
                  [36m<div>[39m
                    [36m<div[39m
                      [33mclass[39m=[32m"flex items-center gap-2"[39m
                    [36m>[39m
                      [36m<h2[39m
                        [33mclass[39m=[32m"font-semibold text-slate-900 dark:text-slate-100"[39m
                      [36m>[39m
                        [0mCore Concepts[0m
                      [36m</h2>[39m
                      [36m<svg[39m
                        [33mclass[39m=[32m"lucide lucide-chevron-right w-4 h-4 text-slate-400"[39m
                        [33mfill[39m=[32m"none"[39m
                        [33mheight[39m=[32m"24"[39m
                        [33mstroke[39m=[32m"currentColor"[39m
                        [33mstroke-linecap[39m=[32m"round"[39m
                        [33mstroke-linejoin[39m=[32m"round"[39m
                        [33mstroke-width[39m=[32m"2"[39m
                        [33mviewBox[39m=[32m"0 0 24 24"[39m
                        [33mwidth[39m=[32m"24"[39m
                        [33mxmlns[39m=[32m"http://www.w3.org/2000/svg"[39m
                      [36m>[39m
                        [36m<path[39m
                          [33md[39m=[32m"m9 18 6-6-6-6"[39m
                        [36m/>[39m
                      [36m</svg>[39m
                    [36m</div>[39m
                    [36m<div[39m
                      [33mclass[39m=[32m"flex items-center gap-3 text-xs text-slate-600 dark:text-slate-300 mt-0.5"[39m
                    [36m>[39m
                      [36m<span>[39m
                        [0m2[0m
                        [0m Lessons[0m
                      [36m</span>[39m
                    [36m</div>[39m
                  [36m</div>[39m
                [36m</div>[39m
              [36m</div>[39m
              [36m<div[39m
                [33mclass[39m=[32m"text-right flex items-center gap-3"[39m
              [36m>[39m
                [36m<div[39m
                  [33mclass[39m=[32m"text-right"[39m
                [36m>[39m
                  [36m<div[39m
                    [33mclass[39m=[32m"text-lg font-bold text-slate-900 dark:text-slate-100"[39m
                  [36m>[39m
                    [0m0[0m
                    [0m%[0m
                  [36m</div>[39m
                  [36m<div[39m
                    [33mclass[39m=[32m"text-xs text-slate-600 dark:text-slate-300"[39m
                  [36m>[39m
                    [0m0[0m
                    [0m/[0m
                    [0m2[0m
                  [36m</div>[39m
                [36m</div>[39m
              [36m</div>[39m
            [36m</div>[39m
            [36m<div[39m
              [33mclass[39m=[32m"mt-3 h-2 bg-slate-100 dark:bg-slate-700 rounded-full overflow-hidden"[39m
            [36m>[39m
              [36m<div[39m
                [33mclass[39m=[32m"h-full rounded-full transition-all duration-500"[39m
                [33mstyle[39m=[32m"width: 0%; background-color: rgb(220, 38, 38);"[39m
              [36m/>[39m
            [36m</div>[39m
          [36m</div>[39m
        [36m</div>[39m
        [36m<div[39m
          [33mclass[39m=[32m"card overflow-hidden"[39m
        [36m>[39m
          [36m<div[39m
            [33mclass[39m=[32m"card-header cursor-pointer hover:bg-slate-50 dark:hover:bg-slate-800/50 transition-colors"[39m
          [36m>[39m
            [36m<div[39m
              [33mclass[39m=[32m"flex items-start justify-between gap-4"[39m
            [36m>[39m
              [36m<div[39m
                [33mclass[39m=[32m"flex-1"[39m
              [36m>[39m
                [36m<div[39m
                  [33mclass[39m=[32m"flex items-center gap-2"[39m
                [36m>[39m
                  [36m<span[39m
                    [33mclass[39m=[32m"inline-flex items-center justify-center w-8 h-8 rounded-lg text-sm font-bold transition-colors"[39m
                    [33mstyle[39m=[32m"background-color: rgba(220, 38, 38, 0.125); color: rgb(220, 38, 38);"[39m
                  [36m>[39m
                    [0mF2[0m
                  [36m</span>[39m
                  [36m<div>[39m
                    [36m<div[39m
                      [33mclass[39m=[32m"flex items-center gap-2"[39m
                    [36m>[39m
                      [36m<h2[39m
                        [33mclass[39m=[32m"font-semibold text-slate-900 dark:text-slate-100"[39m
                      [36m>[39m
                        [0mAdvanced Topics[0m
                      [36m</h2>[39m
                      [36m<svg[39m
                        [33mclass[39m=[32m"lucide lucide-chevron-right w-4 h-4 text-slate-400"[39m
                        [33mfill[39m=[32m"none"[39m
                        [33mheight[39m=[32m"24"[39m
                        [33mstroke[39m=[32m"currentColor"[39m
                        [33mstroke-linecap[39m=[32m"round"[39m
                        [33mstroke-linejoin[39m=[32m"round"[39m
                        [33mstroke-width[39m=[32m"2"[39m
                        [33mviewBox[39m=[32m"0 0 24 24"[39m
                        [33mwidth[39m=[32m"24"[39m
                        [33mxmlns[39m=[32m"http://www.w3.org/2000/svg"[39m
                      [36m>[39m
                        [36m<path[39m
                          [33md[39m=[32m"m9 18 6-6-6-6"[39m
                        [36m/>[39m
                      [36m</svg>[39m
                    [36m</div>[39m
                    [36m<div[39m
                      [33mclass[39m=[32m"flex items-center gap-3 text-xs text-slate-600 dark:text-slate-300 mt-0.5"[39m
                    [36m>[39m
                      [36m<span>[39m
                        [0m1[0m
                        [0m Lessons[0m
                      [36m</span>[39m
                    [36m</div>[39m
                  [36m</div>[39m
                [36m</div>[39m
              [36m</div>[39m
              [36m<div[39m
                [33mclass[39m=[32m"text-right flex items-center gap-3"[39m
              [36m>[39m
                [36m<div[39m
                  [33mclass[39m=[32m"text-right"[39m
                [36m>[39m
                  [36m<div[39m
                    [33mclass[39m=[32m"text-lg font-bold text-slate-900 dark:text-slate-100"[39m
                  [36m>[39m
                    [0m0[0m
                    [0m%[0m
                  [36m</div>[39m
                  [36m<div[39m
                    [33mclass[39m=[32m"text-xs text-slate-600 dark:text-slate-300"[39m
                  [36m>[39m
                    [0m0[0m
                    [0m/[0m
                    [0m1[0m
                  [36m</div>[39m
                [36m</div>[39m
              [36m</div>[39m
            [36m</div>[39m
            [36m<div[39m
              [33mclass[39m=[32m"mt-3 h-2 bg-slate-100 dark:bg-slate-700 rounded-full overflow-hidden"[39m
            [36m>[39m
              [36m<div[39m
                [33mclass[39m=[32m"h-full rounded-full transition-all duration-500"[39m
                [33mstyle[39m=[32m"width: 0%; background-color: rgb(220, 38, 38);"[39m
              [36m/>[39m
            [36m</div>[39m
          [36m</div>[39m
        [36m</div>[39m
      [36m</div>[39m
    [36m</div>[39m
  [36m</div>[39m
[36m</body>[39m

Ignored nodes: comments, script, style
[36m<html>[39m
  [36m<head />[39m
  [36m<body>[39m
    [36m<div>[39m
      [36m<div[39m
        [33mclass[39m=[32m"px-2 py-1 sm:p-6 lg:p-8 max-w-4xl mx-auto"[39m
      [36m>[39m
        [36m<div[39m
          [33mclass[39m=[32m"mb-6"[39m
        [36m>[39m
          [36m<div[39m
            [33mclass[39m=[32m"flex items-center gap-3 mb-4"[39m
          [36m>[39m
            [36m<div[39m
              [33mclass[39m=[32m"w-12 h-12 rounded-xl flex items-center justify-center text-white font-bold"[39m
              [33mstyle[39m=[32m"background-color: rgb(220, 38, 38);"[39m
            [36m>[39m
              [0mREG[0m
            [36m</div>[39m
            [36m<div>[39m
              [36m<h1[39m
                [33mclass[39m=[32m"text-2xl font-bold text-slate-900 dark:text-slate-100"[39m
              [36m>[39m
                [0mLessons[0m
              [36m</h1>[39m
              [36m<p[39m
                [33mclass[39m=[32m"text-slate-600 dark:text-slate-300"[39m
              [36m>[39m
                [0mRegulation[0m
              [36m</p>[39m
            [36m</div>[39m
          [36m</div>[39m
          [36m<div[39m
            [33mclass[39m=[32m"mb-6"[39m
          [36m>[39m
            [36m<div[39m
              [33mclass[39m=[32m"flex justify-between text-sm text-slate-600 dark:text-slate-300 mb-2"[39m
            [36m>[39m
              [36m<span>[39m
                [0m0[0m
                [0m of [0m
                [0m3[0m
                [0m lessons completed[0m
              [36m</span>[39m
              [36m<span>[39m
                [0m2[0m
                [0mh total study time[0m
              [36m</span>[39m
            [36m</div>[39m
            [36m<div[39m
              [33mclass[39m=[32m"h-3 bg-slate-200 dark:bg-slate-700 rounded-full overflow-hidden"[39m
            [36m>[39m
              [36m<div[39m
                [33mclass[39m=[32m"h-full bg-gradient-to-r from-primary-500 to-success-500 rounded-full transition-all duration-500"[39m
                [33mstyle[39m=[32m"width: 0%;"[39m
              [36m/>[39m
            [36m</div>[39m
          [36m</div>[39m
          [36m<div[39m
            [33mclass[39m=[32m"flex flex-col sm:flex-row gap-3"[39m
          [36m>[39m
            [36m<div[39m
              [33mclass[39m=[32m"relative flex-1"[39m
            [36m>[39m
              [36m<svg[39m
                [33mclass[39m=[32m"lucide lucide-search absolute left-3 top-1/2 -translate-y-1/2 w-5 h-5 text-slate-600"[39m
                [33mfill[39m=[32m"none"[39m
                [33mheight[39m=[32m"24"[39m
                [33mstroke[39m=[32m"currentColor"[39m
                [33mstroke-linecap[39m=[32m"round"[39m
                [33mstroke-linejoin[39m=[32m"round"[39m
                [33mstroke-width[39m=[32m"2"[39m
                [33mviewBox[39m=[32m"0 0 24 24"[39m
                [33mwidth[39m=[32m"24"[39m
                [33mxmlns[39m=[32m"http://www.w3.org/2000/svg"[39m
              [36m>[39m
                [36m<circle[39m
                  [33mcx[39m=[32m"11"[39m
                  [33mcy[39m=[32m"11"[39m
                  [33mr[39m=[32m"8"[39m
                [36m/>[39m
                [36m<path[39m
                  [33md[39m=[32m"m21 21-4.3-4.3"[39m
                [36m/>[39m
              [36m</svg>[39m
              [36m<input[39m
                [33mclass[39m=[32m"w-full pl-10 pr-4 py-2 border border-slate-300 dark:border-slate-600 rounded-xl focus:ring-2 focus:ring-primary-500 focus:border-primary-500 bg-white dark:bg-slate-800 text-slate-900 dark:text-slate-100"[39m
                [33mplaceholder[39m=[32m"Search lessons..."[39m
                [33mtype[39m=[32m"text"[39m
                [33mvalue[39m=[32m""[39m
              [36m/>[39m
            [36m</div>[39m
            [36m<button[39m
              [33mclass[39m=[32m"flex items-center gap-2 px-4 py-2 rounded-xl text-sm font-medium transition-colors border bg-white text-slate-600 border-slate-300 hover:bg-slate-50 dark:bg-slate-800 dark:text-slate-300 dark:border-slate-600 dark:hover:bg-slate-700"[39m
            [36m>[39m
              [36m<svg[39m
                [33mclass[39m=[32m"lucide lucide-bookmark w-4 h-4"[39m
                [33mfill[39m=[32m"none"[39m
                [33mheight[39m=[32m"24"[39m
                [33mstroke[39m=[32m"currentColor"[39m
                [33mstroke-linecap[39m=[32m"round"[39m
                [33mstroke-linejoin[39m=[32m"round"[39m
                [33mstroke-width[39m=[32m"2"[39m
                [33mviewBox[39m=[32m"0 0 24 24"[39m
                [33mwidth[39m=[32m"24"[39m
                [33mxmlns[39m=[32m"http://www.w3.org/2000/svg"[39m
              [36m>[39m
                [36m<path[39m
                  [33md[39m=[32m"m19 21-7-4-7 4V5a2 2 0 0 1 2-2h10a2 2 0 0 1 2 2v16z"[39m
                [36m/>[39m
              [36m</svg>[39m
              [36m<span[39m
                [33mclass[39m=[32m"hidden sm:inline"[39m
              [36m>[39m
                [0mSaved[0m
              [36m</span>[39m
            [36m</button>[39m
            [36m<select[39m
              [33mclass[39m=[32m"px-4 py-2 border border-slate-300 dark:border-slate-600 rounded-xl focus:ring-2 focus:ring-primary-500 focus:border-primary-500 bg-white dark:bg-slate-800 text-slate-900 dark:text-slate-100"[39m
            [36m>[39m
              [36m<option[39m
                [33mvalue[39m=[32m""[39m
              [36m>[39m
                [0mAll Areas[0m
              [36m</option>[39m
              [36m<option[39m
                [33mvalue[39m=[32m"area-1"[39m
              [36m>[39m
                [0mCore[0m
              [36m</option>[39m
              [36m<option[39m
                [33mvalue[39m=[32m"area-2"[39m
              [36m>[39m
                [0mAdvanced[0m
              [36m</option>[39m
            [36m</select>[39m
          [36m</div>[39m
        [36m</div>[39m
        [36m<div[39m
          [33mclass[39m=[32m"space-y-6"[39m
        [36m>[39m
          [36m<div[39m
            [33mclass[39m=[32m"card overflow-hidden"[39m
          [36m>[39m
            [36m<div[39m
              [33mclass[39m=[32m"card-header cursor-pointer hover:bg-slate-50 dark:hover:bg-slate-800/50 transition-colors"[39m
            [36m>[39m
              [36m<div[39m
                [33mclass[39m=[32m"flex items-start justify-between gap-4"[39m
              [36m>[39m
                [36m<div[39m
                  [33mclass[39m=[32m"flex-1"[39m
                [36m>[39m
                  [36m<div[39m
                    [33mclass[39m=[32m"flex items-center gap-2"[39m
                  [36m>[39m
                    [36m<span[39m
                      [33mclass[39m=[32m"inline-flex items-center justify-center w-8 h-8 rounded-lg text-sm font-bold transition-colors"[39m
                      [33mstyle[39m=[32m"background-color: rgba(220, 38, 38, 0.125); color: rgb(220, 38, 38);"[39m
                    [36m>[39m
                      [0mF1[0m
                    [36m</span>[39m
                    [36m<div>[39m
                      [36m<div[39m
                        [33mclass[39m=[32m"flex items-center gap-2"[39m
                      [36m>[39m
                        [36m<h2[39m
                          [33mclass[39m=[32m"font-semibold text-slate-900 dark:text-slate-100"[39m
                        [36m>[39m
                          [0mCore Concepts[0m
                        [36m</h2>[39m
                        [36m<svg[39m
                          [33mclass[39m=[32m"lucide lucide-chevron-right w-4 h-4 text-slate-400"[39m
                          [33mfill[39m=[32m"none"[39m
                          [33mheight[39m=[32m"24"[39m
                          [33mstroke[39m=[32m"currentColor"[39m
                          [33mstroke-linecap[39m=[32m"round"[39m
                          [33mstroke-linejoin[39m=[32m"round"[39m
                          [33mstroke-width[39m=[32m"2"[39m
                          [33mviewBox[39m=[32m"0 0 24 24"[39m
                          [33mwidth[39m=[32m"24"[39m
                          [33mxmlns[39m=[32m"http://www.w3.org/2000/svg"[39m
                        [36m>[39m
                          [36m<path[39m
                            [33md[39m=[32m"m9 18 6-6-6-6"[39m
                          [36m/>[39m
                        [36m</svg>[39m
                      [36m</div>[39m
                      [36m<div[39m
                        [33mclass[39m=[32m"flex items-center gap-3 text-xs text-slate-600 dark:text-slate-300 mt-0.5"[39m
                      [36m>[39m
                        [36m<span>[39m
                          [0m2[0m
                          [0m Lessons[0m
                        [36m</span>[39m
                      [36m</div>[39m
                    [36m</div>[39m
                  [36m</div>[39m
                [36m</div>[39m
                [36m<div[39m
                  [33mclass[39m=[32m"text-right flex items-center gap-3"[39m
                [36m>[39m
                  [36m<div[39m
                    [33mclass[39m=[32m"text-right"[39m
                  [36m>[39m
                    [36m<div[39m
                      [33mclass[39m=[32m"text-lg font-bold text-slate-900 dark:text-slate-100"[39m
                    [36m>[39m
                      [0m0[0m
                      [0m%[0m
                    [36m</div>[39m
                    [36m<div[39m
                      [33mclass[39m=[32m"text-xs text-slate-600 dark:text-slate-300"[39m
                    [36m>[39m
                      [0m0[0m
                      [0m/[0m
                      [0m2[0m
                    [36m</div>[39m
                  [36m</div>[39m
                [36m</div>[39m
              [36m</div>[39m
              [36m<div[39m
                [33mclass[39m=[32m"mt-3 h-2 bg-slate-100 dark:bg-slate-700 rounded-full overflow-hidden"[39m
              [36m>[39m
                [36m<div[39m
                  [33mclass[39m=[32m"h-full rounded-full transition-all duration-500"[39m
                  [33mstyle[39m=[32m"width: 0%; background-color: rgb(220, 38, 38);"[39m
                [36m/>[39m
              [36m</div>[39m
            [36m</div>[39m
          [36m</div>[39m
          [36m<div[39m
            [33mclass[39m=[32m"card overflow-hidden"[39m
          [36m>[39m
            [36m<div[39m
              [33mclass[39m=[32m"card-header cursor-pointer hover:bg-slate-50 dark:hover:bg-slate-800/50 transition-colors"[39m
            [36m>[39m
              [36m<div[39m
                [33mclass[39m=[32m"flex items-start justify-between gap-4"[39m
              [36m>[39m
                [36m<div[39m
                  [33mclass[39m=[32m"flex-1"[39m
                [36m>[39m
                  [36m<div[39m
                    [33mclass[39m=[32m"flex items-center gap-2"[39m
                  [36m>[39m
                    [36m<span[39m
                      [33mclass[39m=[32m"inline-flex items-center justify-center w-8 h-8 rounded-lg text-sm font-bold transition-colors"[39m
                      [33mstyle[39m=[32m"background-color: rgba(220, 38, 38, 0.125); color: rgb(220, 38, 38);"[39m
                    [36m>[39m
                      [0mF2[0m
                    [36m</span>[39m
                    [36m<div>[39m
                      [36m<div[39m
                        [33mclass[39m=[32m"flex items-center gap-2"[39m
                      [36m>[39m
                        [36m<h2[39m
                          [33mclass[39m=[32m"font-semibold text-slate-900 dark:text-slate-100"[39m
                        [36m>[39m
                          [0mAdvanced Topics[0m
                        [36m</h2>[39m
                        [36m<svg[39m
                          [33mclass[39m=[32m"lucide lucide-chevron-right w-4 h-4 text-slate-400"[39m
                          [33mfill[39m=[32m"none"[39m
                          [33mheight[39m=[32m"24"[39m
                          [33mstroke[39m=[32m"currentColor"[39m
                          [33mstroke-linecap[39m=[32m"round"[39m
                          [33mstroke-linejoin[39m=[32m"round"[39m
                          [33mstroke-width[39m=[32m"2"[39m
                          [33mviewBox[39m=[32m"0 0 24 24"[39m
                          [33mwidth[39m=[32m"24"[39m
                          [33mxmlns[39m=[32m"http://www.w3.org/2000/svg"[39m
                        [36m>[39m
                          [36m<path[39m
                            [33md[39m=[32m"m9 18 6-6-6-6"[39m
                          [36m/>[39m
                        [36m</svg>[39m
                      [36m</div>[39m
                      [36m<div[39m
                        [33mclass[39m=[32m"flex items-center gap-3 text-xs text-slate-600 dark:text-slate-300 mt-0.5"[39m
                      [36m>[39m
                        [36m<span>[39m
                          [0m1[0m
                          [0m Lessons[0m
                        [36m</span>[39m
                      [36m</div>[39m
                    [36m</div>[39m
                  [36m</div>[39m
                [36m</div>[39m
                [36m<div[39m
                  [33mclass[39m=[32m"text-right flex items-center gap-3"[39m
                [36m>[39m
                  [36m<div[39m
                    [33mclass[39m=[32m"text-right"[39m
                  [36m>[39m
                    [36m<div[39m
                      [33mclass[39m=[32m"text-lg font-bold text-slate-900 dark:text-slate-100"[39m
                    [36m>[39m
                      [0m0[0m
                      [0m%[0m
                    [36m</div>[39m
                    [36m<div[39m
                      [33mclass[39m=[32m"text-xs text-slate-600 dark:text-slate-300"[39m
                    [36m>[39m
                      [0m0[0m
                      [0m/[0m
                      [0m1[0m
                    [36m</div>[39m
                  [36m</div>[39m
                [36m</div>[39m
              [36m</div>[39m
              [36m<div[39m
                [33mclass[39m=[32m"mt-3 h-2 bg-slate-100 dark:bg-slate-700 rounded-full overflow-hidden"[39m
              [36m>[39m
                [36m<div[39m
                  [33mclass[39m=[32m"h-full rounded-full transition-all duration-500"[39m
                  [33mstyle[39m=[32m"width: 0%; background-color: rgb(220, 38, 38);"[39m
                [36m/>[39m
              [36m</div>[39m
            [36m</div>[39m
          [36m</div>[39m
        [36m</div>[39m
      [36m</div>[39m
    [36m</div>[39m
  [36m</body>[39m
[36m</html>[39m
 ❯ Proxy.waitForWrapper node_modules/@testing-library/dom/dist/wait-for.js:163:27
 ❯ src/test/components/pages/Lessons.test.jsx:107:13
    105|     it('displays lessons from the data', async () => {
    106|       renderLessons();
    107|       await waitFor(() => {
       |             ^
    108|         expect(screen.getByText('Test Lesson 1')).toBeInTheDocument();
    109|       });

⎯⎯⎯⎯⎯⎯⎯⎯⎯⎯⎯⎯⎯⎯⎯⎯⎯⎯⎯⎯⎯⎯[16/54]⎯

 FAIL  src/test/components/pages/Lessons.test.jsx > Lessons Component > Lesson Display > shows lesson duration
TestingLibraryElementError: Unable to find an element with the text: /30 min/i. This could be because the text is broken up by multiple elements. In this case, you can provide a function for your text matcher to make your matcher more flexible.

Ignored nodes: comments, script, style
[36m<body>[39m
  [36m<div>[39m
    [36m<div[39m
      [33mclass[39m=[32m"px-2 py-1 sm:p-6 lg:p-8 max-w-4xl mx-auto"[39m
    [36m>[39m
      [36m<div[39m
        [33mclass[39m=[32m"mb-6"[39m
      [36m>[39m
        [36m<div[39m
          [33mclass[39m=[32m"flex items-center gap-3 mb-4"[39m
        [36m>[39m
          [36m<div[39m
            [33mclass[39m=[32m"w-12 h-12 rounded-xl flex items-center justify-center text-white font-bold"[39m
            [33mstyle[39m=[32m"background-color: rgb(220, 38, 38);"[39m
          [36m>[39m
            [0mREG[0m
          [36m</div>[39m
          [36m<div>[39m
            [36m<h1[39m
              [33mclass[39m=[32m"text-2xl font-bold text-slate-900 dark:text-slate-100"[39m
            [36m>[39m
              [0mLessons[0m
            [36m</h1>[39m
            [36m<p[39m
              [33mclass[39m=[32m"text-slate-600 dark:text-slate-300"[39m
            [36m>[39m
              [0mRegulation[0m
            [36m</p>[39m
          [36m</div>[39m
        [36m</div>[39m
        [36m<div[39m
          [33mclass[39m=[32m"mb-6"[39m
        [36m>[39m
          [36m<div[39m
            [33mclass[39m=[32m"flex justify-between text-sm text-slate-600 dark:text-slate-300 mb-2"[39m
          [36m>[39m
            [36m<span>[39m
              [0m0[0m
              [0m of [0m
              [0m3[0m
              [0m lessons completed[0m
            [36m</span>[39m
            [36m<span>[39m
              [0m2[0m
              [0mh total study time[0m
            [36m</span>[39m
          [36m</div>[39m
          [36m<div[39m
            [33mclass[39m=[32m"h-3 bg-slate-200 dark:bg-slate-700 rounded-full overflow-hidden"[39m
          [36m>[39m
            [36m<div[39m
              [33mclass[39m=[32m"h-full bg-gradient-to-r from-primary-500 to-success-500 rounded-full transition-all duration-500"[39m
              [33mstyle[39m=[32m"width: 0%;"[39m
            [36m/>[39m
          [36m</div>[39m
        [36m</div>[39m
        [36m<div[39m
          [33mclass[39m=[32m"flex flex-col sm:flex-row gap-3"[39m
        [36m>[39m
          [36m<div[39m
            [33mclass[39m=[32m"relative flex-1"[39m
          [36m>[39m
            [36m<svg[39m
              [33mclass[39m=[32m"lucide lucide-search absolute left-3 top-1/2 -translate-y-1/2 w-5 h-5 text-slate-600"[39m
              [33mfill[39m=[32m"none"[39m
              [33mheight[39m=[32m"24"[39m
              [33mstroke[39m=[32m"currentColor"[39m
              [33mstroke-linecap[39m=[32m"round"[39m
              [33mstroke-linejoin[39m=[32m"round"[39m
              [33mstroke-width[39m=[32m"2"[39m
              [33mviewBox[39m=[32m"0 0 24 24"[39m
              [33mwidth[39m=[32m"24"[39m
              [33mxmlns[39m=[32m"http://www.w3.org/2000/svg"[39m
            [36m>[39m
              [36m<circle[39m
                [33mcx[39m=[32m"11"[39m
                [33mcy[39m=[32m"11"[39m
                [33mr[39m=[32m"8"[39m
              [36m/>[39m
              [36m<path[39m
                [33md[39m=[32m"m21 21-4.3-4.3"[39m
              [36m/>[39m
            [36m</svg>[39m
            [36m<input[39m
              [33mclass[39m=[32m"w-full pl-10 pr-4 py-2 border border-slate-300 dark:border-slate-600 rounded-xl focus:ring-2 focus:ring-primary-500 focus:border-primary-500 bg-white dark:bg-slate-800 text-slate-900 dark:text-slate-100"[39m
              [33mplaceholder[39m=[32m"Search lessons..."[39m
              [33mtype[39m=[32m"text"[39m
              [33mvalue[39m=[32m""[39m
            [36m/>[39m
          [36m</div>[39m
          [36m<button[39m
            [33mclass[39m=[32m"flex items-center gap-2 px-4 py-2 rounded-xl text-sm font-medium transition-colors border bg-white text-slate-600 border-slate-300 hover:bg-slate-50 dark:bg-slate-800 dark:text-slate-300 dark:border-slate-600 dark:hover:bg-slate-700"[39m
          [36m>[39m
            [36m<svg[39m
              [33mclass[39m=[32m"lucide lucide-bookmark w-4 h-4"[39m
              [33mfill[39m=[32m"none"[39m
              [33mheight[39m=[32m"24"[39m
              [33mstroke[39m=[32m"currentColor"[39m
              [33mstroke-linecap[39m=[32m"round"[39m
              [33mstroke-linejoin[39m=[32m"round"[39m
              [33mstroke-width[39m=[32m"2"[39m
              [33mviewBox[39m=[32m"0 0 24 24"[39m
              [33mwidth[39m=[32m"24"[39m
              [33mxmlns[39m=[32m"http://www.w3.org/2000/svg"[39m
            [36m>[39m
              [36m<path[39m
                [33md[39m=[32m"m19 21-7-4-7 4V5a2 2 0 0 1 2-2h10a2 2 0 0 1 2 2v16z"[39m
              [36m/>[39m
            [36m</svg>[39m
            [36m<span[39m
              [33mclass[39m=[32m"hidden sm:inline"[39m
            [36m>[39m
              [0mSaved[0m
            [36m</span>[39m
          [36m</button>[39m
          [36m<select[39m
            [33mclass[39m=[32m"px-4 py-2 border border-slate-300 dark:border-slate-600 rounded-xl focus:ring-2 focus:ring-primary-500 focus:border-primary-500 bg-white dark:bg-slate-800 text-slate-900 dark:text-slate-100"[39m
          [36m>[39m
            [36m<option[39m
              [33mvalue[39m=[32m""[39m
            [36m>[39m
              [0mAll Areas[0m
            [36m</option>[39m
            [36m<option[39m
              [33mvalue[39m=[32m"area-1"[39m
            [36m>[39m
              [0mCore[0m
            [36m</option>[39m
            [36m<option[39m
              [33mvalue[39m=[32m"area-2"[39m
            [36m>[39m
              [0mAdvanced[0m
            [36m</option>[39m
          [36m</select>[39m
        [36m</div>[39m
      [36m</div>[39m
      [36m<div[39m
        [33mclass[39m=[32m"space-y-6"[39m
      [36m>[39m
        [36m<div[39m
          [33mclass[39m=[32m"card overflow-hidden"[39m
        [36m>[39m
          [36m<div[39m
            [33mclass[39m=[32m"card-header cursor-pointer hover:bg-slate-50 dark:hover:bg-slate-800/50 transition-colors"[39m
          [36m>[39m
            [36m<div[39m
              [33mclass[39m=[32m"flex items-start justify-between gap-4"[39m
            [36m>[39m
              [36m<div[39m
                [33mclass[39m=[32m"flex-1"[39m
              [36m>[39m
                [36m<div[39m
                  [33mclass[39m=[32m"flex items-center gap-2"[39m
                [36m>[39m
                  [36m<span[39m
                    [33mclass[39m=[32m"inline-flex items-center justify-center w-8 h-8 rounded-lg text-sm font-bold transition-colors"[39m
                    [33mstyle[39m=[32m"background-color: rgba(220, 38, 38, 0.125); color: rgb(220, 38, 38);"[39m
                  [36m>[39m
                    [0mF1[0m
                  [36m</span>[39m
                  [36m<div>[39m
                    [36m<div[39m
                      [33mclass[39m=[32m"flex items-center gap-2"[39m
                    [36m>[39m
                      [36m<h2[39m
                        [33mclass[39m=[32m"font-semibold text-slate-900 dark:text-slate-100"[39m
                      [36m>[39m
                        [0mCore Concepts[0m
                      [36m</h2>[39m
                      [36m<svg[39m
                        [33mclass[39m=[32m"lucide lucide-chevron-right w-4 h-4 text-slate-400"[39m
                        [33mfill[39m=[32m"none"[39m
                        [33mheight[39m=[32m"24"[39m
                        [33mstroke[39m=[32m"currentColor"[39m
                        [33mstroke-linecap[39m=[32m"round"[39m
                        [33mstroke-linejoin[39m=[32m"round"[39m
                        [33mstroke-width[39m=[32m"2"[39m
                        [33mviewBox[39m=[32m"0 0 24 24"[39m
                        [33mwidth[39m=[32m"24"[39m
                        [33mxmlns[39m=[32m"http://www.w3.org/2000/svg"[39m
                      [36m>[39m
                        [36m<path[39m
                          [33md[39m=[32m"m9 18 6-6-6-6"[39m
                        [36m/>[39m
                      [36m</svg>[39m
                    [36m</div>[39m
                    [36m<div[39m
                      [33mclass[39m=[32m"flex items-center gap-3 text-xs text-slate-600 dark:text-slate-300 mt-0.5"[39m
                    [36m>[39m
                      [36m<span>[39m
                        [0m2[0m
                        [0m Lessons[0m
                      [36m</span>[39m
                    [36m</div>[39m
                  [36m</div>[39m
                [36m</div>[39m
              [36m</div>[39m
              [36m<div[39m
                [33mclass[39m=[32m"text-right flex items-center gap-3"[39m
              [36m>[39m
                [36m<div[39m
                  [33mclass[39m=[32m"text-right"[39m
                [36m>[39m
                  [36m<div[39m
                    [33mclass[39m=[32m"text-lg font-bold text-slate-900 dark:text-slate-100"[39m
                  [36m>[39m
                    [0m0[0m
                    [0m%[0m
                  [36m</div>[39m
                  [36m<div[39m
                    [33mclass[39m=[32m"text-xs text-slate-600 dark:text-slate-300"[39m
                  [36m>[39m
                    [0m0[0m
                    [0m/[0m
                    [0m2[0m
                  [36m</div>[39m
                [36m</div>[39m
              [36m</div>[39m
            [36m</div>[39m
            [36m<div[39m
              [33mclass[39m=[32m"mt-3 h-2 bg-slate-100 dark:bg-slate-700 rounded-full overflow-hidden"[39m
            [36m>[39m
              [36m<div[39m
                [33mclass[39m=[32m"h-full rounded-full transition-all duration-500"[39m
                [33mstyle[39m=[32m"width: 0%; background-color: rgb(220, 38, 38);"[39m
              [36m/>[39m
            [36m</div>[39m
          [36m</div>[39m
        [36m</div>[39m
        [36m<div[39m
          [33mclass[39m=[32m"card overflow-hidden"[39m
        [36m>[39m
          [36m<div[39m
            [33mclass[39m=[32m"card-header cursor-pointer hover:bg-slate-50 dark:hover:bg-slate-800/50 transition-colors"[39m
          [36m>[39m
            [36m<div[39m
              [33mclass[39m=[32m"flex items-start justify-between gap-4"[39m
            [36m>[39m
              [36m<div[39m
                [33mclass[39m=[32m"flex-1"[39m
              [36m>[39m
                [36m<div[39m
                  [33mclass[39m=[32m"flex items-center gap-2"[39m
                [36m>[39m
                  [36m<span[39m
                    [33mclass[39m=[32m"inline-flex items-center justify-center w-8 h-8 rounded-lg text-sm font-bold transition-colors"[39m
                    [33mstyle[39m=[32m"background-color: rgba(220, 38, 38, 0.125); color: rgb(220, 38, 38);"[39m
                  [36m>[39m
                    [0mF2[0m
                  [36m</span>[39m
                  [36m<div>[39m
                    [36m<div[39m
                      [33mclass[39m=[32m"flex items-center gap-2"[39m
                    [36m>[39m
                      [36m<h2[39m
                        [33mclass[39m=[32m"font-semibold text-slate-900 dark:text-slate-100"[39m
                      [36m>[39m
                        [0mAdvanced Topics[0m
                      [36m</h2>[39m
                      [36m<svg[39m
                        [33mclass[39m=[32m"lucide lucide-chevron-right w-4 h-4 text-slate-400"[39m
                        [33mfill[39m=[32m"none"[39m
                        [33mheight[39m=[32m"24"[39m
                        [33mstroke[39m=[32m"currentColor"[39m
                        [33mstroke-linecap[39m=[32m"round"[39m
                        [33mstroke-linejoin[39m=[32m"round"[39m
                        [33mstroke-width[39m=[32m"2"[39m
                        [33mviewBox[39m=[32m"0 0 24 24"[39m
                        [33mwidth[39m=[32m"24"[39m
                        [33mxmlns[39m=[32m"http://www.w3.org/2000/svg"[39m
                      [36m>[39m
                        [36m<path[39m
                          [33md[39m=[32m"m9 18 6-6-6-6"[39m
                        [36m/>[39m
                      [36m</svg>[39m
                    [36m</div>[39m
                    [36m<div[39m
                      [33mclass[39m=[32m"flex items-center gap-3 text-xs text-slate-600 dark:text-slate-300 mt-0.5"[39m
                    [36m>[39m
                      [36m<span>[39m
                        [0m1[0m
                        [0m Lessons[0m
                      [36m</span>[39m
                    [36m</div>[39m
                  [36m</div>[39m
                [36m</div>[39m
              [36m</div>[39m
              [36m<div[39m
                [33mclass[39m=[32m"text-right flex items-center gap-3"[39m
              [36m>[39m
                [36m<div[39m
                  [33mclass[39m=[32m"text-right"[39m
                [36m>[39m
                  [36m<div[39m
                    [33mclass[39m=[32m"text-lg font-bold text-slate-900 dark:text-slate-100"[39m
                  [36m>[39m
                    [0m0[0m
                    [0m%[0m
                  [36m</div>[39m
                  [36m<div[39m
                    [33mclass[39m=[32m"text-xs text-slate-600 dark:text-slate-300"[39m
                  [36m>[39m
                    [0m0[0m
                    [0m/[0m
                    [0m1[0m
                  [36m</div>[39m
                [36m</div>[39m
              [36m</div>[39m
            [36m</div>[39m
            [36m<div[39m
              [33mclass[39m=[32m"mt-3 h-2 bg-slate-100 dark:bg-slate-700 rounded-full overflow-hidden"[39m
            [36m>[39m
              [36m<div[39m
                [33mclass[39m=[32m"h-full rounded-full transition-all duration-500"[39m
                [33mstyle[39m=[32m"width: 0%; background-color: rgb(220, 38, 38);"[39m
              [36m/>[39m
            [36m</div>[39m
          [36m</div>[39m
        [36m</div>[39m
      [36m</div>[39m
    [36m</div>[39m
  [36m</div>[39m
[36m</body>[39m

Ignored nodes: comments, script, style
[36m<html>[39m
  [36m<head />[39m
  [36m<body>[39m
    [36m<div>[39m
      [36m<div[39m
        [33mclass[39m=[32m"px-2 py-1 sm:p-6 lg:p-8 max-w-4xl mx-auto"[39m
      [36m>[39m
        [36m<div[39m
          [33mclass[39m=[32m"mb-6"[39m
        [36m>[39m
          [36m<div[39m
            [33mclass[39m=[32m"flex items-center gap-3 mb-4"[39m
          [36m>[39m
            [36m<div[39m
              [33mclass[39m=[32m"w-12 h-12 rounded-xl flex items-center justify-center text-white font-bold"[39m
              [33mstyle[39m=[32m"background-color: rgb(220, 38, 38);"[39m
            [36m>[39m
              [0mREG[0m
            [36m</div>[39m
            [36m<div>[39m
              [36m<h1[39m
                [33mclass[39m=[32m"text-2xl font-bold text-slate-900 dark:text-slate-100"[39m
              [36m>[39m
                [0mLessons[0m
              [36m</h1>[39m
              [36m<p[39m
                [33mclass[39m=[32m"text-slate-600 dark:text-slate-300"[39m
              [36m>[39m
                [0mRegulation[0m
              [36m</p>[39m
            [36m</div>[39m
          [36m</div>[39m
          [36m<div[39m
            [33mclass[39m=[32m"mb-6"[39m
          [36m>[39m
            [36m<div[39m
              [33mclass[39m=[32m"flex justify-between text-sm text-slate-600 dark:text-slate-300 mb-2"[39m
            [36m>[39m
              [36m<span>[39m
                [0m0[0m
                [0m of [0m
                [0m3[0m
                [0m lessons completed[0m
              [36m</span>[39m
              [36m<span>[39m
                [0m2[0m
                [0mh total study time[0m
              [36m</span>[39m
            [36m</div>[39m
            [36m<div[39m
              [33mclass[39m=[32m"h-3 bg-slate-200 dark:bg-slate-700 rounded-full overflow-hidden"[39m
            [36m>[39m
              [36m<div[39m
                [33mclass[39m=[32m"h-full bg-gradient-to-r from-primary-500 to-success-500 rounded-full transition-all duration-500"[39m
                [33mstyle[39m=[32m"width: 0%;"[39m
              [36m/>[39m
            [36m</div>[39m
          [36m</div>[39m
          [36m<div[39m
            [33mclass[39m=[32m"flex flex-col sm:flex-row gap-3"[39m
          [36m>[39m
            [36m<div[39m
              [33mclass[39m=[32m"relative flex-1"[39m
            [36m>[39m
              [36m<svg[39m
                [33mclass[39m=[32m"lucide lucide-search absolute left-3 top-1/2 -translate-y-1/2 w-5 h-5 text-slate-600"[39m
                [33mfill[39m=[32m"none"[39m
                [33mheight[39m=[32m"24"[39m
                [33mstroke[39m=[32m"currentColor"[39m
                [33mstroke-linecap[39m=[32m"round"[39m
                [33mstroke-linejoin[39m=[32m"round"[39m
                [33mstroke-width[39m=[32m"2"[39m
                [33mviewBox[39m=[32m"0 0 24 24"[39m
                [33mwidth[39m=[32m"24"[39m
                [33mxmlns[39m=[32m"http://www.w3.org/2000/svg"[39m
              [36m>[39m
                [36m<circle[39m
                  [33mcx[39m=[32m"11"[39m
                  [33mcy[39m=[32m"11"[39m
                  [33mr[39m=[32m"8"[39m
                [36m/>[39m
                [36m<path[39m
                  [33md[39m=[32m"m21 21-4.3-4.3"[39m
                [36m/>[39m
              [36m</svg>[39m
              [36m<input[39m
                [33mclass[39m=[32m"w-full pl-10 pr-4 py-2 border border-slate-300 dark:border-slate-600 rounded-xl focus:ring-2 focus:ring-primary-500 focus:border-primary-500 bg-white dark:bg-slate-800 text-slate-900 dark:text-slate-100"[39m
                [33mplaceholder[39m=[32m"Search lessons..."[39m
                [33mtype[39m=[32m"text"[39m
                [33mvalue[39m=[32m""[39m
              [36m/>[39m
            [36m</div>[39m
            [36m<button[39m
              [33mclass[39m=[32m"flex items-center gap-2 px-4 py-2 rounded-xl text-sm font-medium transition-colors border bg-white text-slate-600 border-slate-300 hover:bg-slate-50 dark:bg-slate-800 dark:text-slate-300 dark:border-slate-600 dark:hover:bg-slate-700"[39m
            [36m>[39m
              [36m<svg[39m
                [33mclass[39m=[32m"lucide lucide-bookmark w-4 h-4"[39m
                [33mfill[39m=[32m"none"[39m
                [33mheight[39m=[32m"24"[39m
                [33mstroke[39m=[32m"currentColor"[39m
                [33mstroke-linecap[39m=[32m"round"[39m
                [33mstroke-linejoin[39m=[32m"round"[39m
                [33mstroke-width[39m=[32m"2"[39m
                [33mviewBox[39m=[32m"0 0 24 24"[39m
                [33mwidth[39m=[32m"24"[39m
                [33mxmlns[39m=[32m"http://www.w3.org/2000/svg"[39m
              [36m>[39m
                [36m<path[39m
                  [33md[39m=[32m"m19 21-7-4-7 4V5a2 2 0 0 1 2-2h10a2 2 0 0 1 2 2v16z"[39m
                [36m/>[39m
              [36m</svg>[39m
              [36m<span[39m
                [33mclass[39m=[32m"hidden sm:inline"[39m
              [36m>[39m
                [0mSaved[0m
              [36m</span>[39m
            [36m</button>[39m
            [36m<select[39m
              [33mclass[39m=[32m"px-4 py-2 border border-slate-300 dark:border-slate-600 rounded-xl focus:ring-2 focus:ring-primary-500 focus:border-primary-500 bg-white dark:bg-slate-800 text-slate-900 dark:text-slate-100"[39m
            [36m>[39m
              [36m<option[39m
                [33mvalue[39m=[32m""[39m
              [36m>[39m
                [0mAll Areas[0m
              [36m</option>[39m
              [36m<option[39m
                [33mvalue[39m=[32m"area-1"[39m
              [36m>[39m
                [0mCore[0m
              [36m</option>[39m
              [36m<option[39m
                [33mvalue[39m=[32m"area-2"[39m
              [36m>[39m
                [0mAdvanced[0m
              [36m</option>[39m
            [36m</select>[39m
          [36m</div>[39m
        [36m</div>[39m
        [36m<div[39m
          [33mclass[39m=[32m"space-y-6"[39m
        [36m>[39m
          [36m<div[39m
            [33mclass[39m=[32m"card overflow-hidden"[39m
          [36m>[39m
            [36m<div[39m
              [33mclass[39m=[32m"card-header cursor-pointer hover:bg-slate-50 dark:hover:bg-slate-800/50 transition-colors"[39m
            [36m>[39m
              [36m<div[39m
                [33mclass[39m=[32m"flex items-start justify-between gap-4"[39m
              [36m>[39m
                [36m<div[39m
                  [33mclass[39m=[32m"flex-1"[39m
                [36m>[39m
                  [36m<div[39m
                    [33mclass[39m=[32m"flex items-center gap-2"[39m
                  [36m>[39m
                    [36m<span[39m
                      [33mclass[39m=[32m"inline-flex items-center justify-center w-8 h-8 rounded-lg text-sm font-bold transition-colors"[39m
                      [33mstyle[39m=[32m"background-color: rgba(220, 38, 38, 0.125); color: rgb(220, 38, 38);"[39m
                    [36m>[39m
                      [0mF1[0m
                    [36m</span>[39m
                    [36m<div>[39m
                      [36m<div[39m
                        [33mclass[39m=[32m"flex items-center gap-2"[39m
                      [36m>[39m
                        [36m<h2[39m
                          [33mclass[39m=[32m"font-semibold text-slate-900 dark:text-slate-100"[39m
                        [36m>[39m
                          [0mCore Concepts[0m
                        [36m</h2>[39m
                        [36m<svg[39m
                          [33mclass[39m=[32m"lucide lucide-chevron-right w-4 h-4 text-slate-400"[39m
                          [33mfill[39m=[32m"none"[39m
                          [33mheight[39m=[32m"24"[39m
                          [33mstroke[39m=[32m"currentColor"[39m
                          [33mstroke-linecap[39m=[32m"round"[39m
                          [33mstroke-linejoin[39m=[32m"round"[39m
                          [33mstroke-width[39m=[32m"2"[39m
                          [33mviewBox[39m=[32m"0 0 24 24"[39m
                          [33mwidth[39m=[32m"24"[39m
                          [33mxmlns[39m=[32m"http://www.w3.org/2000/svg"[39m
                        [36m>[39m
                          [36m<path[39m
                            [33md[39m=[32m"m9 18 6-6-6-6"[39m
                          [36m/>[39m
                        [36m</svg>[39m
                      [36m</div>[39m
                      [36m<div[39m
                        [33mclass[39m=[32m"flex items-center gap-3 text-xs text-slate-600 dark:text-slate-300 mt-0.5"[39m
                      [36m>[39m
                        [36m<span>[39m
                          [0m2[0m
                          [0m Lessons[0m
                        [36m</span>[39m
                      [36m</div>[39m
                    [36m</div>[39m
                  [36m</div>[39m
                [36m</div>[39m
                [36m<div[39m
                  [33mclass[39m=[32m"text-right flex items-center gap-3"[39m
                [36m>[39m
                  [36m<div[39m
                    [33mclass[39m=[32m"text-right"[39m
                  [36m>[39m
                    [36m<div[39m
                      [33mclass[39m=[32m"text-lg font-bold text-slate-900 dark:text-slate-100"[39m
                    [36m>[39m
                      [0m0[0m
                      [0m%[0m
                    [36m</div>[39m
                    [36m<div[39m
                      [33mclass[39m=[32m"text-xs text-slate-600 dark:text-slate-300"[39m
                    [36m>[39m
                      [0m0[0m
                      [0m/[0m
                      [0m2[0m
                    [36m</div>[39m
                  [36m</div>[39m
                [36m</div>[39m
              [36m</div>[39m
              [36m<div[39m
                [33mclass[39m=[32m"mt-3 h-2 bg-slate-100 dark:bg-slate-700 rounded-full overflow-hidden"[39m
              [36m>[39m
                [36m<div[39m
                  [33mclass[39m=[32m"h-full rounded-full transition-all duration-500"[39m
                  [33mstyle[39m=[32m"width: 0%; background-color: rgb(220, 38, 38);"[39m
                [36m/>[39m
              [36m</div>[39m
            [36m</div>[39m
          [36m</div>[39m
          [36m<div[39m
            [33mclass[39m=[32m"card overflow-hidden"[39m
          [36m>[39m
            [36m<div[39m
              [33mclass[39m=[32m"card-header cursor-pointer hover:bg-slate-50 dark:hover:bg-slate-800/50 transition-colors"[39m
            [36m>[39m
              [36m<div[39m
                [33mclass[39m=[32m"flex items-start justify-between gap-4"[39m
              [36m>[39m
                [36m<div[39m
                  [33mclass[39m=[32m"flex-1"[39m
                [36m>[39m
                  [36m<div[39m
                    [33mclass[39m=[32m"flex items-center gap-2"[39m
                  [36m>[39m
                    [36m<span[39m
                      [33mclass[39m=[32m"inline-flex items-center justify-center w-8 h-8 rounded-lg text-sm font-bold transition-colors"[39m
                      [33mstyle[39m=[32m"background-color: rgba(220, 38, 38, 0.125); color: rgb(220, 38, 38);"[39m
                    [36m>[39m
                      [0mF2[0m
                    [36m</span>[39m
                    [36m<div>[39m
                      [36m<div[39m
                        [33mclass[39m=[32m"flex items-center gap-2"[39m
                      [36m>[39m
                        [36m<h2[39m
                          [33mclass[39m=[32m"font-semibold text-slate-900 dark:text-slate-100"[39m
                        [36m>[39m
                          [0mAdvanced Topics[0m
                        [36m</h2>[39m
                        [36m<svg[39m
                          [33mclass[39m=[32m"lucide lucide-chevron-right w-4 h-4 text-slate-400"[39m
                          [33mfill[39m=[32m"none"[39m
                          [33mheight[39m=[32m"24"[39m
                          [33mstroke[39m=[32m"currentColor"[39m
                          [33mstroke-linecap[39m=[32m"round"[39m
                          [33mstroke-linejoin[39m=[32m"round"[39m
                          [33mstroke-width[39m=[32m"2"[39m
                          [33mviewBox[39m=[32m"0 0 24 24"[39m
                          [33mwidth[39m=[32m"24"[39m
                          [33mxmlns[39m=[32m"http://www.w3.org/2000/svg"[39m
                        [36m>[39m
                          [36m<path[39m
                            [33md[39m=[32m"m9 18 6-6-6-6"[39m
                          [36m/>[39m
                        [36m</svg>[39m
                      [36m</div>[39m
                      [36m<div[39m
                        [33mclass[39m=[32m"flex items-center gap-3 text-xs text-slate-600 dark:text-slate-300 mt-0.5"[39m
                      [36m>[39m
                        [36m<span>[39m
                          [0m1[0m
                          [0m Lessons[0m
                        [36m</span>[39m
                      [36m</div>[39m
                    [36m</div>[39m
                  [36m</div>[39m
                [36m</div>[39m
                [36m<div[39m
                  [33mclass[39m=[32m"text-right flex items-center gap-3"[39m
                [36m>[39m
                  [36m<div[39m
                    [33mclass[39m=[32m"text-right"[39m
                  [36m>[39m
                    [36m<div[39m
                      [33mclass[39m=[32m"text-lg font-bold text-slate-900 dark:text-slate-100"[39m
                    [36m>[39m
                      [0m0[0m
                      [0m%[0m
                    [36m</div>[39m
                    [36m<div[39m
                      [33mclass[39m=[32m"text-xs text-slate-600 dark:text-slate-300"[39m
                    [36m>[39m
                      [0m0[0m
                      [0m/[0m
                      [0m1[0m
                    [36m</div>[39m
                  [36m</div>[39m
                [36m</div>[39m
              [36m</div>[39m
              [36m<div[39m
                [33mclass[39m=[32m"mt-3 h-2 bg-slate-100 dark:bg-slate-700 rounded-full overflow-hidden"[39m
              [36m>[39m
                [36m<div[39m
                  [33mclass[39m=[32m"h-full rounded-full transition-all duration-500"[39m
                  [33mstyle[39m=[32m"width: 0%; background-color: rgb(220, 38, 38);"[39m
                [36m/>[39m
              [36m</div>[39m
            [36m</div>[39m
          [36m</div>[39m
        [36m</div>[39m
      [36m</div>[39m
    [36m</div>[39m
  [36m</body>[39m
[36m</html>[39m
 ❯ Proxy.waitForWrapper node_modules/@testing-library/dom/dist/wait-for.js:163:27
 ❯ src/test/components/pages/Lessons.test.jsx:142:13
    140|     it('shows lesson duration', async () => {
    141|       renderLessons();
    142|       await waitFor(() => {
       |             ^
    143|         expect(screen.getByText(/30 min/i)).toBeInTheDocument();
    144|       });

⎯⎯⎯⎯⎯⎯⎯⎯⎯⎯⎯⎯⎯⎯⎯⎯⎯⎯⎯⎯⎯⎯[17/54]⎯

 FAIL  src/test/components/pages/Lessons.test.jsx > Lessons Component > Lesson Display > shows completed lessons differently
TestingLibraryElementError: Unable to find an element with the text: Test Lesson 1. This could be because the text is broken up by multiple elements. In this case, you can provide a function for your text matcher to make your matcher more flexible.

Ignored nodes: comments, script, style
[36m<body>[39m
  [36m<div>[39m
    [36m<div[39m
      [33mclass[39m=[32m"px-2 py-1 sm:p-6 lg:p-8 max-w-4xl mx-auto"[39m
    [36m>[39m
      [36m<div[39m
        [33mclass[39m=[32m"mb-6"[39m
      [36m>[39m
        [36m<div[39m
          [33mclass[39m=[32m"flex items-center gap-3 mb-4"[39m
        [36m>[39m
          [36m<div[39m
            [33mclass[39m=[32m"w-12 h-12 rounded-xl flex items-center justify-center text-white font-bold"[39m
            [33mstyle[39m=[32m"background-color: rgb(220, 38, 38);"[39m
          [36m>[39m
            [0mREG[0m
          [36m</div>[39m
          [36m<div>[39m
            [36m<h1[39m
              [33mclass[39m=[32m"text-2xl font-bold text-slate-900 dark:text-slate-100"[39m
            [36m>[39m
              [0mLessons[0m
            [36m</h1>[39m
            [36m<p[39m
              [33mclass[39m=[32m"text-slate-600 dark:text-slate-300"[39m
            [36m>[39m
              [0mRegulation[0m
            [36m</p>[39m
          [36m</div>[39m
        [36m</div>[39m
        [36m<div[39m
          [33mclass[39m=[32m"mb-6"[39m
        [36m>[39m
          [36m<div[39m
            [33mclass[39m=[32m"flex justify-between text-sm text-slate-600 dark:text-slate-300 mb-2"[39m
          [36m>[39m
            [36m<span>[39m
              [0m0[0m
              [0m of [0m
              [0m3[0m
              [0m lessons completed[0m
            [36m</span>[39m
            [36m<span>[39m
              [0m2[0m
              [0mh total study time[0m
            [36m</span>[39m
          [36m</div>[39m
          [36m<div[39m
            [33mclass[39m=[32m"h-3 bg-slate-200 dark:bg-slate-700 rounded-full overflow-hidden"[39m
          [36m>[39m
            [36m<div[39m
              [33mclass[39m=[32m"h-full bg-gradient-to-r from-primary-500 to-success-500 rounded-full transition-all duration-500"[39m
              [33mstyle[39m=[32m"width: 0%;"[39m
            [36m/>[39m
          [36m</div>[39m
        [36m</div>[39m
        [36m<div[39m
          [33mclass[39m=[32m"flex flex-col sm:flex-row gap-3"[39m
        [36m>[39m
          [36m<div[39m
            [33mclass[39m=[32m"relative flex-1"[39m
          [36m>[39m
            [36m<svg[39m
              [33mclass[39m=[32m"lucide lucide-search absolute left-3 top-1/2 -translate-y-1/2 w-5 h-5 text-slate-600"[39m
              [33mfill[39m=[32m"none"[39m
              [33mheight[39m=[32m"24"[39m
              [33mstroke[39m=[32m"currentColor"[39m
              [33mstroke-linecap[39m=[32m"round"[39m
              [33mstroke-linejoin[39m=[32m"round"[39m
              [33mstroke-width[39m=[32m"2"[39m
              [33mviewBox[39m=[32m"0 0 24 24"[39m
              [33mwidth[39m=[32m"24"[39m
              [33mxmlns[39m=[32m"http://www.w3.org/2000/svg"[39m
            [36m>[39m
              [36m<circle[39m
                [33mcx[39m=[32m"11"[39m
                [33mcy[39m=[32m"11"[39m
                [33mr[39m=[32m"8"[39m
              [36m/>[39m
              [36m<path[39m
                [33md[39m=[32m"m21 21-4.3-4.3"[39m
              [36m/>[39m
            [36m</svg>[39m
            [36m<input[39m
              [33mclass[39m=[32m"w-full pl-10 pr-4 py-2 border border-slate-300 dark:border-slate-600 rounded-xl focus:ring-2 focus:ring-primary-500 focus:border-primary-500 bg-white dark:bg-slate-800 text-slate-900 dark:text-slate-100"[39m
              [33mplaceholder[39m=[32m"Search lessons..."[39m
              [33mtype[39m=[32m"text"[39m
              [33mvalue[39m=[32m""[39m
            [36m/>[39m
          [36m</div>[39m
          [36m<button[39m
            [33mclass[39m=[32m"flex items-center gap-2 px-4 py-2 rounded-xl text-sm font-medium transition-colors border bg-white text-slate-600 border-slate-300 hover:bg-slate-50 dark:bg-slate-800 dark:text-slate-300 dark:border-slate-600 dark:hover:bg-slate-700"[39m
          [36m>[39m
            [36m<svg[39m
              [33mclass[39m=[32m"lucide lucide-bookmark w-4 h-4"[39m
              [33mfill[39m=[32m"none"[39m
              [33mheight[39m=[32m"24"[39m
              [33mstroke[39m=[32m"currentColor"[39m
              [33mstroke-linecap[39m=[32m"round"[39m
              [33mstroke-linejoin[39m=[32m"round"[39m
              [33mstroke-width[39m=[32m"2"[39m
              [33mviewBox[39m=[32m"0 0 24 24"[39m
              [33mwidth[39m=[32m"24"[39m
              [33mxmlns[39m=[32m"http://www.w3.org/2000/svg"[39m
            [36m>[39m
              [36m<path[39m
                [33md[39m=[32m"m19 21-7-4-7 4V5a2 2 0 0 1 2-2h10a2 2 0 0 1 2 2v16z"[39m
              [36m/>[39m
            [36m</svg>[39m
            [36m<span[39m
              [33mclass[39m=[32m"hidden sm:inline"[39m
            [36m>[39m
              [0mSaved[0m
            [36m</span>[39m
          [36m</button>[39m
          [36m<select[39m
            [33mclass[39m=[32m"px-4 py-2 border border-slate-300 dark:border-slate-600 rounded-xl focus:ring-2 focus:ring-primary-500 focus:border-primary-500 bg-white dark:bg-slate-800 text-slate-900 dark:text-slate-100"[39m
          [36m>[39m
            [36m<option[39m
              [33mvalue[39m=[32m""[39m
            [36m>[39m
              [0mAll Areas[0m
            [36m</option>[39m
            [36m<option[39m
              [33mvalue[39m=[32m"area-1"[39m
            [36m>[39m
              [0mCore[0m
            [36m</option>[39m
            [36m<option[39m
              [33mvalue[39m=[32m"area-2"[39m
            [36m>[39m
              [0mAdvanced[0m
            [36m</option>[39m
          [36m</select>[39m
        [36m</div>[39m
      [36m</div>[39m
      [36m<div[39m
        [33mclass[39m=[32m"space-y-6"[39m
      [36m>[39m
        [36m<div[39m
          [33mclass[39m=[32m"card overflow-hidden"[39m
        [36m>[39m
          [36m<div[39m
            [33mclass[39m=[32m"card-header cursor-pointer hover:bg-slate-50 dark:hover:bg-slate-800/50 transition-colors"[39m
          [36m>[39m
            [36m<div[39m
              [33mclass[39m=[32m"flex items-start justify-between gap-4"[39m
            [36m>[39m
              [36m<div[39m
                [33mclass[39m=[32m"flex-1"[39m
              [36m>[39m
                [36m<div[39m
                  [33mclass[39m=[32m"flex items-center gap-2"[39m
                [36m>[39m
                  [36m<span[39m
                    [33mclass[39m=[32m"inline-flex items-center justify-center w-8 h-8 rounded-lg text-sm font-bold transition-colors"[39m
                    [33mstyle[39m=[32m"background-color: rgba(220, 38, 38, 0.125); color: rgb(220, 38, 38);"[39m
                  [36m>[39m
                    [0mF1[0m
                  [36m</span>[39m
                  [36m<div>[39m
                    [36m<div[39m
                      [33mclass[39m=[32m"flex items-center gap-2"[39m
                    [36m>[39m
                      [36m<h2[39m
                        [33mclass[39m=[32m"font-semibold text-slate-900 dark:text-slate-100"[39m
                      [36m>[39m
                        [0mCore Concepts[0m
                      [36m</h2>[39m
                      [36m<svg[39m
                        [33mclass[39m=[32m"lucide lucide-chevron-right w-4 h-4 text-slate-400"[39m
                        [33mfill[39m=[32m"none"[39m
                        [33mheight[39m=[32m"24"[39m
                        [33mstroke[39m=[32m"currentColor"[39m
                        [33mstroke-linecap[39m=[32m"round"[39m
                        [33mstroke-linejoin[39m=[32m"round"[39m
                        [33mstroke-width[39m=[32m"2"[39m
                        [33mviewBox[39m=[32m"0 0 24 24"[39m
                        [33mwidth[39m=[32m"24"[39m
                        [33mxmlns[39m=[32m"http://www.w3.org/2000/svg"[39m
                      [36m>[39m
                        [36m<path[39m
                          [33md[39m=[32m"m9 18 6-6-6-6"[39m
                        [36m/>[39m
                      [36m</svg>[39m
                    [36m</div>[39m
                    [36m<div[39m
                      [33mclass[39m=[32m"flex items-center gap-3 text-xs text-slate-600 dark:text-slate-300 mt-0.5"[39m
                    [36m>[39m
                      [36m<span>[39m
                        [0m2[0m
                        [0m Lessons[0m
                      [36m</span>[39m
                    [36m</div>[39m
                  [36m</div>[39m
                [36m</div>[39m
              [36m</div>[39m
              [36m<div[39m
                [33mclass[39m=[32m"text-right flex items-center gap-3"[39m
              [36m>[39m
                [36m<div[39m
                  [33mclass[39m=[32m"text-right"[39m
                [36m>[39m
                  [36m<div[39m
                    [33mclass[39m=[32m"text-lg font-bold text-slate-900 dark:text-slate-100"[39m
                  [36m>[39m
                    [0m0[0m
                    [0m%[0m
                  [36m</div>[39m
                  [36m<div[39m
                    [33mclass[39m=[32m"text-xs text-slate-600 dark:text-slate-300"[39m
                  [36m>[39m
                    [0m0[0m
                    [0m/[0m
                    [0m2[0m
                  [36m</div>[39m
                [36m</div>[39m
              [36m</div>[39m
            [36m</div>[39m
            [36m<div[39m
              [33mclass[39m=[32m"mt-3 h-2 bg-slate-100 dark:bg-slate-700 rounded-full overflow-hidden"[39m
            [36m>[39m
              [36m<div[39m
                [33mclass[39m=[32m"h-full rounded-full transition-all duration-500"[39m
                [33mstyle[39m=[32m"width: 0%; background-color: rgb(220, 38, 38);"[39m
              [36m/>[39m
            [36m</div>[39m
          [36m</div>[39m
        [36m</div>[39m
        [36m<div[39m
          [33mclass[39m=[32m"card overflow-hidden"[39m
        [36m>[39m
          [36m<div[39m
            [33mclass[39m=[32m"card-header cursor-pointer hover:bg-slate-50 dark:hover:bg-slate-800/50 transition-colors"[39m
          [36m>[39m
            [36m<div[39m
              [33mclass[39m=[32m"flex items-start justify-between gap-4"[39m
            [36m>[39m
              [36m<div[39m
                [33mclass[39m=[32m"flex-1"[39m
              [36m>[39m
                [36m<div[39m
                  [33mclass[39m=[32m"flex items-center gap-2"[39m
                [36m>[39m
                  [36m<span[39m
                    [33mclass[39m=[32m"inline-flex items-center justify-center w-8 h-8 rounded-lg text-sm font-bold transition-colors"[39m
                    [33mstyle[39m=[32m"background-color: rgba(220, 38, 38, 0.125); color: rgb(220, 38, 38);"[39m
                  [36m>[39m
                    [0mF2[0m
                  [36m</span>[39m
                  [36m<div>[39m
                    [36m<div[39m
                      [33mclass[39m=[32m"flex items-center gap-2"[39m
                    [36m>[39m
                      [36m<h2[39m
                        [33mclass[39m=[32m"font-semibold text-slate-900 dark:text-slate-100"[39m
                      [36m>[39m
                        [0mAdvanced Topics[0m
                      [36m</h2>[39m
                      [36m<svg[39m
                        [33mclass[39m=[32m"lucide lucide-chevron-right w-4 h-4 text-slate-400"[39m
                        [33mfill[39m=[32m"none"[39m
                        [33mheight[39m=[32m"24"[39m
                        [33mstroke[39m=[32m"currentColor"[39m
                        [33mstroke-linecap[39m=[32m"round"[39m
                        [33mstroke-linejoin[39m=[32m"round"[39m
                        [33mstroke-width[39m=[32m"2"[39m
                        [33mviewBox[39m=[32m"0 0 24 24"[39m
                        [33mwidth[39m=[32m"24"[39m
                        [33mxmlns[39m=[32m"http://www.w3.org/2000/svg"[39m
                      [36m>[39m
                        [36m<path[39m
                          [33md[39m=[32m"m9 18 6-6-6-6"[39m
                        [36m/>[39m
                      [36m</svg>[39m
                    [36m</div>[39m
                    [36m<div[39m
                      [33mclass[39m=[32m"flex items-center gap-3 text-xs text-slate-600 dark:text-slate-300 mt-0.5"[39m
                    [36m>[39m
                      [36m<span>[39m
                        [0m1[0m
                        [0m Lessons[0m
                      [36m</span>[39m
                    [36m</div>[39m
                  [36m</div>[39m
                [36m</div>[39m
              [36m</div>[39m
              [36m<div[39m
                [33mclass[39m=[32m"text-right flex items-center gap-3"[39m
              [36m>[39m
                [36m<div[39m
                  [33mclass[39m=[32m"text-right"[39m
                [36m>[39m
                  [36m<div[39m
                    [33mclass[39m=[32m"text-lg font-bold text-slate-900 dark:text-slate-100"[39m
                  [36m>[39m
                    [0m0[0m
                    [0m%[0m
                  [36m</div>[39m
                  [36m<div[39m
                    [33mclass[39m=[32m"text-xs text-slate-600 dark:text-slate-300"[39m
                  [36m>[39m
                    [0m0[0m
                    [0m/[0m
                    [0m1[0m
                  [36m</div>[39m
                [36m</div>[39m
              [36m</div>[39m
            [36m</div>[39m
            [36m<div[39m
              [33mclass[39m=[32m"mt-3 h-2 bg-slate-100 dark:bg-slate-700 rounded-full overflow-hidden"[39m
            [36m>[39m
              [36m<div[39m
                [33mclass[39m=[32m"h-full rounded-full transition-all duration-500"[39m
                [33mstyle[39m=[32m"width: 0%; background-color: rgb(220, 38, 38);"[39m
              [36m/>[39m
            [36m</div>[39m
          [36m</div>[39m
        [36m</div>[39m
      [36m</div>[39m
    [36m</div>[39m
  [36m</div>[39m
[36m</body>[39m

Ignored nodes: comments, script, style
[36m<html>[39m
  [36m<head />[39m
  [36m<body>[39m
    [36m<div>[39m
      [36m<div[39m
        [33mclass[39m=[32m"px-2 py-1 sm:p-6 lg:p-8 max-w-4xl mx-auto"[39m
      [36m>[39m
        [36m<div[39m
          [33mclass[39m=[32m"mb-6"[39m
        [36m>[39m
          [36m<div[39m
            [33mclass[39m=[32m"flex items-center gap-3 mb-4"[39m
          [36m>[39m
            [36m<div[39m
              [33mclass[39m=[32m"w-12 h-12 rounded-xl flex items-center justify-center text-white font-bold"[39m
              [33mstyle[39m=[32m"background-color: rgb(220, 38, 38);"[39m
            [36m>[39m
              [0mREG[0m
            [36m</div>[39m
            [36m<div>[39m
              [36m<h1[39m
                [33mclass[39m=[32m"text-2xl font-bold text-slate-900 dark:text-slate-100"[39m
              [36m>[39m
                [0mLessons[0m
              [36m</h1>[39m
              [36m<p[39m
                [33mclass[39m=[32m"text-slate-600 dark:text-slate-300"[39m
              [36m>[39m
                [0mRegulation[0m
              [36m</p>[39m
            [36m</div>[39m
          [36m</div>[39m
          [36m<div[39m
            [33mclass[39m=[32m"mb-6"[39m
          [36m>[39m
            [36m<div[39m
              [33mclass[39m=[32m"flex justify-between text-sm text-slate-600 dark:text-slate-300 mb-2"[39m
            [36m>[39m
              [36m<span>[39m
                [0m0[0m
                [0m of [0m
                [0m3[0m
                [0m lessons completed[0m
              [36m</span>[39m
              [36m<span>[39m
                [0m2[0m
                [0mh total study time[0m
              [36m</span>[39m
            [36m</div>[39m
            [36m<div[39m
              [33mclass[39m=[32m"h-3 bg-slate-200 dark:bg-slate-700 rounded-full overflow-hidden"[39m
            [36m>[39m
              [36m<div[39m
                [33mclass[39m=[32m"h-full bg-gradient-to-r from-primary-500 to-success-500 rounded-full transition-all duration-500"[39m
                [33mstyle[39m=[32m"width: 0%;"[39m
              [36m/>[39m
            [36m</div>[39m
          [36m</div>[39m
          [36m<div[39m
            [33mclass[39m=[32m"flex flex-col sm:flex-row gap-3"[39m
          [36m>[39m
            [36m<div[39m
              [33mclass[39m=[32m"relative flex-1"[39m
            [36m>[39m
              [36m<svg[39m
                [33mclass[39m=[32m"lucide lucide-search absolute left-3 top-1/2 -translate-y-1/2 w-5 h-5 text-slate-600"[39m
                [33mfill[39m=[32m"none"[39m
                [33mheight[39m=[32m"24"[39m
                [33mstroke[39m=[32m"currentColor"[39m
                [33mstroke-linecap[39m=[32m"round"[39m
                [33mstroke-linejoin[39m=[32m"round"[39m
                [33mstroke-width[39m=[32m"2"[39m
                [33mviewBox[39m=[32m"0 0 24 24"[39m
                [33mwidth[39m=[32m"24"[39m
                [33mxmlns[39m=[32m"http://www.w3.org/2000/svg"[39m
              [36m>[39m
                [36m<circle[39m
                  [33mcx[39m=[32m"11"[39m
                  [33mcy[39m=[32m"11"[39m
                  [33mr[39m=[32m"8"[39m
                [36m/>[39m
                [36m<path[39m
                  [33md[39m=[32m"m21 21-4.3-4.3"[39m
                [36m/>[39m
              [36m</svg>[39m
              [36m<input[39m
                [33mclass[39m=[32m"w-full pl-10 pr-4 py-2 border border-slate-300 dark:border-slate-600 rounded-xl focus:ring-2 focus:ring-primary-500 focus:border-primary-500 bg-white dark:bg-slate-800 text-slate-900 dark:text-slate-100"[39m
                [33mplaceholder[39m=[32m"Search lessons..."[39m
                [33mtype[39m=[32m"text"[39m
                [33mvalue[39m=[32m""[39m
              [36m/>[39m
            [36m</div>[39m
            [36m<button[39m
              [33mclass[39m=[32m"flex items-center gap-2 px-4 py-2 rounded-xl text-sm font-medium transition-colors border bg-white text-slate-600 border-slate-300 hover:bg-slate-50 dark:bg-slate-800 dark:text-slate-300 dark:border-slate-600 dark:hover:bg-slate-700"[39m
            [36m>[39m
              [36m<svg[39m
                [33mclass[39m=[32m"lucide lucide-bookmark w-4 h-4"[39m
                [33mfill[39m=[32m"none"[39m
                [33mheight[39m=[32m"24"[39m
                [33mstroke[39m=[32m"currentColor"[39m
                [33mstroke-linecap[39m=[32m"round"[39m
                [33mstroke-linejoin[39m=[32m"round"[39m
                [33mstroke-width[39m=[32m"2"[39m
                [33mviewBox[39m=[32m"0 0 24 24"[39m
                [33mwidth[39m=[32m"24"[39m
                [33mxmlns[39m=[32m"http://www.w3.org/2000/svg"[39m
              [36m>[39m
                [36m<path[39m
                  [33md[39m=[32m"m19 21-7-4-7 4V5a2 2 0 0 1 2-2h10a2 2 0 0 1 2 2v16z"[39m
                [36m/>[39m
              [36m</svg>[39m
              [36m<span[39m
                [33mclass[39m=[32m"hidden sm:inline"[39m
              [36m>[39m
                [0mSaved[0m
              [36m</span>[39m
            [36m</button>[39m
            [36m<select[39m
              [33mclass[39m=[32m"px-4 py-2 border border-slate-300 dark:border-slate-600 rounded-xl focus:ring-2 focus:ring-primary-500 focus:border-primary-500 bg-white dark:bg-slate-800 text-slate-900 dark:text-slate-100"[39m
            [36m>[39m
              [36m<option[39m
                [33mvalue[39m=[32m""[39m
              [36m>[39m
                [0mAll Areas[0m
              [36m</option>[39m
              [36m<option[39m
                [33mvalue[39m=[32m"area-1"[39m
              [36m>[39m
                [0mCore[0m
              [36m</option>[39m
              [36m<option[39m
                [33mvalue[39m=[32m"area-2"[39m
              [36m>[39m
                [0mAdvanced[0m
              [36m</option>[39m
            [36m</select>[39m
          [36m</div>[39m
        [36m</div>[39m
        [36m<div[39m
          [33mclass[39m=[32m"space-y-6"[39m
        [36m>[39m
          [36m<div[39m
            [33mclass[39m=[32m"card overflow-hidden"[39m
          [36m>[39m
            [36m<div[39m
              [33mclass[39m=[32m"card-header cursor-pointer hover:bg-slate-50 dark:hover:bg-slate-800/50 transition-colors"[39m
            [36m>[39m
              [36m<div[39m
                [33mclass[39m=[32m"flex items-start justify-between gap-4"[39m
              [36m>[39m
                [36m<div[39m
                  [33mclass[39m=[32m"flex-1"[39m
                [36m>[39m
                  [36m<div[39m
                    [33mclass[39m=[32m"flex items-center gap-2"[39m
                  [36m>[39m
                    [36m<span[39m
                      [33mclass[39m=[32m"inline-flex items-center justify-center w-8 h-8 rounded-lg text-sm font-bold transition-colors"[39m
                      [33mstyle[39m=[32m"background-color: rgba(220, 38, 38, 0.125); color: rgb(220, 38, 38);"[39m
                    [36m>[39m
                      [0mF1[0m
                    [36m</span>[39m
                    [36m<div>[39m
                      [36m<div[39m
                        [33mclass[39m=[32m"flex items-center gap-2"[39m
                      [36m>[39m
                        [36m<h2[39m
                          [33mclass[39m=[32m"font-semibold text-slate-900 dark:text-slate-100"[39m
                        [36m>[39m
                          [0mCore Concepts[0m
                        [36m</h2>[39m
                        [36m<svg[39m
                          [33mclass[39m=[32m"lucide lucide-chevron-right w-4 h-4 text-slate-400"[39m
                          [33mfill[39m=[32m"none"[39m
                          [33mheight[39m=[32m"24"[39m
                          [33mstroke[39m=[32m"currentColor"[39m
                          [33mstroke-linecap[39m=[32m"round"[39m
                          [33mstroke-linejoin[39m=[32m"round"[39m
                          [33mstroke-width[39m=[32m"2"[39m
                          [33mviewBox[39m=[32m"0 0 24 24"[39m
                          [33mwidth[39m=[32m"24"[39m
                          [33mxmlns[39m=[32m"http://www.w3.org/2000/svg"[39m
                        [36m>[39m
                          [36m<path[39m
                            [33md[39m=[32m"m9 18 6-6-6-6"[39m
                          [36m/>[39m
                        [36m</svg>[39m
                      [36m</div>[39m
                      [36m<div[39m
                        [33mclass[39m=[32m"flex items-center gap-3 text-xs text-slate-600 dark:text-slate-300 mt-0.5"[39m
                      [36m>[39m
                        [36m<span>[39m
                          [0m2[0m
                          [0m Lessons[0m
                        [36m</span>[39m
                      [36m</div>[39m
                    [36m</div>[39m
                  [36m</div>[39m
                [36m</div>[39m
                [36m<div[39m
                  [33mclass[39m=[32m"text-right flex items-center gap-3"[39m
                [36m>[39m
                  [36m<div[39m
                    [33mclass[39m=[32m"text-right"[39m
                  [36m>[39m
                    [36m<div[39m
                      [33mclass[39m=[32m"text-lg font-bold text-slate-900 dark:text-slate-100"[39m
                    [36m>[39m
                      [0m0[0m
                      [0m%[0m
                    [36m</div>[39m
                    [36m<div[39m
                      [33mclass[39m=[32m"text-xs text-slate-600 dark:text-slate-300"[39m
                    [36m>[39m
                      [0m0[0m
                      [0m/[0m
                      [0m2[0m
                    [36m</div>[39m
                  [36m</div>[39m
                [36m</div>[39m
              [36m</div>[39m
              [36m<div[39m
                [33mclass[39m=[32m"mt-3 h-2 bg-slate-100 dark:bg-slate-700 rounded-full overflow-hidden"[39m
              [36m>[39m
                [36m<div[39m
                  [33mclass[39m=[32m"h-full rounded-full transition-all duration-500"[39m
                  [33mstyle[39m=[32m"width: 0%; background-color: rgb(220, 38, 38);"[39m
                [36m/>[39m
              [36m</div>[39m
            [36m</div>[39m
          [36m</div>[39m
          [36m<div[39m
            [33mclass[39m=[32m"card overflow-hidden"[39m
          [36m>[39m
            [36m<div[39m
              [33mclass[39m=[32m"card-header cursor-pointer hover:bg-slate-50 dark:hover:bg-slate-800/50 transition-colors"[39m
            [36m>[39m
              [36m<div[39m
                [33mclass[39m=[32m"flex items-start justify-between gap-4"[39m
              [36m>[39m
                [36m<div[39m
                  [33mclass[39m=[32m"flex-1"[39m
                [36m>[39m
                  [36m<div[39m
                    [33mclass[39m=[32m"flex items-center gap-2"[39m
                  [36m>[39m
                    [36m<span[39m
                      [33mclass[39m=[32m"inline-flex items-center justify-center w-8 h-8 rounded-lg text-sm font-bold transition-colors"[39m
                      [33mstyle[39m=[32m"background-color: rgba(220, 38, 38, 0.125); color: rgb(220, 38, 38);"[39m
                    [36m>[39m
                      [0mF2[0m
                    [36m</span>[39m
                    [36m<div>[39m
                      [36m<div[39m
                        [33mclass[39m=[32m"flex items-center gap-2"[39m
                      [36m>[39m
                        [36m<h2[39m
                          [33mclass[39m=[32m"font-semibold text-slate-900 dark:text-slate-100"[39m
                        [36m>[39m
                          [0mAdvanced Topics[0m
                        [36m</h2>[39m
                        [36m<svg[39m
                          [33mclass[39m=[32m"lucide lucide-chevron-right w-4 h-4 text-slate-400"[39m
                          [33mfill[39m=[32m"none"[39m
                          [33mheight[39m=[32m"24"[39m
                          [33mstroke[39m=[32m"currentColor"[39m
                          [33mstroke-linecap[39m=[32m"round"[39m
                          [33mstroke-linejoin[39m=[32m"round"[39m
                          [33mstroke-width[39m=[32m"2"[39m
                          [33mviewBox[39m=[32m"0 0 24 24"[39m
                          [33mwidth[39m=[32m"24"[39m
                          [33mxmlns[39m=[32m"http://www.w3.org/2000/svg"[39m
                        [36m>[39m
                          [36m<path[39m
                            [33md[39m=[32m"m9 18 6-6-6-6"[39m
                          [36m/>[39m
                        [36m</svg>[39m
                      [36m</div>[39m
                      [36m<div[39m
                        [33mclass[39m=[32m"flex items-center gap-3 text-xs text-slate-600 dark:text-slate-300 mt-0.5"[39m
                      [36m>[39m
                        [36m<span>[39m
                          [0m1[0m
                          [0m Lessons[0m
                        [36m</span>[39m
                      [36m</div>[39m
                    [36m</div>[39m
                  [36m</div>[39m
                [36m</div>[39m
                [36m<div[39m
                  [33mclass[39m=[32m"text-right flex items-center gap-3"[39m
                [36m>[39m
                  [36m<div[39m
                    [33mclass[39m=[32m"text-right"[39m
                  [36m>[39m
                    [36m<div[39m
                      [33mclass[39m=[32m"text-lg font-bold text-slate-900 dark:text-slate-100"[39m
                    [36m>[39m
                      [0m0[0m
                      [0m%[0m
                    [36m</div>[39m
                    [36m<div[39m
                      [33mclass[39m=[32m"text-xs text-slate-600 dark:text-slate-300"[39m
                    [36m>[39m
                      [0m0[0m
                      [0m/[0m
                      [0m1[0m
                    [36m</div>[39m
                  [36m</div>[39m
                [36m</div>[39m
              [36m</div>[39m
              [36m<div[39m
                [33mclass[39m=[32m"mt-3 h-2 bg-slate-100 dark:bg-slate-700 rounded-full overflow-hidden"[39m
              [36m>[39m
                [36m<div[39m
                  [33mclass[39m=[32m"h-full rounded-full transition-all duration-500"[39m
                  [33mstyle[39m=[32m"width: 0%; background-color: rgb(220, 38, 38);"[39m
                [36m/>[39m
              [36m</div>[39m
            [36m</div>[39m
          [36m</div>[39m
        [36m</div>[39m
      [36m</div>[39m
    [36m</div>[39m
  [36m</body>[39m
[36m</html>[39m
 ❯ Proxy.waitForWrapper node_modules/@testing-library/dom/dist/wait-for.js:163:27
 ❯ src/test/components/pages/Lessons.test.jsx:149:13
    147|     it('shows completed lessons differently', async () => {
    148|       renderLessons();
    149|       await waitFor(() => {
       |             ^
    150|         const lesson1 = screen.getByText('Test Lesson 1');
    151|         expect(lesson1).toBeInTheDocument();

⎯⎯⎯⎯⎯⎯⎯⎯⎯⎯⎯⎯⎯⎯⎯⎯⎯⎯⎯⎯⎯⎯[18/54]⎯

 FAIL  src/test/components/pages/Lessons.test.jsx > Lessons Component > Lesson Display > shows difficulty indicators
TestingLibraryElementError: Unable to find an element with the text: Test Lesson 1. This could be because the text is broken up by multiple elements. In this case, you can provide a function for your text matcher to make your matcher more flexible.

Ignored nodes: comments, script, style
[36m<body>[39m
  [36m<div>[39m
    [36m<div[39m
      [33mclass[39m=[32m"px-2 py-1 sm:p-6 lg:p-8 max-w-4xl mx-auto"[39m
    [36m>[39m
      [36m<div[39m
        [33mclass[39m=[32m"mb-6"[39m
      [36m>[39m
        [36m<div[39m
          [33mclass[39m=[32m"flex items-center gap-3 mb-4"[39m
        [36m>[39m
          [36m<div[39m
            [33mclass[39m=[32m"w-12 h-12 rounded-xl flex items-center justify-center text-white font-bold"[39m
            [33mstyle[39m=[32m"background-color: rgb(220, 38, 38);"[39m
          [36m>[39m
            [0mREG[0m
          [36m</div>[39m
          [36m<div>[39m
            [36m<h1[39m
              [33mclass[39m=[32m"text-2xl font-bold text-slate-900 dark:text-slate-100"[39m
            [36m>[39m
              [0mLessons[0m
            [36m</h1>[39m
            [36m<p[39m
              [33mclass[39m=[32m"text-slate-600 dark:text-slate-300"[39m
            [36m>[39m
              [0mRegulation[0m
            [36m</p>[39m
          [36m</div>[39m
        [36m</div>[39m
        [36m<div[39m
          [33mclass[39m=[32m"mb-6"[39m
        [36m>[39m
          [36m<div[39m
            [33mclass[39m=[32m"flex justify-between text-sm text-slate-600 dark:text-slate-300 mb-2"[39m
          [36m>[39m
            [36m<span>[39m
              [0m0[0m
              [0m of [0m
              [0m3[0m
              [0m lessons completed[0m
            [36m</span>[39m
            [36m<span>[39m
              [0m2[0m
              [0mh total study time[0m
            [36m</span>[39m
          [36m</div>[39m
          [36m<div[39m
            [33mclass[39m=[32m"h-3 bg-slate-200 dark:bg-slate-700 rounded-full overflow-hidden"[39m
          [36m>[39m
            [36m<div[39m
              [33mclass[39m=[32m"h-full bg-gradient-to-r from-primary-500 to-success-500 rounded-full transition-all duration-500"[39m
              [33mstyle[39m=[32m"width: 0%;"[39m
            [36m/>[39m
          [36m</div>[39m
        [36m</div>[39m
        [36m<div[39m
          [33mclass[39m=[32m"flex flex-col sm:flex-row gap-3"[39m
        [36m>[39m
          [36m<div[39m
            [33mclass[39m=[32m"relative flex-1"[39m
          [36m>[39m
            [36m<svg[39m
              [33mclass[39m=[32m"lucide lucide-search absolute left-3 top-1/2 -translate-y-1/2 w-5 h-5 text-slate-600"[39m
              [33mfill[39m=[32m"none"[39m
              [33mheight[39m=[32m"24"[39m
              [33mstroke[39m=[32m"currentColor"[39m
              [33mstroke-linecap[39m=[32m"round"[39m
              [33mstroke-linejoin[39m=[32m"round"[39m
              [33mstroke-width[39m=[32m"2"[39m
              [33mviewBox[39m=[32m"0 0 24 24"[39m
              [33mwidth[39m=[32m"24"[39m
              [33mxmlns[39m=[32m"http://www.w3.org/2000/svg"[39m
            [36m>[39m
              [36m<circle[39m
                [33mcx[39m=[32m"11"[39m
                [33mcy[39m=[32m"11"[39m
                [33mr[39m=[32m"8"[39m
              [36m/>[39m
              [36m<path[39m
                [33md[39m=[32m"m21 21-4.3-4.3"[39m
              [36m/>[39m
            [36m</svg>[39m
            [36m<input[39m
              [33mclass[39m=[32m"w-full pl-10 pr-4 py-2 border border-slate-300 dark:border-slate-600 rounded-xl focus:ring-2 focus:ring-primary-500 focus:border-primary-500 bg-white dark:bg-slate-800 text-slate-900 dark:text-slate-100"[39m
              [33mplaceholder[39m=[32m"Search lessons..."[39m
              [33mtype[39m=[32m"text"[39m
              [33mvalue[39m=[32m""[39m
            [36m/>[39m
          [36m</div>[39m
          [36m<button[39m
            [33mclass[39m=[32m"flex items-center gap-2 px-4 py-2 rounded-xl text-sm font-medium transition-colors border bg-white text-slate-600 border-slate-300 hover:bg-slate-50 dark:bg-slate-800 dark:text-slate-300 dark:border-slate-600 dark:hover:bg-slate-700"[39m
          [36m>[39m
            [36m<svg[39m
              [33mclass[39m=[32m"lucide lucide-bookmark w-4 h-4"[39m
              [33mfill[39m=[32m"none"[39m
              [33mheight[39m=[32m"24"[39m
              [33mstroke[39m=[32m"currentColor"[39m
              [33mstroke-linecap[39m=[32m"round"[39m
              [33mstroke-linejoin[39m=[32m"round"[39m
              [33mstroke-width[39m=[32m"2"[39m
              [33mviewBox[39m=[32m"0 0 24 24"[39m
              [33mwidth[39m=[32m"24"[39m
              [33mxmlns[39m=[32m"http://www.w3.org/2000/svg"[39m
            [36m>[39m
              [36m<path[39m
                [33md[39m=[32m"m19 21-7-4-7 4V5a2 2 0 0 1 2-2h10a2 2 0 0 1 2 2v16z"[39m
              [36m/>[39m
            [36m</svg>[39m
            [36m<span[39m
              [33mclass[39m=[32m"hidden sm:inline"[39m
            [36m>[39m
              [0mSaved[0m
            [36m</span>[39m
          [36m</button>[39m
          [36m<select[39m
            [33mclass[39m=[32m"px-4 py-2 border border-slate-300 dark:border-slate-600 rounded-xl focus:ring-2 focus:ring-primary-500 focus:border-primary-500 bg-white dark:bg-slate-800 text-slate-900 dark:text-slate-100"[39m
          [36m>[39m
            [36m<option[39m
              [33mvalue[39m=[32m""[39m
            [36m>[39m
              [0mAll Areas[0m
            [36m</option>[39m
            [36m<option[39m
              [33mvalue[39m=[32m"area-1"[39m
            [36m>[39m
              [0mCore[0m
            [36m</option>[39m
            [36m<option[39m
              [33mvalue[39m=[32m"area-2"[39m
            [36m>[39m
              [0mAdvanced[0m
            [36m</option>[39m
          [36m</select>[39m
        [36m</div>[39m
      [36m</div>[39m
      [36m<div[39m
        [33mclass[39m=[32m"space-y-6"[39m
      [36m>[39m
        [36m<div[39m
          [33mclass[39m=[32m"card overflow-hidden"[39m
        [36m>[39m
          [36m<div[39m
            [33mclass[39m=[32m"card-header cursor-pointer hover:bg-slate-50 dark:hover:bg-slate-800/50 transition-colors"[39m
          [36m>[39m
            [36m<div[39m
              [33mclass[39m=[32m"flex items-start justify-between gap-4"[39m
            [36m>[39m
              [36m<div[39m
                [33mclass[39m=[32m"flex-1"[39m
              [36m>[39m
                [36m<div[39m
                  [33mclass[39m=[32m"flex items-center gap-2"[39m
                [36m>[39m
                  [36m<span[39m
                    [33mclass[39m=[32m"inline-flex items-center justify-center w-8 h-8 rounded-lg text-sm font-bold transition-colors"[39m
                    [33mstyle[39m=[32m"background-color: rgba(220, 38, 38, 0.125); color: rgb(220, 38, 38);"[39m
                  [36m>[39m
                    [0mF1[0m
                  [36m</span>[39m
                  [36m<div>[39m
                    [36m<div[39m
                      [33mclass[39m=[32m"flex items-center gap-2"[39m
                    [36m>[39m
                      [36m<h2[39m
                        [33mclass[39m=[32m"font-semibold text-slate-900 dark:text-slate-100"[39m
                      [36m>[39m
                        [0mCore Concepts[0m
                      [36m</h2>[39m
                      [36m<svg[39m
                        [33mclass[39m=[32m"lucide lucide-chevron-right w-4 h-4 text-slate-400"[39m
                        [33mfill[39m=[32m"none"[39m
                        [33mheight[39m=[32m"24"[39m
                        [33mstroke[39m=[32m"currentColor"[39m
                        [33mstroke-linecap[39m=[32m"round"[39m
                        [33mstroke-linejoin[39m=[32m"round"[39m
                        [33mstroke-width[39m=[32m"2"[39m
                        [33mviewBox[39m=[32m"0 0 24 24"[39m
                        [33mwidth[39m=[32m"24"[39m
                        [33mxmlns[39m=[32m"http://www.w3.org/2000/svg"[39m
                      [36m>[39m
                        [36m<path[39m
                          [33md[39m=[32m"m9 18 6-6-6-6"[39m
                        [36m/>[39m
                      [36m</svg>[39m
                    [36m</div>[39m
                    [36m<div[39m
                      [33mclass[39m=[32m"flex items-center gap-3 text-xs text-slate-600 dark:text-slate-300 mt-0.5"[39m
                    [36m>[39m
                      [36m<span>[39m
                        [0m2[0m
                        [0m Lessons[0m
                      [36m</span>[39m
                    [36m</div>[39m
                  [36m</div>[39m
                [36m</div>[39m
              [36m</div>[39m
              [36m<div[39m
                [33mclass[39m=[32m"text-right flex items-center gap-3"[39m
              [36m>[39m
                [36m<div[39m
                  [33mclass[39m=[32m"text-right"[39m
                [36m>[39m
                  [36m<div[39m
                    [33mclass[39m=[32m"text-lg font-bold text-slate-900 dark:text-slate-100"[39m
                  [36m>[39m
                    [0m0[0m
                    [0m%[0m
                  [36m</div>[39m
                  [36m<div[39m
                    [33mclass[39m=[32m"text-xs text-slate-600 dark:text-slate-300"[39m
                  [36m>[39m
                    [0m0[0m
                    [0m/[0m
                    [0m2[0m
                  [36m</div>[39m
                [36m</div>[39m
              [36m</div>[39m
            [36m</div>[39m
            [36m<div[39m
              [33mclass[39m=[32m"mt-3 h-2 bg-slate-100 dark:bg-slate-700 rounded-full overflow-hidden"[39m
            [36m>[39m
              [36m<div[39m
                [33mclass[39m=[32m"h-full rounded-full transition-all duration-500"[39m
                [33mstyle[39m=[32m"width: 0%; background-color: rgb(220, 38, 38);"[39m
              [36m/>[39m
            [36m</div>[39m
          [36m</div>[39m
        [36m</div>[39m
        [36m<div[39m
          [33mclass[39m=[32m"card overflow-hidden"[39m
        [36m>[39m
          [36m<div[39m
            [33mclass[39m=[32m"card-header cursor-pointer hover:bg-slate-50 dark:hover:bg-slate-800/50 transition-colors"[39m
          [36m>[39m
            [36m<div[39m
              [33mclass[39m=[32m"flex items-start justify-between gap-4"[39m
            [36m>[39m
              [36m<div[39m
                [33mclass[39m=[32m"flex-1"[39m
              [36m>[39m
                [36m<div[39m
                  [33mclass[39m=[32m"flex items-center gap-2"[39m
                [36m>[39m
                  [36m<span[39m
                    [33mclass[39m=[32m"inline-flex items-center justify-center w-8 h-8 rounded-lg text-sm font-bold transition-colors"[39m
                    [33mstyle[39m=[32m"background-color: rgba(220, 38, 38, 0.125); color: rgb(220, 38, 38);"[39m
                  [36m>[39m
                    [0mF2[0m
                  [36m</span>[39m
                  [36m<div>[39m
                    [36m<div[39m
                      [33mclass[39m=[32m"flex items-center gap-2"[39m
                    [36m>[39m
                      [36m<h2[39m
                        [33mclass[39m=[32m"font-semibold text-slate-900 dark:text-slate-100"[39m
                      [36m>[39m
                        [0mAdvanced Topics[0m
                      [36m</h2>[39m
                      [36m<svg[39m
                        [33mclass[39m=[32m"lucide lucide-chevron-right w-4 h-4 text-slate-400"[39m
                        [33mfill[39m=[32m"none"[39m
                        [33mheight[39m=[32m"24"[39m
                        [33mstroke[39m=[32m"currentColor"[39m
                        [33mstroke-linecap[39m=[32m"round"[39m
                        [33mstroke-linejoin[39m=[32m"round"[39m
                        [33mstroke-width[39m=[32m"2"[39m
                        [33mviewBox[39m=[32m"0 0 24 24"[39m
                        [33mwidth[39m=[32m"24"[39m
                        [33mxmlns[39m=[32m"http://www.w3.org/2000/svg"[39m
                      [36m>[39m
                        [36m<path[39m
                          [33md[39m=[32m"m9 18 6-6-6-6"[39m
                        [36m/>[39m
                      [36m</svg>[39m
                    [36m</div>[39m
                    [36m<div[39m
                      [33mclass[39m=[32m"flex items-center gap-3 text-xs text-slate-600 dark:text-slate-300 mt-0.5"[39m
                    [36m>[39m
                      [36m<span>[39m
                        [0m1[0m
                        [0m Lessons[0m
                      [36m</span>[39m
                    [36m</div>[39m
                  [36m</div>[39m
                [36m</div>[39m
              [36m</div>[39m
              [36m<div[39m
                [33mclass[39m=[32m"text-right flex items-center gap-3"[39m
              [36m>[39m
                [36m<div[39m
                  [33mclass[39m=[32m"text-right"[39m
                [36m>[39m
                  [36m<div[39m
                    [33mclass[39m=[32m"text-lg font-bold text-slate-900 dark:text-slate-100"[39m
                  [36m>[39m
                    [0m0[0m
                    [0m%[0m
                  [36m</div>[39m
                  [36m<div[39m
                    [33mclass[39m=[32m"text-xs text-slate-600 dark:text-slate-300"[39m
                  [36m>[39m
                    [0m0[0m
                    [0m/[0m
                    [0m1[0m
                  [36m</div>[39m
                [36m</div>[39m
              [36m</div>[39m
            [36m</div>[39m
            [36m<div[39m
              [33mclass[39m=[32m"mt-3 h-2 bg-slate-100 dark:bg-slate-700 rounded-full overflow-hidden"[39m
            [36m>[39m
              [36m<div[39m
                [33mclass[39m=[32m"h-full rounded-full transition-all duration-500"[39m
                [33mstyle[39m=[32m"width: 0%; background-color: rgb(220, 38, 38);"[39m
              [36m/>[39m
            [36m</div>[39m
          [36m</div>[39m
        [36m</div>[39m
      [36m</div>[39m
    [36m</div>[39m
  [36m</div>[39m
[36m</body>[39m

Ignored nodes: comments, script, style
[36m<html>[39m
  [36m<head />[39m
  [36m<body>[39m
    [36m<div>[39m
      [36m<div[39m
        [33mclass[39m=[32m"px-2 py-1 sm:p-6 lg:p-8 max-w-4xl mx-auto"[39m
      [36m>[39m
        [36m<div[39m
          [33mclass[39m=[32m"mb-6"[39m
        [36m>[39m
          [36m<div[39m
            [33mclass[39m=[32m"flex items-center gap-3 mb-4"[39m
          [36m>[39m
            [36m<div[39m
              [33mclass[39m=[32m"w-12 h-12 rounded-xl flex items-center justify-center text-white font-bold"[39m
              [33mstyle[39m=[32m"background-color: rgb(220, 38, 38);"[39m
            [36m>[39m
              [0mREG[0m
            [36m</div>[39m
            [36m<div>[39m
              [36m<h1[39m
                [33mclass[39m=[32m"text-2xl font-bold text-slate-900 dark:text-slate-100"[39m
              [36m>[39m
                [0mLessons[0m
              [36m</h1>[39m
              [36m<p[39m
                [33mclass[39m=[32m"text-slate-600 dark:text-slate-300"[39m
              [36m>[39m
                [0mRegulation[0m
              [36m</p>[39m
            [36m</div>[39m
          [36m</div>[39m
          [36m<div[39m
            [33mclass[39m=[32m"mb-6"[39m
          [36m>[39m
            [36m<div[39m
              [33mclass[39m=[32m"flex justify-between text-sm text-slate-600 dark:text-slate-300 mb-2"[39m
            [36m>[39m
              [36m<span>[39m
                [0m0[0m
                [0m of [0m
                [0m3[0m
                [0m lessons completed[0m
              [36m</span>[39m
              [36m<span>[39m
                [0m2[0m
                [0mh total study time[0m
              [36m</span>[39m
            [36m</div>[39m
            [36m<div[39m
              [33mclass[39m=[32m"h-3 bg-slate-200 dark:bg-slate-700 rounded-full overflow-hidden"[39m
            [36m>[39m
              [36m<div[39m
                [33mclass[39m=[32m"h-full bg-gradient-to-r from-primary-500 to-success-500 rounded-full transition-all duration-500"[39m
                [33mstyle[39m=[32m"width: 0%;"[39m
              [36m/>[39m
            [36m</div>[39m
          [36m</div>[39m
          [36m<div[39m
            [33mclass[39m=[32m"flex flex-col sm:flex-row gap-3"[39m
          [36m>[39m
            [36m<div[39m
              [33mclass[39m=[32m"relative flex-1"[39m
            [36m>[39m
              [36m<svg[39m
                [33mclass[39m=[32m"lucide lucide-search absolute left-3 top-1/2 -translate-y-1/2 w-5 h-5 text-slate-600"[39m
                [33mfill[39m=[32m"none"[39m
                [33mheight[39m=[32m"24"[39m
                [33mstroke[39m=[32m"currentColor"[39m
                [33mstroke-linecap[39m=[32m"round"[39m
                [33mstroke-linejoin[39m=[32m"round"[39m
                [33mstroke-width[39m=[32m"2"[39m
                [33mviewBox[39m=[32m"0 0 24 24"[39m
                [33mwidth[39m=[32m"24"[39m
                [33mxmlns[39m=[32m"http://www.w3.org/2000/svg"[39m
              [36m>[39m
                [36m<circle[39m
                  [33mcx[39m=[32m"11"[39m
                  [33mcy[39m=[32m"11"[39m
                  [33mr[39m=[32m"8"[39m
                [36m/>[39m
                [36m<path[39m
                  [33md[39m=[32m"m21 21-4.3-4.3"[39m
                [36m/>[39m
              [36m</svg>[39m
              [36m<input[39m
                [33mclass[39m=[32m"w-full pl-10 pr-4 py-2 border border-slate-300 dark:border-slate-600 rounded-xl focus:ring-2 focus:ring-primary-500 focus:border-primary-500 bg-white dark:bg-slate-800 text-slate-900 dark:text-slate-100"[39m
                [33mplaceholder[39m=[32m"Search lessons..."[39m
                [33mtype[39m=[32m"text"[39m
                [33mvalue[39m=[32m""[39m
              [36m/>[39m
            [36m</div>[39m
            [36m<button[39m
              [33mclass[39m=[32m"flex items-center gap-2 px-4 py-2 rounded-xl text-sm font-medium transition-colors border bg-white text-slate-600 border-slate-300 hover:bg-slate-50 dark:bg-slate-800 dark:text-slate-300 dark:border-slate-600 dark:hover:bg-slate-700"[39m
            [36m>[39m
              [36m<svg[39m
                [33mclass[39m=[32m"lucide lucide-bookmark w-4 h-4"[39m
                [33mfill[39m=[32m"none"[39m
                [33mheight[39m=[32m"24"[39m
                [33mstroke[39m=[32m"currentColor"[39m
                [33mstroke-linecap[39m=[32m"round"[39m
                [33mstroke-linejoin[39m=[32m"round"[39m
                [33mstroke-width[39m=[32m"2"[39m
                [33mviewBox[39m=[32m"0 0 24 24"[39m
                [33mwidth[39m=[32m"24"[39m
                [33mxmlns[39m=[32m"http://www.w3.org/2000/svg"[39m
              [36m>[39m
                [36m<path[39m
                  [33md[39m=[32m"m19 21-7-4-7 4V5a2 2 0 0 1 2-2h10a2 2 0 0 1 2 2v16z"[39m
                [36m/>[39m
              [36m</svg>[39m
              [36m<span[39m
                [33mclass[39m=[32m"hidden sm:inline"[39m
              [36m>[39m
                [0mSaved[0m
              [36m</span>[39m
            [36m</button>[39m
            [36m<select[39m
              [33mclass[39m=[32m"px-4 py-2 border border-slate-300 dark:border-slate-600 rounded-xl focus:ring-2 focus:ring-primary-500 focus:border-primary-500 bg-white dark:bg-slate-800 text-slate-900 dark:text-slate-100"[39m
            [36m>[39m
              [36m<option[39m
                [33mvalue[39m=[32m""[39m
              [36m>[39m
                [0mAll Areas[0m
              [36m</option>[39m
              [36m<option[39m
                [33mvalue[39m=[32m"area-1"[39m
              [36m>[39m
                [0mCore[0m
              [36m</option>[39m
              [36m<option[39m
                [33mvalue[39m=[32m"area-2"[39m
              [36m>[39m
                [0mAdvanced[0m
              [36m</option>[39m
            [36m</select>[39m
          [36m</div>[39m
        [36m</div>[39m
        [36m<div[39m
          [33mclass[39m=[32m"space-y-6"[39m
        [36m>[39m
          [36m<div[39m
            [33mclass[39m=[32m"card overflow-hidden"[39m
          [36m>[39m
            [36m<div[39m
              [33mclass[39m=[32m"card-header cursor-pointer hover:bg-slate-50 dark:hover:bg-slate-800/50 transition-colors"[39m
            [36m>[39m
              [36m<div[39m
                [33mclass[39m=[32m"flex items-start justify-between gap-4"[39m
              [36m>[39m
                [36m<div[39m
                  [33mclass[39m=[32m"flex-1"[39m
                [36m>[39m
                  [36m<div[39m
                    [33mclass[39m=[32m"flex items-center gap-2"[39m
                  [36m>[39m
                    [36m<span[39m
                      [33mclass[39m=[32m"inline-flex items-center justify-center w-8 h-8 rounded-lg text-sm font-bold transition-colors"[39m
                      [33mstyle[39m=[32m"background-color: rgba(220, 38, 38, 0.125); color: rgb(220, 38, 38);"[39m
                    [36m>[39m
                      [0mF1[0m
                    [36m</span>[39m
                    [36m<div>[39m
                      [36m<div[39m
                        [33mclass[39m=[32m"flex items-center gap-2"[39m
                      [36m>[39m
                        [36m<h2[39m
                          [33mclass[39m=[32m"font-semibold text-slate-900 dark:text-slate-100"[39m
                        [36m>[39m
                          [0mCore Concepts[0m
                        [36m</h2>[39m
                        [36m<svg[39m
                          [33mclass[39m=[32m"lucide lucide-chevron-right w-4 h-4 text-slate-400"[39m
                          [33mfill[39m=[32m"none"[39m
                          [33mheight[39m=[32m"24"[39m
                          [33mstroke[39m=[32m"currentColor"[39m
                          [33mstroke-linecap[39m=[32m"round"[39m
                          [33mstroke-linejoin[39m=[32m"round"[39m
                          [33mstroke-width[39m=[32m"2"[39m
                          [33mviewBox[39m=[32m"0 0 24 24"[39m
                          [33mwidth[39m=[32m"24"[39m
                          [33mxmlns[39m=[32m"http://www.w3.org/2000/svg"[39m
                        [36m>[39m
                          [36m<path[39m
                            [33md[39m=[32m"m9 18 6-6-6-6"[39m
                          [36m/>[39m
                        [36m</svg>[39m
                      [36m</div>[39m
                      [36m<div[39m
                        [33mclass[39m=[32m"flex items-center gap-3 text-xs text-slate-600 dark:text-slate-300 mt-0.5"[39m
                      [36m>[39m
                        [36m<span>[39m
                          [0m2[0m
                          [0m Lessons[0m
                        [36m</span>[39m
                      [36m</div>[39m
                    [36m</div>[39m
                  [36m</div>[39m
                [36m</div>[39m
                [36m<div[39m
                  [33mclass[39m=[32m"text-right flex items-center gap-3"[39m
                [36m>[39m
                  [36m<div[39m
                    [33mclass[39m=[32m"text-right"[39m
                  [36m>[39m
                    [36m<div[39m
                      [33mclass[39m=[32m"text-lg font-bold text-slate-900 dark:text-slate-100"[39m
                    [36m>[39m
                      [0m0[0m
                      [0m%[0m
                    [36m</div>[39m
                    [36m<div[39m
                      [33mclass[39m=[32m"text-xs text-slate-600 dark:text-slate-300"[39m
                    [36m>[39m
                      [0m0[0m
                      [0m/[0m
                      [0m2[0m
                    [36m</div>[39m
                  [36m</div>[39m
                [36m</div>[39m
              [36m</div>[39m
              [36m<div[39m
                [33mclass[39m=[32m"mt-3 h-2 bg-slate-100 dark:bg-slate-700 rounded-full overflow-hidden"[39m
              [36m>[39m
                [36m<div[39m
                  [33mclass[39m=[32m"h-full rounded-full transition-all duration-500"[39m
                  [33mstyle[39m=[32m"width: 0%; background-color: rgb(220, 38, 38);"[39m
                [36m/>[39m
              [36m</div>[39m
            [36m</div>[39m
          [36m</div>[39m
          [36m<div[39m
            [33mclass[39m=[32m"card overflow-hidden"[39m
          [36m>[39m
            [36m<div[39m
              [33mclass[39m=[32m"card-header cursor-pointer hover:bg-slate-50 dark:hover:bg-slate-800/50 transition-colors"[39m
            [36m>[39m
              [36m<div[39m
                [33mclass[39m=[32m"flex items-start justify-between gap-4"[39m
              [36m>[39m
                [36m<div[39m
                  [33mclass[39m=[32m"flex-1"[39m
                [36m>[39m
                  [36m<div[39m
                    [33mclass[39m=[32m"flex items-center gap-2"[39m
                  [36m>[39m
                    [36m<span[39m
                      [33mclass[39m=[32m"inline-flex items-center justify-center w-8 h-8 rounded-lg text-sm font-bold transition-colors"[39m
                      [33mstyle[39m=[32m"background-color: rgba(220, 38, 38, 0.125); color: rgb(220, 38, 38);"[39m
                    [36m>[39m
                      [0mF2[0m
                    [36m</span>[39m
                    [36m<div>[39m
                      [36m<div[39m
                        [33mclass[39m=[32m"flex items-center gap-2"[39m
                      [36m>[39m
                        [36m<h2[39m
                          [33mclass[39m=[32m"font-semibold text-slate-900 dark:text-slate-100"[39m
                        [36m>[39m
                          [0mAdvanced Topics[0m
                        [36m</h2>[39m
                        [36m<svg[39m
                          [33mclass[39m=[32m"lucide lucide-chevron-right w-4 h-4 text-slate-400"[39m
                          [33mfill[39m=[32m"none"[39m
                          [33mheight[39m=[32m"24"[39m
                          [33mstroke[39m=[32m"currentColor"[39m
                          [33mstroke-linecap[39m=[32m"round"[39m
                          [33mstroke-linejoin[39m=[32m"round"[39m
                          [33mstroke-width[39m=[32m"2"[39m
                          [33mviewBox[39m=[32m"0 0 24 24"[39m
                          [33mwidth[39m=[32m"24"[39m
                          [33mxmlns[39m=[32m"http://www.w3.org/2000/svg"[39m
                        [36m>[39m
                          [36m<path[39m
                            [33md[39m=[32m"m9 18 6-6-6-6"[39m
                          [36m/>[39m
                        [36m</svg>[39m
                      [36m</div>[39m
                      [36m<div[39m
                        [33mclass[39m=[32m"flex items-center gap-3 text-xs text-slate-600 dark:text-slate-300 mt-0.5"[39m
                      [36m>[39m
                        [36m<span>[39m
                          [0m1[0m
                          [0m Lessons[0m
                        [36m</span>[39m
                      [36m</div>[39m
                    [36m</div>[39m
                  [36m</div>[39m
                [36m</div>[39m
                [36m<div[39m
                  [33mclass[39m=[32m"text-right flex items-center gap-3"[39m
                [36m>[39m
                  [36m<div[39m
                    [33mclass[39m=[32m"text-right"[39m
                  [36m>[39m
                    [36m<div[39m
                      [33mclass[39m=[32m"text-lg font-bold text-slate-900 dark:text-slate-100"[39m
                    [36m>[39m
                      [0m0[0m
                      [0m%[0m
                    [36m</div>[39m
                    [36m<div[39m
                      [33mclass[39m=[32m"text-xs text-slate-600 dark:text-slate-300"[39m
                    [36m>[39m
                      [0m0[0m
                      [0m/[0m
                      [0m1[0m
                    [36m</div>[39m
                  [36m</div>[39m
                [36m</div>[39m
              [36m</div>[39m
              [36m<div[39m
                [33mclass[39m=[32m"mt-3 h-2 bg-slate-100 dark:bg-slate-700 rounded-full overflow-hidden"[39m
              [36m>[39m
                [36m<div[39m
                  [33mclass[39m=[32m"h-full rounded-full transition-all duration-500"[39m
                  [33mstyle[39m=[32m"width: 0%; background-color: rgb(220, 38, 38);"[39m
                [36m/>[39m
              [36m</div>[39m
            [36m</div>[39m
          [36m</div>[39m
        [36m</div>[39m
      [36m</div>[39m
    [36m</div>[39m
  [36m</body>[39m
[36m</html>[39m
 ❯ Proxy.waitForWrapper node_modules/@testing-library/dom/dist/wait-for.js:163:27
 ❯ src/test/components/pages/Lessons.test.jsx:157:13
    155|     it('shows difficulty indicators', async () => {
    156|       renderLessons();
    157|       await waitFor(() => {
       |             ^
    158|         expect(screen.getByText('Test Lesson 1')).toBeInTheDocument();
    159|       });

⎯⎯⎯⎯⎯⎯⎯⎯⎯⎯⎯⎯⎯⎯⎯⎯⎯⎯⎯⎯⎯⎯[19/54]⎯

 FAIL  src/test/components/pages/Settings.test.tsx > Settings Component > Component Rendering > renders all navigation tabs
TestingLibraryElementError: Unable to find an element with the text: Study Plan. This could be because the text is broken up by multiple elements. In this case, you can provide a function for your text matcher to make your matcher more flexible.

Ignored nodes: comments, script, style
[36m<body>[39m
  [36m<div>[39m
    [36m<div[39m
      [33mclass[39m=[32m"min-h-screen bg-slate-50 dark:bg-slate-900 pb-20"[39m
    [36m>[39m
      [36m<header[39m
        [33mclass[39m=[32m"bg-white dark:bg-slate-800 border-b border-slate-200 dark:border-slate-700"[39m
      [36m>[39m
        [36m<div[39m
          [33mclass[39m=[32m"max-w-5xl mx-auto px-4 sm:px-6 py-4"[39m
        [36m>[39m
          [36m<div[39m
            [33mclass[39m=[32m"flex items-center justify-between mb-2"[39m
          [36m>[39m
            [36m<div[39m
              [33mclass[39m=[32m"sm:hidden"[39m
            [36m>[39m
              [36m<button[39m
                [33maria-label[39m=[32m"Go back to Home"[39m
                [33mclass[39m=[32m"inline-flex items-center font-medium transition-colors text-slate-600 dark:text-slate-300 hover:text-slate-900 dark:hover:text-white focus:outline-none focus-visible:ring-2 focus-visible:ring-primary-500 focus-visible:ring-offset-2 rounded-lg py-1.5 px-2 -ml-2 hover:bg-slate-100 dark:hover:bg-slate-800 text-xs gap-1"[39m
              [36m>[39m
                [36m<svg[39m
                  [33mclass[39m=[32m"lucide lucide-arrow-left w-3.5 h-3.5"[39m
                  [33mfill[39m=[32m"none"[39m
                  [33mheight[39m=[32m"24"[39m
                  [33mstroke[39m=[32m"currentColor"[39m
                  [33mstroke-linecap[39m=[32m"round"[39m
                  [33mstroke-linejoin[39m=[32m"round"[39m
                  [33mstroke-width[39m=[32m"2"[39m
                  [33mviewBox[39m=[32m"0 0 24 24"[39m
                  [33mwidth[39m=[32m"24"[39m
                  [33mxmlns[39m=[32m"http://www.w3.org/2000/svg"[39m
                [36m>[39m
                  [36m<path[39m
                    [33md[39m=[32m"m12 19-7-7 7-7"[39m
                  [36m/>[39m
                  [36m<path[39m
                    [33md[39m=[32m"M19 12H5"[39m
                  [36m/>[39m
                [36m</svg>[39m
                [36m<span[39m
                  [33mclass[39m=[32m""[39m
                [36m>[39m
                  [0mHome[0m
                [36m</span>[39m
              [36m</button>[39m
            [36m</div>[39m
            [36m<div[39m
              [33mclass[39m=[32m"hidden sm:block"[39m
            [36m>[39m
              [36m<button[39m
                [33maria-label[39m=[32m"Go back to Home"[39m
                [33mclass[39m=[32m"inline-flex items-center font-medium transition-colors text-slate-600 dark:text-slate-300 hover:text-slate-900 dark:hover:text-white focus:outline-none focus-visible:ring-2 focus-visible:ring-primary-500 focus-visible:ring-offset-2 rounded-lg py-1.5 px-2 -ml-2 hover:bg-slate-100 dark:hover:bg-slate-800 text-sm gap-1.5"[39m
              [36m>[39m
                [36m<svg[39m
                  [33mclass[39m=[32m"lucide lucide-arrow-left w-4 h-4"[39m
                  [33mfill[39m=[32m"none"[39m
                  [33mheight[39m=[32m"24"[39m
                  [33mstroke[39m=[32m"currentColor"[39m
                  [33mstroke-linecap[39m=[32m"round"[39m
                  [33mstroke-linejoin[39m=[32m"round"[39m
                  [33mstroke-width[39m=[32m"2"[39m
                  [33mviewBox[39m=[32m"0 0 24 24"[39m
                  [33mwidth[39m=[32m"24"[39m
                  [33mxmlns[39m=[32m"http://www.w3.org/2000/svg"[39m
                [36m>[39m
                  [36m<path[39m
                    [33md[39m=[32m"m12 19-7-7 7-7"[39m
                  [36m/>[39m
                  [36m<path[39m
                    [33md[39m=[32m"M19 12H5"[39m
                  [36m/>[39m
                [36m</svg>[39m
                [36m<span[39m
                  [33mclass[39m=[32m""[39m
                [36m>[39m
                  [0mHome[0m
                [36m</span>[39m
              [36m</button>[39m
            [36m</div>[39m
          [36m</div>[39m
          [36m<div[39m
            [33mclass[39m=[32m"flex items-start justify-between gap-4"[39m
          [36m>[39m
            [36m<div[39m
              [33mclass[39m=[32m"min-w-0 flex-1"[39m
            [36m>[39m
              [36m<h1[39m
                [33mclass[39m=[32m"font-bold text-slate-900 dark:text-white truncate text-xl sm:text-2xl"[39m
              [36m>[39m
                [0mSettings[0m
              [36m</h1>[39m
              [36m<p[39m
                [33mclass[39m=[32m"mt-1 text-sm text-slate-600 dark:text-slate-400 line-clamp-2"[39m
              [36m>[39m
                [0mManage your account and preferences[0m
              [36m</p>[39m
            [36m</div>[39m
          [36m</div>[39m
        [36m</div>[39m
      [36m</header>[39m
      [36m<div[39m
        [33mclass[39m=[32m"p-4 sm:p-6 lg:p-8 max-w-4xl mx-auto"[39m
      [36m>[39m
        [36m<div[39m
          [33mclass[39m=[32m"flex flex-col md:flex-row gap-6"[39m
        [36m>[39m
          [36m<div[39m
            [33mclass[39m=[32m"md:hidden mb-4"[39m
          [36m>[39m
            [36m<div[39m
              [33mclass[39m=[32m"relative"[39m
            [36m>[39m
              [36m<select[39m
                [33mclass[39m=[32m"w-full appearance-none bg-white dark:bg-slate-800 border border-slate-300 dark:border-slate-600 rounded-xl px-4 py-3 pr-10 text-slate-900 dark:text-slate-100 font-medium focus:ring-2 focus:ring-primary-500 focus:border-primary-500"[39m
              [36m>[39m
                [36m<option[39m
                  [33mvalue[39m=[32m"profile"[39m
                [36m>[39m
                  [0mProfile[0m
                [36m</option>[39m
                [36m<option[39m
                  [33mvalue[39m=[32m"invite"[39m
                [36m>[39m
                  [0mInvite Friends[0m
                [36m</option>[39m
                [36m<option[39m
                  [33mvalue[39m=[32m"appearance"[39m
                [36m>[39m
                  [0mAppearance[0m
                [36m</option>[39m
                [36m<option[39m
                  [33mvalue[39m=[32m"notifications"[39m
                [36m>[39m
                  [0mNotifications[0m
                [36m</option>[39m
                [36m<option[39m
                  [33mvalue[39m=[32m"feedback"[39m
                [36m>[39m
                  [0mFeedback & Support[0m
                [36m</option>[39m
                [36m<option[39m
                  [33mvalue[39m=[32m"offline"[39m
                [36m>[39m
                  [0mOffline[0m
                [36m</option>[39m
                [36m<option[39m
                  [33mvalue[39m=[32m"install"[39m
                [36m>[39m
                  [0mInstall App[0m
                [...
 ❯ Object.getElementError node_modules/@testing-library/dom/dist/config.js:37:19
 ❯ node_modules/@testing-library/dom/dist/query-helpers.js:76:38
 ❯ node_modules/@testing-library/dom/dist/query-helpers.js:109:15
 ❯ src/test/components/pages/Settings.test.tsx:227:21
    225|       // Each tab label appears in both mobile <option> and desktop <b…
    226|       expect(screen.getAllByText('Profile').length).toBeGreaterThanOrE…
    227|       expect(screen.getAllByText('Study Plan').length).toBeGreaterThan…
       |                     ^
    228|       expect(screen.getAllByText('Notifications').length).toBeGreaterT…
    229|       expect(screen.getAllByText('Feedback & Support').length).toBeGre…

⎯⎯⎯⎯⎯⎯⎯⎯⎯⎯⎯⎯⎯⎯⎯⎯⎯⎯⎯⎯⎯⎯[20/54]⎯

 FAIL  src/test/components/pages/Settings.test.tsx > Settings Component > Study Plan Tab > switches to Study Plan tab when clicked
TestingLibraryElementError: Unable to find an element with the text: Study Plan. This could be because the text is broken up by multiple elements. In this case, you can provide a function for your text matcher to make your matcher more flexible.

Ignored nodes: comments, script, style
[36m<body>[39m
  [36m<div>[39m
    [36m<div[39m
      [33mclass[39m=[32m"min-h-screen bg-slate-50 dark:bg-slate-900 pb-20"[39m
    [36m>[39m
      [36m<header[39m
        [33mclass[39m=[32m"bg-white dark:bg-slate-800 border-b border-slate-200 dark:border-slate-700"[39m
      [36m>[39m
        [36m<div[39m
          [33mclass[39m=[32m"max-w-5xl mx-auto px-4 sm:px-6 py-4"[39m
        [36m>[39m
          [36m<div[39m
            [33mclass[39m=[32m"flex items-center justify-between mb-2"[39m
          [36m>[39m
            [36m<div[39m
              [33mclass[39m=[32m"sm:hidden"[39m
            [36m>[39m
              [36m<button[39m
                [33maria-label[39m=[32m"Go back to Home"[39m
                [33mclass[39m=[32m"inline-flex items-center font-medium transition-colors text-slate-600 dark:text-slate-300 hover:text-slate-900 dark:hover:text-white focus:outline-none focus-visible:ring-2 focus-visible:ring-primary-500 focus-visible:ring-offset-2 rounded-lg py-1.5 px-2 -ml-2 hover:bg-slate-100 dark:hover:bg-slate-800 text-xs gap-1"[39m
              [36m>[39m
                [36m<svg[39m
                  [33mclass[39m=[32m"lucide lucide-arrow-left w-3.5 h-3.5"[39m
                  [33mfill[39m=[32m"none"[39m
                  [33mheight[39m=[32m"24"[39m
                  [33mstroke[39m=[32m"currentColor"[39m
                  [33mstroke-linecap[39m=[32m"round"[39m
                  [33mstroke-linejoin[39m=[32m"round"[39m
                  [33mstroke-width[39m=[32m"2"[39m
                  [33mviewBox[39m=[32m"0 0 24 24"[39m
                  [33mwidth[39m=[32m"24"[39m
                  [33mxmlns[39m=[32m"http://www.w3.org/2000/svg"[39m
                [36m>[39m
                  [36m<path[39m
                    [33md[39m=[32m"m12 19-7-7 7-7"[39m
                  [36m/>[39m
                  [36m<path[39m
                    [33md[39m=[32m"M19 12H5"[39m
                  [36m/>[39m
                [36m</svg>[39m
                [36m<span[39m
                  [33mclass[39m=[32m""[39m
                [36m>[39m
                  [0mHome[0m
                [36m</span>[39m
              [36m</button>[39m
            [36m</div>[39m
            [36m<div[39m
              [33mclass[39m=[32m"hidden sm:block"[39m
            [36m>[39m
              [36m<button[39m
                [33maria-label[39m=[32m"Go back to Home"[39m
                [33mclass[39m=[32m"inline-flex items-center font-medium transition-colors text-slate-600 dark:text-slate-300 hover:text-slate-900 dark:hover:text-white focus:outline-none focus-visible:ring-2 focus-visible:ring-primary-500 focus-visible:ring-offset-2 rounded-lg py-1.5 px-2 -ml-2 hover:bg-slate-100 dark:hover:bg-slate-800 text-sm gap-1.5"[39m
              [36m>[39m
                [36m<svg[39m
                  [33mclass[39m=[32m"lucide lucide-arrow-left w-4 h-4"[39m
                  [33mfill[39m=[32m"none"[39m
                  [33mheight[39m=[32m"24"[39m
                  [33mstroke[39m=[32m"currentColor"[39m
                  [33mstroke-linecap[39m=[32m"round"[39m
                  [33mstroke-linejoin[39m=[32m"round"[39m
                  [33mstroke-width[39m=[32m"2"[39m
                  [33mviewBox[39m=[32m"0 0 24 24"[39m
                  [33mwidth[39m=[32m"24"[39m
                  [33mxmlns[39m=[32m"http://www.w3.org/2000/svg"[39m
                [36m>[39m
                  [36m<path[39m
                    [33md[39m=[32m"m12 19-7-7 7-7"[39m
                  [36m/>[39m
                  [36m<path[39m
                    [33md[39m=[32m"M19 12H5"[39m
                  [36m/>[39m
                [36m</svg>[39m
                [36m<span[39m
                  [33mclass[39m=[32m""[39m
                [36m>[39m
                  [0mHome[0m
                [36m</span>[39m
              [36m</button>[39m
            [36m</div>[39m
          [36m</div>[39m
          [36m<div[39m
            [33mclass[39m=[32m"flex items-start justify-between gap-4"[39m
          [36m>[39m
            [36m<div[39m
              [33mclass[39m=[32m"min-w-0 flex-1"[39m
            [36m>[39m
              [36m<h1[39m
                [33mclass[39m=[32m"font-bold text-slate-900 dark:text-white truncate text-xl sm:text-2xl"[39m
              [36m>[39m
                [0mSettings[0m
              [36m</h1>[39m
              [36m<p[39m
                [33mclass[39m=[32m"mt-1 text-sm text-slate-600 dark:text-slate-400 line-clamp-2"[39m
              [36m>[39m
                [0mManage your account and preferences[0m
              [36m</p>[39m
            [36m</div>[39m
          [36m</div>[39m
        [36m</div>[39m
      [36m</header>[39m
      [36m<div[39m
        [33mclass[39m=[32m"p-4 sm:p-6 lg:p-8 max-w-4xl mx-auto"[39m
      [36m>[39m
        [36m<div[39m
          [33mclass[39m=[32m"flex flex-col md:flex-row gap-6"[39m
        [36m>[39m
          [36m<div[39m
            [33mclass[39m=[32m"md:hidden mb-4"[39m
          [36m>[39m
            [36m<div[39m
              [33mclass[39m=[32m"relative"[39m
            [36m>[39m
              [36m<select[39m
                [33mclass[39m=[32m"w-full appearance-none bg-white dark:bg-slate-800 border border-slate-300 dark:border-slate-600 rounded-xl px-4 py-3 pr-10 text-slate-900 dark:text-slate-100 font-medium focus:ring-2 focus:ring-primary-500 focus:border-primary-500"[39m
              [36m>[39m
                [36m<option[39m
                  [33mvalue[39m=[32m"profile"[39m
                [36m>[39m
                  [0mProfile[0m
                [36m</option>[39m
                [36m<option[39m
                  [33mvalue[39m=[32m"invite"[39m
                [36m>[39m
                  [0mInvite Friends[0m
                [36m</option>[39m
                [36m<option[39m
                  [33mvalue[39m=[32m"appearance"[39m
                [36m>[39m
                  [0mAppearance[0m
                [36m</option>[39m
                [36m<option[39m
                  [33mvalue[39m=[32m"notifications"[39m
                [36m>[39m
                  [0mNotifications[0m
                [36m</option>[39m
                [36m<option[39m
                  [33mvalue[39m=[32m"feedback"[39m
                [36m>[39m
                  [0mFeedback & Support[0m
                [36m</option>[39m
                [36m<option[39m
                  [33mvalue[39m=[32m"offline"[39m
                [36m>[39m
                  [0mOffline[0m
                [36m</option>[39m
                [36m<option[39m
                  [33mvalue[39m=[32m"install"[39m
                [36m>[39m
                  [0mInstall App[0m
                [...
 ❯ Object.getElementError node_modules/@testing-library/dom/dist/config.js:37:19
 ❯ node_modules/@testing-library/dom/dist/query-helpers.js:76:38
 ❯ node_modules/@testing-library/dom/dist/query-helpers.js:109:15
 ❯ clickTab src/test/components/pages/Settings.test.tsx:202:29
    200| const clickTab = (label: string) => {
    201|   // Find the <span> with the label inside the desktop nav buttons
    202|   const allMatches = screen.getAllByText(label);
       |                             ^
    203|   // The button/span is the second match (first is the <option>)
    204|   const target = allMatches.length > 1 ? allMatches[1] : allMatches[0];
 ❯ src/test/components/pages/Settings.test.tsx:275:7

⎯⎯⎯⎯⎯⎯⎯⎯⎯⎯⎯⎯⎯⎯⎯⎯⎯⎯⎯⎯⎯⎯[21/54]⎯

 FAIL  src/test/components/pages/Settings.test.tsx > Settings Component > Study Plan Tab > displays exam section options
TestingLibraryElementError: Unable to find an element with the text: Study Plan. This could be because the text is broken up by multiple elements. In this case, you can provide a function for your text matcher to make your matcher more flexible.

Ignored nodes: comments, script, style
[36m<body>[39m
  [36m<div>[39m
    [36m<div[39m
      [33mclass[39m=[32m"min-h-screen bg-slate-50 dark:bg-slate-900 pb-20"[39m
    [36m>[39m
      [36m<header[39m
        [33mclass[39m=[32m"bg-white dark:bg-slate-800 border-b border-slate-200 dark:border-slate-700"[39m
      [36m>[39m
        [36m<div[39m
          [33mclass[39m=[32m"max-w-5xl mx-auto px-4 sm:px-6 py-4"[39m
        [36m>[39m
          [36m<div[39m
            [33mclass[39m=[32m"flex items-center justify-between mb-2"[39m
          [36m>[39m
            [36m<div[39m
              [33mclass[39m=[32m"sm:hidden"[39m
            [36m>[39m
              [36m<button[39m
                [33maria-label[39m=[32m"Go back to Home"[39m
                [33mclass[39m=[32m"inline-flex items-center font-medium transition-colors text-slate-600 dark:text-slate-300 hover:text-slate-900 dark:hover:text-white focus:outline-none focus-visible:ring-2 focus-visible:ring-primary-500 focus-visible:ring-offset-2 rounded-lg py-1.5 px-2 -ml-2 hover:bg-slate-100 dark:hover:bg-slate-800 text-xs gap-1"[39m
              [36m>[39m
                [36m<svg[39m
                  [33mclass[39m=[32m"lucide lucide-arrow-left w-3.5 h-3.5"[39m
                  [33mfill[39m=[32m"none"[39m
                  [33mheight[39m=[32m"24"[39m
                  [33mstroke[39m=[32m"currentColor"[39m
                  [33mstroke-linecap[39m=[32m"round"[39m
                  [33mstroke-linejoin[39m=[32m"round"[39m
                  [33mstroke-width[39m=[32m"2"[39m
                  [33mviewBox[39m=[32m"0 0 24 24"[39m
                  [33mwidth[39m=[32m"24"[39m
                  [33mxmlns[39m=[32m"http://www.w3.org/2000/svg"[39m
                [36m>[39m
                  [36m<path[39m
                    [33md[39m=[32m"m12 19-7-7 7-7"[39m
                  [36m/>[39m
                  [36m<path[39m
                    [33md[39m=[32m"M19 12H5"[39m
                  [36m/>[39m
                [36m</svg>[39m
                [36m<span[39m
                  [33mclass[39m=[32m""[39m
                [36m>[39m
                  [0mHome[0m
                [36m</span>[39m
              [36m</button>[39m
            [36m</div>[39m
            [36m<div[39m
              [33mclass[39m=[32m"hidden sm:block"[39m
            [36m>[39m
              [36m<button[39m
                [33maria-label[39m=[32m"Go back to Home"[39m
                [33mclass[39m=[32m"inline-flex items-center font-medium transition-colors text-slate-600 dark:text-slate-300 hover:text-slate-900 dark:hover:text-white focus:outline-none focus-visible:ring-2 focus-visible:ring-primary-500 focus-visible:ring-offset-2 rounded-lg py-1.5 px-2 -ml-2 hover:bg-slate-100 dark:hover:bg-slate-800 text-sm gap-1.5"[39m
              [36m>[39m
                [36m<svg[39m
                  [33mclass[39m=[32m"lucide lucide-arrow-left w-4 h-4"[39m
                  [33mfill[39m=[32m"none"[39m
                  [33mheight[39m=[32m"24"[39m
                  [33mstroke[39m=[32m"currentColor"[39m
                  [33mstroke-linecap[39m=[32m"round"[39m
                  [33mstroke-linejoin[39m=[32m"round"[39m
                  [33mstroke-width[39m=[32m"2"[39m
                  [33mviewBox[39m=[32m"0 0 24 24"[39m
                  [33mwidth[39m=[32m"24"[39m
                  [33mxmlns[39m=[32m"http://www.w3.org/2000/svg"[39m
                [36m>[39m
                  [36m<path[39m
                    [33md[39m=[32m"m12 19-7-7 7-7"[39m
                  [36m/>[39m
                  [36m<path[39m
                    [33md[39m=[32m"M19 12H5"[39m
                  [36m/>[39m
                [36m</svg>[39m
                [36m<span[39m
                  [33mclass[39m=[32m""[39m
                [36m>[39m
                  [0mHome[0m
                [36m</span>[39m
              [36m</button>[39m
            [36m</div>[39m
          [36m</div>[39m
          [36m<div[39m
            [33mclass[39m=[32m"flex items-start justify-between gap-4"[39m
          [36m>[39m
            [36m<div[39m
              [33mclass[39m=[32m"min-w-0 flex-1"[39m
            [36m>[39m
              [36m<h1[39m
                [33mclass[39m=[32m"font-bold text-slate-900 dark:text-white truncate text-xl sm:text-2xl"[39m
              [36m>[39m
                [0mSettings[0m
              [36m</h1>[39m
              [36m<p[39m
                [33mclass[39m=[32m"mt-1 text-sm text-slate-600 dark:text-slate-400 line-clamp-2"[39m
              [36m>[39m
                [0mManage your account and preferences[0m
              [36m</p>[39m
            [36m</div>[39m
          [36m</div>[39m
        [36m</div>[39m
      [36m</header>[39m
      [36m<div[39m
        [33mclass[39m=[32m"p-4 sm:p-6 lg:p-8 max-w-4xl mx-auto"[39m
      [36m>[39m
        [36m<div[39m
          [33mclass[39m=[32m"flex flex-col md:flex-row gap-6"[39m
        [36m>[39m
          [36m<div[39m
            [33mclass[39m=[32m"md:hidden mb-4"[39m
          [36m>[39m
            [36m<div[39m
              [33mclass[39m=[32m"relative"[39m
            [36m>[39m
              [36m<select[39m
                [33mclass[39m=[32m"w-full appearance-none bg-white dark:bg-slate-800 border border-slate-300 dark:border-slate-600 rounded-xl px-4 py-3 pr-10 text-slate-900 dark:text-slate-100 font-medium focus:ring-2 focus:ring-primary-500 focus:border-primary-500"[39m
              [36m>[39m
                [36m<option[39m
                  [33mvalue[39m=[32m"profile"[39m
                [36m>[39m
                  [0mProfile[0m
                [36m</option>[39m
                [36m<option[39m
                  [33mvalue[39m=[32m"invite"[39m
                [36m>[39m
                  [0mInvite Friends[0m
                [36m</option>[39m
                [36m<option[39m
                  [33mvalue[39m=[32m"appearance"[39m
                [36m>[39m
                  [0mAppearance[0m
                [36m</option>[39m
                [36m<option[39m
                  [33mvalue[39m=[32m"notifications"[39m
                [36m>[39m
                  [0mNotifications[0m
                [36m</option>[39m
                [36m<option[39m
                  [33mvalue[39m=[32m"feedback"[39m
                [36m>[39m
                  [0mFeedback & Support[0m
                [36m</option>[39m
                [36m<option[39m
                  [33mvalue[39m=[32m"offline"[39m
                [36m>[39m
                  [0mOffline[0m
                [36m</option>[39m
                [36m<option[39m
                  [33mvalue[39m=[32m"install"[39m
                [36m>[39m
                  [0mInstall App[0m
                [...
 ❯ Object.getElementError node_modules/@testing-library/dom/dist/config.js:37:19
 ❯ node_modules/@testing-library/dom/dist/query-helpers.js:76:38
 ❯ node_modules/@testing-library/dom/dist/query-helpers.js:109:15
 ❯ clickTab src/test/components/pages/Settings.test.tsx:202:29
    200| const clickTab = (label: string) => {
    201|   // Find the <span> with the label inside the desktop nav buttons
    202|   const allMatches = screen.getAllByText(label);
       |                             ^
    203|   // The button/span is the second match (first is the <option>)
    204|   const target = allMatches.length > 1 ? allMatches[1] : allMatches[0];
 ❯ src/test/components/pages/Settings.test.tsx:282:7

⎯⎯⎯⎯⎯⎯⎯⎯⎯⎯⎯⎯⎯⎯⎯⎯⎯⎯⎯⎯⎯⎯[22/54]⎯

 FAIL  src/test/components/pages/Settings.test.tsx > Settings Component > Study Plan Tab > displays daily goal presets
TestingLibraryElementError: Unable to find an element with the text: Study Plan. This could be because the text is broken up by multiple elements. In this case, you can provide a function for your text matcher to make your matcher more flexible.

Ignored nodes: comments, script, style
[36m<body>[39m
  [36m<div>[39m
    [36m<div[39m
      [33mclass[39m=[32m"min-h-screen bg-slate-50 dark:bg-slate-900 pb-20"[39m
    [36m>[39m
      [36m<header[39m
        [33mclass[39m=[32m"bg-white dark:bg-slate-800 border-b border-slate-200 dark:border-slate-700"[39m
      [36m>[39m
        [36m<div[39m
          [33mclass[39m=[32m"max-w-5xl mx-auto px-4 sm:px-6 py-4"[39m
        [36m>[39m
          [36m<div[39m
            [33mclass[39m=[32m"flex items-center justify-between mb-2"[39m
          [36m>[39m
            [36m<div[39m
              [33mclass[39m=[32m"sm:hidden"[39m
            [36m>[39m
              [36m<button[39m
                [33maria-label[39m=[32m"Go back to Home"[39m
                [33mclass[39m=[32m"inline-flex items-center font-medium transition-colors text-slate-600 dark:text-slate-300 hover:text-slate-900 dark:hover:text-white focus:outline-none focus-visible:ring-2 focus-visible:ring-primary-500 focus-visible:ring-offset-2 rounded-lg py-1.5 px-2 -ml-2 hover:bg-slate-100 dark:hover:bg-slate-800 text-xs gap-1"[39m
              [36m>[39m
                [36m<svg[39m
                  [33mclass[39m=[32m"lucide lucide-arrow-left w-3.5 h-3.5"[39m
                  [33mfill[39m=[32m"none"[39m
                  [33mheight[39m=[32m"24"[39m
                  [33mstroke[39m=[32m"currentColor"[39m
                  [33mstroke-linecap[39m=[32m"round"[39m
                  [33mstroke-linejoin[39m=[32m"round"[39m
                  [33mstroke-width[39m=[32m"2"[39m
                  [33mviewBox[39m=[32m"0 0 24 24"[39m
                  [33mwidth[39m=[32m"24"[39m
                  [33mxmlns[39m=[32m"http://www.w3.org/2000/svg"[39m
                [36m>[39m
                  [36m<path[39m
                    [33md[39m=[32m"m12 19-7-7 7-7"[39m
                  [36m/>[39m
                  [36m<path[39m
                    [33md[39m=[32m"M19 12H5"[39m
                  [36m/>[39m
                [36m</svg>[39m
                [36m<span[39m
                  [33mclass[39m=[32m""[39m
                [36m>[39m
                  [0mHome[0m
                [36m</span>[39m
              [36m</button>[39m
            [36m</div>[39m
            [36m<div[39m
              [33mclass[39m=[32m"hidden sm:block"[39m
            [36m>[39m
              [36m<button[39m
                [33maria-label[39m=[32m"Go back to Home"[39m
                [33mclass[39m=[32m"inline-flex items-center font-medium transition-colors text-slate-600 dark:text-slate-300 hover:text-slate-900 dark:hover:text-white focus:outline-none focus-visible:ring-2 focus-visible:ring-primary-500 focus-visible:ring-offset-2 rounded-lg py-1.5 px-2 -ml-2 hover:bg-slate-100 dark:hover:bg-slate-800 text-sm gap-1.5"[39m
              [36m>[39m
                [36m<svg[39m
                  [33mclass[39m=[32m"lucide lucide-arrow-left w-4 h-4"[39m
                  [33mfill[39m=[32m"none"[39m
                  [33mheight[39m=[32m"24"[39m
                  [33mstroke[39m=[32m"currentColor"[39m
                  [33mstroke-linecap[39m=[32m"round"[39m
                  [33mstroke-linejoin[39m=[32m"round"[39m
                  [33mstroke-width[39m=[32m"2"[39m
                  [33mviewBox[39m=[32m"0 0 24 24"[39m
                  [33mwidth[39m=[32m"24"[39m
                  [33mxmlns[39m=[32m"http://www.w3.org/2000/svg"[39m
                [36m>[39m
                  [36m<path[39m
                    [33md[39m=[32m"m12 19-7-7 7-7"[39m
                  [36m/>[39m
                  [36m<path[39m
                    [33md[39m=[32m"M19 12H5"[39m
                  [36m/>[39m
                [36m</svg>[39m
                [36m<span[39m
                  [33mclass[39m=[32m""[39m
                [36m>[39m
                  [0mHome[0m
                [36m</span>[39m
              [36m</button>[39m
            [36m</div>[39m
          [36m</div>[39m
          [36m<div[39m
            [33mclass[39m=[32m"flex items-start justify-between gap-4"[39m
          [36m>[39m
            [36m<div[39m
              [33mclass[39m=[32m"min-w-0 flex-1"[39m
            [36m>[39m
              [36m<h1[39m
                [33mclass[39m=[32m"font-bold text-slate-900 dark:text-white truncate text-xl sm:text-2xl"[39m
              [36m>[39m
                [0mSettings[0m
              [36m</h1>[39m
              [36m<p[39m
                [33mclass[39m=[32m"mt-1 text-sm text-slate-600 dark:text-slate-400 line-clamp-2"[39m
              [36m>[39m
                [0mManage your account and preferences[0m
              [36m</p>[39m
            [36m</div>[39m
          [36m</div>[39m
        [36m</div>[39m
      [36m</header>[39m
      [36m<div[39m
        [33mclass[39m=[32m"p-4 sm:p-6 lg:p-8 max-w-4xl mx-auto"[39m
      [36m>[39m
        [36m<div[39m
          [33mclass[39m=[32m"flex flex-col md:flex-row gap-6"[39m
        [36m>[39m
          [36m<div[39m
            [33mclass[39m=[32m"md:hidden mb-4"[39m
          [36m>[39m
            [36m<div[39m
              [33mclass[39m=[32m"relative"[39m
            [36m>[39m
              [36m<select[39m
                [33mclass[39m=[32m"w-full appearance-none bg-white dark:bg-slate-800 border border-slate-300 dark:border-slate-600 rounded-xl px-4 py-3 pr-10 text-slate-900 dark:text-slate-100 font-medium focus:ring-2 focus:ring-primary-500 focus:border-primary-500"[39m
              [36m>[39m
                [36m<option[39m
                  [33mvalue[39m=[32m"profile"[39m
                [36m>[39m
                  [0mProfile[0m
                [36m</option>[39m
                [36m<option[39m
                  [33mvalue[39m=[32m"invite"[39m
                [36m>[39m
                  [0mInvite Friends[0m
                [36m</option>[39m
                [36m<option[39m
                  [33mvalue[39m=[32m"appearance"[39m
                [36m>[39m
                  [0mAppearance[0m
                [36m</option>[39m
                [36m<option[39m
                  [33mvalue[39m=[32m"notifications"[39m
                [36m>[39m
                  [0mNotifications[0m
                [36m</option>[39m
                [36m<option[39m
                  [33mvalue[39m=[32m"feedback"[39m
                [36m>[39m
                  [0mFeedback & Support[0m
                [36m</option>[39m
                [36m<option[39m
                  [33mvalue[39m=[32m"offline"[39m
                [36m>[39m
                  [0mOffline[0m
                [36m</option>[39m
                [36m<option[39m
                  [33mvalue[39m=[32m"install"[39m
                [36m>[39m
                  [0mInstall App[0m
                [...
 ❯ Object.getElementError node_modules/@testing-library/dom/dist/config.js:37:19
 ❯ node_modules/@testing-library/dom/dist/query-helpers.js:76:38
 ❯ node_modules/@testing-library/dom/dist/query-helpers.js:109:15
 ❯ clickTab src/test/components/pages/Settings.test.tsx:202:29
    200| const clickTab = (label: string) => {
    201|   // Find the <span> with the label inside the desktop nav buttons
    202|   const allMatches = screen.getAllByText(label);
       |                             ^
    203|   // The button/span is the second match (first is the <option>)
    204|   const target = allMatches.length > 1 ? allMatches[1] : allMatches[0];
 ❯ src/test/components/pages/Settings.test.tsx:288:7

⎯⎯⎯⎯⎯⎯⎯⎯⎯⎯⎯⎯⎯⎯⎯⎯⎯⎯⎯⎯⎯⎯[23/54]⎯

⎯⎯⎯⎯⎯⎯ Unhandled Errors ⎯⎯⎯⎯⎯⎯

Vitest caught 8 unhandled errors during the test run.
This might cause false positive tests. Resolve unhandled errors to make sure your tests are not affected.

⎯⎯⎯⎯ Unhandled Rejection ⎯⎯⎯⎯⎯
Error: [vitest] No "collection" export is defined on the "firebase/firestore" mock. Did you forget to return it from "vi.mock"?
If you need to partially mock a module, you can use "importOriginal" helper inside:

vi.mock("firebase/firestore", async (importOriginal) => {
  const actual = await importOriginal()
  return {
    ...actual,
    // your mocked methods
  }
})

 ❯ VitestMocker.createError node_modules/vitest/dist/vendor/execute.fL3szUAI.js:79:19
 ❯ Object.get node_modules/vitest/dist/vendor/execute.fL3szUAI.js:153:22
 ❯ loadStats src/components/pages/Achievements.tsx:86:27
     84|     // Load user stats by aggregating daily_log
     85|     const loadStats = async () => {
     86|       const dailyLogRef = collection(db, 'users', user.uid, 'daily_log…
       |                           ^
     87|       const logSnap = await getDocs(dailyLogRef);
     88|       
 ❯ src/components/pages/Achievements.tsx:111:5
 ❯ commitHookEffectListMount node_modules/react-dom/cjs/react-dom.development.js:23189:26
 ❯ commitPassiveMountOnFiber node_modules/react-dom/cjs/react-dom.development.js:24970:11
 ❯ commitPassiveMountEffects_complete node_modules/react-dom/cjs/react-dom.development.js:24930:9
 ❯ commitPassiveMountEffects_begin node_modules/react-dom/cjs/react-dom.development.js:24917:7
 ❯ commitPassiveMountEffects node_modules/react-dom/cjs/react-dom.development.js:24905:3
 ❯ flushPassiveEffectsImpl node_modules/react-dom/cjs/react-dom.development.js:27078:3

This error originated in "src/test/components/pages/Achievements.test.jsx" test file. It doesn't mean the error was thrown inside the file itself, but while it was running.

⎯⎯⎯⎯ Unhandled Rejection ⎯⎯⎯⎯⎯
Error: [vitest] No "collection" export is defined on the "firebase/firestore" mock. Did you forget to return it from "vi.mock"?
If you need to partially mock a module, you can use "importOriginal" helper inside:

vi.mock("firebase/firestore", async (importOriginal) => {
  const actual = await importOriginal()
  return {
    ...actual,
    // your mocked methods
  }
})

 ❯ VitestMocker.createError node_modules/vitest/dist/vendor/execute.fL3szUAI.js:79:19
 ❯ Object.get node_modules/vitest/dist/vendor/execute.fL3szUAI.js:153:22
 ❯ loadStats src/components/pages/Achievements.tsx:86:27
     84|     // Load user stats by aggregating daily_log
     85|     const loadStats = async () => {
     86|       const dailyLogRef = collection(db, 'users', user.uid, 'daily_log…
       |                           ^
     87|       const logSnap = await getDocs(dailyLogRef);
     88|       
 ❯ src/components/pages/Achievements.tsx:111:5
 ❯ commitHookEffectListMount node_modules/react-dom/cjs/react-dom.development.js:23189:26
 ❯ commitPassiveMountOnFiber node_modules/react-dom/cjs/react-dom.development.js:24970:11
 ❯ commitPassiveMountEffects_complete node_modules/react-dom/cjs/react-dom.development.js:24930:9
 ❯ commitPassiveMountEffects_begin node_modules/react-dom/cjs/react-dom.development.js:24917:7
 ❯ commitPassiveMountEffects node_modules/react-dom/cjs/react-dom.development.js:24905:3
 ❯ flushPassiveEffectsImpl node_modules/react-dom/cjs/react-dom.development.js:27078:3

This error originated in "src/test/components/pages/Achievements.test.jsx" test file. It doesn't mean the error was thrown inside the file itself, but while it was running.

⎯⎯⎯⎯ Unhandled Rejection ⎯⎯⎯⎯⎯
Error: [vitest] No "collection" export is defined on the "firebase/firestore" mock. Did you forget to return it from "vi.mock"?
If you need to partially mock a module, you can use "importOriginal" helper inside:

vi.mock("firebase/firestore", async (importOriginal) => {
  const actual = await importOriginal()
  return {
    ...actual,
    // your mocked methods
  }
})

 ❯ VitestMocker.createError node_modules/vitest/dist/vendor/execute.fL3szUAI.js:79:19
 ❯ Object.get node_modules/vitest/dist/vendor/execute.fL3szUAI.js:153:22
 ❯ loadStats src/components/pages/Achievements.tsx:86:27
     84|     // Load user stats by aggregating daily_log
     85|     const loadStats = async () => {
     86|       const dailyLogRef = collection(db, 'users', user.uid, 'daily_log…
       |                           ^
     87|       const logSnap = await getDocs(dailyLogRef);
     88|       
 ❯ src/components/pages/Achievements.tsx:111:5
 ❯ commitHookEffectListMount node_modules/react-dom/cjs/react-dom.development.js:23189:26
 ❯ commitPassiveMountOnFiber node_modules/react-dom/cjs/react-dom.development.js:24970:11
 ❯ commitPassiveMountEffects_complete node_modules/react-dom/cjs/react-dom.development.js:24930:9
 ❯ commitPassiveMountEffects_begin node_modules/react-dom/cjs/react-dom.development.js:24917:7
 ❯ commitPassiveMountEffects node_modules/react-dom/cjs/react-dom.development.js:24905:3
 ❯ flushPassiveEffectsImpl node_modules/react-dom/cjs/react-dom.development.js:27078:3

This error originated in "src/test/components/pages/Achievements.test.jsx" test file. It doesn't mean the error was thrown inside the file itself, but while it was running.

⎯⎯⎯⎯ Unhandled Rejection ⎯⎯⎯⎯⎯
Error: [vitest] No "collection" export is defined on the "firebase/firestore" mock. Did you forget to return it from "vi.mock"?
If you need to partially mock a module, you can use "importOriginal" helper inside:

vi.mock("firebase/firestore", async (importOriginal) => {
  const actual = await importOriginal()
  return {
    ...actual,
    // your mocked methods
  }
})

 ❯ VitestMocker.createError node_modules/vitest/dist/vendor/execute.fL3szUAI.js:79:19
 ❯ Object.get node_modules/vitest/dist/vendor/execute.fL3szUAI.js:153:22
 ❯ loadStats src/components/pages/Achievements.tsx:86:27
     84|     // Load user stats by aggregating daily_log
     85|     const loadStats = async () => {
     86|       const dailyLogRef = collection(db, 'users', user.uid, 'daily_log…
       |                           ^
     87|       const logSnap = await getDocs(dailyLogRef);
     88|       
 ❯ src/components/pages/Achievements.tsx:111:5
 ❯ commitHookEffectListMount node_modules/react-dom/cjs/react-dom.development.js:23189:26
 ❯ commitPassiveMountOnFiber node_modules/react-dom/cjs/react-dom.development.js:24970:11
 ❯ commitPassiveMountEffects_complete node_modules/react-dom/cjs/react-dom.development.js:24930:9
 ❯ commitPassiveMountEffects_begin node_modules/react-dom/cjs/react-dom.development.js:24917:7
 ❯ commitPassiveMountEffects node_modules/react-dom/cjs/react-dom.development.js:24905:3
 ❯ flushPassiveEffectsImpl node_modules/react-dom/cjs/react-dom.development.js:27078:3

This error originated in "src/test/components/pages/Achievements.test.jsx" test file. It doesn't mean the error was thrown inside the file itself, but while it was running.

⎯⎯⎯⎯ Unhandled Rejection ⎯⎯⎯⎯⎯
Error: [vitest] No "collection" export is defined on the "firebase/firestore" mock. Did you forget to return it from "vi.mock"?
If you need to partially mock a module, you can use "importOriginal" helper inside:

vi.mock("firebase/firestore", async (importOriginal) => {
  const actual = await importOriginal()
  return {
    ...actual,
    // your mocked methods
  }
})

 ❯ VitestMocker.createError node_modules/vitest/dist/vendor/execute.fL3szUAI.js:79:19
 ❯ Object.get node_modules/vitest/dist/vendor/execute.fL3szUAI.js:153:22
 ❯ loadStats src/components/pages/Achievements.tsx:86:27
     84|     // Load user stats by aggregating daily_log
     85|     const loadStats = async () => {
     86|       const dailyLogRef = collection(db, 'users', user.uid, 'daily_log…
       |                           ^
     87|       const logSnap = await getDocs(dailyLogRef);
     88|       
 ❯ src/components/pages/Achievements.tsx:111:5
 ❯ commitHookEffectListMount node_modules/react-dom/cjs/react-dom.development.js:23189:26
 ❯ commitPassiveMountOnFiber node_modules/react-dom/cjs/react-dom.development.js:24970:11
 ❯ commitPassiveMountEffects_complete node_modules/react-dom/cjs/react-dom.development.js:24930:9
 ❯ commitPassiveMountEffects_begin node_modules/react-dom/cjs/react-dom.development.js:24917:7
 ❯ commitPassiveMountEffects node_modules/react-dom/cjs/react-dom.development.js:24905:3
 ❯ flushPassiveEffectsImpl node_modules/react-dom/cjs/react-dom.development.js:27078:3

This error originated in "src/test/components/pages/Achievements.test.jsx" test file. It doesn't mean the error was thrown inside the file itself, but while it was running.

⎯⎯⎯⎯ Unhandled Rejection ⎯⎯⎯⎯⎯
Error: [vitest] No "collection" export is defined on the "firebase/firestore" mock. Did you forget to return it from "vi.mock"?
If you need to partially mock a module, you can use "importOriginal" helper inside:

vi.mock("firebase/firestore", async (importOriginal) => {
  const actual = await importOriginal()
  return {
    ...actual,
    // your mocked methods
  }
})

 ❯ VitestMocker.createError node_modules/vitest/dist/vendor/execute.fL3szUAI.js:79:19
 ❯ Object.get node_modules/vitest/dist/vendor/execute.fL3szUAI.js:153:22
 ❯ loadStats src/components/pages/Achievements.tsx:86:27
     84|     // Load user stats by aggregating daily_log
     85|     const loadStats = async () => {
     86|       const dailyLogRef = collection(db, 'users', user.uid, 'daily_log…
       |                           ^
     87|       const logSnap = await getDocs(dailyLogRef);
     88|       
 ❯ src/components/pages/Achievements.tsx:111:5
 ❯ commitHookEffectListMount node_modules/react-dom/cjs/react-dom.development.js:23189:26
 ❯ commitPassiveMountOnFiber node_modules/react-dom/cjs/react-dom.development.js:24970:11
 ❯ commitPassiveMountEffects_complete node_modules/react-dom/cjs/react-dom.development.js:24930:9
 ❯ commitPassiveMountEffects_begin node_modules/react-dom/cjs/react-dom.development.js:24917:7
 ❯ commitPassiveMountEffects node_modules/react-dom/cjs/react-dom.development.js:24905:3
 ❯ flushPassiveEffectsImpl node_modules/react-dom/cjs/react-dom.development.js:27078:3

This error originated in "src/test/components/pages/Achievements.test.jsx" test file. It doesn't mean the error was thrown inside the file itself, but while it was running.

⎯⎯⎯⎯ Unhandled Rejection ⎯⎯⎯⎯⎯
Error: [vitest] No "collection" export is defined on the "firebase/firestore" mock. Did you forget to return it from "vi.mock"?
If you need to partially mock a module, you can use "importOriginal" helper inside:

vi.mock("firebase/firestore", async (importOriginal) => {
  const actual = await importOriginal()
  return {
    ...actual,
    // your mocked methods
  }
})

 ❯ VitestMocker.createError node_modules/vitest/dist/vendor/execute.fL3szUAI.js:79:19
 ❯ Object.get node_modules/vitest/dist/vendor/execute.fL3szUAI.js:153:22
 ❯ loadStats src/components/pages/Achievements.tsx:86:27
     84|     // Load user stats by aggregating daily_log
     85|     const loadStats = async () => {
     86|       const dailyLogRef = collection(db, 'users', user.uid, 'daily_log…
       |                           ^
     87|       const logSnap = await getDocs(dailyLogRef);
     88|       
 ❯ src/components/pages/Achievements.tsx:111:5
 ❯ commitHookEffectListMount node_modules/react-dom/cjs/react-dom.development.js:23189:26
 ❯ commitPassiveMountOnFiber node_modules/react-dom/cjs/react-dom.development.js:24970:11
 ❯ commitPassiveMountEffects_complete node_modules/react-dom/cjs/react-dom.development.js:24930:9
 ❯ commitPassiveMountEffects_begin node_modules/react-dom/cjs/react-dom.development.js:24917:7
 ❯ commitPassiveMountEffects node_modules/react-dom/cjs/react-dom.development.js:24905:3
 ❯ flushPassiveEffectsImpl node_modules/react-dom/cjs/react-dom.development.js:27078:3

This error originated in "src/test/components/pages/Achievements.test.jsx" test file. It doesn't mean the error was thrown inside the file itself, but while it was running.

⎯⎯⎯⎯⎯⎯ Unhandled Error ⎯⎯⎯⎯⎯⎯⎯
Error: Worker exited unexpectedly
 ❯ ChildProcess.<anonymous> node_modules/tinypool/dist/esm/index.js:185:34
 ❯ ChildProcess.emit node:events:520:35
 ❯ ChildProcess._handle.onexit node:internal/child_process:294:12

⎯⎯⎯⎯⎯⎯⎯⎯⎯⎯⎯⎯⎯⎯⎯⎯⎯⎯⎯⎯⎯⎯⎯⎯⎯⎯⎯⎯⎯⎯

 Test Files  10 failed | 136 passed (147)
      Tests  54 failed | 3392 passed (3469)
     Errors  8 errors
   Start at  16:50:47
   Duration  211.37s (transform 35.17s, setup 17.10s, collect 84.82s, tests 77.25s, environment 99.52s, prepare 16.51s)

